[0.136s] DEBUG:colcon:Command line arguments: ['/usr/bin/colcon', 'build', '--symlink-install']
[0.136s] DEBUG:colcon:Parsed command line arguments: Namespace(log_base=None, log_level=None, verb_name='build', build_base='build', install_base='install', merge_install=False, symlink_install=True, test_result_base=None, continue_on_error=False, executor='parallel', parallel_workers=8, event_handlers=None, ignore_user_meta=False, metas=['./colcon.meta'], base_paths=['.'], packages_ignore=None, packages_ignore_regex=None, paths=None, packages_up_to=None, packages_up_to_regex=None, packages_above=None, packages_above_and_dependencies=None, packages_above_depth=None, packages_select_by_dep=None, packages_skip_by_dep=None, packages_skip_up_to=None, packages_select_build_failed=False, packages_skip_build_finished=False, packages_select_test_failures=False, packages_skip_test_passed=False, packages_select=None, packages_skip=None, packages_select_regex=None, packages_skip_regex=None, packages_start=None, packages_end=None, cmake_args=None, cmake_target=None, cmake_target_skip_unavailable=False, cmake_clean_cache=False, cmake_clean_first=False, cmake_force_configure=False, ament_cmake_args=None, catkin_cmake_args=None, catkin_skip_building_tests=False, mixin_files=None, mixin=None, verb_parser=<colcon_mixin.mixin.mixin_argument.MixinArgumentDecorator object at 0x7a063c4c7110>, verb_extension=<colcon_core.verb.build.BuildVerb object at 0x7a063c61b740>, main=<bound method BuildVerb.main of <colcon_core.verb.build.BuildVerb object at 0x7a063c61b740>>, mixin_verb=('build',))
[0.174s] Level 1:colcon.colcon_core.package_discovery:discover_packages(colcon_meta) check parameters
[0.174s] Level 1:colcon.colcon_core.package_discovery:discover_packages(recursive) check parameters
[0.174s] Level 1:colcon.colcon_core.package_discovery:discover_packages(ignore) check parameters
[0.174s] Level 1:colcon.colcon_core.package_discovery:discover_packages(path) check parameters
[0.174s] Level 1:colcon.colcon_core.package_discovery:discover_packages(colcon_meta) discover
[0.174s] Level 1:colcon.colcon_core.package_discovery:discover_packages(recursive) discover
[0.174s] INFO:colcon.colcon_core.package_discovery:Crawling recursively for packages in '/workspaces/workspaces/Christiano_Roboto'
[0.174s] Level 1:colcon.colcon_core.package_identification:_identify(.) by extensions ['ignore', 'ignore_ament_install']
[0.174s] Level 1:colcon.colcon_core.package_identification:_identify(.) by extension 'ignore'
[0.174s] Level 1:colcon.colcon_core.package_identification:_identify(.) by extension 'ignore_ament_install'
[0.174s] Level 1:colcon.colcon_core.package_identification:_identify(.) by extensions ['colcon_pkg']
[0.174s] Level 1:colcon.colcon_core.package_identification:_identify(.) by extension 'colcon_pkg'
[0.174s] Level 1:colcon.colcon_core.package_identification:_identify(.) by extensions ['colcon_meta']
[0.174s] Level 1:colcon.colcon_core.package_identification:_identify(.) by extension 'colcon_meta'
[0.174s] Level 1:colcon.colcon_core.package_identification:_identify(.) by extensions ['ros']
[0.174s] Level 1:colcon.colcon_core.package_identification:_identify(.) by extension 'ros'
[0.198s] Level 1:colcon.colcon_core.package_identification:_identify(.) by extensions ['cmake', 'python']
[0.198s] Level 1:colcon.colcon_core.package_identification:_identify(.) by extension 'cmake'
[0.198s] Level 1:colcon.colcon_core.package_identification:_identify(.) by extension 'python'
[0.198s] Level 1:colcon.colcon_core.package_identification:_identify(.) by extensions ['python_setup_py']
[0.198s] Level 1:colcon.colcon_core.package_identification:_identify(.) by extension 'python_setup_py'
[0.198s] Level 1:colcon.colcon_core.package_identification:_identify(ainex_project) by extensions ['ignore', 'ignore_ament_install']
[0.198s] Level 1:colcon.colcon_core.package_identification:_identify(ainex_project) by extension 'ignore'
[0.198s] Level 1:colcon.colcon_core.package_identification:_identify(ainex_project) by extension 'ignore_ament_install'
[0.198s] Level 1:colcon.colcon_core.package_identification:_identify(ainex_project) by extensions ['colcon_pkg']
[0.198s] Level 1:colcon.colcon_core.package_identification:_identify(ainex_project) by extension 'colcon_pkg'
[0.198s] Level 1:colcon.colcon_core.package_identification:_identify(ainex_project) by extensions ['colcon_meta']
[0.198s] Level 1:colcon.colcon_core.package_identification:_identify(ainex_project) by extension 'colcon_meta'
[0.198s] Level 1:colcon.colcon_core.package_identification:_identify(ainex_project) by extensions ['ros']
[0.198s] Level 1:colcon.colcon_core.package_identification:_identify(ainex_project) by extension 'ros'
[0.198s] Level 1:colcon.colcon_core.package_identification:_identify(ainex_project) by extensions ['cmake', 'python']
[0.198s] Level 1:colcon.colcon_core.package_identification:_identify(ainex_project) by extension 'cmake'
[0.198s] Level 1:colcon.colcon_core.package_identification:_identify(ainex_project) by extension 'python'
[0.198s] Level 1:colcon.colcon_core.package_identification:_identify(ainex_project) by extensions ['python_setup_py']
[0.199s] Level 1:colcon.colcon_core.package_identification:_identify(ainex_project) by extension 'python_setup_py'
[0.199s] Level 1:colcon.colcon_core.package_identification:_identify(ainex_project/ainex_template) by extensions ['ignore', 'ignore_ament_install']
[0.199s] Level 1:colcon.colcon_core.package_identification:_identify(ainex_project/ainex_template) by extension 'ignore'
[0.199s] Level 1:colcon.colcon_core.package_identification:_identify(ainex_project/ainex_template) by extension 'ignore_ament_install'
[0.199s] Level 1:colcon.colcon_core.package_identification:_identify(ainex_project/ainex_template) by extensions ['colcon_pkg']
[0.199s] Level 1:colcon.colcon_core.package_identification:_identify(ainex_project/ainex_template) by extension 'colcon_pkg'
[0.199s] Level 1:colcon.colcon_core.package_identification:_identify(ainex_project/ainex_template) by extensions ['colcon_meta']
[0.199s] Level 1:colcon.colcon_core.package_identification:_identify(ainex_project/ainex_template) by extension 'colcon_meta'
[0.199s] Level 1:colcon.colcon_core.package_identification:_identify(ainex_project/ainex_template) by extensions ['ros']
[0.199s] Level 1:colcon.colcon_core.package_identification:_identify(ainex_project/ainex_template) by extension 'ros'
[0.199s] Level 1:colcon.colcon_core.package_identification:_identify(ainex_project/ainex_template) by extensions ['cmake', 'python']
[0.199s] Level 1:colcon.colcon_core.package_identification:_identify(ainex_project/ainex_template) by extension 'cmake'
[0.199s] Level 1:colcon.colcon_core.package_identification:_identify(ainex_project/ainex_template) by extension 'python'
[0.199s] Level 1:colcon.colcon_core.package_identification:_identify(ainex_project/ainex_template) by extensions ['python_setup_py']
[0.199s] Level 1:colcon.colcon_core.package_identification:_identify(ainex_project/ainex_template) by extension 'python_setup_py'
[0.199s] Level 1:colcon.colcon_core.package_identification:_identify(ainex_project/build) by extensions ['ignore', 'ignore_ament_install']
[0.199s] Level 1:colcon.colcon_core.package_identification:_identify(ainex_project/build) by extension 'ignore'
[0.199s] Level 1:colcon.colcon_core.package_identification:_identify(ainex_project/build) ignored
[0.199s] Level 1:colcon.colcon_core.package_identification:_identify(ainex_project/install) by extensions ['ignore', 'ignore_ament_install']
[0.200s] Level 1:colcon.colcon_core.package_identification:_identify(ainex_project/install) by extension 'ignore'
[0.200s] Level 1:colcon.colcon_core.package_identification:_identify(ainex_project/install) ignored
[0.200s] Level 1:colcon.colcon_core.package_identification:_identify(ainex_project/log) by extensions ['ignore', 'ignore_ament_install']
[0.200s] Level 1:colcon.colcon_core.package_identification:_identify(ainex_project/log) by extension 'ignore'
[0.200s] Level 1:colcon.colcon_core.package_identification:_identify(ainex_project/log) ignored
[0.200s] Level 1:colcon.colcon_core.package_identification:_identify(ainex_project/src) by extensions ['ignore', 'ignore_ament_install']
[0.200s] Level 1:colcon.colcon_core.package_identification:_identify(ainex_project/src) by extension 'ignore'
[0.200s] Level 1:colcon.colcon_core.package_identification:_identify(ainex_project/src) by extension 'ignore_ament_install'
[0.200s] Level 1:colcon.colcon_core.package_identification:_identify(ainex_project/src) by extensions ['colcon_pkg']
[0.200s] Level 1:colcon.colcon_core.package_identification:_identify(ainex_project/src) by extension 'colcon_pkg'
[0.200s] Level 1:colcon.colcon_core.package_identification:_identify(ainex_project/src) by extensions ['colcon_meta']
[0.200s] Level 1:colcon.colcon_core.package_identification:_identify(ainex_project/src) by extension 'colcon_meta'
[0.200s] Level 1:colcon.colcon_core.package_identification:_identify(ainex_project/src) by extensions ['ros']
[0.200s] Level 1:colcon.colcon_core.package_identification:_identify(ainex_project/src) by extension 'ros'
[0.200s] Level 1:colcon.colcon_core.package_identification:_identify(ainex_project/src) by extensions ['cmake', 'python']
[0.200s] Level 1:colcon.colcon_core.package_identification:_identify(ainex_project/src) by extension 'cmake'
[0.200s] Level 1:colcon.colcon_core.package_identification:_identify(ainex_project/src) by extension 'python'
[0.200s] Level 1:colcon.colcon_core.package_identification:_identify(ainex_project/src) by extensions ['python_setup_py']
[0.200s] Level 1:colcon.colcon_core.package_identification:_identify(ainex_project/src) by extension 'python_setup_py'
[0.201s] Level 1:colcon.colcon_core.package_identification:_identify(ainex_project/src/ainex_description) by extensions ['ignore', 'ignore_ament_install']
[0.201s] Level 1:colcon.colcon_core.package_identification:_identify(ainex_project/src/ainex_description) by extension 'ignore'
[0.201s] Level 1:colcon.colcon_core.package_identification:_identify(ainex_project/src/ainex_description) by extension 'ignore_ament_install'
[0.201s] Level 1:colcon.colcon_core.package_identification:_identify(ainex_project/src/ainex_description) by extensions ['colcon_pkg']
[0.201s] Level 1:colcon.colcon_core.package_identification:_identify(ainex_project/src/ainex_description) by extension 'colcon_pkg'
[0.201s] Level 1:colcon.colcon_core.package_identification:_identify(ainex_project/src/ainex_description) by extensions ['colcon_meta']
[0.201s] Level 1:colcon.colcon_core.package_identification:_identify(ainex_project/src/ainex_description) by extension 'colcon_meta'
[0.201s] Level 1:colcon.colcon_core.package_identification:_identify(ainex_project/src/ainex_description) by extensions ['ros']
[0.201s] Level 1:colcon.colcon_core.package_identification:_identify(ainex_project/src/ainex_description) by extension 'ros'
[0.203s] DEBUG:colcon.colcon_core.package_identification:Package 'ainex_project/src/ainex_description' with type 'ros.ament_cmake' and name 'ainex_description'
[0.203s] Level 1:colcon.colcon_core.package_identification:_identify(ainex_project/src/ainex_motion) by extensions ['ignore', 'ignore_ament_install']
[0.203s] Level 1:colcon.colcon_core.package_identification:_identify(ainex_project/src/ainex_motion) by extension 'ignore'
[0.203s] Level 1:colcon.colcon_core.package_identification:_identify(ainex_project/src/ainex_motion) by extension 'ignore_ament_install'
[0.203s] Level 1:colcon.colcon_core.package_identification:_identify(ainex_project/src/ainex_motion) by extensions ['colcon_pkg']
[0.203s] Level 1:colcon.colcon_core.package_identification:_identify(ainex_project/src/ainex_motion) by extension 'colcon_pkg'
[0.203s] Level 1:colcon.colcon_core.package_identification:_identify(ainex_project/src/ainex_motion) by extensions ['colcon_meta']
[0.203s] Level 1:colcon.colcon_core.package_identification:_identify(ainex_project/src/ainex_motion) by extension 'colcon_meta'
[0.203s] Level 1:colcon.colcon_core.package_identification:_identify(ainex_project/src/ainex_motion) by extensions ['ros']
[0.203s] Level 1:colcon.colcon_core.package_identification:_identify(ainex_project/src/ainex_motion) by extension 'ros'
[0.204s] DEBUG:colcon.colcon_core.package_identification:Package 'ainex_project/src/ainex_motion' with type 'ros.ament_python' and name 'ainex_motion'
[0.204s] Level 1:colcon.colcon_core.package_identification:_identify(ainex_project/src/ainex_vision) by extensions ['ignore', 'ignore_ament_install']
[0.204s] Level 1:colcon.colcon_core.package_identification:_identify(ainex_project/src/ainex_vision) by extension 'ignore'
[0.204s] Level 1:colcon.colcon_core.package_identification:_identify(ainex_project/src/ainex_vision) by extension 'ignore_ament_install'
[0.204s] Level 1:colcon.colcon_core.package_identification:_identify(ainex_project/src/ainex_vision) by extensions ['colcon_pkg']
[0.204s] Level 1:colcon.colcon_core.package_identification:_identify(ainex_project/src/ainex_vision) by extension 'colcon_pkg'
[0.204s] Level 1:colcon.colcon_core.package_identification:_identify(ainex_project/src/ainex_vision) by extensions ['colcon_meta']
[0.204s] Level 1:colcon.colcon_core.package_identification:_identify(ainex_project/src/ainex_vision) by extension 'colcon_meta'
[0.204s] Level 1:colcon.colcon_core.package_identification:_identify(ainex_project/src/ainex_vision) by extensions ['ros']
[0.204s] Level 1:colcon.colcon_core.package_identification:_identify(ainex_project/src/ainex_vision) by extension 'ros'
[0.205s] DEBUG:colcon.colcon_core.package_identification:Package 'ainex_project/src/ainex_vision' with type 'ros.ament_python' and name 'ainex_vision'
[0.205s] Level 1:colcon.colcon_core.package_identification:_identify(ainex_project/src/servo_service) by extensions ['ignore', 'ignore_ament_install']
[0.205s] Level 1:colcon.colcon_core.package_identification:_identify(ainex_project/src/servo_service) by extension 'ignore'
[0.205s] Level 1:colcon.colcon_core.package_identification:_identify(ainex_project/src/servo_service) by extension 'ignore_ament_install'
[0.205s] Level 1:colcon.colcon_core.package_identification:_identify(ainex_project/src/servo_service) by extensions ['colcon_pkg']
[0.205s] Level 1:colcon.colcon_core.package_identification:_identify(ainex_project/src/servo_service) by extension 'colcon_pkg'
[0.205s] Level 1:colcon.colcon_core.package_identification:_identify(ainex_project/src/servo_service) by extensions ['colcon_meta']
[0.205s] Level 1:colcon.colcon_core.package_identification:_identify(ainex_project/src/servo_service) by extension 'colcon_meta'
[0.205s] Level 1:colcon.colcon_core.package_identification:_identify(ainex_project/src/servo_service) by extensions ['ros']
[0.205s] Level 1:colcon.colcon_core.package_identification:_identify(ainex_project/src/servo_service) by extension 'ros'
[0.206s] DEBUG:colcon.colcon_core.package_identification:Package 'ainex_project/src/servo_service' with type 'ros.ament_cmake' and name 'servo_service'
[0.206s] Level 1:colcon.colcon_core.package_identification:_identify(ainex_project/src/simulator) by extensions ['ignore', 'ignore_ament_install']
[0.206s] Level 1:colcon.colcon_core.package_identification:_identify(ainex_project/src/simulator) by extension 'ignore'
[0.206s] Level 1:colcon.colcon_core.package_identification:_identify(ainex_project/src/simulator) by extension 'ignore_ament_install'
[0.206s] Level 1:colcon.colcon_core.package_identification:_identify(ainex_project/src/simulator) by extensions ['colcon_pkg']
[0.206s] Level 1:colcon.colcon_core.package_identification:_identify(ainex_project/src/simulator) by extension 'colcon_pkg'
[0.206s] Level 1:colcon.colcon_core.package_identification:_identify(ainex_project/src/simulator) by extensions ['colcon_meta']
[0.206s] Level 1:colcon.colcon_core.package_identification:_identify(ainex_project/src/simulator) by extension 'colcon_meta'
[0.206s] Level 1:colcon.colcon_core.package_identification:_identify(ainex_project/src/simulator) by extensions ['ros']
[0.206s] Level 1:colcon.colcon_core.package_identification:_identify(ainex_project/src/simulator) by extension 'ros'
[0.207s] DEBUG:colcon.colcon_core.package_identification:Package 'ainex_project/src/simulator' with type 'ros.ament_python' and name 'simulator'
[0.207s] Level 1:colcon.colcon_core.package_identification:_identify(ainex_project/src/whole_body_control) by extensions ['ignore', 'ignore_ament_install']
[0.207s] Level 1:colcon.colcon_core.package_identification:_identify(ainex_project/src/whole_body_control) by extension 'ignore'
[0.207s] Level 1:colcon.colcon_core.package_identification:_identify(ainex_project/src/whole_body_control) by extension 'ignore_ament_install'
[0.207s] Level 1:colcon.colcon_core.package_identification:_identify(ainex_project/src/whole_body_control) by extensions ['colcon_pkg']
[0.207s] Level 1:colcon.colcon_core.package_identification:_identify(ainex_project/src/whole_body_control) by extension 'colcon_pkg'
[0.207s] Level 1:colcon.colcon_core.package_identification:_identify(ainex_project/src/whole_body_control) by extensions ['colcon_meta']
[0.207s] Level 1:colcon.colcon_core.package_identification:_identify(ainex_project/src/whole_body_control) by extension 'colcon_meta'
[0.207s] Level 1:colcon.colcon_core.package_identification:_identify(ainex_project/src/whole_body_control) by extensions ['ros']
[0.207s] Level 1:colcon.colcon_core.package_identification:_identify(ainex_project/src/whole_body_control) by extension 'ros'
[0.208s] DEBUG:colcon.colcon_core.package_identification:Package 'ainex_project/src/whole_body_control' with type 'ros.ament_python' and name 'whole_body_control'
[0.208s] Level 1:colcon.colcon_core.package_identification:_identify(build) by extensions ['ignore', 'ignore_ament_install']
[0.208s] Level 1:colcon.colcon_core.package_identification:_identify(build) by extension 'ignore'
[0.208s] Level 1:colcon.colcon_core.package_identification:_identify(build) ignored
[0.208s] Level 1:colcon.colcon_core.package_identification:_identify(install) by extensions ['ignore', 'ignore_ament_install']
[0.208s] Level 1:colcon.colcon_core.package_identification:_identify(install) by extension 'ignore'
[0.208s] Level 1:colcon.colcon_core.package_identification:_identify(install) ignored
[0.208s] Level 1:colcon.colcon_core.package_identification:_identify(log) by extensions ['ignore', 'ignore_ament_install']
[0.208s] Level 1:colcon.colcon_core.package_identification:_identify(log) by extension 'ignore'
[0.208s] Level 1:colcon.colcon_core.package_identification:_identify(log) ignored
[0.209s] Level 1:colcon.colcon_core.package_identification:_identify(ros_ws_t7) by extensions ['ignore', 'ignore_ament_install']
[0.209s] Level 1:colcon.colcon_core.package_identification:_identify(ros_ws_t7) by extension 'ignore'
[0.209s] Level 1:colcon.colcon_core.package_identification:_identify(ros_ws_t7) by extension 'ignore_ament_install'
[0.209s] Level 1:colcon.colcon_core.package_identification:_identify(ros_ws_t7) by extensions ['colcon_pkg']
[0.209s] Level 1:colcon.colcon_core.package_identification:_identify(ros_ws_t7) by extension 'colcon_pkg'
[0.209s] Level 1:colcon.colcon_core.package_identification:_identify(ros_ws_t7) by extensions ['colcon_meta']
[0.209s] Level 1:colcon.colcon_core.package_identification:_identify(ros_ws_t7) by extension 'colcon_meta'
[0.209s] Level 1:colcon.colcon_core.package_identification:_identify(ros_ws_t7) by extensions ['ros']
[0.209s] Level 1:colcon.colcon_core.package_identification:_identify(ros_ws_t7) by extension 'ros'
[0.209s] Level 1:colcon.colcon_core.package_identification:_identify(ros_ws_t7) by extensions ['cmake', 'python']
[0.209s] Level 1:colcon.colcon_core.package_identification:_identify(ros_ws_t7) by extension 'cmake'
[0.209s] Level 1:colcon.colcon_core.package_identification:_identify(ros_ws_t7) by extension 'python'
[0.209s] Level 1:colcon.colcon_core.package_identification:_identify(ros_ws_t7) by extensions ['python_setup_py']
[0.209s] Level 1:colcon.colcon_core.package_identification:_identify(ros_ws_t7) by extension 'python_setup_py'
[0.209s] Level 1:colcon.colcon_core.package_identification:_identify(ros_ws_t7/build) by extensions ['ignore', 'ignore_ament_install']
[0.209s] Level 1:colcon.colcon_core.package_identification:_identify(ros_ws_t7/build) by extension 'ignore'
[0.209s] Level 1:colcon.colcon_core.package_identification:_identify(ros_ws_t7/build) ignored
[0.209s] Level 1:colcon.colcon_core.package_identification:_identify(ros_ws_t7/install) by extensions ['ignore', 'ignore_ament_install']
[0.209s] Level 1:colcon.colcon_core.package_identification:_identify(ros_ws_t7/install) by extension 'ignore'
[0.209s] Level 1:colcon.colcon_core.package_identification:_identify(ros_ws_t7/install) ignored
[0.210s] Level 1:colcon.colcon_core.package_identification:_identify(ros_ws_t7/log) by extensions ['ignore', 'ignore_ament_install']
[0.210s] Level 1:colcon.colcon_core.package_identification:_identify(ros_ws_t7/log) by extension 'ignore'
[0.210s] Level 1:colcon.colcon_core.package_identification:_identify(ros_ws_t7/log) ignored
[0.210s] Level 1:colcon.colcon_core.package_identification:_identify(ros_ws_t7/src) by extensions ['ignore', 'ignore_ament_install']
[0.210s] Level 1:colcon.colcon_core.package_identification:_identify(ros_ws_t7/src) by extension 'ignore'
[0.210s] Level 1:colcon.colcon_core.package_identification:_identify(ros_ws_t7/src) by extension 'ignore_ament_install'
[0.210s] Level 1:colcon.colcon_core.package_identification:_identify(ros_ws_t7/src) by extensions ['colcon_pkg']
[0.210s] Level 1:colcon.colcon_core.package_identification:_identify(ros_ws_t7/src) by extension 'colcon_pkg'
[0.210s] Level 1:colcon.colcon_core.package_identification:_identify(ros_ws_t7/src) by extensions ['colcon_meta']
[0.210s] Level 1:colcon.colcon_core.package_identification:_identify(ros_ws_t7/src) by extension 'colcon_meta'
[0.210s] Level 1:colcon.colcon_core.package_identification:_identify(ros_ws_t7/src) by extensions ['ros']
[0.210s] Level 1:colcon.colcon_core.package_identification:_identify(ros_ws_t7/src) by extension 'ros'
[0.210s] Level 1:colcon.colcon_core.package_identification:_identify(ros_ws_t7/src) by extensions ['cmake', 'python']
[0.210s] Level 1:colcon.colcon_core.package_identification:_identify(ros_ws_t7/src) by extension 'cmake'
[0.210s] Level 1:colcon.colcon_core.package_identification:_identify(ros_ws_t7/src) by extension 'python'
[0.210s] Level 1:colcon.colcon_core.package_identification:_identify(ros_ws_t7/src) by extensions ['python_setup_py']
[0.210s] Level 1:colcon.colcon_core.package_identification:_identify(ros_ws_t7/src) by extension 'python_setup_py'
[0.211s] Level 1:colcon.colcon_core.package_identification:_identify(ros_ws_t7/src/bullet_sims) by extensions ['ignore', 'ignore_ament_install']
[0.211s] Level 1:colcon.colcon_core.package_identification:_identify(ros_ws_t7/src/bullet_sims) by extension 'ignore'
[0.211s] Level 1:colcon.colcon_core.package_identification:_identify(ros_ws_t7/src/bullet_sims) by extension 'ignore_ament_install'
[0.211s] Level 1:colcon.colcon_core.package_identification:_identify(ros_ws_t7/src/bullet_sims) by extensions ['colcon_pkg']
[0.211s] Level 1:colcon.colcon_core.package_identification:_identify(ros_ws_t7/src/bullet_sims) by extension 'colcon_pkg'
[0.211s] Level 1:colcon.colcon_core.package_identification:_identify(ros_ws_t7/src/bullet_sims) by extensions ['colcon_meta']
[0.211s] Level 1:colcon.colcon_core.package_identification:_identify(ros_ws_t7/src/bullet_sims) by extension 'colcon_meta'
[0.211s] Level 1:colcon.colcon_core.package_identification:_identify(ros_ws_t7/src/bullet_sims) by extensions ['ros']
[0.211s] Level 1:colcon.colcon_core.package_identification:_identify(ros_ws_t7/src/bullet_sims) by extension 'ros'
[0.211s] DEBUG:colcon.colcon_core.package_identification:Package 'ros_ws_t7/src/bullet_sims' with type 'ros.ament_python' and name 'bullet_sims'
[0.211s] Level 1:colcon.colcon_core.package_identification:_identify(ros_ws_t7/src/interactiveMarkerNode) by extensions ['ignore', 'ignore_ament_install']
[0.212s] Level 1:colcon.colcon_core.package_identification:_identify(ros_ws_t7/src/interactiveMarkerNode) by extension 'ignore'
[0.212s] Level 1:colcon.colcon_core.package_identification:_identify(ros_ws_t7/src/interactiveMarkerNode) by extension 'ignore_ament_install'
[0.212s] Level 1:colcon.colcon_core.package_identification:_identify(ros_ws_t7/src/interactiveMarkerNode) by extensions ['colcon_pkg']
[0.212s] Level 1:colcon.colcon_core.package_identification:_identify(ros_ws_t7/src/interactiveMarkerNode) by extension 'colcon_pkg'
[0.212s] Level 1:colcon.colcon_core.package_identification:_identify(ros_ws_t7/src/interactiveMarkerNode) by extensions ['colcon_meta']
[0.212s] Level 1:colcon.colcon_core.package_identification:_identify(ros_ws_t7/src/interactiveMarkerNode) by extension 'colcon_meta'
[0.212s] Level 1:colcon.colcon_core.package_identification:_identify(ros_ws_t7/src/interactiveMarkerNode) by extensions ['ros']
[0.212s] Level 1:colcon.colcon_core.package_identification:_identify(ros_ws_t7/src/interactiveMarkerNode) by extension 'ros'
[0.213s] DEBUG:colcon.colcon_core.package_identification:Package 'ros_ws_t7/src/interactiveMarkerNode' with type 'ros.ament_python' and name 'interactiveMarkerNode'
[0.213s] Level 1:colcon.colcon_core.package_identification:_identify(ros_ws_t7/src/reemc_description) by extensions ['ignore', 'ignore_ament_install']
[0.213s] Level 1:colcon.colcon_core.package_identification:_identify(ros_ws_t7/src/reemc_description) by extension 'ignore'
[0.213s] Level 1:colcon.colcon_core.package_identification:_identify(ros_ws_t7/src/reemc_description) by extension 'ignore_ament_install'
[0.213s] Level 1:colcon.colcon_core.package_identification:_identify(ros_ws_t7/src/reemc_description) by extensions ['colcon_pkg']
[0.213s] Level 1:colcon.colcon_core.package_identification:_identify(ros_ws_t7/src/reemc_description) by extension 'colcon_pkg'
[0.213s] Level 1:colcon.colcon_core.package_identification:_identify(ros_ws_t7/src/reemc_description) by extensions ['colcon_meta']
[0.213s] Level 1:colcon.colcon_core.package_identification:_identify(ros_ws_t7/src/reemc_description) by extension 'colcon_meta'
[0.213s] Level 1:colcon.colcon_core.package_identification:_identify(ros_ws_t7/src/reemc_description) by extensions ['ros']
[0.213s] Level 1:colcon.colcon_core.package_identification:_identify(ros_ws_t7/src/reemc_description) by extension 'ros'
[0.214s] DEBUG:colcon.colcon_core.package_identification:Package 'ros_ws_t7/src/reemc_description' with type 'ros.ament_cmake' and name 'reemc_description'
[0.214s] Level 1:colcon.colcon_core.package_identification:_identify(ros_ws_t7/src/ros_visuals) by extensions ['ignore', 'ignore_ament_install']
[0.214s] Level 1:colcon.colcon_core.package_identification:_identify(ros_ws_t7/src/ros_visuals) by extension 'ignore'
[0.214s] Level 1:colcon.colcon_core.package_identification:_identify(ros_ws_t7/src/ros_visuals) by extension 'ignore_ament_install'
[0.214s] Level 1:colcon.colcon_core.package_identification:_identify(ros_ws_t7/src/ros_visuals) by extensions ['colcon_pkg']
[0.214s] Level 1:colcon.colcon_core.package_identification:_identify(ros_ws_t7/src/ros_visuals) by extension 'colcon_pkg'
[0.214s] Level 1:colcon.colcon_core.package_identification:_identify(ros_ws_t7/src/ros_visuals) by extensions ['colcon_meta']
[0.214s] Level 1:colcon.colcon_core.package_identification:_identify(ros_ws_t7/src/ros_visuals) by extension 'colcon_meta'
[0.214s] Level 1:colcon.colcon_core.package_identification:_identify(ros_ws_t7/src/ros_visuals) by extensions ['ros']
[0.214s] Level 1:colcon.colcon_core.package_identification:_identify(ros_ws_t7/src/ros_visuals) by extension 'ros'
[0.215s] DEBUG:colcon.colcon_core.package_identification:Package 'ros_ws_t7/src/ros_visuals' with type 'ros.ament_python' and name 'ros_visuals'
[0.215s] Level 1:colcon.colcon_core.package_identification:_identify(ros_ws_t7/src/simulator) by extensions ['ignore', 'ignore_ament_install']
[0.215s] Level 1:colcon.colcon_core.package_identification:_identify(ros_ws_t7/src/simulator) by extension 'ignore'
[0.215s] Level 1:colcon.colcon_core.package_identification:_identify(ros_ws_t7/src/simulator) by extension 'ignore_ament_install'
[0.215s] Level 1:colcon.colcon_core.package_identification:_identify(ros_ws_t7/src/simulator) by extensions ['colcon_pkg']
[0.215s] Level 1:colcon.colcon_core.package_identification:_identify(ros_ws_t7/src/simulator) by extension 'colcon_pkg'
[0.215s] Level 1:colcon.colcon_core.package_identification:_identify(ros_ws_t7/src/simulator) by extensions ['colcon_meta']
[0.216s] Level 1:colcon.colcon_core.package_identification:_identify(ros_ws_t7/src/simulator) by extension 'colcon_meta'
[0.216s] Level 1:colcon.colcon_core.package_identification:_identify(ros_ws_t7/src/simulator) by extensions ['ros']
[0.216s] Level 1:colcon.colcon_core.package_identification:_identify(ros_ws_t7/src/simulator) by extension 'ros'
[0.216s] DEBUG:colcon.colcon_core.package_identification:Package 'ros_ws_t7/src/simulator' with type 'ros.ament_cmake' and name 'simulator'
[0.216s] Level 1:colcon.colcon_core.package_identification:_identify(ros_ws_t7/src/talos_description) by extensions ['ignore', 'ignore_ament_install']
[0.217s] Level 1:colcon.colcon_core.package_identification:_identify(ros_ws_t7/src/talos_description) by extension 'ignore'
[0.217s] Level 1:colcon.colcon_core.package_identification:_identify(ros_ws_t7/src/talos_description) by extension 'ignore_ament_install'
[0.217s] Level 1:colcon.colcon_core.package_identification:_identify(ros_ws_t7/src/talos_description) by extensions ['colcon_pkg']
[0.217s] Level 1:colcon.colcon_core.package_identification:_identify(ros_ws_t7/src/talos_description) by extension 'colcon_pkg'
[0.217s] Level 1:colcon.colcon_core.package_identification:_identify(ros_ws_t7/src/talos_description) by extensions ['colcon_meta']
[0.217s] Level 1:colcon.colcon_core.package_identification:_identify(ros_ws_t7/src/talos_description) by extension 'colcon_meta'
[0.217s] Level 1:colcon.colcon_core.package_identification:_identify(ros_ws_t7/src/talos_description) by extensions ['ros']
[0.217s] Level 1:colcon.colcon_core.package_identification:_identify(ros_ws_t7/src/talos_description) by extension 'ros'
[0.218s] DEBUG:colcon.colcon_core.package_identification:Package 'ros_ws_t7/src/talos_description' with type 'ros.ament_cmake' and name 'talos_description'
[0.218s] Level 1:colcon.colcon_core.package_discovery:discover_packages(recursive) using defaults
[0.218s] Level 1:colcon.colcon_core.package_discovery:discover_packages(ignore) discover
[0.218s] Level 1:colcon.colcon_core.package_discovery:discover_packages(ignore) using defaults
[0.218s] Level 1:colcon.colcon_core.package_discovery:discover_packages(path) discover
[0.218s] Level 1:colcon.colcon_core.package_discovery:discover_packages(path) using defaults
[0.248s] ERROR:colcon:colcon build: Duplicate package names not supported:
- simulator:
  - ainex_project/src/simulator
  - ros_ws_t7/src/simulator
