Traceback (most recent call last):
  File "/workspaces/workspaces/Christiano_Roboto/ainex_project/build/simulator/setup.py", line 5, in <module>
    setup(
  File "/usr/lib/python3/dist-packages/setuptools/__init__.py", line 107, in setup
    return distutils.core.setup(**attrs)
           ^^^^^^^^^^^^^^^^^^^^^^^^^^^^^
  File "/usr/lib/python3/dist-packages/setuptools/_distutils/core.py", line 172, in setup
    ok = dist.parse_command_line()
         ^^^^^^^^^^^^^^^^^^^^^^^^^
  File "/usr/lib/python3/dist-packages/setuptools/_distutils/dist.py", line 475, in parse_command_line
    args = self._parse_command_opts(parser, args)
           ^^^^^^^^^^^^^^^^^^^^^^^^^^^^^^^^^^^^^^
  File "/usr/lib/python3/dist-packages/setuptools/dist.py", line 1133, in _parse_command_opts
    nargs = _Distribution._parse_command_opts(self, parser, args)
            ^^^^^^^^^^^^^^^^^^^^^^^^^^^^^^^^^^^^^^^^^^^^^^^^^^^^^
  File "/usr/lib/python3/dist-packages/setuptools/_distutils/dist.py", line 534, in _parse_command_opts
    cmd_class = self.get_command_class(command)
                ^^^^^^^^^^^^^^^^^^^^^^^^^^^^^^^
  File "/usr/lib/python3/dist-packages/setuptools/dist.py", line 980, in get_command_class
    self.cmdclass[command] = cmdclass = ep.load()
                                        ^^^^^^^^^
  File "/usr/lib/python3.12/importlib/metadata/__init__.py", line 205, in load
    module = import_module(match.group('module'))
             ^^^^^^^^^^^^^^^^^^^^^^^^^^^^^^^^^^^^
  File "/usr/lib/python3.12/importlib/__init__.py", line 90, in import_module
    return _bootstrap._gcd_import(name[level:], package, level)
           ^^^^^^^^^^^^^^^^^^^^^^^^^^^^^^^^^^^^^^^^^^^^^^^^^^^^
  File "<frozen importlib._bootstrap>", line 1387, in _gcd_import
  File "<frozen importlib._bootstrap>", line 1360, in _find_and_load
  File "<frozen importlib._bootstrap>", line 1331, in _find_and_load_unlocked
  File "<frozen importlib._bootstrap>", line 935, in _load_unlocked
  File "<frozen importlib._bootstrap_external>", line 995, in exec_module
  File "<frozen importlib._bootstrap>", line 488, in _call_with_frames_removed
  File "/usr/lib/python3/dist-packages/setuptools/command/develop.py", line 8, in <module>
    from setuptools.command.easy_install import easy_install
  File "/usr/lib/python3/dist-packages/setuptools/command/easy_install.py", line 53, in <module>
    from setuptools.package_index import (
  File "/usr/lib/python3/dist-packages/setuptools/package_index.py", line 41, in <module>
    from setuptools.wheel import Wheel
  File "/usr/lib/python3/dist-packages/setuptools/wheel.py", line 18, in <module>
    from setuptools.command.egg_info import write_requirements, _egg_basename
  File "/usr/lib/python3/dist-packages/setuptools/command/egg_info.py", line 23, in <module>
    from setuptools.command.sdist import sdist
  File "/usr/lib/python3/dist-packages/setuptools/command/sdist.py", line 10, in <module>
    from .build import _ORIGINAL_SUBCOMMANDS
  File "/usr/lib/python3/dist-packages/setuptools/command/build.py", line 3, in <module>
    from distutils.command.build import build as _build
  File "<frozen importlib._bootstrap>", line 1360, in _find_and_load
  File "<frozen importlib._bootstrap>", line 1331, in _find_and_load_unlocked
  File "<frozen importlib._bootstrap>", line 935, in _load_unlocked
  File "<frozen importlib._bootstrap_external>", line 991, in exec_module
  File "<frozen importlib._bootstrap_external>", line 1124, in get_code
  File "<frozen importlib._bootstrap_external>", line 753, in _compile_bytecode
KeyboardInterrupt
