[1.749s] Invoking command in '/workspaces/workspaces/Christiano_Roboto/ainex_project/build/simulator': PYTHONPATH=/workspaces/workspaces/Christiano_Roboto/ainex_project/build/simulator/prefix_override:/usr/lib/python3/dist-packages/colcon_core/task/python/colcon_distutils_commands:/workspaces/workspaces/Christiano_Roboto/ainex_project/install/simulator/lib/python3.12/site-packages:${PYTHONPATH} /usr/bin/python3 -W ignore:setup.py install is deprecated -W ignore:easy_install command is deprecated setup.py develop --editable --build-directory /workspaces/workspaces/Christiano_Roboto/ainex_project/build/simulator/build --no-deps symlink_data
[2.265s] Traceback (most recent call last):
[2.265s]   File "/workspaces/workspaces/Christiano_Roboto/ainex_project/build/simulator/setup.py", line 5, in <module>
[2.265s]     setup(
[2.265s]   File "/usr/lib/python3/dist-packages/setuptools/__init__.py", line 107, in setup
[2.268s]     return distutils.core.setup(**attrs)
[2.268s]            ^^^^^^^^^^^^^^^^^^^^^^^^^^^^^
[2.268s]   File "/usr/lib/python3/dist-packages/setuptools/_distutils/core.py", line 172, in setup
[2.269s]     ok = dist.parse_command_line()
[2.270s]          ^^^^^^^^^^^^^^^^^^^^^^^^^
[2.270s]   File "/usr/lib/python3/dist-packages/setuptools/_distutils/dist.py", line 475, in parse_command_line
[2.271s]     args = self._parse_command_opts(parser, args)
[2.271s]            ^^^^^^^^^^^^^^^^^^^^^^^^^^^^^^^^^^^^^^
[2.272s]   File "/usr/lib/python3/dist-packages/setuptools/dist.py", line 1133, in _parse_command_opts
[2.273s]     nargs = _Distribution._parse_command_opts(self, parser, args)
[2.274s]             ^^^^^^^^^^^^^^^^^^^^^^^^^^^^^^^^^^^^^^^^^^^^^^^^^^^^^
[2.274s]   File "/usr/lib/python3/dist-packages/setuptools/_distutils/dist.py", line 534, in _parse_command_opts
[2.274s]     cmd_class = self.get_command_class(command)
[2.274s]                 ^^^^^^^^^^^^^^^^^^^^^^^^^^^^^^^
[2.275s]   File "/usr/lib/python3/dist-packages/setuptools/dist.py", line 980, in get_command_class
[2.276s]     self.cmdclass[command] = cmdclass = ep.load()
[2.276s]                                         ^^^^^^^^^
[2.276s]   File "/usr/lib/python3.12/importlib/metadata/__init__.py", line 205, in load
[2.277s]     module = import_module(match.group('module'))
[2.277s]              ^^^^^^^^^^^^^^^^^^^^^^^^^^^^^^^^^^^^
[2.277s]   File "/usr/lib/python3.12/importlib/__init__.py", line 90, in import_module
[2.277s]     return _bootstrap._gcd_import(name[level:], package, level)
[2.278s]            ^^^^^^^^^^^^^^^^^^^^^^^^^^^^^^^^^^^^^^^^^^^^^^^^^^^^
[2.278s]   File "<frozen importlib._bootstrap>", line 1387, in _gcd_import
[2.278s]   File "<frozen importlib._bootstrap>", line 1360, in _find_and_load
[2.279s]   File "<frozen importlib._bootstrap>", line 1331, in _find_and_load_unlocked
[2.279s]   File "<frozen importlib._bootstrap>", line 935, in _load_unlocked
[2.279s]   File "<frozen importlib._bootstrap_external>", line 995, in exec_module
[2.279s]   File "<frozen importlib._bootstrap>", line 488, in _call_with_frames_removed
[2.279s]   File "/usr/lib/python3/dist-packages/setuptools/command/develop.py", line 8, in <module>
[2.279s]     from setuptools.command.easy_install import easy_install
[2.279s]   File "/usr/lib/python3/dist-packages/setuptools/command/easy_install.py", line 53, in <module>
[2.279s]     from setuptools.package_index import (
[2.279s]   File "/usr/lib/python3/dist-packages/setuptools/package_index.py", line 41, in <module>
[2.279s]     from setuptools.wheel import Wheel
[2.279s]   File "/usr/lib/python3/dist-packages/setuptools/wheel.py", line 18, in <module>
[2.280s]     from setuptools.command.egg_info import write_requirements, _egg_basename
[2.280s]   File "/usr/lib/python3/dist-packages/setuptools/command/egg_info.py", line 23, in <module>
[2.280s]     from setuptools.command.sdist import sdist
[2.280s]   File "/usr/lib/python3/dist-packages/setuptools/command/sdist.py", line 10, in <module>
[2.280s]     from .build import _ORIGINAL_SUBCOMMANDS
[2.280s]   File "/usr/lib/python3/dist-packages/setuptools/command/build.py", line 3, in <module>
[2.280s]     from distutils.command.build import build as _build
[2.280s]   File "<frozen importlib._bootstrap>", line 1360, in _find_and_load
[2.280s]   File "<frozen importlib._bootstrap>", line 1331, in _find_and_load_unlocked
[2.281s]   File "<frozen importlib._bootstrap>", line 935, in _load_unlocked
[2.281s]   File "<frozen importlib._bootstrap_external>", line 991, in exec_module
[2.281s]   File "<frozen importlib._bootstrap_external>", line 1124, in get_code
[2.281s]   File "<frozen importlib._bootstrap_external>", line 753, in _compile_bytecode
[2.281s] KeyboardInterrupt
