[1.593s] Invoking command in '/workspaces/workspaces/Christiano_Roboto/ainex_project/build/ainex_vision': PYTHONPATH=/workspaces/workspaces/Christiano_Roboto/ainex_project/build/ainex_vision/prefix_override:/usr/lib/python3/dist-packages/colcon_core/task/python/colcon_distutils_commands:/workspaces/workspaces/Christiano_Roboto/ainex_project/install/ainex_vision/lib/python3.12/site-packages:${PYTHONPATH} /usr/bin/python3 -W ignore:setup.py install is deprecated -W ignore:easy_install command is deprecated setup.py develop --editable --build-directory /workspaces/workspaces/Christiano_Roboto/ainex_project/build/ainex_vision/build --no-deps symlink_data
[2.029s] running develop
[2.283s] running egg_info
[2.284s] creating ainex_vision.egg-info
[2.314s] writing ainex_vision.egg-info/PKG-INFO
[2.314s] writing dependency_links to ainex_vision.egg-info/dependency_links.txt
[2.314s] writing entry points to ainex_vision.egg-info/entry_points.txt
[2.315s] writing requirements to ainex_vision.egg-info/requires.txt
[2.315s] writing top-level names to ainex_vision.egg-info/top_level.txt
[2.315s] writing manifest file 'ainex_vision.egg-info/SOURCES.txt'
[3.164s] writing manifest file 'ainex_vision.egg-info/SOURCES.txt'
[3.197s] running build_ext
[3.197s] Creating /workspaces/workspaces/Christiano_Roboto/ainex_project/install/ainex_vision/lib/python3.12/site-packages/ainex-vision.egg-link (link to .)
[3.198s] Installing camera_sub script to /workspaces/workspaces/Christiano_Roboto/ainex_project/install/ainex_vision/lib/ainex_vision
[3.199s] 
[3.199s] Installed /workspaces/workspaces/Christiano_Roboto/ainex_project/build/ainex_vision
[3.199s] running symlink_data
[3.199s] creating /workspaces/workspaces/Christiano_Roboto/ainex_project/install/ainex_vision/share/ament_index
[3.199s] creating /workspaces/workspaces/Christiano_Roboto/ainex_project/install/ainex_vision/share/ament_index/resource_index
[3.199s] creating /workspaces/workspaces/Christiano_Roboto/ainex_project/install/ainex_vision/share/ament_index/resource_index/packages
[3.200s] symbolically linking /workspaces/workspaces/Christiano_Roboto/ainex_project/build/ainex_vision/resource/ainex_vision -> /workspaces/workspaces/Christiano_Roboto/ainex_project/install/ainex_vision/share/ament_index/resource_index/packages
[3.200s] symbolically linking /workspaces/workspaces/Christiano_Roboto/ainex_project/build/ainex_vision/package.xml -> /workspaces/workspaces/Christiano_Roboto/ainex_project/install/ainex_vision/share/ainex_vision
[3.251s] Invoked command in '/workspaces/workspaces/Christiano_Roboto/ainex_project/build/ainex_vision' returned '0': PYTHONPATH=/workspaces/workspaces/Christiano_Roboto/ainex_project/build/ainex_vision/prefix_override:/usr/lib/python3/dist-packages/colcon_core/task/python/colcon_distutils_commands:/workspaces/workspaces/Christiano_Roboto/ainex_project/install/ainex_vision/lib/python3.12/site-packages:${PYTHONPATH} /usr/bin/python3 -W ignore:setup.py install is deprecated -W ignore:easy_install command is deprecated setup.py develop --editable --build-directory /workspaces/workspaces/Christiano_Roboto/ainex_project/build/ainex_vision/build --no-deps symlink_data
