[0.968s] Invoking command in '/workspaces/workspaces/Christiano_Roboto/ainex_project/build/whole_body_control': AMENT_PREFIX_PATH=/workspaces/workspaces/Christiano_Roboto/ainex_project/install/simulator:/workspaces/workspaces/Christiano_Roboto/ainex_project/install/whole_body_control:/workspaces/workspaces/Christiano_Roboto/ainex_project/install/ainex_motion:/workspaces/workspaces/Christiano_Roboto/ainex_project/install/servo_service:/workspaces/workspaces/Christiano_Roboto/ainex_project/install/ainex_vision:/workspaces/workspaces/Christiano_Roboto/ainex_project/install/ainex_description:/opt/ros/rolling PYTHONPATH=/workspaces/workspaces/Christiano_Roboto/ainex_project/build/whole_body_control/prefix_override:/usr/lib/python3/dist-packages/colcon_core/task/python/colcon_distutils_commands:/workspaces/workspaces/Christiano_Roboto/ainex_project/install/whole_body_control/lib/python3.12/site-packages:/workspaces/workspaces/Christiano_Roboto/ainex_project/build/simulator:/workspaces/workspaces/Christiano_Roboto/ainex_project/install/simulator/lib/python3.12/site-packages:/opt/openrobots/lib/python3.12/site-packages:/workspaces/workspaces/Christiano_Roboto/ainex_project/build/whole_body_control:/workspaces/workspaces/Christiano_Roboto/ainex_project/install/whole_body_control/lib/python3.12/site-packages:/workspaces/workspaces/Christiano_Roboto/ainex_project/build/ainex_motion:/workspaces/workspaces/Christiano_Roboto/ainex_project/install/ainex_motion/lib/python3.12/site-packages:/workspaces/workspaces/Christiano_Roboto/ainex_project/install/servo_service/lib/python3.12/site-packages:/workspaces/workspaces/Christiano_Roboto/ainex_project/build/ainex_vision:/workspaces/workspaces/Christiano_Roboto/ainex_project/install/ainex_vision/lib/python3.12/site-packages:/opt/openrobots/lib/python3.12/site-packages:/opt/openrobots/lib/python3.12/site-packages:/opt/ros/rolling/lib/python3.12/site-packages /usr/bin/python3 -W ignore:setup.py install is deprecated -W ignore:easy_install command is deprecated setup.py develop --editable --build-directory /workspaces/workspaces/Christiano_Roboto/ainex_project/build/whole_body_control/build --no-deps symlink_data
[1.372s] running develop
[1.619s] running egg_info
[1.619s] creating whole_body_control.egg-info
[1.642s] writing whole_body_control.egg-info/PKG-INFO
[1.642s] writing dependency_links to whole_body_control.egg-info/dependency_links.txt
[1.642s] writing entry points to whole_body_control.egg-info/entry_points.txt
[1.642s] writing requirements to whole_body_control.egg-info/requires.txt
[1.643s] writing top-level names to whole_body_control.egg-info/top_level.txt
[1.643s] writing manifest file 'whole_body_control.egg-info/SOURCES.txt'
[2.458s] writing manifest file 'whole_body_control.egg-info/SOURCES.txt'
[2.498s] running build_ext
[2.498s] Creating /workspaces/workspaces/Christiano_Roboto/ainex_project/install/whole_body_control/lib/python3.12/site-packages/whole-body-control.egg-link (link to .)
[2.499s] Installing t4_standing script to /workspaces/workspaces/Christiano_Roboto/ainex_project/install/whole_body_control/lib/whole_body_control
[2.499s] Installing without_pybullet_t4 script to /workspaces/workspaces/Christiano_Roboto/ainex_project/install/whole_body_control/lib/whole_body_control
[2.500s] 
[2.500s] Installed /workspaces/workspaces/Christiano_Roboto/ainex_project/build/whole_body_control
[2.500s] running symlink_data
[2.500s] creating /workspaces/workspaces/Christiano_Roboto/ainex_project/install/whole_body_control/share/ament_index
[2.500s] creating /workspaces/workspaces/Christiano_Roboto/ainex_project/install/whole_body_control/share/ament_index/resource_index
[2.501s] creating /workspaces/workspaces/Christiano_Roboto/ainex_project/install/whole_body_control/share/ament_index/resource_index/packages
[2.501s] symbolically linking /workspaces/workspaces/Christiano_Roboto/ainex_project/build/whole_body_control/resource/whole_body_control -> /workspaces/workspaces/Christiano_Roboto/ainex_project/install/whole_body_control/share/ament_index/resource_index/packages
[2.501s] symbolically linking /workspaces/workspaces/Christiano_Roboto/ainex_project/build/whole_body_control/package.xml -> /workspaces/workspaces/Christiano_Roboto/ainex_project/install/whole_body_control/share/whole_body_control
[2.501s] creating /workspaces/workspaces/Christiano_Roboto/ainex_project/install/whole_body_control/share/whole_body_control/launch
[2.501s] symbolically linking /workspaces/workspaces/Christiano_Roboto/ainex_project/build/whole_body_control/launch/launch.py -> /workspaces/workspaces/Christiano_Roboto/ainex_project/install/whole_body_control/share/whole_body_control/launch
[2.551s] Invoked command in '/workspaces/workspaces/Christiano_Roboto/ainex_project/build/whole_body_control' returned '0': AMENT_PREFIX_PATH=/workspaces/workspaces/Christiano_Roboto/ainex_project/install/simulator:/workspaces/workspaces/Christiano_Roboto/ainex_project/install/whole_body_control:/workspaces/workspaces/Christiano_Roboto/ainex_project/install/ainex_motion:/workspaces/workspaces/Christiano_Roboto/ainex_project/install/servo_service:/workspaces/workspaces/Christiano_Roboto/ainex_project/install/ainex_vision:/workspaces/workspaces/Christiano_Roboto/ainex_project/install/ainex_description:/opt/ros/rolling PYTHONPATH=/workspaces/workspaces/Christiano_Roboto/ainex_project/build/whole_body_control/prefix_override:/usr/lib/python3/dist-packages/colcon_core/task/python/colcon_distutils_commands:/workspaces/workspaces/Christiano_Roboto/ainex_project/install/whole_body_control/lib/python3.12/site-packages:/workspaces/workspaces/Christiano_Roboto/ainex_project/build/simulator:/workspaces/workspaces/Christiano_Roboto/ainex_project/install/simulator/lib/python3.12/site-packages:/opt/openrobots/lib/python3.12/site-packages:/workspaces/workspaces/Christiano_Roboto/ainex_project/build/whole_body_control:/workspaces/workspaces/Christiano_Roboto/ainex_project/install/whole_body_control/lib/python3.12/site-packages:/workspaces/workspaces/Christiano_Roboto/ainex_project/build/ainex_motion:/workspaces/workspaces/Christiano_Roboto/ainex_project/install/ainex_motion/lib/python3.12/site-packages:/workspaces/workspaces/Christiano_Roboto/ainex_project/install/servo_service/lib/python3.12/site-packages:/workspaces/workspaces/Christiano_Roboto/ainex_project/build/ainex_vision:/workspaces/workspaces/Christiano_Roboto/ainex_project/install/ainex_vision/lib/python3.12/site-packages:/opt/openrobots/lib/python3.12/site-packages:/opt/openrobots/lib/python3.12/site-packages:/opt/ros/rolling/lib/python3.12/site-packages /usr/bin/python3 -W ignore:setup.py install is deprecated -W ignore:easy_install command is deprecated setup.py develop --editable --build-directory /workspaces/workspaces/Christiano_Roboto/ainex_project/build/whole_body_control/build --no-deps symlink_data
