[0.106s] DEBUG:colcon:Command line arguments: ['/usr/bin/colcon', 'build', '--symlink-install']
[0.106s] DEBUG:colcon:Parsed command line arguments: Namespace(log_base=None, log_level=None, verb_name='build', build_base='build', install_base='install', merge_install=False, symlink_install=True, test_result_base=None, continue_on_error=False, executor='parallel', parallel_workers=8, event_handlers=None, ignore_user_meta=False, metas=['./colcon.meta'], base_paths=['.'], packages_ignore=None, packages_ignore_regex=None, paths=None, packages_up_to=None, packages_up_to_regex=None, packages_above=None, packages_above_and_dependencies=None, packages_above_depth=None, packages_select_by_dep=None, packages_skip_by_dep=None, packages_skip_up_to=None, packages_select_build_failed=False, packages_skip_build_finished=False, packages_select_test_failures=False, packages_skip_test_passed=False, packages_select=None, packages_skip=None, packages_select_regex=None, packages_skip_regex=None, packages_start=None, packages_end=None, cmake_args=None, cmake_target=None, cmake_target_skip_unavailable=False, cmake_clean_cache=False, cmake_clean_first=False, cmake_force_configure=False, ament_cmake_args=None, catkin_cmake_args=None, catkin_skip_building_tests=False, mixin_files=None, mixin=None, verb_parser=<colcon_mixin.mixin.mixin_argument.MixinArgumentDecorator object at 0x709c806512b0>, verb_extension=<colcon_core.verb.build.BuildVerb object at 0x709c807d6ea0>, main=<bound method BuildVerb.main of <colcon_core.verb.build.BuildVerb object at 0x709c807d6ea0>>, mixin_verb=('build',))
[0.146s] Level 1:colcon.colcon_core.package_discovery:discover_packages(colcon_meta) check parameters
[0.146s] Level 1:colcon.colcon_core.package_discovery:discover_packages(recursive) check parameters
[0.146s] Level 1:colcon.colcon_core.package_discovery:discover_packages(ignore) check parameters
[0.146s] Level 1:colcon.colcon_core.package_discovery:discover_packages(path) check parameters
[0.146s] Level 1:colcon.colcon_core.package_discovery:discover_packages(colcon_meta) discover
[0.146s] Level 1:colcon.colcon_core.package_discovery:discover_packages(recursive) discover
[0.146s] INFO:colcon.colcon_core.package_discovery:Crawling recursively for packages in '/workspaces/workspaces/Christiano_Roboto/ainex_project'
[0.146s] Level 1:colcon.colcon_core.package_identification:_identify(.) by extensions ['ignore', 'ignore_ament_install']
[0.146s] Level 1:colcon.colcon_core.package_identification:_identify(.) by extension 'ignore'
[0.146s] Level 1:colcon.colcon_core.package_identification:_identify(.) by extension 'ignore_ament_install'
[0.146s] Level 1:colcon.colcon_core.package_identification:_identify(.) by extensions ['colcon_pkg']
[0.146s] Level 1:colcon.colcon_core.package_identification:_identify(.) by extension 'colcon_pkg'
[0.147s] Level 1:colcon.colcon_core.package_identification:_identify(.) by extensions ['colcon_meta']
[0.147s] Level 1:colcon.colcon_core.package_identification:_identify(.) by extension 'colcon_meta'
[0.147s] Level 1:colcon.colcon_core.package_identification:_identify(.) by extensions ['ros']
[0.147s] Level 1:colcon.colcon_core.package_identification:_identify(.) by extension 'ros'
[0.170s] Level 1:colcon.colcon_core.package_identification:_identify(.) by extensions ['cmake', 'python']
[0.170s] Level 1:colcon.colcon_core.package_identification:_identify(.) by extension 'cmake'
[0.170s] Level 1:colcon.colcon_core.package_identification:_identify(.) by extension 'python'
[0.170s] Level 1:colcon.colcon_core.package_identification:_identify(.) by extensions ['python_setup_py']
[0.170s] Level 1:colcon.colcon_core.package_identification:_identify(.) by extension 'python_setup_py'
[0.170s] Level 1:colcon.colcon_core.package_identification:_identify(ainex_template) by extensions ['ignore', 'ignore_ament_install']
[0.170s] Level 1:colcon.colcon_core.package_identification:_identify(ainex_template) by extension 'ignore'
[0.170s] Level 1:colcon.colcon_core.package_identification:_identify(ainex_template) by extension 'ignore_ament_install'
[0.170s] Level 1:colcon.colcon_core.package_identification:_identify(ainex_template) by extensions ['colcon_pkg']
[0.170s] Level 1:colcon.colcon_core.package_identification:_identify(ainex_template) by extension 'colcon_pkg'
[0.170s] Level 1:colcon.colcon_core.package_identification:_identify(ainex_template) by extensions ['colcon_meta']
[0.171s] Level 1:colcon.colcon_core.package_identification:_identify(ainex_template) by extension 'colcon_meta'
[0.171s] Level 1:colcon.colcon_core.package_identification:_identify(ainex_template) by extensions ['ros']
[0.171s] Level 1:colcon.colcon_core.package_identification:_identify(ainex_template) by extension 'ros'
[0.171s] Level 1:colcon.colcon_core.package_identification:_identify(ainex_template) by extensions ['cmake', 'python']
[0.171s] Level 1:colcon.colcon_core.package_identification:_identify(ainex_template) by extension 'cmake'
[0.171s] Level 1:colcon.colcon_core.package_identification:_identify(ainex_template) by extension 'python'
[0.171s] Level 1:colcon.colcon_core.package_identification:_identify(ainex_template) by extensions ['python_setup_py']
[0.171s] Level 1:colcon.colcon_core.package_identification:_identify(ainex_template) by extension 'python_setup_py'
[0.171s] Level 1:colcon.colcon_core.package_identification:_identify(build) by extensions ['ignore', 'ignore_ament_install']
[0.171s] Level 1:colcon.colcon_core.package_identification:_identify(build) by extension 'ignore'
[0.171s] Level 1:colcon.colcon_core.package_identification:_identify(build) ignored
[0.171s] Level 1:colcon.colcon_core.package_identification:_identify(install) by extensions ['ignore', 'ignore_ament_install']
[0.171s] Level 1:colcon.colcon_core.package_identification:_identify(install) by extension 'ignore'
[0.171s] Level 1:colcon.colcon_core.package_identification:_identify(install) ignored
[0.171s] Level 1:colcon.colcon_core.package_identification:_identify(log) by extensions ['ignore', 'ignore_ament_install']
[0.171s] Level 1:colcon.colcon_core.package_identification:_identify(log) by extension 'ignore'
[0.171s] Level 1:colcon.colcon_core.package_identification:_identify(log) ignored
[0.171s] Level 1:colcon.colcon_core.package_identification:_identify(src) by extensions ['ignore', 'ignore_ament_install']
[0.172s] Level 1:colcon.colcon_core.package_identification:_identify(src) by extension 'ignore'
[0.172s] Level 1:colcon.colcon_core.package_identification:_identify(src) by extension 'ignore_ament_install'
[0.172s] Level 1:colcon.colcon_core.package_identification:_identify(src) by extensions ['colcon_pkg']
[0.172s] Level 1:colcon.colcon_core.package_identification:_identify(src) by extension 'colcon_pkg'
[0.172s] Level 1:colcon.colcon_core.package_identification:_identify(src) by extensions ['colcon_meta']
[0.172s] Level 1:colcon.colcon_core.package_identification:_identify(src) by extension 'colcon_meta'
[0.172s] Level 1:colcon.colcon_core.package_identification:_identify(src) by extensions ['ros']
[0.172s] Level 1:colcon.colcon_core.package_identification:_identify(src) by extension 'ros'
[0.172s] Level 1:colcon.colcon_core.package_identification:_identify(src) by extensions ['cmake', 'python']
[0.172s] Level 1:colcon.colcon_core.package_identification:_identify(src) by extension 'cmake'
[0.172s] Level 1:colcon.colcon_core.package_identification:_identify(src) by extension 'python'
[0.172s] Level 1:colcon.colcon_core.package_identification:_identify(src) by extensions ['python_setup_py']
[0.172s] Level 1:colcon.colcon_core.package_identification:_identify(src) by extension 'python_setup_py'
[0.172s] Level 1:colcon.colcon_core.package_identification:_identify(src/ainex_description) by extensions ['ignore', 'ignore_ament_install']
[0.172s] Level 1:colcon.colcon_core.package_identification:_identify(src/ainex_description) by extension 'ignore'
[0.172s] Level 1:colcon.colcon_core.package_identification:_identify(src/ainex_description) by extension 'ignore_ament_install'
[0.172s] Level 1:colcon.colcon_core.package_identification:_identify(src/ainex_description) by extensions ['colcon_pkg']
[0.172s] Level 1:colcon.colcon_core.package_identification:_identify(src/ainex_description) by extension 'colcon_pkg'
[0.172s] Level 1:colcon.colcon_core.package_identification:_identify(src/ainex_description) by extensions ['colcon_meta']
[0.172s] Level 1:colcon.colcon_core.package_identification:_identify(src/ainex_description) by extension 'colcon_meta'
[0.172s] Level 1:colcon.colcon_core.package_identification:_identify(src/ainex_description) by extensions ['ros']
[0.172s] Level 1:colcon.colcon_core.package_identification:_identify(src/ainex_description) by extension 'ros'
[0.174s] DEBUG:colcon.colcon_core.package_identification:Package 'src/ainex_description' with type 'ros.ament_cmake' and name 'ainex_description'
[0.175s] Level 1:colcon.colcon_core.package_identification:_identify(src/ainex_motion) by extensions ['ignore', 'ignore_ament_install']
[0.175s] Level 1:colcon.colcon_core.package_identification:_identify(src/ainex_motion) by extension 'ignore'
[0.175s] Level 1:colcon.colcon_core.package_identification:_identify(src/ainex_motion) by extension 'ignore_ament_install'
[0.175s] Level 1:colcon.colcon_core.package_identification:_identify(src/ainex_motion) by extensions ['colcon_pkg']
[0.175s] Level 1:colcon.colcon_core.package_identification:_identify(src/ainex_motion) by extension 'colcon_pkg'
[0.175s] Level 1:colcon.colcon_core.package_identification:_identify(src/ainex_motion) by extensions ['colcon_meta']
[0.175s] Level 1:colcon.colcon_core.package_identification:_identify(src/ainex_motion) by extension 'colcon_meta'
[0.175s] Level 1:colcon.colcon_core.package_identification:_identify(src/ainex_motion) by extensions ['ros']
[0.175s] Level 1:colcon.colcon_core.package_identification:_identify(src/ainex_motion) by extension 'ros'
[0.175s] DEBUG:colcon.colcon_core.package_identification:Package 'src/ainex_motion' with type 'ros.ament_python' and name 'ainex_motion'
[0.176s] Level 1:colcon.colcon_core.package_identification:_identify(src/ainex_vision) by extensions ['ignore', 'ignore_ament_install']
[0.176s] Level 1:colcon.colcon_core.package_identification:_identify(src/ainex_vision) by extension 'ignore'
[0.176s] Level 1:colcon.colcon_core.package_identification:_identify(src/ainex_vision) by extension 'ignore_ament_install'
[0.176s] Level 1:colcon.colcon_core.package_identification:_identify(src/ainex_vision) by extensions ['colcon_pkg']
[0.176s] Level 1:colcon.colcon_core.package_identification:_identify(src/ainex_vision) by extension 'colcon_pkg'
[0.176s] Level 1:colcon.colcon_core.package_identification:_identify(src/ainex_vision) by extensions ['colcon_meta']
[0.176s] Level 1:colcon.colcon_core.package_identification:_identify(src/ainex_vision) by extension 'colcon_meta'
[0.176s] Level 1:colcon.colcon_core.package_identification:_identify(src/ainex_vision) by extensions ['ros']
[0.176s] Level 1:colcon.colcon_core.package_identification:_identify(src/ainex_vision) by extension 'ros'
[0.176s] DEBUG:colcon.colcon_core.package_identification:Package 'src/ainex_vision' with type 'ros.ament_python' and name 'ainex_vision'
[0.176s] Level 1:colcon.colcon_core.package_identification:_identify(src/servo_service) by extensions ['ignore', 'ignore_ament_install']
[0.176s] Level 1:colcon.colcon_core.package_identification:_identify(src/servo_service) by extension 'ignore'
[0.177s] Level 1:colcon.colcon_core.package_identification:_identify(src/servo_service) by extension 'ignore_ament_install'
[0.177s] Level 1:colcon.colcon_core.package_identification:_identify(src/servo_service) by extensions ['colcon_pkg']
[0.177s] Level 1:colcon.colcon_core.package_identification:_identify(src/servo_service) by extension 'colcon_pkg'
[0.177s] Level 1:colcon.colcon_core.package_identification:_identify(src/servo_service) by extensions ['colcon_meta']
[0.177s] Level 1:colcon.colcon_core.package_identification:_identify(src/servo_service) by extension 'colcon_meta'
[0.177s] Level 1:colcon.colcon_core.package_identification:_identify(src/servo_service) by extensions ['ros']
[0.177s] Level 1:colcon.colcon_core.package_identification:_identify(src/servo_service) by extension 'ros'
[0.177s] DEBUG:colcon.colcon_core.package_identification:Package 'src/servo_service' with type 'ros.ament_cmake' and name 'servo_service'
[0.177s] Level 1:colcon.colcon_core.package_identification:_identify(src/simulator) by extensions ['ignore', 'ignore_ament_install']
[0.177s] Level 1:colcon.colcon_core.package_identification:_identify(src/simulator) by extension 'ignore'
[0.178s] Level 1:colcon.colcon_core.package_identification:_identify(src/simulator) by extension 'ignore_ament_install'
[0.178s] Level 1:colcon.colcon_core.package_identification:_identify(src/simulator) by extensions ['colcon_pkg']
[0.178s] Level 1:colcon.colcon_core.package_identification:_identify(src/simulator) by extension 'colcon_pkg'
[0.178s] Level 1:colcon.colcon_core.package_identification:_identify(src/simulator) by extensions ['colcon_meta']
[0.178s] Level 1:colcon.colcon_core.package_identification:_identify(src/simulator) by extension 'colcon_meta'
[0.178s] Level 1:colcon.colcon_core.package_identification:_identify(src/simulator) by extensions ['ros']
[0.178s] Level 1:colcon.colcon_core.package_identification:_identify(src/simulator) by extension 'ros'
[0.178s] DEBUG:colcon.colcon_core.package_identification:Package 'src/simulator' with type 'ros.ament_python' and name 'simulator'
[0.178s] Level 1:colcon.colcon_core.package_identification:_identify(src/whole_body_control) by extensions ['ignore', 'ignore_ament_install']
[0.178s] Level 1:colcon.colcon_core.package_identification:_identify(src/whole_body_control) by extension 'ignore'
[0.178s] Level 1:colcon.colcon_core.package_identification:_identify(src/whole_body_control) by extension 'ignore_ament_install'
[0.178s] Level 1:colcon.colcon_core.package_identification:_identify(src/whole_body_control) by extensions ['colcon_pkg']
[0.178s] Level 1:colcon.colcon_core.package_identification:_identify(src/whole_body_control) by extension 'colcon_pkg'
[0.178s] Level 1:colcon.colcon_core.package_identification:_identify(src/whole_body_control) by extensions ['colcon_meta']
[0.178s] Level 1:colcon.colcon_core.package_identification:_identify(src/whole_body_control) by extension 'colcon_meta'
[0.179s] Level 1:colcon.colcon_core.package_identification:_identify(src/whole_body_control) by extensions ['ros']
[0.179s] Level 1:colcon.colcon_core.package_identification:_identify(src/whole_body_control) by extension 'ros'
[0.179s] DEBUG:colcon.colcon_core.package_identification:Package 'src/whole_body_control' with type 'ros.ament_python' and name 'whole_body_control'
[0.179s] Level 1:colcon.colcon_core.package_discovery:discover_packages(recursive) using defaults
[0.179s] Level 1:colcon.colcon_core.package_discovery:discover_packages(ignore) discover
[0.179s] Level 1:colcon.colcon_core.package_discovery:discover_packages(ignore) using defaults
[0.179s] Level 1:colcon.colcon_core.package_discovery:discover_packages(path) discover
[0.179s] Level 1:colcon.colcon_core.package_discovery:discover_packages(path) using defaults
[0.198s] Level 5:colcon.colcon_core.verb:set package 'ainex_description' build argument 'cmake_args' from command line to 'None'
[0.198s] Level 5:colcon.colcon_core.verb:set package 'ainex_description' build argument 'cmake_target' from command line to 'None'
[0.198s] Level 5:colcon.colcon_core.verb:set package 'ainex_description' build argument 'cmake_target_skip_unavailable' from command line to 'False'
[0.198s] Level 5:colcon.colcon_core.verb:set package 'ainex_description' build argument 'cmake_clean_cache' from command line to 'False'
[0.198s] Level 5:colcon.colcon_core.verb:set package 'ainex_description' build argument 'cmake_clean_first' from command line to 'False'
[0.198s] Level 5:colcon.colcon_core.verb:set package 'ainex_description' build argument 'cmake_force_configure' from command line to 'False'
[0.198s] Level 5:colcon.colcon_core.verb:set package 'ainex_description' build argument 'ament_cmake_args' from command line to 'None'
[0.198s] Level 5:colcon.colcon_core.verb:set package 'ainex_description' build argument 'catkin_cmake_args' from command line to 'None'
[0.198s] Level 5:colcon.colcon_core.verb:set package 'ainex_description' build argument 'catkin_skip_building_tests' from command line to 'False'
[0.198s] DEBUG:colcon.colcon_core.verb:Building package 'ainex_description' with the following arguments: {'ament_cmake_args': None, 'build_base': '/workspaces/workspaces/Christiano_Roboto/ainex_project/build/ainex_description', 'catkin_cmake_args': None, 'catkin_skip_building_tests': False, 'cmake_args': None, 'cmake_clean_cache': False, 'cmake_clean_first': False, 'cmake_force_configure': False, 'cmake_target': None, 'cmake_target_skip_unavailable': False, 'install_base': '/workspaces/workspaces/Christiano_Roboto/ainex_project/install/ainex_description', 'merge_install': False, 'path': '/workspaces/workspaces/Christiano_Roboto/ainex_project/src/ainex_description', 'symlink_install': True, 'test_result_base': None}
[0.198s] Level 5:colcon.colcon_core.verb:set package 'ainex_vision' build argument 'cmake_args' from command line to 'None'
[0.198s] Level 5:colcon.colcon_core.verb:set package 'ainex_vision' build argument 'cmake_target' from command line to 'None'
[0.198s] Level 5:colcon.colcon_core.verb:set package 'ainex_vision' build argument 'cmake_target_skip_unavailable' from command line to 'False'
[0.198s] Level 5:colcon.colcon_core.verb:set package 'ainex_vision' build argument 'cmake_clean_cache' from command line to 'False'
[0.198s] Level 5:colcon.colcon_core.verb:set package 'ainex_vision' build argument 'cmake_clean_first' from command line to 'False'
[0.198s] Level 5:colcon.colcon_core.verb:set package 'ainex_vision' build argument 'cmake_force_configure' from command line to 'False'
[0.199s] Level 5:colcon.colcon_core.verb:set package 'ainex_vision' build argument 'ament_cmake_args' from command line to 'None'
[0.199s] Level 5:colcon.colcon_core.verb:set package 'ainex_vision' build argument 'catkin_cmake_args' from command line to 'None'
[0.199s] Level 5:colcon.colcon_core.verb:set package 'ainex_vision' build argument 'catkin_skip_building_tests' from command line to 'False'
[0.199s] DEBUG:colcon.colcon_core.verb:Building package 'ainex_vision' with the following arguments: {'ament_cmake_args': None, 'build_base': '/workspaces/workspaces/Christiano_Roboto/ainex_project/build/ainex_vision', 'catkin_cmake_args': None, 'catkin_skip_building_tests': False, 'cmake_args': None, 'cmake_clean_cache': False, 'cmake_clean_first': False, 'cmake_force_configure': False, 'cmake_target': None, 'cmake_target_skip_unavailable': False, 'install_base': '/workspaces/workspaces/Christiano_Roboto/ainex_project/install/ainex_vision', 'merge_install': False, 'path': '/workspaces/workspaces/Christiano_Roboto/ainex_project/src/ainex_vision', 'symlink_install': True, 'test_result_base': None}
[0.199s] Level 5:colcon.colcon_core.verb:set package 'servo_service' build argument 'cmake_args' from command line to 'None'
[0.199s] Level 5:colcon.colcon_core.verb:set package 'servo_service' build argument 'cmake_target' from command line to 'None'
[0.199s] Level 5:colcon.colcon_core.verb:set package 'servo_service' build argument 'cmake_target_skip_unavailable' from command line to 'False'
[0.199s] Level 5:colcon.colcon_core.verb:set package 'servo_service' build argument 'cmake_clean_cache' from command line to 'False'
[0.199s] Level 5:colcon.colcon_core.verb:set package 'servo_service' build argument 'cmake_clean_first' from command line to 'False'
[0.199s] Level 5:colcon.colcon_core.verb:set package 'servo_service' build argument 'cmake_force_configure' from command line to 'False'
[0.199s] Level 5:colcon.colcon_core.verb:set package 'servo_service' build argument 'ament_cmake_args' from command line to 'None'
[0.199s] Level 5:colcon.colcon_core.verb:set package 'servo_service' build argument 'catkin_cmake_args' from command line to 'None'
[0.199s] Level 5:colcon.colcon_core.verb:set package 'servo_service' build argument 'catkin_skip_building_tests' from command line to 'False'
[0.199s] DEBUG:colcon.colcon_core.verb:Building package 'servo_service' with the following arguments: {'ament_cmake_args': None, 'build_base': '/workspaces/workspaces/Christiano_Roboto/ainex_project/build/servo_service', 'catkin_cmake_args': None, 'catkin_skip_building_tests': False, 'cmake_args': None, 'cmake_clean_cache': False, 'cmake_clean_first': False, 'cmake_force_configure': False, 'cmake_target': None, 'cmake_target_skip_unavailable': False, 'install_base': '/workspaces/workspaces/Christiano_Roboto/ainex_project/install/servo_service', 'merge_install': False, 'path': '/workspaces/workspaces/Christiano_Roboto/ainex_project/src/servo_service', 'symlink_install': True, 'test_result_base': None}
[0.199s] Level 5:colcon.colcon_core.verb:set package 'simulator' build argument 'cmake_args' from command line to 'None'
[0.199s] Level 5:colcon.colcon_core.verb:set package 'simulator' build argument 'cmake_target' from command line to 'None'
[0.199s] Level 5:colcon.colcon_core.verb:set package 'simulator' build argument 'cmake_target_skip_unavailable' from command line to 'False'
[0.199s] Level 5:colcon.colcon_core.verb:set package 'simulator' build argument 'cmake_clean_cache' from command line to 'False'
[0.199s] Level 5:colcon.colcon_core.verb:set package 'simulator' build argument 'cmake_clean_first' from command line to 'False'
[0.199s] Level 5:colcon.colcon_core.verb:set package 'simulator' build argument 'cmake_force_configure' from command line to 'False'
[0.199s] Level 5:colcon.colcon_core.verb:set package 'simulator' build argument 'ament_cmake_args' from command line to 'None'
[0.199s] Level 5:colcon.colcon_core.verb:set package 'simulator' build argument 'catkin_cmake_args' from command line to 'None'
[0.199s] Level 5:colcon.colcon_core.verb:set package 'simulator' build argument 'catkin_skip_building_tests' from command line to 'False'
[0.200s] DEBUG:colcon.colcon_core.verb:Building package 'simulator' with the following arguments: {'ament_cmake_args': None, 'build_base': '/workspaces/workspaces/Christiano_Roboto/ainex_project/build/simulator', 'catkin_cmake_args': None, 'catkin_skip_building_tests': False, 'cmake_args': None, 'cmake_clean_cache': False, 'cmake_clean_first': False, 'cmake_force_configure': False, 'cmake_target': None, 'cmake_target_skip_unavailable': False, 'install_base': '/workspaces/workspaces/Christiano_Roboto/ainex_project/install/simulator', 'merge_install': False, 'path': '/workspaces/workspaces/Christiano_Roboto/ainex_project/src/simulator', 'symlink_install': True, 'test_result_base': None}
[0.200s] Level 5:colcon.colcon_core.verb:set package 'ainex_motion' build argument 'cmake_args' from command line to 'None'
[0.200s] Level 5:colcon.colcon_core.verb:set package 'ainex_motion' build argument 'cmake_target' from command line to 'None'
[0.200s] Level 5:colcon.colcon_core.verb:set package 'ainex_motion' build argument 'cmake_target_skip_unavailable' from command line to 'False'
[0.200s] Level 5:colcon.colcon_core.verb:set package 'ainex_motion' build argument 'cmake_clean_cache' from command line to 'False'
[0.200s] Level 5:colcon.colcon_core.verb:set package 'ainex_motion' build argument 'cmake_clean_first' from command line to 'False'
[0.200s] Level 5:colcon.colcon_core.verb:set package 'ainex_motion' build argument 'cmake_force_configure' from command line to 'False'
[0.200s] Level 5:colcon.colcon_core.verb:set package 'ainex_motion' build argument 'ament_cmake_args' from command line to 'None'
[0.200s] Level 5:colcon.colcon_core.verb:set package 'ainex_motion' build argument 'catkin_cmake_args' from command line to 'None'
[0.200s] Level 5:colcon.colcon_core.verb:set package 'ainex_motion' build argument 'catkin_skip_building_tests' from command line to 'False'
[0.200s] DEBUG:colcon.colcon_core.verb:Building package 'ainex_motion' with the following arguments: {'ament_cmake_args': None, 'build_base': '/workspaces/workspaces/Christiano_Roboto/ainex_project/build/ainex_motion', 'catkin_cmake_args': None, 'catkin_skip_building_tests': False, 'cmake_args': None, 'cmake_clean_cache': False, 'cmake_clean_first': False, 'cmake_force_configure': False, 'cmake_target': None, 'cmake_target_skip_unavailable': False, 'install_base': '/workspaces/workspaces/Christiano_Roboto/ainex_project/install/ainex_motion', 'merge_install': False, 'path': '/workspaces/workspaces/Christiano_Roboto/ainex_project/src/ainex_motion', 'symlink_install': True, 'test_result_base': None}
[0.200s] Level 5:colcon.colcon_core.verb:set package 'whole_body_control' build argument 'cmake_args' from command line to 'None'
[0.200s] Level 5:colcon.colcon_core.verb:set package 'whole_body_control' build argument 'cmake_target' from command line to 'None'
[0.200s] Level 5:colcon.colcon_core.verb:set package 'whole_body_control' build argument 'cmake_target_skip_unavailable' from command line to 'False'
[0.200s] Level 5:colcon.colcon_core.verb:set package 'whole_body_control' build argument 'cmake_clean_cache' from command line to 'False'
[0.200s] Level 5:colcon.colcon_core.verb:set package 'whole_body_control' build argument 'cmake_clean_first' from command line to 'False'
[0.200s] Level 5:colcon.colcon_core.verb:set package 'whole_body_control' build argument 'cmake_force_configure' from command line to 'False'
[0.200s] Level 5:colcon.colcon_core.verb:set package 'whole_body_control' build argument 'ament_cmake_args' from command line to 'None'
[0.200s] Level 5:colcon.colcon_core.verb:set package 'whole_body_control' build argument 'catkin_cmake_args' from command line to 'None'
[0.200s] Level 5:colcon.colcon_core.verb:set package 'whole_body_control' build argument 'catkin_skip_building_tests' from command line to 'False'
[0.200s] DEBUG:colcon.colcon_core.verb:Building package 'whole_body_control' with the following arguments: {'ament_cmake_args': None, 'build_base': '/workspaces/workspaces/Christiano_Roboto/ainex_project/build/whole_body_control', 'catkin_cmake_args': None, 'catkin_skip_building_tests': False, 'cmake_args': None, 'cmake_clean_cache': False, 'cmake_clean_first': False, 'cmake_force_configure': False, 'cmake_target': None, 'cmake_target_skip_unavailable': False, 'install_base': '/workspaces/workspaces/Christiano_Roboto/ainex_project/install/whole_body_control', 'merge_install': False, 'path': '/workspaces/workspaces/Christiano_Roboto/ainex_project/src/whole_body_control', 'symlink_install': True, 'test_result_base': None}
[0.200s] INFO:colcon.colcon_core.executor:Executing jobs using 'parallel' executor
[0.201s] DEBUG:colcon.colcon_parallel_executor.executor.parallel:run_until_complete
[0.201s] INFO:colcon.colcon_ros.task.ament_cmake.build:Building ROS package in '/workspaces/workspaces/Christiano_Roboto/ainex_project/src/servo_service' with build type 'ament_cmake'
[0.202s] INFO:colcon.colcon_cmake.task.cmake.build:Building CMake package in '/workspaces/workspaces/Christiano_Roboto/ainex_project/src/servo_service'
[0.204s] INFO:colcon.colcon_core.plugin_system:Skipping extension 'colcon_core.shell.bat': Not used on non-Windows systems
[0.204s] INFO:colcon.colcon_core.shell:Skip shell extension 'powershell' for command environment: Not usable outside of PowerShell
[0.204s] DEBUG:colcon.colcon_core.shell:Skip shell extension 'dsv' for command environment
[0.208s] INFO:colcon.colcon_ros.task.ament_python.build:Building ROS package in '/workspaces/workspaces/Christiano_Roboto/ainex_project/src/simulator' with build type 'ament_python'
[0.208s] Level 1:colcon.colcon_core.shell:create_environment_hook('simulator', 'ament_prefix_path')
[0.209s] INFO:colcon.colcon_core.shell:Creating environment hook '/workspaces/workspaces/Christiano_Roboto/ainex_project/install/simulator/share/simulator/hook/ament_prefix_path.ps1'
[0.210s] INFO:colcon.colcon_core.shell:Creating environment descriptor '/workspaces/workspaces/Christiano_Roboto/ainex_project/install/simulator/share/simulator/hook/ament_prefix_path.dsv'
[0.210s] INFO:colcon.colcon_core.shell:Creating environment hook '/workspaces/workspaces/Christiano_Roboto/ainex_project/install/simulator/share/simulator/hook/ament_prefix_path.sh'
[0.211s] INFO:colcon.colcon_core.shell:Skip shell extension 'powershell' for command environment: Not usable outside of PowerShell
[0.211s] DEBUG:colcon.colcon_core.shell:Skip shell extension 'dsv' for command environment
[0.215s] INFO:colcon.colcon_ros.task.ament_cmake.build:Building ROS package in '/workspaces/workspaces/Christiano_Roboto/ainex_project/src/ainex_description' with build type 'ament_cmake'
[0.215s] INFO:colcon.colcon_cmake.task.cmake.build:Building CMake package in '/workspaces/workspaces/Christiano_Roboto/ainex_project/src/ainex_description'
[0.215s] INFO:colcon.colcon_core.shell:Skip shell extension 'powershell' for command environment: Not usable outside of PowerShell
[0.215s] DEBUG:colcon.colcon_core.shell:Skip shell extension 'dsv' for command environment
[0.219s] INFO:colcon.colcon_ros.task.ament_python.build:Building ROS package in '/workspaces/workspaces/Christiano_Roboto/ainex_project/src/ainex_vision' with build type 'ament_python'
[0.219s] Level 1:colcon.colcon_core.shell:create_environment_hook('ainex_vision', 'ament_prefix_path')
[0.219s] INFO:colcon.colcon_core.shell:Creating environment hook '/workspaces/workspaces/Christiano_Roboto/ainex_project/install/ainex_vision/share/ainex_vision/hook/ament_prefix_path.ps1'
[0.220s] INFO:colcon.colcon_core.shell:Creating environment descriptor '/workspaces/workspaces/Christiano_Roboto/ainex_project/install/ainex_vision/share/ainex_vision/hook/ament_prefix_path.dsv'
[0.221s] INFO:colcon.colcon_core.shell:Creating environment hook '/workspaces/workspaces/Christiano_Roboto/ainex_project/install/ainex_vision/share/ainex_vision/hook/ament_prefix_path.sh'
[0.222s] INFO:colcon.colcon_core.shell:Skip shell extension 'powershell' for command environment: Not usable outside of PowerShell
[0.222s] DEBUG:colcon.colcon_core.shell:Skip shell extension 'dsv' for command environment
[0.230s] DEBUG:colcon.colcon_core.event_handler.log_command:Invoking command in '/workspaces/workspaces/Christiano_Roboto/ainex_project/build/servo_service': CMAKE_PREFIX_PATH=${CMAKE_PREFIX_PATH}:/opt/ros/rolling /usr/bin/cmake /workspaces/workspaces/Christiano_Roboto/ainex_project/src/servo_service -DAMENT_CMAKE_SYMLINK_INSTALL=1 -DCMAKE_INSTALL_PREFIX=/workspaces/workspaces/Christiano_Roboto/ainex_project/install/servo_service
[0.481s] INFO:colcon.colcon_core.task.python.build:Building Python package in '/workspaces/workspaces/Christiano_Roboto/ainex_project/src/simulator'
[0.481s] INFO:colcon.colcon_core.shell:Skip shell extension 'powershell' for command environment: Not usable outside of PowerShell
[0.481s] DEBUG:colcon.colcon_core.shell:Skip shell extension 'dsv' for command environment
[0.487s] DEBUG:colcon.colcon_core.event_handler.log_command:Invoking command in '/workspaces/workspaces/Christiano_Roboto/ainex_project/build/ainex_description': CMAKE_PREFIX_PATH=${CMAKE_PREFIX_PATH}:/opt/ros/rolling /usr/bin/cmake /workspaces/workspaces/Christiano_Roboto/ainex_project/src/ainex_description -DAMENT_CMAKE_SYMLINK_INSTALL=1 -DCMAKE_INSTALL_PREFIX=/workspaces/workspaces/Christiano_Roboto/ainex_project/install/ainex_description
[0.772s] INFO:colcon.colcon_core.task.python.build:Building Python package in '/workspaces/workspaces/Christiano_Roboto/ainex_project/src/ainex_vision'
[0.773s] INFO:colcon.colcon_core.shell:Skip shell extension 'powershell' for command environment: Not usable outside of PowerShell
[0.773s] DEBUG:colcon.colcon_core.shell:Skip shell extension 'dsv' for command environment
[1.606s] DEBUG:colcon.colcon_core.event_handler.log_command:Invoked command in '/workspaces/workspaces/Christiano_Roboto/ainex_project/build/ainex_description' returned '0': CMAKE_PREFIX_PATH=${CMAKE_PREFIX_PATH}:/opt/ros/rolling /usr/bin/cmake /workspaces/workspaces/Christiano_Roboto/ainex_project/src/ainex_description -DAMENT_CMAKE_SYMLINK_INSTALL=1 -DCMAKE_INSTALL_PREFIX=/workspaces/workspaces/Christiano_Roboto/ainex_project/install/ainex_description
[1.607s] DEBUG:colcon.colcon_core.event_handler.log_command:Invoking command in '/workspaces/workspaces/Christiano_Roboto/ainex_project/build/ainex_description': CMAKE_PREFIX_PATH=${CMAKE_PREFIX_PATH}:/opt/ros/rolling /usr/bin/cmake --build /workspaces/workspaces/Christiano_Roboto/ainex_project/build/ainex_description -- -j8 -l8
[1.664s] DEBUG:colcon.colcon_core.event_handler.log_command:Invoking command in '/workspaces/workspaces/Christiano_Roboto/ainex_project/build/simulator': PYTHONPATH=/workspaces/workspaces/Christiano_Roboto/ainex_project/build/simulator/prefix_override:/usr/lib/python3/dist-packages/colcon_core/task/python/colcon_distutils_commands:/workspaces/workspaces/Christiano_Roboto/ainex_project/install/simulator/lib/python3.12/site-packages:${PYTHONPATH} /usr/bin/python3 -W ignore:setup.py install is deprecated -W ignore:easy_install command is deprecated setup.py develop --editable --build-directory /workspaces/workspaces/Christiano_Roboto/ainex_project/build/simulator/build --no-deps symlink_data
[1.670s] DEBUG:colcon.colcon_core.event_handler.log_command:Invoked command in '/workspaces/workspaces/Christiano_Roboto/ainex_project/build/ainex_description' returned '0': CMAKE_PREFIX_PATH=${CMAKE_PREFIX_PATH}:/opt/ros/rolling /usr/bin/cmake --build /workspaces/workspaces/Christiano_Roboto/ainex_project/build/ainex_description -- -j8 -l8
[1.684s] DEBUG:colcon.colcon_core.event_handler.log_command:Invoking command in '/workspaces/workspaces/Christiano_Roboto/ainex_project/build/ainex_description': CMAKE_PREFIX_PATH=${CMAKE_PREFIX_PATH}:/opt/ros/rolling /usr/bin/cmake --install /workspaces/workspaces/Christiano_Roboto/ainex_project/build/ainex_description
[1.687s] DEBUG:colcon.colcon_core.event_handler.log_command:Invoking command in '/workspaces/workspaces/Christiano_Roboto/ainex_project/build/ainex_vision': PYTHONPATH=/workspaces/workspaces/Christiano_Roboto/ainex_project/build/ainex_vision/prefix_override:/usr/lib/python3/dist-packages/colcon_core/task/python/colcon_distutils_commands:/workspaces/workspaces/Christiano_Roboto/ainex_project/install/ainex_vision/lib/python3.12/site-packages:${PYTHONPATH} /usr/bin/python3 -W ignore:setup.py install is deprecated -W ignore:easy_install command is deprecated setup.py develop --editable --build-directory /workspaces/workspaces/Christiano_Roboto/ainex_project/build/ainex_vision/build --no-deps symlink_data
[2.282s] Level 1:colcon.colcon_core.environment:create_environment_scripts_only(ainex_description)
[2.283s] DEBUG:colcon.colcon_core.event_handler.log_command:Invoked command in '/workspaces/workspaces/Christiano_Roboto/ainex_project/build/ainex_description' returned '0': CMAKE_PREFIX_PATH=${CMAKE_PREFIX_PATH}:/opt/ros/rolling /usr/bin/cmake --install /workspaces/workspaces/Christiano_Roboto/ainex_project/build/ainex_description
[2.285s] Level 1:colcon.colcon_core.environment:checking '/workspaces/workspaces/Christiano_Roboto/ainex_project/install/ainex_description' for CMake module files
[2.285s] Level 1:colcon.colcon_core.environment:checking '/workspaces/workspaces/Christiano_Roboto/ainex_project/install/ainex_description' for CMake config files
[2.285s] Level 1:colcon.colcon_core.shell:create_environment_hook('ainex_description', 'cmake_prefix_path')
[2.286s] INFO:colcon.colcon_core.shell:Creating environment hook '/workspaces/workspaces/Christiano_Roboto/ainex_project/install/ainex_description/share/ainex_description/hook/cmake_prefix_path.ps1'
[2.286s] INFO:colcon.colcon_core.shell:Creating environment descriptor '/workspaces/workspaces/Christiano_Roboto/ainex_project/install/ainex_description/share/ainex_description/hook/cmake_prefix_path.dsv'
[2.286s] INFO:colcon.colcon_core.shell:Creating environment hook '/workspaces/workspaces/Christiano_Roboto/ainex_project/install/ainex_description/share/ainex_description/hook/cmake_prefix_path.sh'
[2.287s] Level 1:colcon.colcon_core.environment:checking '/workspaces/workspaces/Christiano_Roboto/ainex_project/install/ainex_description/bin'
[2.287s] Level 1:colcon.colcon_core.environment:checking '/workspaces/workspaces/Christiano_Roboto/ainex_project/install/ainex_description/lib/pkgconfig/ainex_description.pc'
[2.288s] Level 1:colcon.colcon_core.environment:checking '/workspaces/workspaces/Christiano_Roboto/ainex_project/install/ainex_description/lib/python3.12/site-packages'
[2.288s] Level 1:colcon.colcon_core.environment:checking '/workspaces/workspaces/Christiano_Roboto/ainex_project/install/ainex_description/bin'
[2.288s] INFO:colcon.colcon_core.shell:Creating package script '/workspaces/workspaces/Christiano_Roboto/ainex_project/install/ainex_description/share/ainex_description/package.ps1'
[2.289s] INFO:colcon.colcon_core.shell:Creating package descriptor '/workspaces/workspaces/Christiano_Roboto/ainex_project/install/ainex_description/share/ainex_description/package.dsv'
[2.289s] INFO:colcon.colcon_core.shell:Creating package script '/workspaces/workspaces/Christiano_Roboto/ainex_project/install/ainex_description/share/ainex_description/package.sh'
[2.290s] INFO:colcon.colcon_core.shell:Creating package script '/workspaces/workspaces/Christiano_Roboto/ainex_project/install/ainex_description/share/ainex_description/package.bash'
[2.290s] INFO:colcon.colcon_core.shell:Creating package script '/workspaces/workspaces/Christiano_Roboto/ainex_project/install/ainex_description/share/ainex_description/package.zsh'
[2.291s] Level 1:colcon.colcon_core.environment:create_file_with_runtime_dependencies(/workspaces/workspaces/Christiano_Roboto/ainex_project/install/ainex_description/share/colcon-core/packages/ainex_description)
[2.291s] Level 1:colcon.colcon_core.environment:create_environment_scripts_only(ainex_description)
[2.291s] Level 1:colcon.colcon_core.environment:checking '/workspaces/workspaces/Christiano_Roboto/ainex_project/install/ainex_description' for CMake module files
[2.292s] Level 1:colcon.colcon_core.environment:checking '/workspaces/workspaces/Christiano_Roboto/ainex_project/install/ainex_description' for CMake config files
[2.292s] Level 1:colcon.colcon_core.shell:create_environment_hook('ainex_description', 'cmake_prefix_path')
[2.292s] INFO:colcon.colcon_core.shell:Creating environment hook '/workspaces/workspaces/Christiano_Roboto/ainex_project/install/ainex_description/share/ainex_description/hook/cmake_prefix_path.ps1'
[2.293s] INFO:colcon.colcon_core.shell:Creating environment descriptor '/workspaces/workspaces/Christiano_Roboto/ainex_project/install/ainex_description/share/ainex_description/hook/cmake_prefix_path.dsv'
[2.293s] INFO:colcon.colcon_core.shell:Creating environment hook '/workspaces/workspaces/Christiano_Roboto/ainex_project/install/ainex_description/share/ainex_description/hook/cmake_prefix_path.sh'
[2.293s] Level 1:colcon.colcon_core.environment:checking '/workspaces/workspaces/Christiano_Roboto/ainex_project/install/ainex_description/bin'
[2.294s] Level 1:colcon.colcon_core.environment:checking '/workspaces/workspaces/Christiano_Roboto/ainex_project/install/ainex_description/lib/pkgconfig/ainex_description.pc'
[2.294s] Level 1:colcon.colcon_core.environment:checking '/workspaces/workspaces/Christiano_Roboto/ainex_project/install/ainex_description/lib/python3.12/site-packages'
[2.294s] Level 1:colcon.colcon_core.environment:checking '/workspaces/workspaces/Christiano_Roboto/ainex_project/install/ainex_description/bin'
[2.294s] INFO:colcon.colcon_core.shell:Creating package script '/workspaces/workspaces/Christiano_Roboto/ainex_project/install/ainex_description/share/ainex_description/package.ps1'
[2.295s] INFO:colcon.colcon_core.shell:Creating package descriptor '/workspaces/workspaces/Christiano_Roboto/ainex_project/install/ainex_description/share/ainex_description/package.dsv'
[2.295s] INFO:colcon.colcon_core.shell:Creating package script '/workspaces/workspaces/Christiano_Roboto/ainex_project/install/ainex_description/share/ainex_description/package.sh'
[2.295s] INFO:colcon.colcon_core.shell:Creating package script '/workspaces/workspaces/Christiano_Roboto/ainex_project/install/ainex_description/share/ainex_description/package.bash'
[2.296s] INFO:colcon.colcon_core.shell:Creating package script '/workspaces/workspaces/Christiano_Roboto/ainex_project/install/ainex_description/share/ainex_description/package.zsh'
[2.296s] Level 1:colcon.colcon_core.environment:create_file_with_runtime_dependencies(/workspaces/workspaces/Christiano_Roboto/ainex_project/install/ainex_description/share/colcon-core/packages/ainex_description)
[3.093s] Level 1:colcon.colcon_core.shell:create_environment_hook('simulator', 'pythonpath_develop')
[3.093s] INFO:colcon.colcon_core.shell:Creating environment hook '/workspaces/workspaces/Christiano_Roboto/ainex_project/build/simulator/share/simulator/hook/pythonpath_develop.ps1'
[3.093s] DEBUG:colcon.colcon_core.event_handler.log_command:Invoked command in '/workspaces/workspaces/Christiano_Roboto/ainex_project/build/simulator' returned '0': PYTHONPATH=/workspaces/workspaces/Christiano_Roboto/ainex_project/build/simulator/prefix_override:/usr/lib/python3/dist-packages/colcon_core/task/python/colcon_distutils_commands:/workspaces/workspaces/Christiano_Roboto/ainex_project/install/simulator/lib/python3.12/site-packages:${PYTHONPATH} /usr/bin/python3 -W ignore:setup.py install is deprecated -W ignore:easy_install command is deprecated setup.py develop --editable --build-directory /workspaces/workspaces/Christiano_Roboto/ainex_project/build/simulator/build --no-deps symlink_data
[3.094s] INFO:colcon.colcon_core.shell:Creating environment descriptor '/workspaces/workspaces/Christiano_Roboto/ainex_project/build/simulator/share/simulator/hook/pythonpath_develop.dsv'
[3.094s] INFO:colcon.colcon_core.shell:Creating environment hook '/workspaces/workspaces/Christiano_Roboto/ainex_project/build/simulator/share/simulator/hook/pythonpath_develop.sh'
[3.094s] Level 1:colcon.colcon_core.environment:checking '/workspaces/workspaces/Christiano_Roboto/ainex_project/install/simulator' for CMake module files
[3.095s] Level 1:colcon.colcon_core.environment:checking '/workspaces/workspaces/Christiano_Roboto/ainex_project/install/simulator' for CMake config files
[3.095s] Level 1:colcon.colcon_core.environment:checking '/workspaces/workspaces/Christiano_Roboto/ainex_project/install/simulator/lib'
[3.095s] Level 1:colcon.colcon_core.environment:checking '/workspaces/workspaces/Christiano_Roboto/ainex_project/install/simulator/bin'
[3.095s] Level 1:colcon.colcon_core.environment:checking '/workspaces/workspaces/Christiano_Roboto/ainex_project/install/simulator/lib/pkgconfig/simulator.pc'
[3.096s] Level 1:colcon.colcon_core.environment:checking '/workspaces/workspaces/Christiano_Roboto/ainex_project/install/simulator/lib/python3.12/site-packages'
[3.096s] Level 1:colcon.colcon_core.shell:create_environment_hook('simulator', 'pythonpath')
[3.096s] INFO:colcon.colcon_core.shell:Creating environment hook '/workspaces/workspaces/Christiano_Roboto/ainex_project/install/simulator/share/simulator/hook/pythonpath.ps1'
[3.096s] INFO:colcon.colcon_core.shell:Creating environment descriptor '/workspaces/workspaces/Christiano_Roboto/ainex_project/install/simulator/share/simulator/hook/pythonpath.dsv'
[3.097s] INFO:colcon.colcon_core.shell:Creating environment hook '/workspaces/workspaces/Christiano_Roboto/ainex_project/install/simulator/share/simulator/hook/pythonpath.sh'
[3.097s] Level 1:colcon.colcon_core.environment:checking '/workspaces/workspaces/Christiano_Roboto/ainex_project/install/simulator/bin'
[3.097s] Level 1:colcon.colcon_core.environment:create_environment_scripts_only(simulator)
[3.097s] INFO:colcon.colcon_core.shell:Creating package script '/workspaces/workspaces/Christiano_Roboto/ainex_project/install/simulator/share/simulator/package.ps1'
[3.098s] INFO:colcon.colcon_core.shell:Creating package descriptor '/workspaces/workspaces/Christiano_Roboto/ainex_project/install/simulator/share/simulator/package.dsv'
[3.098s] INFO:colcon.colcon_core.shell:Creating package script '/workspaces/workspaces/Christiano_Roboto/ainex_project/install/simulator/share/simulator/package.sh'
[3.099s] INFO:colcon.colcon_core.shell:Creating package script '/workspaces/workspaces/Christiano_Roboto/ainex_project/install/simulator/share/simulator/package.bash'
[3.099s] INFO:colcon.colcon_core.shell:Creating package script '/workspaces/workspaces/Christiano_Roboto/ainex_project/install/simulator/share/simulator/package.zsh'
[3.099s] Level 1:colcon.colcon_core.environment:create_file_with_runtime_dependencies(/workspaces/workspaces/Christiano_Roboto/ainex_project/install/simulator/share/colcon-core/packages/simulator)
[3.099s] INFO:colcon.colcon_ros.task.ament_python.build:Building ROS package in '/workspaces/workspaces/Christiano_Roboto/ainex_project/src/whole_body_control' with build type 'ament_python'
[3.100s] Level 1:colcon.colcon_core.shell:create_environment_hook('whole_body_control', 'ament_prefix_path')
[3.100s] INFO:colcon.colcon_core.shell:Creating environment hook '/workspaces/workspaces/Christiano_Roboto/ainex_project/install/whole_body_control/share/whole_body_control/hook/ament_prefix_path.ps1'
[3.101s] INFO:colcon.colcon_core.shell:Creating environment descriptor '/workspaces/workspaces/Christiano_Roboto/ainex_project/install/whole_body_control/share/whole_body_control/hook/ament_prefix_path.dsv'
[3.101s] INFO:colcon.colcon_core.shell:Creating environment hook '/workspaces/workspaces/Christiano_Roboto/ainex_project/install/whole_body_control/share/whole_body_control/hook/ament_prefix_path.sh'
[3.102s] INFO:colcon.colcon_core.shell:Skip shell extension 'powershell' for command environment: Not usable outside of PowerShell
[3.102s] DEBUG:colcon.colcon_core.shell:Skip shell extension 'dsv' for command environment
[3.383s] INFO:colcon.colcon_core.task.python.build:Building Python package in '/workspaces/workspaces/Christiano_Roboto/ainex_project/src/whole_body_control'
[3.383s] INFO:colcon.colcon_core.shell:Skip shell extension 'powershell' for command environment: Not usable outside of PowerShell
[3.383s] DEBUG:colcon.colcon_core.shell:Skip shell extension 'dsv' for command environment
[3.387s] Level 1:colcon.colcon_core.shell:create_environment_hook('ainex_vision', 'pythonpath_develop')
[3.388s] INFO:colcon.colcon_core.shell:Creating environment hook '/workspaces/workspaces/Christiano_Roboto/ainex_project/build/ainex_vision/share/ainex_vision/hook/pythonpath_develop.ps1'
[3.388s] DEBUG:colcon.colcon_core.event_handler.log_command:Invoked command in '/workspaces/workspaces/Christiano_Roboto/ainex_project/build/ainex_vision' returned '0': PYTHONPATH=/workspaces/workspaces/Christiano_Roboto/ainex_project/build/ainex_vision/prefix_override:/usr/lib/python3/dist-packages/colcon_core/task/python/colcon_distutils_commands:/workspaces/workspaces/Christiano_Roboto/ainex_project/install/ainex_vision/lib/python3.12/site-packages:${PYTHONPATH} /usr/bin/python3 -W ignore:setup.py install is deprecated -W ignore:easy_install command is deprecated setup.py develop --editable --build-directory /workspaces/workspaces/Christiano_Roboto/ainex_project/build/ainex_vision/build --no-deps symlink_data
[3.389s] INFO:colcon.colcon_core.shell:Creating environment descriptor '/workspaces/workspaces/Christiano_Roboto/ainex_project/build/ainex_vision/share/ainex_vision/hook/pythonpath_develop.dsv'
[3.389s] INFO:colcon.colcon_core.shell:Creating environment hook '/workspaces/workspaces/Christiano_Roboto/ainex_project/build/ainex_vision/share/ainex_vision/hook/pythonpath_develop.sh'
[3.389s] Level 1:colcon.colcon_core.environment:checking '/workspaces/workspaces/Christiano_Roboto/ainex_project/install/ainex_vision' for CMake module files
[3.390s] Level 1:colcon.colcon_core.environment:checking '/workspaces/workspaces/Christiano_Roboto/ainex_project/install/ainex_vision' for CMake config files
[3.390s] Level 1:colcon.colcon_core.environment:checking '/workspaces/workspaces/Christiano_Roboto/ainex_project/install/ainex_vision/lib'
[3.390s] Level 1:colcon.colcon_core.environment:checking '/workspaces/workspaces/Christiano_Roboto/ainex_project/install/ainex_vision/bin'
[3.391s] Level 1:colcon.colcon_core.environment:checking '/workspaces/workspaces/Christiano_Roboto/ainex_project/install/ainex_vision/lib/pkgconfig/ainex_vision.pc'
[3.391s] Level 1:colcon.colcon_core.environment:checking '/workspaces/workspaces/Christiano_Roboto/ainex_project/install/ainex_vision/lib/python3.12/site-packages'
[3.391s] Level 1:colcon.colcon_core.shell:create_environment_hook('ainex_vision', 'pythonpath')
[3.391s] INFO:colcon.colcon_core.shell:Creating environment hook '/workspaces/workspaces/Christiano_Roboto/ainex_project/install/ainex_vision/share/ainex_vision/hook/pythonpath.ps1'
[3.391s] INFO:colcon.colcon_core.shell:Creating environment descriptor '/workspaces/workspaces/Christiano_Roboto/ainex_project/install/ainex_vision/share/ainex_vision/hook/pythonpath.dsv'
[3.392s] INFO:colcon.colcon_core.shell:Creating environment hook '/workspaces/workspaces/Christiano_Roboto/ainex_project/install/ainex_vision/share/ainex_vision/hook/pythonpath.sh'
[3.392s] Level 1:colcon.colcon_core.environment:checking '/workspaces/workspaces/Christiano_Roboto/ainex_project/install/ainex_vision/bin'
[3.392s] Level 1:colcon.colcon_core.environment:create_environment_scripts_only(ainex_vision)
[3.392s] INFO:colcon.colcon_core.shell:Creating package script '/workspaces/workspaces/Christiano_Roboto/ainex_project/install/ainex_vision/share/ainex_vision/package.ps1'
[3.393s] INFO:colcon.colcon_core.shell:Creating package descriptor '/workspaces/workspaces/Christiano_Roboto/ainex_project/install/ainex_vision/share/ainex_vision/package.dsv'
[3.393s] INFO:colcon.colcon_core.shell:Creating package script '/workspaces/workspaces/Christiano_Roboto/ainex_project/install/ainex_vision/share/ainex_vision/package.sh'
[3.394s] INFO:colcon.colcon_core.shell:Creating package script '/workspaces/workspaces/Christiano_Roboto/ainex_project/install/ainex_vision/share/ainex_vision/package.bash'
[3.394s] INFO:colcon.colcon_core.shell:Creating package script '/workspaces/workspaces/Christiano_Roboto/ainex_project/install/ainex_vision/share/ainex_vision/package.zsh'
[3.394s] Level 1:colcon.colcon_core.environment:create_file_with_runtime_dependencies(/workspaces/workspaces/Christiano_Roboto/ainex_project/install/ainex_vision/share/colcon-core/packages/ainex_vision)
[4.083s] DEBUG:colcon.colcon_core.event_handler.log_command:Invoking command in '/workspaces/workspaces/Christiano_Roboto/ainex_project/build/whole_body_control': AMENT_PREFIX_PATH=/workspaces/workspaces/Christiano_Roboto/ainex_project/install/simulator:${AMENT_PREFIX_PATH} PYTHONPATH=/workspaces/workspaces/Christiano_Roboto/ainex_project/build/whole_body_control/prefix_override:/usr/lib/python3/dist-packages/colcon_core/task/python/colcon_distutils_commands:/workspaces/workspaces/Christiano_Roboto/ainex_project/install/whole_body_control/lib/python3.12/site-packages:/workspaces/workspaces/Christiano_Roboto/ainex_project/build/simulator:/workspaces/workspaces/Christiano_Roboto/ainex_project/install/simulator/lib/python3.12/site-packages:${PYTHONPATH} /usr/bin/python3 -W ignore:setup.py install is deprecated -W ignore:easy_install command is deprecated setup.py develop --editable --build-directory /workspaces/workspaces/Christiano_Roboto/ainex_project/build/whole_body_control/build --no-deps symlink_data
[4.961s] DEBUG:colcon.colcon_core.event_handler.log_command:Invoked command in '/workspaces/workspaces/Christiano_Roboto/ainex_project/build/servo_service' returned '0': CMAKE_PREFIX_PATH=${CMAKE_PREFIX_PATH}:/opt/ros/rolling /usr/bin/cmake /workspaces/workspaces/Christiano_Roboto/ainex_project/src/servo_service -DAMENT_CMAKE_SYMLINK_INSTALL=1 -DCMAKE_INSTALL_PREFIX=/workspaces/workspaces/Christiano_Roboto/ainex_project/install/servo_service
[4.962s] DEBUG:colcon.colcon_core.event_handler.log_command:Invoking command in '/workspaces/workspaces/Christiano_Roboto/ainex_project/build/servo_service': CMAKE_PREFIX_PATH=${CMAKE_PREFIX_PATH}:/opt/ros/rolling /usr/bin/cmake --build /workspaces/workspaces/Christiano_Roboto/ainex_project/build/servo_service -- -j8 -l8
[5.542s] Level 1:colcon.colcon_core.shell:create_environment_hook('whole_body_control', 'pythonpath_develop')
[5.542s] INFO:colcon.colcon_core.shell:Creating environment hook '/workspaces/workspaces/Christiano_Roboto/ainex_project/build/whole_body_control/share/whole_body_control/hook/pythonpath_develop.ps1'
[5.543s] DEBUG:colcon.colcon_core.event_handler.log_command:Invoked command in '/workspaces/workspaces/Christiano_Roboto/ainex_project/build/whole_body_control' returned '0': AMENT_PREFIX_PATH=/workspaces/workspaces/Christiano_Roboto/ainex_project/install/simulator:${AMENT_PREFIX_PATH} PYTHONPATH=/workspaces/workspaces/Christiano_Roboto/ainex_project/build/whole_body_control/prefix_override:/usr/lib/python3/dist-packages/colcon_core/task/python/colcon_distutils_commands:/workspaces/workspaces/Christiano_Roboto/ainex_project/install/whole_body_control/lib/python3.12/site-packages:/workspaces/workspaces/Christiano_Roboto/ainex_project/build/simulator:/workspaces/workspaces/Christiano_Roboto/ainex_project/install/simulator/lib/python3.12/site-packages:${PYTHONPATH} /usr/bin/python3 -W ignore:setup.py install is deprecated -W ignore:easy_install command is deprecated setup.py develop --editable --build-directory /workspaces/workspaces/Christiano_Roboto/ainex_project/build/whole_body_control/build --no-deps symlink_data
[5.543s] INFO:colcon.colcon_core.shell:Creating environment descriptor '/workspaces/workspaces/Christiano_Roboto/ainex_project/build/whole_body_control/share/whole_body_control/hook/pythonpath_develop.dsv'
[5.544s] INFO:colcon.colcon_core.shell:Creating environment hook '/workspaces/workspaces/Christiano_Roboto/ainex_project/build/whole_body_control/share/whole_body_control/hook/pythonpath_develop.sh'
[5.545s] Level 1:colcon.colcon_core.environment:checking '/workspaces/workspaces/Christiano_Roboto/ainex_project/install/whole_body_control' for CMake module files
[5.546s] Level 1:colcon.colcon_core.environment:checking '/workspaces/workspaces/Christiano_Roboto/ainex_project/install/whole_body_control' for CMake config files
[5.547s] Level 1:colcon.colcon_core.environment:checking '/workspaces/workspaces/Christiano_Roboto/ainex_project/install/whole_body_control/lib'
[5.547s] Level 1:colcon.colcon_core.environment:checking '/workspaces/workspaces/Christiano_Roboto/ainex_project/install/whole_body_control/bin'
[5.547s] Level 1:colcon.colcon_core.environment:checking '/workspaces/workspaces/Christiano_Roboto/ainex_project/install/whole_body_control/lib/pkgconfig/whole_body_control.pc'
[5.547s] Level 1:colcon.colcon_core.environment:checking '/workspaces/workspaces/Christiano_Roboto/ainex_project/install/whole_body_control/lib/python3.12/site-packages'
[5.548s] Level 1:colcon.colcon_core.shell:create_environment_hook('whole_body_control', 'pythonpath')
[5.548s] INFO:colcon.colcon_core.shell:Creating environment hook '/workspaces/workspaces/Christiano_Roboto/ainex_project/install/whole_body_control/share/whole_body_control/hook/pythonpath.ps1'
[5.548s] INFO:colcon.colcon_core.shell:Creating environment descriptor '/workspaces/workspaces/Christiano_Roboto/ainex_project/install/whole_body_control/share/whole_body_control/hook/pythonpath.dsv'
[5.549s] INFO:colcon.colcon_core.shell:Creating environment hook '/workspaces/workspaces/Christiano_Roboto/ainex_project/install/whole_body_control/share/whole_body_control/hook/pythonpath.sh'
[5.550s] Level 1:colcon.colcon_core.environment:checking '/workspaces/workspaces/Christiano_Roboto/ainex_project/install/whole_body_control/bin'
[5.550s] Level 1:colcon.colcon_core.environment:create_environment_scripts_only(whole_body_control)
[5.550s] INFO:colcon.colcon_core.shell:Creating package script '/workspaces/workspaces/Christiano_Roboto/ainex_project/install/whole_body_control/share/whole_body_control/package.ps1'
[5.551s] INFO:colcon.colcon_core.shell:Creating package descriptor '/workspaces/workspaces/Christiano_Roboto/ainex_project/install/whole_body_control/share/whole_body_control/package.dsv'
[5.552s] INFO:colcon.colcon_core.shell:Creating package script '/workspaces/workspaces/Christiano_Roboto/ainex_project/install/whole_body_control/share/whole_body_control/package.sh'
[5.552s] INFO:colcon.colcon_core.shell:Creating package script '/workspaces/workspaces/Christiano_Roboto/ainex_project/install/whole_body_control/share/whole_body_control/package.bash'
[5.553s] INFO:colcon.colcon_core.shell:Creating package script '/workspaces/workspaces/Christiano_Roboto/ainex_project/install/whole_body_control/share/whole_body_control/package.zsh'
[5.554s] Level 1:colcon.colcon_core.environment:create_file_with_runtime_dependencies(/workspaces/workspaces/Christiano_Roboto/ainex_project/install/whole_body_control/share/colcon-core/packages/whole_body_control)
[17.217s] DEBUG:colcon.colcon_core.event_handler.log_command:Invoked command in '/workspaces/workspaces/Christiano_Roboto/ainex_project/build/servo_service' returned '0': CMAKE_PREFIX_PATH=${CMAKE_PREFIX_PATH}:/opt/ros/rolling /usr/bin/cmake --build /workspaces/workspaces/Christiano_Roboto/ainex_project/build/servo_service -- -j8 -l8
[17.219s] DEBUG:colcon.colcon_core.event_handler.log_command:Invoking command in '/workspaces/workspaces/Christiano_Roboto/ainex_project/build/servo_service': CMAKE_PREFIX_PATH=${CMAKE_PREFIX_PATH}:/opt/ros/rolling /usr/bin/cmake --install /workspaces/workspaces/Christiano_Roboto/ainex_project/build/servo_service
[20.252s] Level 1:colcon.colcon_core.environment:create_environment_scripts_only(servo_service)
[20.252s] Level 1:colcon.colcon_core.environment:checking '/workspaces/workspaces/Christiano_Roboto/ainex_project/install/servo_service' for CMake module files
[20.252s] DEBUG:colcon.colcon_core.event_handler.log_command:Invoked command in '/workspaces/workspaces/Christiano_Roboto/ainex_project/build/servo_service' returned '0': CMAKE_PREFIX_PATH=${CMAKE_PREFIX_PATH}:/opt/ros/rolling /usr/bin/cmake --install /workspaces/workspaces/Christiano_Roboto/ainex_project/build/servo_service
[20.253s] Level 1:colcon.colcon_core.environment:checking '/workspaces/workspaces/Christiano_Roboto/ainex_project/install/servo_service' for CMake config files
[20.254s] Level 1:colcon.colcon_core.shell:create_environment_hook('servo_service', 'cmake_prefix_path')
[20.254s] INFO:colcon.colcon_core.shell:Creating environment hook '/workspaces/workspaces/Christiano_Roboto/ainex_project/install/servo_service/share/servo_service/hook/cmake_prefix_path.ps1'
[20.255s] INFO:colcon.colcon_core.shell:Creating environment descriptor '/workspaces/workspaces/Christiano_Roboto/ainex_project/install/servo_service/share/servo_service/hook/cmake_prefix_path.dsv'
[20.255s] INFO:colcon.colcon_core.shell:Creating environment hook '/workspaces/workspaces/Christiano_Roboto/ainex_project/install/servo_service/share/servo_service/hook/cmake_prefix_path.sh'
[20.255s] Level 1:colcon.colcon_core.environment:checking '/workspaces/workspaces/Christiano_Roboto/ainex_project/install/servo_service/lib'
[20.255s] Level 1:colcon.colcon_core.shell:create_environment_hook('servo_service', 'ld_library_path_lib')
[20.256s] INFO:colcon.colcon_core.shell:Creating environment hook '/workspaces/workspaces/Christiano_Roboto/ainex_project/install/servo_service/share/servo_service/hook/ld_library_path_lib.ps1'
[20.256s] INFO:colcon.colcon_core.shell:Creating environment descriptor '/workspaces/workspaces/Christiano_Roboto/ainex_project/install/servo_service/share/servo_service/hook/ld_library_path_lib.dsv'
[20.256s] INFO:colcon.colcon_core.shell:Creating environment hook '/workspaces/workspaces/Christiano_Roboto/ainex_project/install/servo_service/share/servo_service/hook/ld_library_path_lib.sh'
[20.256s] Level 1:colcon.colcon_core.environment:checking '/workspaces/workspaces/Christiano_Roboto/ainex_project/install/servo_service/bin'
[20.257s] Level 1:colcon.colcon_core.environment:checking '/workspaces/workspaces/Christiano_Roboto/ainex_project/install/servo_service/lib/pkgconfig/servo_service.pc'
[20.257s] Level 1:colcon.colcon_core.environment:checking '/workspaces/workspaces/Christiano_Roboto/ainex_project/install/servo_service/lib/python3.12/site-packages'
[20.257s] Level 1:colcon.colcon_core.shell:create_environment_hook('servo_service', 'pythonpath')
[20.257s] INFO:colcon.colcon_core.shell:Creating environment hook '/workspaces/workspaces/Christiano_Roboto/ainex_project/install/servo_service/share/servo_service/hook/pythonpath.ps1'
[20.257s] INFO:colcon.colcon_core.shell:Creating environment descriptor '/workspaces/workspaces/Christiano_Roboto/ainex_project/install/servo_service/share/servo_service/hook/pythonpath.dsv'
[20.258s] INFO:colcon.colcon_core.shell:Creating environment hook '/workspaces/workspaces/Christiano_Roboto/ainex_project/install/servo_service/share/servo_service/hook/pythonpath.sh'
[20.258s] Level 1:colcon.colcon_core.environment:checking '/workspaces/workspaces/Christiano_Roboto/ainex_project/install/servo_service/bin'
[20.258s] INFO:colcon.colcon_core.shell:Creating package script '/workspaces/workspaces/Christiano_Roboto/ainex_project/install/servo_service/share/servo_service/package.ps1'
[20.259s] INFO:colcon.colcon_core.shell:Creating package descriptor '/workspaces/workspaces/Christiano_Roboto/ainex_project/install/servo_service/share/servo_service/package.dsv'
[20.259s] INFO:colcon.colcon_core.shell:Creating package script '/workspaces/workspaces/Christiano_Roboto/ainex_project/install/servo_service/share/servo_service/package.sh'
[20.259s] INFO:colcon.colcon_core.shell:Creating package script '/workspaces/workspaces/Christiano_Roboto/ainex_project/install/servo_service/share/servo_service/package.bash'
[20.260s] INFO:colcon.colcon_core.shell:Creating package script '/workspaces/workspaces/Christiano_Roboto/ainex_project/install/servo_service/share/servo_service/package.zsh'
[20.260s] Level 1:colcon.colcon_core.environment:create_file_with_runtime_dependencies(/workspaces/workspaces/Christiano_Roboto/ainex_project/install/servo_service/share/colcon-core/packages/servo_service)
[20.261s] Level 1:colcon.colcon_core.environment:create_environment_scripts_only(servo_service)
[20.261s] Level 1:colcon.colcon_core.environment:checking '/workspaces/workspaces/Christiano_Roboto/ainex_project/install/servo_service' for CMake module files
[20.262s] Level 1:colcon.colcon_core.environment:checking '/workspaces/workspaces/Christiano_Roboto/ainex_project/install/servo_service' for CMake config files
[20.263s] Level 1:colcon.colcon_core.shell:create_environment_hook('servo_service', 'cmake_prefix_path')
[20.263s] INFO:colcon.colcon_core.shell:Creating environment hook '/workspaces/workspaces/Christiano_Roboto/ainex_project/install/servo_service/share/servo_service/hook/cmake_prefix_path.ps1'
[20.263s] INFO:colcon.colcon_core.shell:Creating environment descriptor '/workspaces/workspaces/Christiano_Roboto/ainex_project/install/servo_service/share/servo_service/hook/cmake_prefix_path.dsv'
[20.263s] INFO:colcon.colcon_core.shell:Creating environment hook '/workspaces/workspaces/Christiano_Roboto/ainex_project/install/servo_service/share/servo_service/hook/cmake_prefix_path.sh'
[20.264s] Level 1:colcon.colcon_core.environment:checking '/workspaces/workspaces/Christiano_Roboto/ainex_project/install/servo_service/lib'
[20.264s] Level 1:colcon.colcon_core.shell:create_environment_hook('servo_service', 'ld_library_path_lib')
[20.264s] INFO:colcon.colcon_core.shell:Creating environment hook '/workspaces/workspaces/Christiano_Roboto/ainex_project/install/servo_service/share/servo_service/hook/ld_library_path_lib.ps1'
[20.265s] INFO:colcon.colcon_core.shell:Creating environment descriptor '/workspaces/workspaces/Christiano_Roboto/ainex_project/install/servo_service/share/servo_service/hook/ld_library_path_lib.dsv'
[20.265s] INFO:colcon.colcon_core.shell:Creating environment hook '/workspaces/workspaces/Christiano_Roboto/ainex_project/install/servo_service/share/servo_service/hook/ld_library_path_lib.sh'
[20.265s] Level 1:colcon.colcon_core.environment:checking '/workspaces/workspaces/Christiano_Roboto/ainex_project/install/servo_service/bin'
[20.265s] Level 1:colcon.colcon_core.environment:checking '/workspaces/workspaces/Christiano_Roboto/ainex_project/install/servo_service/lib/pkgconfig/servo_service.pc'
[20.265s] Level 1:colcon.colcon_core.environment:checking '/workspaces/workspaces/Christiano_Roboto/ainex_project/install/servo_service/lib/python3.12/site-packages'
[20.266s] Level 1:colcon.colcon_core.shell:create_environment_hook('servo_service', 'pythonpath')
[20.266s] INFO:colcon.colcon_core.shell:Creating environment hook '/workspaces/workspaces/Christiano_Roboto/ainex_project/install/servo_service/share/servo_service/hook/pythonpath.ps1'
[20.266s] INFO:colcon.colcon_core.shell:Creating environment descriptor '/workspaces/workspaces/Christiano_Roboto/ainex_project/install/servo_service/share/servo_service/hook/pythonpath.dsv'
[20.266s] INFO:colcon.colcon_core.shell:Creating environment hook '/workspaces/workspaces/Christiano_Roboto/ainex_project/install/servo_service/share/servo_service/hook/pythonpath.sh'
[20.267s] Level 1:colcon.colcon_core.environment:checking '/workspaces/workspaces/Christiano_Roboto/ainex_project/install/servo_service/bin'
[20.267s] INFO:colcon.colcon_core.shell:Creating package script '/workspaces/workspaces/Christiano_Roboto/ainex_project/install/servo_service/share/servo_service/package.ps1'
[20.267s] INFO:colcon.colcon_core.shell:Creating package descriptor '/workspaces/workspaces/Christiano_Roboto/ainex_project/install/servo_service/share/servo_service/package.dsv'
[20.268s] INFO:colcon.colcon_core.shell:Creating package script '/workspaces/workspaces/Christiano_Roboto/ainex_project/install/servo_service/share/servo_service/package.sh'
[20.268s] INFO:colcon.colcon_core.shell:Creating package script '/workspaces/workspaces/Christiano_Roboto/ainex_project/install/servo_service/share/servo_service/package.bash'
[20.269s] INFO:colcon.colcon_core.shell:Creating package script '/workspaces/workspaces/Christiano_Roboto/ainex_project/install/servo_service/share/servo_service/package.zsh'
[20.269s] Level 1:colcon.colcon_core.environment:create_file_with_runtime_dependencies(/workspaces/workspaces/Christiano_Roboto/ainex_project/install/servo_service/share/colcon-core/packages/servo_service)
[20.270s] INFO:colcon.colcon_ros.task.ament_python.build:Building ROS package in '/workspaces/workspaces/Christiano_Roboto/ainex_project/src/ainex_motion' with build type 'ament_python'
[20.270s] Level 1:colcon.colcon_core.shell:create_environment_hook('ainex_motion', 'ament_prefix_path')
[20.270s] INFO:colcon.colcon_core.shell:Creating environment hook '/workspaces/workspaces/Christiano_Roboto/ainex_project/install/ainex_motion/share/ainex_motion/hook/ament_prefix_path.ps1'
[20.271s] INFO:colcon.colcon_core.shell:Creating environment descriptor '/workspaces/workspaces/Christiano_Roboto/ainex_project/install/ainex_motion/share/ainex_motion/hook/ament_prefix_path.dsv'
[20.272s] INFO:colcon.colcon_core.shell:Creating environment hook '/workspaces/workspaces/Christiano_Roboto/ainex_project/install/ainex_motion/share/ainex_motion/hook/ament_prefix_path.sh'
[20.272s] INFO:colcon.colcon_core.shell:Skip shell extension 'powershell' for command environment: Not usable outside of PowerShell
[20.272s] DEBUG:colcon.colcon_core.shell:Skip shell extension 'dsv' for command environment
[20.526s] INFO:colcon.colcon_core.task.python.build:Building Python package in '/workspaces/workspaces/Christiano_Roboto/ainex_project/src/ainex_motion'
[20.526s] INFO:colcon.colcon_core.shell:Skip shell extension 'powershell' for command environment: Not usable outside of PowerShell
[20.526s] DEBUG:colcon.colcon_core.shell:Skip shell extension 'dsv' for command environment
[21.177s] DEBUG:colcon.colcon_core.event_handler.log_command:Invoking command in '/workspaces/workspaces/Christiano_Roboto/ainex_project/build/ainex_motion': AMENT_PREFIX_PATH=/workspaces/workspaces/Christiano_Roboto/ainex_project/install/servo_service:${AMENT_PREFIX_PATH} CMAKE_PREFIX_PATH=/workspaces/workspaces/Christiano_Roboto/ainex_project/install/servo_service:${CMAKE_PREFIX_PATH} LD_LIBRARY_PATH=/workspaces/workspaces/Christiano_Roboto/ainex_project/install/servo_service/lib:${LD_LIBRARY_PATH} PYTHONPATH=/workspaces/workspaces/Christiano_Roboto/ainex_project/build/ainex_motion/prefix_override:/usr/lib/python3/dist-packages/colcon_core/task/python/colcon_distutils_commands:/workspaces/workspaces/Christiano_Roboto/ainex_project/install/ainex_motion/lib/python3.12/site-packages:/workspaces/workspaces/Christiano_Roboto/ainex_project/install/servo_service/lib/python3.12/site-packages:${PYTHONPATH} /usr/bin/python3 -W ignore:setup.py install is deprecated -W ignore:easy_install command is deprecated setup.py develop --editable --build-directory /workspaces/workspaces/Christiano_Roboto/ainex_project/build/ainex_motion/build --no-deps symlink_data
[22.483s] Level 1:colcon.colcon_core.shell:create_environment_hook('ainex_motion', 'pythonpath_develop')
[22.483s] INFO:colcon.colcon_core.shell:Creating environment hook '/workspaces/workspaces/Christiano_Roboto/ainex_project/build/ainex_motion/share/ainex_motion/hook/pythonpath_develop.ps1'
[22.484s] DEBUG:colcon.colcon_core.event_handler.log_command:Invoked command in '/workspaces/workspaces/Christiano_Roboto/ainex_project/build/ainex_motion' returned '0': AMENT_PREFIX_PATH=/workspaces/workspaces/Christiano_Roboto/ainex_project/install/servo_service:${AMENT_PREFIX_PATH} CMAKE_PREFIX_PATH=/workspaces/workspaces/Christiano_Roboto/ainex_project/install/servo_service:${CMAKE_PREFIX_PATH} LD_LIBRARY_PATH=/workspaces/workspaces/Christiano_Roboto/ainex_project/install/servo_service/lib:${LD_LIBRARY_PATH} PYTHONPATH=/workspaces/workspaces/Christiano_Roboto/ainex_project/build/ainex_motion/prefix_override:/usr/lib/python3/dist-packages/colcon_core/task/python/colcon_distutils_commands:/workspaces/workspaces/Christiano_Roboto/ainex_project/install/ainex_motion/lib/python3.12/site-packages:/workspaces/workspaces/Christiano_Roboto/ainex_project/install/servo_service/lib/python3.12/site-packages:${PYTHONPATH} /usr/bin/python3 -W ignore:setup.py install is deprecated -W ignore:easy_install command is deprecated setup.py develop --editable --build-directory /workspaces/workspaces/Christiano_Roboto/ainex_project/build/ainex_motion/build --no-deps symlink_data
[22.484s] INFO:colcon.colcon_core.shell:Creating environment descriptor '/workspaces/workspaces/Christiano_Roboto/ainex_project/build/ainex_motion/share/ainex_motion/hook/pythonpath_develop.dsv'
[22.484s] INFO:colcon.colcon_core.shell:Creating environment hook '/workspaces/workspaces/Christiano_Roboto/ainex_project/build/ainex_motion/share/ainex_motion/hook/pythonpath_develop.sh'
[22.485s] Level 1:colcon.colcon_core.environment:checking '/workspaces/workspaces/Christiano_Roboto/ainex_project/install/ainex_motion' for CMake module files
[22.485s] Level 1:colcon.colcon_core.environment:checking '/workspaces/workspaces/Christiano_Roboto/ainex_project/install/ainex_motion' for CMake config files
[22.486s] Level 1:colcon.colcon_core.environment:checking '/workspaces/workspaces/Christiano_Roboto/ainex_project/install/ainex_motion/lib'
[22.486s] Level 1:colcon.colcon_core.environment:checking '/workspaces/workspaces/Christiano_Roboto/ainex_project/install/ainex_motion/bin'
[22.486s] Level 1:colcon.colcon_core.environment:checking '/workspaces/workspaces/Christiano_Roboto/ainex_project/install/ainex_motion/lib/pkgconfig/ainex_motion.pc'
[22.486s] Level 1:colcon.colcon_core.environment:checking '/workspaces/workspaces/Christiano_Roboto/ainex_project/install/ainex_motion/lib/python3.12/site-packages'
[22.486s] Level 1:colcon.colcon_core.shell:create_environment_hook('ainex_motion', 'pythonpath')
[22.486s] INFO:colcon.colcon_core.shell:Creating environment hook '/workspaces/workspaces/Christiano_Roboto/ainex_project/install/ainex_motion/share/ainex_motion/hook/pythonpath.ps1'
[22.487s] INFO:colcon.colcon_core.shell:Creating environment descriptor '/workspaces/workspaces/Christiano_Roboto/ainex_project/install/ainex_motion/share/ainex_motion/hook/pythonpath.dsv'
[22.487s] INFO:colcon.colcon_core.shell:Creating environment hook '/workspaces/workspaces/Christiano_Roboto/ainex_project/install/ainex_motion/share/ainex_motion/hook/pythonpath.sh'
[22.487s] Level 1:colcon.colcon_core.environment:checking '/workspaces/workspaces/Christiano_Roboto/ainex_project/install/ainex_motion/bin'
[22.487s] Level 1:colcon.colcon_core.environment:create_environment_scripts_only(ainex_motion)
[22.488s] INFO:colcon.colcon_core.shell:Creating package script '/workspaces/workspaces/Christiano_Roboto/ainex_project/install/ainex_motion/share/ainex_motion/package.ps1'
[22.488s] INFO:colcon.colcon_core.shell:Creating package descriptor '/workspaces/workspaces/Christiano_Roboto/ainex_project/install/ainex_motion/share/ainex_motion/package.dsv'
[22.489s] INFO:colcon.colcon_core.shell:Creating package script '/workspaces/workspaces/Christiano_Roboto/ainex_project/install/ainex_motion/share/ainex_motion/package.sh'
[22.489s] INFO:colcon.colcon_core.shell:Creating package script '/workspaces/workspaces/Christiano_Roboto/ainex_project/install/ainex_motion/share/ainex_motion/package.bash'
[22.489s] INFO:colcon.colcon_core.shell:Creating package script '/workspaces/workspaces/Christiano_Roboto/ainex_project/install/ainex_motion/share/ainex_motion/package.zsh'
[22.490s] Level 1:colcon.colcon_core.environment:create_file_with_runtime_dependencies(/workspaces/workspaces/Christiano_Roboto/ainex_project/install/ainex_motion/share/colcon-core/packages/ainex_motion)
[22.490s] DEBUG:colcon.colcon_parallel_executor.executor.parallel:closing loop
[22.490s] DEBUG:colcon.colcon_parallel_executor.executor.parallel:loop closed
[22.490s] DEBUG:colcon.colcon_parallel_executor.executor.parallel:run_until_complete finished with '0'
[22.490s] DEBUG:colcon.colcon_core.event_reactor:joining thread
[22.497s] INFO:colcon.colcon_core.plugin_system:Skipping extension 'colcon_notification.desktop_notification.notify_send': Could not find 'notify-send'
[22.497s] INFO:colcon.colcon_core.plugin_system:Skipping extension 'colcon_notification.desktop_notification.terminal_notifier': Not used on non-Darwin systems
[22.497s] INFO:colcon.colcon_core.plugin_system:Skipping extension 'colcon_notification.desktop_notification.win32': Not used on non-Windows systems
[22.497s] INFO:colcon.colcon_notification.desktop_notification:Sending desktop notification using 'notify2'
[22.497s] DEBUG:colcon.colcon_notification.desktop_notification.notify2:Failed to initialize notify2: org.freedesktop.DBus.Error.InvalidFileContent: D-Bus library appears to be incorrectly set up: see the manual page for dbus-uuidgen to correct this issue. (Failed to open "/var/lib/dbus/machine-id": No such file or directory; UUID file '/etc/machine-id' should contain a hex string of length 32, not length 0, with no other text)
[22.497s] DEBUG:colcon.colcon_core.event_reactor:joined thread
[22.498s] INFO:colcon.colcon_core.shell:Creating prefix script '/workspaces/workspaces/Christiano_Roboto/ainex_project/install/local_setup.ps1'
[22.499s] INFO:colcon.colcon_core.shell:Creating prefix util module '/workspaces/workspaces/Christiano_Roboto/ainex_project/install/_local_setup_util_ps1.py'
[22.500s] INFO:colcon.colcon_core.shell:Creating prefix chain script '/workspaces/workspaces/Christiano_Roboto/ainex_project/install/setup.ps1'
[22.501s] INFO:colcon.colcon_core.shell:Creating prefix script '/workspaces/workspaces/Christiano_Roboto/ainex_project/install/local_setup.sh'
[22.502s] INFO:colcon.colcon_core.shell:Creating prefix util module '/workspaces/workspaces/Christiano_Roboto/ainex_project/install/_local_setup_util_sh.py'
[22.502s] INFO:colcon.colcon_core.shell:Creating prefix chain script '/workspaces/workspaces/Christiano_Roboto/ainex_project/install/setup.sh'
[22.504s] INFO:colcon.colcon_core.shell:Creating prefix script '/workspaces/workspaces/Christiano_Roboto/ainex_project/install/local_setup.bash'
[22.504s] INFO:colcon.colcon_core.shell:Creating prefix chain script '/workspaces/workspaces/Christiano_Roboto/ainex_project/install/setup.bash'
[22.505s] INFO:colcon.colcon_core.shell:Creating prefix script '/workspaces/workspaces/Christiano_Roboto/ainex_project/install/local_setup.zsh'
[22.506s] INFO:colcon.colcon_core.shell:Creating prefix chain script '/workspaces/workspaces/Christiano_Roboto/ainex_project/install/setup.zsh'
