[0.982s] Invoking command in '/workspaces/workspaces/Christiano_Roboto/ainex_project/build/whole_body_control': AMENT_PREFIX_PATH=/workspaces/workspaces/Christiano_Roboto/ainex_project/install/simulator:${AMENT_PREFIX_PATH} PYTHONPATH=/workspaces/workspaces/Christiano_Roboto/ainex_project/build/whole_body_control/prefix_override:/usr/lib/python3/dist-packages/colcon_core/task/python/colcon_distutils_commands:/workspaces/workspaces/Christiano_Roboto/ainex_project/install/whole_body_control/lib/python3.12/site-packages:/workspaces/workspaces/Christiano_Roboto/ainex_project/build/simulator:/workspaces/workspaces/Christiano_Roboto/ainex_project/install/simulator/lib/python3.12/site-packages:${PYTHONPATH} /usr/bin/python3 -W ignore:setup.py install is deprecated -W ignore:easy_install command is deprecated setup.py develop --editable --build-directory /workspaces/workspaces/Christiano_Roboto/ainex_project/build/whole_body_control/build --no-deps symlink_data
[1.365s] running develop
[1.609s] running egg_info
[1.609s] creating whole_body_control.egg-info
[1.643s] writing whole_body_control.egg-info/PKG-INFO
[1.643s] writing dependency_links to whole_body_control.egg-info/dependency_links.txt
[1.643s] writing entry points to whole_body_control.egg-info/entry_points.txt
[1.644s] writing requirements to whole_body_control.egg-info/requires.txt
[1.644s] writing top-level names to whole_body_control.egg-info/top_level.txt
[1.644s] writing manifest file 'whole_body_control.egg-info/SOURCES.txt'
[2.346s] writing manifest file 'whole_body_control.egg-info/SOURCES.txt'
[2.374s] running build_ext
[2.374s] Creating /workspaces/workspaces/Christiano_Roboto/ainex_project/install/whole_body_control/lib/python3.12/site-packages/whole-body-control.egg-link (link to .)
[2.376s] Installing 02_one_leg_stand script to /workspaces/workspaces/Christiano_Roboto/ainex_project/install/whole_body_control/lib/whole_body_control
[2.376s] Installing 03_squating script to /workspaces/workspaces/Christiano_Roboto/ainex_project/install/whole_body_control/lib/whole_body_control
[2.378s] Installing t4_standing script to /workspaces/workspaces/Christiano_Roboto/ainex_project/install/whole_body_control/lib/whole_body_control
[2.378s] Installing t51 script to /workspaces/workspaces/Christiano_Roboto/ainex_project/install/whole_body_control/lib/whole_body_control
[2.379s] Installing t52 script to /workspaces/workspaces/Christiano_Roboto/ainex_project/install/whole_body_control/lib/whole_body_control
[2.380s] 
[2.380s] Installed /workspaces/workspaces/Christiano_Roboto/ainex_project/build/whole_body_control
[2.380s] running symlink_data
[2.381s] creating /workspaces/workspaces/Christiano_Roboto/ainex_project/install/whole_body_control/share/ament_index
[2.381s] creating /workspaces/workspaces/Christiano_Roboto/ainex_project/install/whole_body_control/share/ament_index/resource_index
[2.382s] creating /workspaces/workspaces/Christiano_Roboto/ainex_project/install/whole_body_control/share/ament_index/resource_index/packages
[2.382s] symbolically linking /workspaces/workspaces/Christiano_Roboto/ainex_project/build/whole_body_control/resource/whole_body_control -> /workspaces/workspaces/Christiano_Roboto/ainex_project/install/whole_body_control/share/ament_index/resource_index/packages
[2.383s] symbolically linking /workspaces/workspaces/Christiano_Roboto/ainex_project/build/whole_body_control/package.xml -> /workspaces/workspaces/Christiano_Roboto/ainex_project/install/whole_body_control/share/whole_body_control
[2.383s] creating /workspaces/workspaces/Christiano_Roboto/ainex_project/install/whole_body_control/share/whole_body_control/launch
[2.383s] symbolically linking /workspaces/workspaces/Christiano_Roboto/ainex_project/build/whole_body_control/launch/launch.py -> /workspaces/workspaces/Christiano_Roboto/ainex_project/install/whole_body_control/share/whole_body_control/launch
[2.442s] Invoked command in '/workspaces/workspaces/Christiano_Roboto/ainex_project/build/whole_body_control' returned '0': AMENT_PREFIX_PATH=/workspaces/workspaces/Christiano_Roboto/ainex_project/install/simulator:${AMENT_PREFIX_PATH} PYTHONPATH=/workspaces/workspaces/Christiano_Roboto/ainex_project/build/whole_body_control/prefix_override:/usr/lib/python3/dist-packages/colcon_core/task/python/colcon_distutils_commands:/workspaces/workspaces/Christiano_Roboto/ainex_project/install/whole_body_control/lib/python3.12/site-packages:/workspaces/workspaces/Christiano_Roboto/ainex_project/build/simulator:/workspaces/workspaces/Christiano_Roboto/ainex_project/install/simulator/lib/python3.12/site-packages:${PYTHONPATH} /usr/bin/python3 -W ignore:setup.py install is deprecated -W ignore:easy_install command is deprecated setup.py develop --editable --build-directory /workspaces/workspaces/Christiano_Roboto/ainex_project/build/whole_body_control/build --no-deps symlink_data
