running develop
running egg_info
creating whole_body_control.egg-info
writing whole_body_control.egg-info/PKG-INFO
writing dependency_links to whole_body_control.egg-info/dependency_links.txt
writing entry points to whole_body_control.egg-info/entry_points.txt
writing requirements to whole_body_control.egg-info/requires.txt
writing top-level names to whole_body_control.egg-info/top_level.txt
writing manifest file 'whole_body_control.egg-info/SOURCES.txt'
reading manifest file 'whole_body_control.egg-info/SOURCES.txt'
writing manifest file 'whole_body_control.egg-info/SOURCES.txt'
running build_ext
Creating /workspaces/workspaces/Christiano_Roboto/ainex_project/install/whole_body_control/lib/python3.12/site-packages/whole-body-control.egg-link (link to .)
Installing squatting script to /workspaces/workspaces/Christiano_Roboto/ainex_project/install/whole_body_control/lib/whole_body_control
Installing t4_standing script to /workspaces/workspaces/Christiano_Roboto/ainex_project/install/whole_body_control/lib/whole_body_control
Installing walking script to /workspaces/workspaces/Christiano_Roboto/ainex_project/install/whole_body_control/lib/whole_body_control
Installing without_pybullet_t4 script to /workspaces/workspaces/Christiano_Roboto/ainex_project/install/whole_body_control/lib/whole_body_control

Installed /workspaces/workspaces/Christiano_Roboto/ainex_project/build/whole_body_control
running symlink_data
creating /workspaces/workspaces/Christiano_Roboto/ainex_project/install/whole_body_control/share/ament_index
creating /workspaces/workspaces/Christiano_Roboto/ainex_project/install/whole_body_control/share/ament_index/resource_index
creating /workspaces/workspaces/Christiano_Roboto/ainex_project/install/whole_body_control/share/ament_index/resource_index/packages
symbolically linking /workspaces/workspaces/Christiano_Roboto/ainex_project/build/whole_body_control/resource/whole_body_control -> /workspaces/workspaces/Christiano_Roboto/ainex_project/install/whole_body_control/share/ament_index/resource_index/packages
symbolically linking /workspaces/workspaces/Christiano_Roboto/ainex_project/build/whole_body_control/package.xml -> /workspaces/workspaces/Christiano_Roboto/ainex_project/install/whole_body_control/share/whole_body_control
creating /workspaces/workspaces/Christiano_Roboto/ainex_project/install/whole_body_control/share/whole_body_control/launch
symbolically linking /workspaces/workspaces/Christiano_Roboto/ainex_project/build/whole_body_control/launch/t4_standing.launch.py -> /workspaces/workspaces/Christiano_Roboto/ainex_project/install/whole_body_control/share/whole_body_control/launch
symbolically linking /workspaces/workspaces/Christiano_Roboto/ainex_project/build/whole_body_control/launch/sliders.launch.py -> /workspaces/workspaces/Christiano_Roboto/ainex_project/install/whole_body_control/share/whole_body_control/launch
symbolically linking /workspaces/workspaces/Christiano_Roboto/ainex_project/build/whole_body_control/launch/t4_squatting.launch.py -> /workspaces/workspaces/Christiano_Roboto/ainex_project/install/whole_body_control/share/whole_body_control/launch
symbolically linking /workspaces/workspaces/Christiano_Roboto/ainex_project/build/whole_body_control/launch/launch_hardware.py -> /workspaces/workspaces/Christiano_Roboto/ainex_project/install/whole_body_control/share/whole_body_control/launch
