[2.001s] Invoking command in '/workspaces/workspaces/Christiano_Roboto/ainex_project/build/simulator': PYTHONPATH=/workspaces/workspaces/Christiano_Roboto/ainex_project/build/simulator/prefix_override:/usr/lib/python3/dist-packages/colcon_core/task/python/colcon_distutils_commands:/workspaces/workspaces/Christiano_Roboto/ainex_project/install/simulator/lib/python3.12/site-packages:${PYTHONPATH} /usr/bin/python3 -W ignore:setup.py install is deprecated -W ignore:easy_install command is deprecated setup.py develop --editable --build-directory /workspaces/workspaces/Christiano_Roboto/ainex_project/build/simulator/build --no-deps symlink_data
[2.602s] running develop
[2.971s] running egg_info
[2.971s] creating simulator.egg-info
[2.994s] writing simulator.egg-info/PKG-INFO
[2.994s] writing dependency_links to simulator.egg-info/dependency_links.txt
[2.994s] writing requirements to simulator.egg-info/requires.txt
[2.995s] writing top-level names to simulator.egg-info/top_level.txt
[2.995s] writing manifest file 'simulator.egg-info/SOURCES.txt'
[4.042s] reading manifest file 'simulator.egg-info/SOURCES.txt'
[4.043s] writing manifest file 'simulator.egg-info/SOURCES.txt'
[4.077s] running build_ext
[4.077s] Creating /workspaces/workspaces/Christiano_Roboto/ainex_project/install/simulator/lib/python3.12/site-packages/simulator.egg-link (link to .)
[4.077s] 
[4.077s] Installed /workspaces/workspaces/Christiano_Roboto/ainex_project/build/simulator
[4.078s] running symlink_data
[4.078s] creating /workspaces/workspaces/Christiano_Roboto/ainex_project/install/simulator/share/ament_index
[4.078s] creating /workspaces/workspaces/Christiano_Roboto/ainex_project/install/simulator/share/ament_index/resource_index
[4.078s] creating /workspaces/workspaces/Christiano_Roboto/ainex_project/install/simulator/share/ament_index/resource_index/packages
[4.078s] symbolically linking /workspaces/workspaces/Christiano_Roboto/ainex_project/build/simulator/resource/simulator -> /workspaces/workspaces/Christiano_Roboto/ainex_project/install/simulator/share/ament_index/resource_index/packages
[4.078s] symbolically linking /workspaces/workspaces/Christiano_Roboto/ainex_project/build/simulator/package.xml -> /workspaces/workspaces/Christiano_Roboto/ainex_project/install/simulator/share/simulator
[4.149s] Invoked command in '/workspaces/workspaces/Christiano_Roboto/ainex_project/build/simulator' returned '0': PYTHONPATH=/workspaces/workspaces/Christiano_Roboto/ainex_project/build/simulator/prefix_override:/usr/lib/python3/dist-packages/colcon_core/task/python/colcon_distutils_commands:/workspaces/workspaces/Christiano_Roboto/ainex_project/install/simulator/lib/python3.12/site-packages:${PYTHONPATH} /usr/bin/python3 -W ignore:setup.py install is deprecated -W ignore:easy_install command is deprecated setup.py develop --editable --build-directory /workspaces/workspaces/Christiano_Roboto/ainex_project/build/simulator/build --no-deps symlink_data
