[0.041s] Invoking command in '/workspaces/workspaces/Christiano_Roboto/ainex_project/build/servo_service': CMAKE_PREFIX_PATH=${CMAKE_PREFIX_PATH}:/workspaces/workspaces/Christiano_Roboto/ainex_project/install/whole_body_control:/workspaces/workspaces/Christiano_Roboto/ainex_project/install/simulator:/workspaces/workspaces/Christiano_Roboto/ainex_project/install/ainex_motion:/workspaces/workspaces/Christiano_Roboto/ainex_project/install/ainex_vision:/opt/ros/rolling /usr/bin/cmake --build /workspaces/workspaces/Christiano_Roboto/ainex_project/build/servo_service -- -j8 -l8
[0.488s] [  1%] Built target servo_service__rosidl_generator_type_description
[0.488s] [  1%] Built target ament_cmake_python_symlink_servo_service
[0.488s] [  1%] Built target servo_service__cpp
[0.488s] [ 27%] Built target servo_service__rosidl_generator_c
[0.488s] [ 37%] Built target servo_service__rosidl_typesupport_c
[0.488s] [ 46%] Built target servo_service__rosidl_typesupport_cpp
[0.489s] [ 55%] Built target servo_service__rosidl_typesupport_introspection_c
[0.489s] [ 65%] Built target servo_service__rosidl_typesupport_fastrtps_cpp
[0.489s] [ 75%] Built target servo_service__rosidl_typesupport_introspection_cpp
[0.489s] [ 85%] Built target servo_service__rosidl_typesupport_fastrtps_c
[0.489s] [ 85%] Built target servo_service
[0.489s] [ 86%] Built target servo_service__py
[0.489s] [ 95%] Built target servo_service__rosidl_generator_py
[0.505s] [ 97%] Built target servo_service_s__rosidl_typesupport_introspection_c
[0.505s] [ 98%] Built target servo_service_s__rosidl_typesupport_fastrtps_c
[0.505s] [100%] Built target servo_service_s__rosidl_typesupport_c
[0.612s] running egg_info
[0.641s] writing servo_service.egg-info/PKG-INFO
[0.642s] writing dependency_links to servo_service.egg-info/dependency_links.txt
[0.642s] writing top-level names to servo_service.egg-info/top_level.txt
[1.789s] writing manifest file 'servo_service.egg-info/SOURCES.txt'
[1.837s] [100%] Built target ament_cmake_python_build_servo_service_egg
[1.866s] Invoked command in '/workspaces/workspaces/Christiano_Roboto/ainex_project/build/servo_service' returned '0': CMAKE_PREFIX_PATH=${CMAKE_PREFIX_PATH}:/workspaces/workspaces/Christiano_Roboto/ainex_project/install/whole_body_control:/workspaces/workspaces/Christiano_Roboto/ainex_project/install/simulator:/workspaces/workspaces/Christiano_Roboto/ainex_project/install/ainex_motion:/workspaces/workspaces/Christiano_Roboto/ainex_project/install/ainex_vision:/opt/ros/rolling /usr/bin/cmake --build /workspaces/workspaces/Christiano_Roboto/ainex_project/build/servo_service -- -j8 -l8
[1.867s] Invoking command in '/workspaces/workspaces/Christiano_Roboto/ainex_project/build/servo_service': CMAKE_PREFIX_PATH=${CMAKE_PREFIX_PATH}:/workspaces/workspaces/Christiano_Roboto/ainex_project/install/whole_body_control:/workspaces/workspaces/Christiano_Roboto/ainex_project/install/simulator:/workspaces/workspaces/Christiano_Roboto/ainex_project/install/ainex_motion:/workspaces/workspaces/Christiano_Roboto/ainex_project/install/ainex_vision:/opt/ros/rolling /usr/bin/cmake --install /workspaces/workspaces/Christiano_Roboto/ainex_project/build/servo_service
[1.885s] -- Install configuration: ""
[1.886s] -- Execute custom install script
[1.887s] -- Up-to-date symlink: /workspaces/workspaces/Christiano_Roboto/ainex_project/install/servo_service/share/ament_index/resource_index/rosidl_interfaces/servo_service
[1.887s] -- Up-to-date symlink: /workspaces/workspaces/Christiano_Roboto/ainex_project/install/servo_service/share/servo_service/msg/ChangeServoPositions.json
[1.888s] -- Up-to-date symlink: /workspaces/workspaces/Christiano_Roboto/ainex_project/install/servo_service/share/servo_service/msg/SetServoPositions.json
[1.888s] -- Up-to-date symlink: /workspaces/workspaces/Christiano_Roboto/ainex_project/install/servo_service/share/servo_service/msg/SetJointLock.json
[1.888s] -- Up-to-date symlink: /workspaces/workspaces/Christiano_Roboto/ainex_project/install/servo_service/share/servo_service/msg/GetServoPositions.json
[1.889s] -- Up-to-date symlink: /workspaces/workspaces/Christiano_Roboto/ainex_project/install/servo_service/share/servo_service/msg/SetPosture.json
[1.889s] -- Up-to-date symlink: /workspaces/workspaces/Christiano_Roboto/ainex_project/install/servo_service/share/servo_service/srv/JointLock.json
[1.890s] -- Up-to-date symlink: /workspaces/workspaces/Christiano_Roboto/ainex_project/install/servo_service/share/servo_service/srv/ServoTemp.json
[1.890s] -- Up-to-date symlink: /workspaces/workspaces/Christiano_Roboto/ainex_project/install/servo_service/share/servo_service/srv/ServoDeviation.json
[1.891s] -- Up-to-date symlink: /workspaces/workspaces/Christiano_Roboto/ainex_project/install/servo_service/share/servo_service/srv/ServoVoltage.json
[1.891s] -- Up-to-date symlink: /workspaces/workspaces/Christiano_Roboto/ainex_project/install/servo_service/share/servo_service/srv/JointPosition.json
[1.892s] -- Up-to-date symlink: /workspaces/workspaces/Christiano_Roboto/ainex_project/install/servo_service/share/servo_service/srv/JointRange.json
[1.894s] -- Up-to-date symlink: /workspaces/workspaces/Christiano_Roboto/ainex_project/install/servo_service/include/servo_service/servo_service/msg/change_servo_positions.h
[1.894s] -- Up-to-date symlink: /workspaces/workspaces/Christiano_Roboto/ainex_project/install/servo_service/include/servo_service/servo_service/msg/detail/change_servo_positions__functions.h
[1.894s] -- Up-to-date symlink: /workspaces/workspaces/Christiano_Roboto/ainex_project/install/servo_service/include/servo_service/servo_service/msg/detail/change_servo_positions__struct.h
[1.894s] -- Up-to-date symlink: /workspaces/workspaces/Christiano_Roboto/ainex_project/install/servo_service/include/servo_service/servo_service/msg/detail/change_servo_positions__type_support.h
[1.895s] -- Up-to-date symlink: /workspaces/workspaces/Christiano_Roboto/ainex_project/install/servo_service/include/servo_service/servo_service/msg/detail/get_servo_positions__functions.h
[1.895s] -- Up-to-date symlink: /workspaces/workspaces/Christiano_Roboto/ainex_project/install/servo_service/include/servo_service/servo_service/msg/detail/get_servo_positions__struct.h
[1.895s] -- Up-to-date symlink: /workspaces/workspaces/Christiano_Roboto/ainex_project/install/servo_service/include/servo_service/servo_service/msg/detail/get_servo_positions__type_support.h
[1.896s] -- Up-to-date symlink: /workspaces/workspaces/Christiano_Roboto/ainex_project/install/servo_service/include/servo_service/servo_service/msg/detail/set_joint_lock__functions.h
[1.896s] -- Up-to-date symlink: /workspaces/workspaces/Christiano_Roboto/ainex_project/install/servo_service/include/servo_service/servo_service/msg/detail/set_joint_lock__struct.h
[1.896s] -- Up-to-date symlink: /workspaces/workspaces/Christiano_Roboto/ainex_project/install/servo_service/include/servo_service/servo_service/msg/detail/set_joint_lock__type_support.h
[1.896s] -- Up-to-date symlink: /workspaces/workspaces/Christiano_Roboto/ainex_project/install/servo_service/include/servo_service/servo_service/msg/detail/set_posture__functions.h
[1.897s] -- Up-to-date symlink: /workspaces/workspaces/Christiano_Roboto/ainex_project/install/servo_service/include/servo_service/servo_service/msg/detail/set_posture__struct.h
[1.897s] -- Up-to-date symlink: /workspaces/workspaces/Christiano_Roboto/ainex_project/install/servo_service/include/servo_service/servo_service/msg/detail/set_posture__type_support.h
[1.897s] -- Up-to-date symlink: /workspaces/workspaces/Christiano_Roboto/ainex_project/install/servo_service/include/servo_service/servo_service/msg/detail/set_servo_positions__functions.h
[1.897s] -- Up-to-date symlink: /workspaces/workspaces/Christiano_Roboto/ainex_project/install/servo_service/include/servo_service/servo_service/msg/detail/set_servo_positions__struct.h
[1.898s] -- Up-to-date symlink: /workspaces/workspaces/Christiano_Roboto/ainex_project/install/servo_service/include/servo_service/servo_service/msg/detail/set_servo_positions__type_support.h
[1.898s] -- Up-to-date symlink: /workspaces/workspaces/Christiano_Roboto/ainex_project/install/servo_service/include/servo_service/servo_service/msg/get_servo_positions.h
[1.898s] -- Up-to-date symlink: /workspaces/workspaces/Christiano_Roboto/ainex_project/install/servo_service/include/servo_service/servo_service/msg/rosidl_generator_c__visibility_control.h
[1.899s] -- Up-to-date symlink: /workspaces/workspaces/Christiano_Roboto/ainex_project/install/servo_service/include/servo_service/servo_service/msg/set_joint_lock.h
[1.899s] -- Up-to-date symlink: /workspaces/workspaces/Christiano_Roboto/ainex_project/install/servo_service/include/servo_service/servo_service/msg/set_posture.h
[1.899s] -- Up-to-date symlink: /workspaces/workspaces/Christiano_Roboto/ainex_project/install/servo_service/include/servo_service/servo_service/msg/set_servo_positions.h
[1.899s] -- Up-to-date symlink: /workspaces/workspaces/Christiano_Roboto/ainex_project/install/servo_service/include/servo_service/servo_service/srv/detail/joint_lock__functions.h
[1.900s] -- Up-to-date symlink: /workspaces/workspaces/Christiano_Roboto/ainex_project/install/servo_service/include/servo_service/servo_service/srv/detail/joint_lock__struct.h
[1.900s] -- Up-to-date symlink: /workspaces/workspaces/Christiano_Roboto/ainex_project/install/servo_service/include/servo_service/servo_service/srv/detail/joint_lock__type_support.h
[1.900s] -- Up-to-date symlink: /workspaces/workspaces/Christiano_Roboto/ainex_project/install/servo_service/include/servo_service/servo_service/srv/detail/joint_position__functions.h
[1.901s] -- Up-to-date symlink: /workspaces/workspaces/Christiano_Roboto/ainex_project/install/servo_service/include/servo_service/servo_service/srv/detail/joint_position__struct.h
[1.901s] -- Up-to-date symlink: /workspaces/workspaces/Christiano_Roboto/ainex_project/install/servo_service/include/servo_service/servo_service/srv/detail/joint_position__type_support.h
[1.901s] -- Up-to-date symlink: /workspaces/workspaces/Christiano_Roboto/ainex_project/install/servo_service/include/servo_service/servo_service/srv/detail/joint_range__functions.h
[1.901s] -- Up-to-date symlink: /workspaces/workspaces/Christiano_Roboto/ainex_project/install/servo_service/include/servo_service/servo_service/srv/detail/joint_range__struct.h
[1.902s] -- Up-to-date symlink: /workspaces/workspaces/Christiano_Roboto/ainex_project/install/servo_service/include/servo_service/servo_service/srv/detail/joint_range__type_support.h
[1.902s] -- Up-to-date symlink: /workspaces/workspaces/Christiano_Roboto/ainex_project/install/servo_service/include/servo_service/servo_service/srv/detail/servo_deviation__functions.h
[1.902s] -- Up-to-date symlink: /workspaces/workspaces/Christiano_Roboto/ainex_project/install/servo_service/include/servo_service/servo_service/srv/detail/servo_deviation__struct.h
[1.902s] -- Up-to-date symlink: /workspaces/workspaces/Christiano_Roboto/ainex_project/install/servo_service/include/servo_service/servo_service/srv/detail/servo_deviation__type_support.h
[1.903s] -- Up-to-date symlink: /workspaces/workspaces/Christiano_Roboto/ainex_project/install/servo_service/include/servo_service/servo_service/srv/detail/servo_temp__functions.h
[1.903s] -- Up-to-date symlink: /workspaces/workspaces/Christiano_Roboto/ainex_project/install/servo_service/include/servo_service/servo_service/srv/detail/servo_temp__struct.h
[1.903s] -- Up-to-date symlink: /workspaces/workspaces/Christiano_Roboto/ainex_project/install/servo_service/include/servo_service/servo_service/srv/detail/servo_temp__type_support.h
[1.903s] -- Up-to-date symlink: /workspaces/workspaces/Christiano_Roboto/ainex_project/install/servo_service/include/servo_service/servo_service/srv/detail/servo_voltage__functions.h
[1.904s] -- Up-to-date symlink: /workspaces/workspaces/Christiano_Roboto/ainex_project/install/servo_service/include/servo_service/servo_service/srv/detail/servo_voltage__struct.h
[1.904s] -- Up-to-date symlink: /workspaces/workspaces/Christiano_Roboto/ainex_project/install/servo_service/include/servo_service/servo_service/srv/detail/servo_voltage__type_support.h
[1.904s] -- Up-to-date symlink: /workspaces/workspaces/Christiano_Roboto/ainex_project/install/servo_service/include/servo_service/servo_service/srv/joint_lock.h
[1.904s] -- Up-to-date symlink: /workspaces/workspaces/Christiano_Roboto/ainex_project/install/servo_service/include/servo_service/servo_service/srv/joint_position.h
[1.905s] -- Up-to-date symlink: /workspaces/workspaces/Christiano_Roboto/ainex_project/install/servo_service/include/servo_service/servo_service/srv/joint_range.h
[1.905s] -- Up-to-date symlink: /workspaces/workspaces/Christiano_Roboto/ainex_project/install/servo_service/include/servo_service/servo_service/srv/servo_deviation.h
[1.905s] -- Up-to-date symlink: /workspaces/workspaces/Christiano_Roboto/ainex_project/install/servo_service/include/servo_service/servo_service/srv/servo_temp.h
[1.905s] -- Up-to-date symlink: /workspaces/workspaces/Christiano_Roboto/ainex_project/install/servo_service/include/servo_service/servo_service/srv/servo_voltage.h
[1.906s] -- Up-to-date symlink: /workspaces/workspaces/Christiano_Roboto/ainex_project/install/servo_service/share/servo_service/environment/library_path.sh
[1.906s] -- Up-to-date symlink: /workspaces/workspaces/Christiano_Roboto/ainex_project/install/servo_service/share/servo_service/environment/library_path.dsv
[1.908s] -- Up-to-date symlink: /workspaces/workspaces/Christiano_Roboto/ainex_project/install/servo_service/include/servo_service/servo_service/msg/detail/change_servo_positions__rosidl_typesupport_fastrtps_c.h
[1.908s] -- Up-to-date symlink: /workspaces/workspaces/Christiano_Roboto/ainex_project/install/servo_service/include/servo_service/servo_service/msg/detail/get_servo_positions__rosidl_typesupport_fastrtps_c.h
[1.908s] -- Up-to-date symlink: /workspaces/workspaces/Christiano_Roboto/ainex_project/install/servo_service/include/servo_service/servo_service/msg/detail/set_joint_lock__rosidl_typesupport_fastrtps_c.h
[1.909s] -- Up-to-date symlink: /workspaces/workspaces/Christiano_Roboto/ainex_project/install/servo_service/include/servo_service/servo_service/msg/detail/set_posture__rosidl_typesupport_fastrtps_c.h
[1.909s] -- Up-to-date symlink: /workspaces/workspaces/Christiano_Roboto/ainex_project/install/servo_service/include/servo_service/servo_service/msg/detail/set_servo_positions__rosidl_typesupport_fastrtps_c.h
[1.909s] -- Up-to-date symlink: /workspaces/workspaces/Christiano_Roboto/ainex_project/install/servo_service/include/servo_service/servo_service/msg/rosidl_typesupport_fastrtps_c__visibility_control.h
[1.909s] -- Up-to-date symlink: /workspaces/workspaces/Christiano_Roboto/ainex_project/install/servo_service/include/servo_service/servo_service/srv/detail/joint_lock__rosidl_typesupport_fastrtps_c.h
[1.910s] -- Up-to-date symlink: /workspaces/workspaces/Christiano_Roboto/ainex_project/install/servo_service/include/servo_service/servo_service/srv/detail/joint_position__rosidl_typesupport_fastrtps_c.h
[1.910s] -- Up-to-date symlink: /workspaces/workspaces/Christiano_Roboto/ainex_project/install/servo_service/include/servo_service/servo_service/srv/detail/joint_range__rosidl_typesupport_fastrtps_c.h
[1.910s] -- Up-to-date symlink: /workspaces/workspaces/Christiano_Roboto/ainex_project/install/servo_service/include/servo_service/servo_service/srv/detail/servo_deviation__rosidl_typesupport_fastrtps_c.h
[1.910s] -- Up-to-date symlink: /workspaces/workspaces/Christiano_Roboto/ainex_project/install/servo_service/include/servo_service/servo_service/srv/detail/servo_temp__rosidl_typesupport_fastrtps_c.h
[1.911s] -- Up-to-date symlink: /workspaces/workspaces/Christiano_Roboto/ainex_project/install/servo_service/include/servo_service/servo_service/srv/detail/servo_voltage__rosidl_typesupport_fastrtps_c.h
[1.913s] -- Up-to-date symlink: /workspaces/workspaces/Christiano_Roboto/ainex_project/install/servo_service/include/servo_service/servo_service/msg/change_servo_positions.hpp
[1.913s] -- Up-to-date symlink: /workspaces/workspaces/Christiano_Roboto/ainex_project/install/servo_service/include/servo_service/servo_service/msg/detail/change_servo_positions__builder.hpp
[1.913s] -- Up-to-date symlink: /workspaces/workspaces/Christiano_Roboto/ainex_project/install/servo_service/include/servo_service/servo_service/msg/detail/change_servo_positions__struct.hpp
[1.913s] -- Up-to-date symlink: /workspaces/workspaces/Christiano_Roboto/ainex_project/install/servo_service/include/servo_service/servo_service/msg/detail/change_servo_positions__traits.hpp
[1.913s] -- Up-to-date symlink: /workspaces/workspaces/Christiano_Roboto/ainex_project/install/servo_service/include/servo_service/servo_service/msg/detail/change_servo_positions__type_support.hpp
[1.914s] -- Up-to-date symlink: /workspaces/workspaces/Christiano_Roboto/ainex_project/install/servo_service/include/servo_service/servo_service/msg/detail/get_servo_positions__builder.hpp
[1.914s] -- Up-to-date symlink: /workspaces/workspaces/Christiano_Roboto/ainex_project/install/servo_service/include/servo_service/servo_service/msg/detail/get_servo_positions__struct.hpp
[1.914s] -- Up-to-date symlink: /workspaces/workspaces/Christiano_Roboto/ainex_project/install/servo_service/include/servo_service/servo_service/msg/detail/get_servo_positions__traits.hpp
[1.915s] -- Up-to-date symlink: /workspaces/workspaces/Christiano_Roboto/ainex_project/install/servo_service/include/servo_service/servo_service/msg/detail/get_servo_positions__type_support.hpp
[1.915s] -- Up-to-date symlink: /workspaces/workspaces/Christiano_Roboto/ainex_project/install/servo_service/include/servo_service/servo_service/msg/detail/set_joint_lock__builder.hpp
[1.915s] -- Up-to-date symlink: /workspaces/workspaces/Christiano_Roboto/ainex_project/install/servo_service/include/servo_service/servo_service/msg/detail/set_joint_lock__struct.hpp
[1.916s] -- Up-to-date symlink: /workspaces/workspaces/Christiano_Roboto/ainex_project/install/servo_service/include/servo_service/servo_service/msg/detail/set_joint_lock__traits.hpp
[1.916s] -- Up-to-date symlink: /workspaces/workspaces/Christiano_Roboto/ainex_project/install/servo_service/include/servo_service/servo_service/msg/detail/set_joint_lock__type_support.hpp
[1.916s] -- Up-to-date symlink: /workspaces/workspaces/Christiano_Roboto/ainex_project/install/servo_service/include/servo_service/servo_service/msg/detail/set_posture__builder.hpp
[1.916s] -- Up-to-date symlink: /workspaces/workspaces/Christiano_Roboto/ainex_project/install/servo_service/include/servo_service/servo_service/msg/detail/set_posture__struct.hpp
[1.917s] -- Up-to-date symlink: /workspaces/workspaces/Christiano_Roboto/ainex_project/install/servo_service/include/servo_service/servo_service/msg/detail/set_posture__traits.hpp
[1.917s] -- Up-to-date symlink: /workspaces/workspaces/Christiano_Roboto/ainex_project/install/servo_service/include/servo_service/servo_service/msg/detail/set_posture__type_support.hpp
[1.917s] -- Up-to-date symlink: /workspaces/workspaces/Christiano_Roboto/ainex_project/install/servo_service/include/servo_service/servo_service/msg/detail/set_servo_positions__builder.hpp
[1.917s] -- Up-to-date symlink: /workspaces/workspaces/Christiano_Roboto/ainex_project/install/servo_service/include/servo_service/servo_service/msg/detail/set_servo_positions__struct.hpp
[1.918s] -- Up-to-date symlink: /workspaces/workspaces/Christiano_Roboto/ainex_project/install/servo_service/include/servo_service/servo_service/msg/detail/set_servo_positions__traits.hpp
[1.918s] -- Up-to-date symlink: /workspaces/workspaces/Christiano_Roboto/ainex_project/install/servo_service/include/servo_service/servo_service/msg/detail/set_servo_positions__type_support.hpp
[1.919s] -- Up-to-date symlink: /workspaces/workspaces/Christiano_Roboto/ainex_project/install/servo_service/include/servo_service/servo_service/msg/get_servo_positions.hpp
[1.919s] -- Up-to-date symlink: /workspaces/workspaces/Christiano_Roboto/ainex_project/install/servo_service/include/servo_service/servo_service/msg/rosidl_generator_cpp__visibility_control.hpp
[1.919s] -- Up-to-date symlink: /workspaces/workspaces/Christiano_Roboto/ainex_project/install/servo_service/include/servo_service/servo_service/msg/set_joint_lock.hpp
[1.919s] -- Up-to-date symlink: /workspaces/workspaces/Christiano_Roboto/ainex_project/install/servo_service/include/servo_service/servo_service/msg/set_posture.hpp
[1.920s] -- Up-to-date symlink: /workspaces/workspaces/Christiano_Roboto/ainex_project/install/servo_service/include/servo_service/servo_service/msg/set_servo_positions.hpp
[1.920s] -- Up-to-date symlink: /workspaces/workspaces/Christiano_Roboto/ainex_project/install/servo_service/include/servo_service/servo_service/srv/detail/joint_lock__builder.hpp
[1.920s] -- Up-to-date symlink: /workspaces/workspaces/Christiano_Roboto/ainex_project/install/servo_service/include/servo_service/servo_service/srv/detail/joint_lock__struct.hpp
[1.920s] -- Up-to-date symlink: /workspaces/workspaces/Christiano_Roboto/ainex_project/install/servo_service/include/servo_service/servo_service/srv/detail/joint_lock__traits.hpp
[1.922s] -- Up-to-date symlink: /workspaces/workspaces/Christiano_Roboto/ainex_project/install/servo_service/include/servo_service/servo_service/srv/detail/joint_lock__type_support.hpp
[1.922s] -- Up-to-date symlink: /workspaces/workspaces/Christiano_Roboto/ainex_project/install/servo_service/include/servo_service/servo_service/srv/detail/joint_position__builder.hpp
[1.922s] -- Up-to-date symlink: /workspaces/workspaces/Christiano_Roboto/ainex_project/install/servo_service/include/servo_service/servo_service/srv/detail/joint_position__struct.hpp
[1.924s] -- Up-to-date symlink: /workspaces/workspaces/Christiano_Roboto/ainex_project/install/servo_service/include/servo_service/servo_service/srv/detail/joint_position__traits.hpp
[1.924s] -- Up-to-date symlink: /workspaces/workspaces/Christiano_Roboto/ainex_project/install/servo_service/include/servo_service/servo_service/srv/detail/joint_position__type_support.hpp
[1.924s] -- Up-to-date symlink: /workspaces/workspaces/Christiano_Roboto/ainex_project/install/servo_service/include/servo_service/servo_service/srv/detail/joint_range__builder.hpp
[1.924s] -- Up-to-date symlink: /workspaces/workspaces/Christiano_Roboto/ainex_project/install/servo_service/include/servo_service/servo_service/srv/detail/joint_range__struct.hpp
[1.927s] -- Up-to-date symlink: /workspaces/workspaces/Christiano_Roboto/ainex_project/install/servo_service/include/servo_service/servo_service/srv/detail/joint_range__traits.hpp
[1.927s] -- Up-to-date symlink: /workspaces/workspaces/Christiano_Roboto/ainex_project/install/servo_service/include/servo_service/servo_service/srv/detail/joint_range__type_support.hpp
[1.927s] -- Up-to-date symlink: /workspaces/workspaces/Christiano_Roboto/ainex_project/install/servo_service/include/servo_service/servo_service/srv/detail/servo_deviation__builder.hpp
[1.928s] -- Up-to-date symlink: /workspaces/workspaces/Christiano_Roboto/ainex_project/install/servo_service/include/servo_service/servo_service/srv/detail/servo_deviation__struct.hpp
[1.928s] -- Up-to-date symlink: /workspaces/workspaces/Christiano_Roboto/ainex_project/install/servo_service/include/servo_service/servo_service/srv/detail/servo_deviation__traits.hpp
[1.928s] -- Up-to-date symlink: /workspaces/workspaces/Christiano_Roboto/ainex_project/install/servo_service/include/servo_service/servo_service/srv/detail/servo_deviation__type_support.hpp
[1.929s] -- Up-to-date symlink: /workspaces/workspaces/Christiano_Roboto/ainex_project/install/servo_service/include/servo_service/servo_service/srv/detail/servo_temp__builder.hpp
[1.929s] -- Up-to-date symlink: /workspaces/workspaces/Christiano_Roboto/ainex_project/install/servo_service/include/servo_service/servo_service/srv/detail/servo_temp__struct.hpp
[1.929s] -- Up-to-date symlink: /workspaces/workspaces/Christiano_Roboto/ainex_project/install/servo_service/include/servo_service/servo_service/srv/detail/servo_temp__traits.hpp
[1.930s] -- Up-to-date symlink: /workspaces/workspaces/Christiano_Roboto/ainex_project/install/servo_service/include/servo_service/servo_service/srv/detail/servo_temp__type_support.hpp
[1.930s] -- Up-to-date symlink: /workspaces/workspaces/Christiano_Roboto/ainex_project/install/servo_service/include/servo_service/servo_service/srv/detail/servo_voltage__builder.hpp
[1.930s] -- Up-to-date symlink: /workspaces/workspaces/Christiano_Roboto/ainex_project/install/servo_service/include/servo_service/servo_service/srv/detail/servo_voltage__struct.hpp
[1.931s] -- Up-to-date symlink: /workspaces/workspaces/Christiano_Roboto/ainex_project/install/servo_service/include/servo_service/servo_service/srv/detail/servo_voltage__traits.hpp
[1.931s] -- Up-to-date symlink: /workspaces/workspaces/Christiano_Roboto/ainex_project/install/servo_service/include/servo_service/servo_service/srv/detail/servo_voltage__type_support.hpp
[1.932s] -- Up-to-date symlink: /workspaces/workspaces/Christiano_Roboto/ainex_project/install/servo_service/include/servo_service/servo_service/srv/joint_lock.hpp
[1.933s] -- Up-to-date symlink: /workspaces/workspaces/Christiano_Roboto/ainex_project/install/servo_service/include/servo_service/servo_service/srv/joint_position.hpp
[1.934s] -- Up-to-date symlink: /workspaces/workspaces/Christiano_Roboto/ainex_project/install/servo_service/include/servo_service/servo_service/srv/joint_range.hpp
[1.934s] -- Up-to-date symlink: /workspaces/workspaces/Christiano_Roboto/ainex_project/install/servo_service/include/servo_service/servo_service/srv/servo_deviation.hpp
[1.934s] -- Up-to-date symlink: /workspaces/workspaces/Christiano_Roboto/ainex_project/install/servo_service/include/servo_service/servo_service/srv/servo_temp.hpp
[1.934s] -- Up-to-date symlink: /workspaces/workspaces/Christiano_Roboto/ainex_project/install/servo_service/include/servo_service/servo_service/srv/servo_voltage.hpp
[1.935s] -- Up-to-date symlink: /workspaces/workspaces/Christiano_Roboto/ainex_project/install/servo_service/include/servo_service/servo_service/msg/detail/change_servo_positions__rosidl_typesupport_fastrtps_cpp.hpp
[1.935s] -- Up-to-date symlink: /workspaces/workspaces/Christiano_Roboto/ainex_project/install/servo_service/include/servo_service/servo_service/msg/detail/get_servo_positions__rosidl_typesupport_fastrtps_cpp.hpp
[1.935s] -- Up-to-date symlink: /workspaces/workspaces/Christiano_Roboto/ainex_project/install/servo_service/include/servo_service/servo_service/msg/detail/set_joint_lock__rosidl_typesupport_fastrtps_cpp.hpp
[1.935s] -- Up-to-date symlink: /workspaces/workspaces/Christiano_Roboto/ainex_project/install/servo_service/include/servo_service/servo_service/msg/detail/set_posture__rosidl_typesupport_fastrtps_cpp.hpp
[1.938s] -- Up-to-date symlink: /workspaces/workspaces/Christiano_Roboto/ainex_project/install/servo_service/include/servo_service/servo_service/msg/detail/set_servo_positions__rosidl_typesupport_fastrtps_cpp.hpp
[1.938s] -- Up-to-date symlink: /workspaces/workspaces/Christiano_Roboto/ainex_project/install/servo_service/include/servo_service/servo_service/msg/rosidl_typesupport_fastrtps_cpp__visibility_control.h
[1.938s] -- Up-to-date symlink: /workspaces/workspaces/Christiano_Roboto/ainex_project/install/servo_service/include/servo_service/servo_service/srv/detail/joint_lock__rosidl_typesupport_fastrtps_cpp.hpp
[1.938s] -- Up-to-date symlink: /workspaces/workspaces/Christiano_Roboto/ainex_project/install/servo_service/include/servo_service/servo_service/srv/detail/joint_position__rosidl_typesupport_fastrtps_cpp.hpp
[1.938s] -- Up-to-date symlink: /workspaces/workspaces/Christiano_Roboto/ainex_project/install/servo_service/include/servo_service/servo_service/srv/detail/joint_range__rosidl_typesupport_fastrtps_cpp.hpp
[1.942s] -- Up-to-date symlink: /workspaces/workspaces/Christiano_Roboto/ainex_project/install/servo_service/include/servo_service/servo_service/srv/detail/servo_deviation__rosidl_typesupport_fastrtps_cpp.hpp
[1.943s] -- Up-to-date symlink: /workspaces/workspaces/Christiano_Roboto/ainex_project/install/servo_service/include/servo_service/servo_service/srv/detail/servo_temp__rosidl_typesupport_fastrtps_cpp.hpp
[1.943s] -- Up-to-date symlink: /workspaces/workspaces/Christiano_Roboto/ainex_project/install/servo_service/include/servo_service/servo_service/srv/detail/servo_voltage__rosidl_typesupport_fastrtps_cpp.hpp
[1.943s] -- Up-to-date symlink: /workspaces/workspaces/Christiano_Roboto/ainex_project/install/servo_service/include/servo_service/servo_service/msg/detail/change_servo_positions__rosidl_typesupport_introspection_c.h
[1.943s] -- Up-to-date symlink: /workspaces/workspaces/Christiano_Roboto/ainex_project/install/servo_service/include/servo_service/servo_service/msg/detail/get_servo_positions__rosidl_typesupport_introspection_c.h
[1.943s] -- Up-to-date symlink: /workspaces/workspaces/Christiano_Roboto/ainex_project/install/servo_service/include/servo_service/servo_service/msg/detail/set_joint_lock__rosidl_typesupport_introspection_c.h
[1.943s] -- Up-to-date symlink: /workspaces/workspaces/Christiano_Roboto/ainex_project/install/servo_service/include/servo_service/servo_service/msg/detail/set_posture__rosidl_typesupport_introspection_c.h
[1.944s] -- Up-to-date symlink: /workspaces/workspaces/Christiano_Roboto/ainex_project/install/servo_service/include/servo_service/servo_service/msg/detail/set_servo_positions__rosidl_typesupport_introspection_c.h
[1.944s] -- Up-to-date symlink: /workspaces/workspaces/Christiano_Roboto/ainex_project/install/servo_service/include/servo_service/servo_service/msg/rosidl_typesupport_introspection_c__visibility_control.h
[1.944s] -- Up-to-date symlink: /workspaces/workspaces/Christiano_Roboto/ainex_project/install/servo_service/include/servo_service/servo_service/srv/detail/joint_lock__rosidl_typesupport_introspection_c.h
[1.948s] -- Up-to-date symlink: /workspaces/workspaces/Christiano_Roboto/ainex_project/install/servo_service/include/servo_service/servo_service/srv/detail/joint_position__rosidl_typesupport_introspection_c.h
[1.948s] -- Up-to-date symlink: /workspaces/workspaces/Christiano_Roboto/ainex_project/install/servo_service/include/servo_service/servo_service/srv/detail/joint_range__rosidl_typesupport_introspection_c.h
[1.948s] -- Up-to-date symlink: /workspaces/workspaces/Christiano_Roboto/ainex_project/install/servo_service/include/servo_service/servo_service/srv/detail/servo_deviation__rosidl_typesupport_introspection_c.h
[1.948s] -- Up-to-date symlink: /workspaces/workspaces/Christiano_Roboto/ainex_project/install/servo_service/include/servo_service/servo_service/srv/detail/servo_temp__rosidl_typesupport_introspection_c.h
[1.948s] -- Up-to-date symlink: /workspaces/workspaces/Christiano_Roboto/ainex_project/install/servo_service/include/servo_service/servo_service/srv/detail/servo_voltage__rosidl_typesupport_introspection_c.h
[1.948s] -- Up-to-date symlink: /workspaces/workspaces/Christiano_Roboto/ainex_project/install/servo_service/include/servo_service/servo_service/msg/detail/change_servo_positions__rosidl_typesupport_introspection_cpp.hpp
[1.951s] -- Up-to-date symlink: /workspaces/workspaces/Christiano_Roboto/ainex_project/install/servo_service/include/servo_service/servo_service/msg/detail/get_servo_positions__rosidl_typesupport_introspection_cpp.hpp
[1.952s] -- Up-to-date symlink: /workspaces/workspaces/Christiano_Roboto/ainex_project/install/servo_service/include/servo_service/servo_service/msg/detail/set_joint_lock__rosidl_typesupport_introspection_cpp.hpp
[1.953s] -- Up-to-date symlink: /workspaces/workspaces/Christiano_Roboto/ainex_project/install/servo_service/include/servo_service/servo_service/msg/detail/set_posture__rosidl_typesupport_introspection_cpp.hpp
[1.953s] -- Up-to-date symlink: /workspaces/workspaces/Christiano_Roboto/ainex_project/install/servo_service/include/servo_service/servo_service/msg/detail/set_servo_positions__rosidl_typesupport_introspection_cpp.hpp
[1.954s] -- Up-to-date symlink: /workspaces/workspaces/Christiano_Roboto/ainex_project/install/servo_service/include/servo_service/servo_service/srv/detail/joint_lock__rosidl_typesupport_introspection_cpp.hpp
[1.955s] -- Up-to-date symlink: /workspaces/workspaces/Christiano_Roboto/ainex_project/install/servo_service/include/servo_service/servo_service/srv/detail/joint_position__rosidl_typesupport_introspection_cpp.hpp
[1.955s] -- Up-to-date symlink: /workspaces/workspaces/Christiano_Roboto/ainex_project/install/servo_service/include/servo_service/servo_service/srv/detail/joint_range__rosidl_typesupport_introspection_cpp.hpp
[1.955s] -- Up-to-date symlink: /workspaces/workspaces/Christiano_Roboto/ainex_project/install/servo_service/include/servo_service/servo_service/srv/detail/servo_deviation__rosidl_typesupport_introspection_cpp.hpp
[1.956s] -- Up-to-date symlink: /workspaces/workspaces/Christiano_Roboto/ainex_project/install/servo_service/include/servo_service/servo_service/srv/detail/servo_temp__rosidl_typesupport_introspection_cpp.hpp
[1.956s] -- Up-to-date symlink: /workspaces/workspaces/Christiano_Roboto/ainex_project/install/servo_service/include/servo_service/servo_service/srv/detail/servo_voltage__rosidl_typesupport_introspection_cpp.hpp
[1.956s] -- Up-to-date symlink: /workspaces/workspaces/Christiano_Roboto/ainex_project/install/servo_service/share/servo_service/environment/pythonpath.sh
[1.956s] -- Up-to-date symlink: /workspaces/workspaces/Christiano_Roboto/ainex_project/install/servo_service/share/servo_service/environment/pythonpath.dsv
[1.956s] -- Up-to-date symlink: /workspaces/workspaces/Christiano_Roboto/ainex_project/install/servo_service/lib/python3.12/site-packages/servo_service-0.0.0-py3.12.egg-info/PKG-INFO
[1.956s] -- Up-to-date symlink: /workspaces/workspaces/Christiano_Roboto/ainex_project/install/servo_service/lib/python3.12/site-packages/servo_service-0.0.0-py3.12.egg-info/SOURCES.txt
[1.956s] -- Up-to-date symlink: /workspaces/workspaces/Christiano_Roboto/ainex_project/install/servo_service/lib/python3.12/site-packages/servo_service-0.0.0-py3.12.egg-info/dependency_links.txt
[1.956s] -- Up-to-date symlink: /workspaces/workspaces/Christiano_Roboto/ainex_project/install/servo_service/lib/python3.12/site-packages/servo_service-0.0.0-py3.12.egg-info/top_level.txt
[1.956s] -- Up-to-date symlink: /workspaces/workspaces/Christiano_Roboto/ainex_project/install/servo_service/lib/python3.12/site-packages/servo_service/__init__.py
[1.957s] -- Up-to-date symlink: /workspaces/workspaces/Christiano_Roboto/ainex_project/install/servo_service/lib/python3.12/site-packages/servo_service/_servo_service_s.ep.rosidl_typesupport_c.c
[1.957s] -- Up-to-date symlink: /workspaces/workspaces/Christiano_Roboto/ainex_project/install/servo_service/lib/python3.12/site-packages/servo_service/_servo_service_s.ep.rosidl_typesupport_fastrtps_c.c
[1.957s] -- Up-to-date symlink: /workspaces/workspaces/Christiano_Roboto/ainex_project/install/servo_service/lib/python3.12/site-packages/servo_service/_servo_service_s.ep.rosidl_typesupport_introspection_c.c
[1.957s] -- Up-to-date symlink: /workspaces/workspaces/Christiano_Roboto/ainex_project/install/servo_service/lib/python3.12/site-packages/servo_service/msg/__init__.py
[1.957s] -- Up-to-date symlink: /workspaces/workspaces/Christiano_Roboto/ainex_project/install/servo_service/lib/python3.12/site-packages/servo_service/msg/_change_servo_positions.py
[1.957s] -- Up-to-date symlink: /workspaces/workspaces/Christiano_Roboto/ainex_project/install/servo_service/lib/python3.12/site-packages/servo_service/msg/_change_servo_positions_s.c
[1.957s] -- Up-to-date symlink: /workspaces/workspaces/Christiano_Roboto/ainex_project/install/servo_service/lib/python3.12/site-packages/servo_service/msg/_get_servo_positions.py
[1.957s] -- Up-to-date symlink: /workspaces/workspaces/Christiano_Roboto/ainex_project/install/servo_service/lib/python3.12/site-packages/servo_service/msg/_get_servo_positions_s.c
[1.958s] -- Up-to-date symlink: /workspaces/workspaces/Christiano_Roboto/ainex_project/install/servo_service/lib/python3.12/site-packages/servo_service/msg/_set_joint_lock.py
[1.958s] -- Up-to-date symlink: /workspaces/workspaces/Christiano_Roboto/ainex_project/install/servo_service/lib/python3.12/site-packages/servo_service/msg/_set_joint_lock_s.c
[1.958s] -- Up-to-date symlink: /workspaces/workspaces/Christiano_Roboto/ainex_project/install/servo_service/lib/python3.12/site-packages/servo_service/msg/_set_posture.py
[1.958s] -- Up-to-date symlink: /workspaces/workspaces/Christiano_Roboto/ainex_project/install/servo_service/lib/python3.12/site-packages/servo_service/msg/_set_posture_s.c
[1.959s] -- Up-to-date symlink: /workspaces/workspaces/Christiano_Roboto/ainex_project/install/servo_service/lib/python3.12/site-packages/servo_service/msg/_set_servo_positions.py
[1.959s] -- Up-to-date symlink: /workspaces/workspaces/Christiano_Roboto/ainex_project/install/servo_service/lib/python3.12/site-packages/servo_service/msg/_set_servo_positions_s.c
[1.959s] -- Up-to-date symlink: /workspaces/workspaces/Christiano_Roboto/ainex_project/install/servo_service/lib/python3.12/site-packages/servo_service/servo_service_s__rosidl_typesupport_c.so
[1.959s] -- Up-to-date symlink: /workspaces/workspaces/Christiano_Roboto/ainex_project/install/servo_service/lib/python3.12/site-packages/servo_service/servo_service_s__rosidl_typesupport_fastrtps_c.so
[1.961s] -- Up-to-date symlink: /workspaces/workspaces/Christiano_Roboto/ainex_project/install/servo_service/lib/python3.12/site-packages/servo_service/servo_service_s__rosidl_typesupport_introspection_c.so
[1.961s] -- Up-to-date symlink: /workspaces/workspaces/Christiano_Roboto/ainex_project/install/servo_service/lib/python3.12/site-packages/servo_service/srv/__init__.py
[1.961s] -- Up-to-date symlink: /workspaces/workspaces/Christiano_Roboto/ainex_project/install/servo_service/lib/python3.12/site-packages/servo_service/srv/_joint_lock.py
[1.961s] -- Up-to-date symlink: /workspaces/workspaces/Christiano_Roboto/ainex_project/install/servo_service/lib/python3.12/site-packages/servo_service/srv/_joint_lock_s.c
[1.961s] -- Up-to-date symlink: /workspaces/workspaces/Christiano_Roboto/ainex_project/install/servo_service/lib/python3.12/site-packages/servo_service/srv/_joint_position.py
[1.961s] -- Up-to-date symlink: /workspaces/workspaces/Christiano_Roboto/ainex_project/install/servo_service/lib/python3.12/site-packages/servo_service/srv/_joint_position_s.c
[1.962s] -- Up-to-date symlink: /workspaces/workspaces/Christiano_Roboto/ainex_project/install/servo_service/lib/python3.12/site-packages/servo_service/srv/_joint_range.py
[1.962s] -- Up-to-date symlink: /workspaces/workspaces/Christiano_Roboto/ainex_project/install/servo_service/lib/python3.12/site-packages/servo_service/srv/_joint_range_s.c
[1.962s] -- Up-to-date symlink: /workspaces/workspaces/Christiano_Roboto/ainex_project/install/servo_service/lib/python3.12/site-packages/servo_service/srv/_servo_deviation.py
[1.962s] -- Up-to-date symlink: /workspaces/workspaces/Christiano_Roboto/ainex_project/install/servo_service/lib/python3.12/site-packages/servo_service/srv/_servo_deviation_s.c
[1.962s] -- Up-to-date symlink: /workspaces/workspaces/Christiano_Roboto/ainex_project/install/servo_service/lib/python3.12/site-packages/servo_service/srv/_servo_temp.py
[1.962s] -- Up-to-date symlink: /workspaces/workspaces/Christiano_Roboto/ainex_project/install/servo_service/lib/python3.12/site-packages/servo_service/srv/_servo_temp_s.c
[1.962s] -- Up-to-date symlink: /workspaces/workspaces/Christiano_Roboto/ainex_project/install/servo_service/lib/python3.12/site-packages/servo_service/srv/_servo_voltage.py
[1.962s] -- Up-to-date symlink: /workspaces/workspaces/Christiano_Roboto/ainex_project/install/servo_service/lib/python3.12/site-packages/servo_service/srv/_servo_voltage_s.c
[1.962s] -- Up-to-date symlink: /workspaces/workspaces/Christiano_Roboto/ainex_project/install/servo_service/lib/python3.12/site-packages/servo_service/servo_service_s__rosidl_typesupport_fastrtps_c.so
[1.962s] -- Up-to-date symlink: /workspaces/workspaces/Christiano_Roboto/ainex_project/install/servo_service/lib/python3.12/site-packages/servo_service/servo_service_s__rosidl_typesupport_introspection_c.so
[1.963s] -- Up-to-date symlink: /workspaces/workspaces/Christiano_Roboto/ainex_project/install/servo_service/lib/python3.12/site-packages/servo_service/servo_service_s__rosidl_typesupport_c.so
[1.963s] -- Up-to-date symlink: /workspaces/workspaces/Christiano_Roboto/ainex_project/install/servo_service/share/servo_service/msg/ChangeServoPositions.idl
[1.963s] -- Up-to-date symlink: /workspaces/workspaces/Christiano_Roboto/ainex_project/install/servo_service/share/servo_service/msg/SetServoPositions.idl
[1.963s] -- Up-to-date symlink: /workspaces/workspaces/Christiano_Roboto/ainex_project/install/servo_service/share/servo_service/msg/SetJointLock.idl
[1.963s] -- Up-to-date symlink: /workspaces/workspaces/Christiano_Roboto/ainex_project/install/servo_service/share/servo_service/msg/GetServoPositions.idl
[1.963s] -- Up-to-date symlink: /workspaces/workspaces/Christiano_Roboto/ainex_project/install/servo_service/share/servo_service/msg/SetPosture.idl
[1.964s] -- Up-to-date symlink: /workspaces/workspaces/Christiano_Roboto/ainex_project/install/servo_service/share/servo_service/srv/JointLock.idl
[1.964s] -- Up-to-date symlink: /workspaces/workspaces/Christiano_Roboto/ainex_project/install/servo_service/share/servo_service/srv/ServoTemp.idl
[1.965s] -- Up-to-date symlink: /workspaces/workspaces/Christiano_Roboto/ainex_project/install/servo_service/share/servo_service/srv/ServoDeviation.idl
[1.965s] -- Up-to-date symlink: /workspaces/workspaces/Christiano_Roboto/ainex_project/install/servo_service/share/servo_service/srv/ServoVoltage.idl
[1.966s] -- Up-to-date symlink: /workspaces/workspaces/Christiano_Roboto/ainex_project/install/servo_service/share/servo_service/srv/JointPosition.idl
[1.967s] -- Up-to-date symlink: /workspaces/workspaces/Christiano_Roboto/ainex_project/install/servo_service/share/servo_service/srv/JointRange.idl
[1.967s] -- Up-to-date symlink: /workspaces/workspaces/Christiano_Roboto/ainex_project/install/servo_service/share/servo_service/msg/ChangeServoPositions.msg
[1.967s] -- Up-to-date symlink: /workspaces/workspaces/Christiano_Roboto/ainex_project/install/servo_service/share/servo_service/msg/SetServoPositions.msg
[1.968s] -- Up-to-date symlink: /workspaces/workspaces/Christiano_Roboto/ainex_project/install/servo_service/share/servo_service/msg/SetJointLock.msg
[1.968s] -- Up-to-date symlink: /workspaces/workspaces/Christiano_Roboto/ainex_project/install/servo_service/share/servo_service/msg/GetServoPositions.msg
[1.969s] -- Up-to-date symlink: /workspaces/workspaces/Christiano_Roboto/ainex_project/install/servo_service/share/servo_service/msg/SetPosture.msg
[1.969s] -- Up-to-date symlink: /workspaces/workspaces/Christiano_Roboto/ainex_project/install/servo_service/share/servo_service/srv/JointLock.srv
[1.970s] -- Up-to-date symlink: /workspaces/workspaces/Christiano_Roboto/ainex_project/install/servo_service/share/servo_service/srv/ServoTemp.srv
[1.970s] -- Up-to-date symlink: /workspaces/workspaces/Christiano_Roboto/ainex_project/install/servo_service/share/servo_service/srv/ServoDeviation.srv
[1.971s] -- Up-to-date symlink: /workspaces/workspaces/Christiano_Roboto/ainex_project/install/servo_service/share/servo_service/srv/ServoVoltage.srv
[1.971s] -- Up-to-date symlink: /workspaces/workspaces/Christiano_Roboto/ainex_project/install/servo_service/share/servo_service/srv/JointPosition.srv
[1.972s] -- Up-to-date symlink: /workspaces/workspaces/Christiano_Roboto/ainex_project/install/servo_service/share/servo_service/srv/JointRange.srv
[1.972s] -- Up-to-date symlink: /workspaces/workspaces/Christiano_Roboto/ainex_project/install/servo_service/share/ament_index/resource_index/package_run_dependencies/servo_service
[1.973s] -- Up-to-date symlink: /workspaces/workspaces/Christiano_Roboto/ainex_project/install/servo_service/share/ament_index/resource_index/parent_prefix_path/servo_service
[1.973s] -- Up-to-date symlink: /workspaces/workspaces/Christiano_Roboto/ainex_project/install/servo_service/share/servo_service/environment/ament_prefix_path.sh
[1.973s] -- Up-to-date symlink: /workspaces/workspaces/Christiano_Roboto/ainex_project/install/servo_service/share/servo_service/environment/ament_prefix_path.dsv
[1.974s] -- Up-to-date symlink: /workspaces/workspaces/Christiano_Roboto/ainex_project/install/servo_service/share/servo_service/environment/path.sh
[1.974s] -- Up-to-date symlink: /workspaces/workspaces/Christiano_Roboto/ainex_project/install/servo_service/share/servo_service/environment/path.dsv
[1.975s] -- Up-to-date symlink: /workspaces/workspaces/Christiano_Roboto/ainex_project/install/servo_service/share/servo_service/local_setup.bash
[1.975s] -- Up-to-date symlink: /workspaces/workspaces/Christiano_Roboto/ainex_project/install/servo_service/share/servo_service/local_setup.sh
[1.979s] -- Up-to-date symlink: /workspaces/workspaces/Christiano_Roboto/ainex_project/install/servo_service/share/servo_service/local_setup.zsh
[1.979s] -- Up-to-date symlink: /workspaces/workspaces/Christiano_Roboto/ainex_project/install/servo_service/share/servo_service/local_setup.dsv
[1.979s] -- Symlinking: /workspaces/workspaces/Christiano_Roboto/ainex_project/install/servo_service/share/servo_service/package.dsv
[1.995s] -- Up-to-date symlink: /workspaces/workspaces/Christiano_Roboto/ainex_project/install/servo_service/share/ament_index/resource_index/packages/servo_service
[1.995s] -- Up-to-date symlink: /workspaces/workspaces/Christiano_Roboto/ainex_project/install/servo_service/share/servo_service/cmake/rosidl_cmake-extras.cmake
[1.995s] -- Up-to-date symlink: /workspaces/workspaces/Christiano_Roboto/ainex_project/install/servo_service/share/servo_service/cmake/ament_cmake_export_dependencies-extras.cmake
[1.996s] -- Up-to-date symlink: /workspaces/workspaces/Christiano_Roboto/ainex_project/install/servo_service/share/servo_service/cmake/ament_cmake_export_include_directories-extras.cmake
[1.996s] -- Up-to-date symlink: /workspaces/workspaces/Christiano_Roboto/ainex_project/install/servo_service/share/servo_service/cmake/ament_cmake_export_libraries-extras.cmake
[1.997s] -- Up-to-date symlink: /workspaces/workspaces/Christiano_Roboto/ainex_project/install/servo_service/share/servo_service/cmake/ament_cmake_export_targets-extras.cmake
[1.997s] -- Up-to-date symlink: /workspaces/workspaces/Christiano_Roboto/ainex_project/install/servo_service/share/servo_service/cmake/rosidl_cmake_export_typesupport_targets-extras.cmake
[1.998s] -- Up-to-date symlink: /workspaces/workspaces/Christiano_Roboto/ainex_project/install/servo_service/share/servo_service/cmake/rosidl_cmake_export_typesupport_libraries-extras.cmake
[1.998s] -- Up-to-date symlink: /workspaces/workspaces/Christiano_Roboto/ainex_project/install/servo_service/share/servo_service/cmake/servo_serviceConfig.cmake
[1.998s] -- Up-to-date symlink: /workspaces/workspaces/Christiano_Roboto/ainex_project/install/servo_service/share/servo_service/cmake/servo_serviceConfig-version.cmake
[1.999s] -- Up-to-date symlink: /workspaces/workspaces/Christiano_Roboto/ainex_project/install/servo_service/share/servo_service/package.xml
[1.999s] -- Up-to-date: /workspaces/workspaces/Christiano_Roboto/ainex_project/install/servo_service/lib/libservo_service__rosidl_generator_c.so
[2.000s] -- Up-to-date: /workspaces/workspaces/Christiano_Roboto/ainex_project/install/servo_service/lib/libservo_service__rosidl_typesupport_fastrtps_c.so
[2.001s] -- Up-to-date: /workspaces/workspaces/Christiano_Roboto/ainex_project/install/servo_service/lib/libservo_service__rosidl_typesupport_fastrtps_cpp.so
[2.002s] -- Up-to-date: /workspaces/workspaces/Christiano_Roboto/ainex_project/install/servo_service/lib/libservo_service__rosidl_typesupport_introspection_c.so
[2.002s] -- Up-to-date: /workspaces/workspaces/Christiano_Roboto/ainex_project/install/servo_service/lib/libservo_service__rosidl_typesupport_c.so
[2.003s] -- Up-to-date: /workspaces/workspaces/Christiano_Roboto/ainex_project/install/servo_service/lib/libservo_service__rosidl_typesupport_introspection_cpp.so
[2.004s] -- Up-to-date: /workspaces/workspaces/Christiano_Roboto/ainex_project/install/servo_service/lib/libservo_service__rosidl_typesupport_cpp.so
[2.085s] Listing '/workspaces/workspaces/Christiano_Roboto/ainex_project/install/servo_service/lib/python3.12/site-packages/servo_service'...
[2.085s] Listing '/workspaces/workspaces/Christiano_Roboto/ainex_project/install/servo_service/lib/python3.12/site-packages/servo_service/msg'...
[2.085s] Listing '/workspaces/workspaces/Christiano_Roboto/ainex_project/install/servo_service/lib/python3.12/site-packages/servo_service/srv'...
[2.092s] -- Up-to-date: /workspaces/workspaces/Christiano_Roboto/ainex_project/install/servo_service/lib/libservo_service__rosidl_generator_py.so
[2.092s] -- Up-to-date: /workspaces/workspaces/Christiano_Roboto/ainex_project/install/servo_service/share/servo_service/cmake/export_servo_service__rosidl_generator_cExport.cmake
[2.092s] -- Up-to-date: /workspaces/workspaces/Christiano_Roboto/ainex_project/install/servo_service/share/servo_service/cmake/export_servo_service__rosidl_generator_cExport-noconfig.cmake
[2.092s] -- Up-to-date: /workspaces/workspaces/Christiano_Roboto/ainex_project/install/servo_service/share/servo_service/cmake/export_servo_service__rosidl_typesupport_fastrtps_cExport.cmake
[2.093s] -- Up-to-date: /workspaces/workspaces/Christiano_Roboto/ainex_project/install/servo_service/share/servo_service/cmake/export_servo_service__rosidl_typesupport_fastrtps_cExport-noconfig.cmake
[2.093s] -- Up-to-date: /workspaces/workspaces/Christiano_Roboto/ainex_project/install/servo_service/share/servo_service/cmake/export_servo_service__rosidl_generator_cppExport.cmake
[2.093s] -- Up-to-date: /workspaces/workspaces/Christiano_Roboto/ainex_project/install/servo_service/share/servo_service/cmake/export_servo_service__rosidl_typesupport_fastrtps_cppExport.cmake
[2.093s] -- Up-to-date: /workspaces/workspaces/Christiano_Roboto/ainex_project/install/servo_service/share/servo_service/cmake/export_servo_service__rosidl_typesupport_fastrtps_cppExport-noconfig.cmake
[2.093s] -- Up-to-date: /workspaces/workspaces/Christiano_Roboto/ainex_project/install/servo_service/share/servo_service/cmake/servo_service__rosidl_typesupport_introspection_cExport.cmake
[2.094s] -- Up-to-date: /workspaces/workspaces/Christiano_Roboto/ainex_project/install/servo_service/share/servo_service/cmake/servo_service__rosidl_typesupport_introspection_cExport-noconfig.cmake
[2.094s] -- Up-to-date: /workspaces/workspaces/Christiano_Roboto/ainex_project/install/servo_service/share/servo_service/cmake/servo_service__rosidl_typesupport_cExport.cmake
[2.094s] -- Up-to-date: /workspaces/workspaces/Christiano_Roboto/ainex_project/install/servo_service/share/servo_service/cmake/servo_service__rosidl_typesupport_cExport-noconfig.cmake
[2.094s] -- Up-to-date: /workspaces/workspaces/Christiano_Roboto/ainex_project/install/servo_service/share/servo_service/cmake/servo_service__rosidl_typesupport_introspection_cppExport.cmake
[2.094s] -- Up-to-date: /workspaces/workspaces/Christiano_Roboto/ainex_project/install/servo_service/share/servo_service/cmake/servo_service__rosidl_typesupport_introspection_cppExport-noconfig.cmake
[2.094s] -- Up-to-date: /workspaces/workspaces/Christiano_Roboto/ainex_project/install/servo_service/share/servo_service/cmake/servo_service__rosidl_typesupport_cppExport.cmake
[2.095s] -- Up-to-date: /workspaces/workspaces/Christiano_Roboto/ainex_project/install/servo_service/share/servo_service/cmake/servo_service__rosidl_typesupport_cppExport-noconfig.cmake
[2.095s] -- Up-to-date: /workspaces/workspaces/Christiano_Roboto/ainex_project/install/servo_service/share/servo_service/cmake/export_servo_service__rosidl_generator_pyExport.cmake
[2.095s] -- Up-to-date: /workspaces/workspaces/Christiano_Roboto/ainex_project/install/servo_service/share/servo_service/cmake/export_servo_service__rosidl_generator_pyExport-noconfig.cmake
[2.097s] Invoked command in '/workspaces/workspaces/Christiano_Roboto/ainex_project/build/servo_service' returned '0': CMAKE_PREFIX_PATH=${CMAKE_PREFIX_PATH}:/workspaces/workspaces/Christiano_Roboto/ainex_project/install/whole_body_control:/workspaces/workspaces/Christiano_Roboto/ainex_project/install/simulator:/workspaces/workspaces/Christiano_Roboto/ainex_project/install/ainex_motion:/workspaces/workspaces/Christiano_Roboto/ainex_project/install/ainex_vision:/opt/ros/rolling /usr/bin/cmake --install /workspaces/workspaces/Christiano_Roboto/ainex_project/build/servo_service
