[1.985s] Invoking command in '/workspaces/workspaces/Christiano_Roboto/ainex_project/build/ainex_vision': PYTHONPATH=/workspaces/workspaces/Christiano_Roboto/ainex_project/build/ainex_vision/prefix_override:/usr/lib/python3/dist-packages/colcon_core/task/python/colcon_distutils_commands:/workspaces/workspaces/Christiano_Roboto/ainex_project/install/ainex_vision/lib/python3.12/site-packages:${PYTHONPATH} /usr/bin/python3 -W ignore:setup.py install is deprecated -W ignore:easy_install command is deprecated setup.py develop --editable --build-directory /workspaces/workspaces/Christiano_Roboto/ainex_project/build/ainex_vision/build --no-deps symlink_data
[2.605s] running develop
[2.975s] running egg_info
[2.975s] creating ainex_vision.egg-info
[3.007s] writing ainex_vision.egg-info/PKG-INFO
[3.008s] writing dependency_links to ainex_vision.egg-info/dependency_links.txt
[3.008s] writing entry points to ainex_vision.egg-info/entry_points.txt
[3.008s] writing requirements to ainex_vision.egg-info/requires.txt
[3.008s] writing top-level names to ainex_vision.egg-info/top_level.txt
[3.010s] writing manifest file 'ainex_vision.egg-info/SOURCES.txt'
[4.027s] reading manifest file 'ainex_vision.egg-info/SOURCES.txt'
[4.028s] writing manifest file 'ainex_vision.egg-info/SOURCES.txt'
[4.063s] running build_ext
[4.063s] Creating /workspaces/workspaces/Christiano_Roboto/ainex_project/install/ainex_vision/lib/python3.12/site-packages/ainex-vision.egg-link (link to .)
[4.064s] Installing camera_sub script to /workspaces/workspaces/Christiano_Roboto/ainex_project/install/ainex_vision/lib/ainex_vision
[4.064s] 
[4.064s] Installed /workspaces/workspaces/Christiano_Roboto/ainex_project/build/ainex_vision
[4.064s] running symlink_data
[4.064s] creating /workspaces/workspaces/Christiano_Roboto/ainex_project/install/ainex_vision/share/ament_index
[4.064s] creating /workspaces/workspaces/Christiano_Roboto/ainex_project/install/ainex_vision/share/ament_index/resource_index
[4.064s] creating /workspaces/workspaces/Christiano_Roboto/ainex_project/install/ainex_vision/share/ament_index/resource_index/packages
[4.064s] symbolically linking /workspaces/workspaces/Christiano_Roboto/ainex_project/build/ainex_vision/resource/ainex_vision -> /workspaces/workspaces/Christiano_Roboto/ainex_project/install/ainex_vision/share/ament_index/resource_index/packages
[4.065s] symbolically linking /workspaces/workspaces/Christiano_Roboto/ainex_project/build/ainex_vision/package.xml -> /workspaces/workspaces/Christiano_Roboto/ainex_project/install/ainex_vision/share/ainex_vision
[4.120s] Invoked command in '/workspaces/workspaces/Christiano_Roboto/ainex_project/build/ainex_vision' returned '0': PYTHONPATH=/workspaces/workspaces/Christiano_Roboto/ainex_project/build/ainex_vision/prefix_override:/usr/lib/python3/dist-packages/colcon_core/task/python/colcon_distutils_commands:/workspaces/workspaces/Christiano_Roboto/ainex_project/install/ainex_vision/lib/python3.12/site-packages:${PYTHONPATH} /usr/bin/python3 -W ignore:setup.py install is deprecated -W ignore:easy_install command is deprecated setup.py develop --editable --build-directory /workspaces/workspaces/Christiano_Roboto/ainex_project/build/ainex_vision/build --no-deps symlink_data
