[0.039s] Invoking command in '/workspaces/workspaces/Christiano_Roboto/ainex_project/build/servo_service': CMAKE_PREFIX_PATH=${CMAKE_PREFIX_PATH}:/workspaces/workspaces/Christiano_Roboto/ainex_project/install/whole_body_control:/workspaces/workspaces/Christiano_Roboto/ainex_project/install/simulator:/workspaces/workspaces/Christiano_Roboto/ainex_project/install/ainex_motion:/workspaces/workspaces/Christiano_Roboto/ainex_project/install/ainex_vision:/opt/ros/rolling /usr/bin/cmake --build /workspaces/workspaces/Christiano_Roboto/ainex_project/build/servo_service -- -j8 -l8
[0.416s] [  1%] Built target servo_service__rosidl_generator_type_description
[0.417s] [  1%] Built target ament_cmake_python_symlink_servo_service
[0.417s] [  1%] Built target servo_service__cpp
[0.418s] [ 27%] Built target servo_service__rosidl_generator_c
[0.418s] [ 37%] Built target servo_service__rosidl_typesupport_fastrtps_cpp
[0.418s] [ 47%] Built target servo_service__rosidl_typesupport_c
[0.418s] [ 57%] Built target servo_service__rosidl_typesupport_introspection_cpp
[0.418s] [ 67%] Built target servo_service__rosidl_typesupport_fastrtps_c
[0.419s] [ 76%] Built target servo_service__rosidl_typesupport_cpp
[0.419s] [ 85%] Built target servo_service__rosidl_typesupport_introspection_c
[0.419s] [ 85%] Built target servo_service
[0.419s] [ 86%] Built target servo_service__py
[0.419s] [ 95%] Built target servo_service__rosidl_generator_py
[0.419s] [ 99%] Built target servo_service_s__rosidl_typesupport_introspection_c
[0.419s] [ 99%] Built target servo_service_s__rosidl_typesupport_c
[0.419s] [100%] Built target servo_service_s__rosidl_typesupport_fastrtps_c
[0.496s] running egg_info
[0.521s] writing servo_service.egg-info/PKG-INFO
[0.521s] writing dependency_links to servo_service.egg-info/dependency_links.txt
[0.522s] writing top-level names to servo_service.egg-info/top_level.txt
[1.461s] writing manifest file 'servo_service.egg-info/SOURCES.txt'
[1.497s] [100%] Built target ament_cmake_python_build_servo_service_egg
[1.515s] Invoked command in '/workspaces/workspaces/Christiano_Roboto/ainex_project/build/servo_service' returned '0': CMAKE_PREFIX_PATH=${CMAKE_PREFIX_PATH}:/workspaces/workspaces/Christiano_Roboto/ainex_project/install/whole_body_control:/workspaces/workspaces/Christiano_Roboto/ainex_project/install/simulator:/workspaces/workspaces/Christiano_Roboto/ainex_project/install/ainex_motion:/workspaces/workspaces/Christiano_Roboto/ainex_project/install/ainex_vision:/opt/ros/rolling /usr/bin/cmake --build /workspaces/workspaces/Christiano_Roboto/ainex_project/build/servo_service -- -j8 -l8
[1.516s] Invoking command in '/workspaces/workspaces/Christiano_Roboto/ainex_project/build/servo_service': CMAKE_PREFIX_PATH=${CMAKE_PREFIX_PATH}:/workspaces/workspaces/Christiano_Roboto/ainex_project/install/whole_body_control:/workspaces/workspaces/Christiano_Roboto/ainex_project/install/simulator:/workspaces/workspaces/Christiano_Roboto/ainex_project/install/ainex_motion:/workspaces/workspaces/Christiano_Roboto/ainex_project/install/ainex_vision:/opt/ros/rolling /usr/bin/cmake --install /workspaces/workspaces/Christiano_Roboto/ainex_project/build/servo_service
[1.530s] -- Install configuration: ""
[1.531s] -- Execute custom install script
[1.532s] -- Up-to-date symlink: /workspaces/workspaces/Christiano_Roboto/ainex_project/install/servo_service/share/ament_index/resource_index/rosidl_interfaces/servo_service
[1.532s] -- Up-to-date symlink: /workspaces/workspaces/Christiano_Roboto/ainex_project/install/servo_service/share/servo_service/msg/ChangeServoPositions.json
[1.532s] -- Up-to-date symlink: /workspaces/workspaces/Christiano_Roboto/ainex_project/install/servo_service/share/servo_service/msg/SetServoPositions.json
[1.533s] -- Up-to-date symlink: /workspaces/workspaces/Christiano_Roboto/ainex_project/install/servo_service/share/servo_service/msg/SetJointLock.json
[1.533s] -- Up-to-date symlink: /workspaces/workspaces/Christiano_Roboto/ainex_project/install/servo_service/share/servo_service/msg/GetServoPositions.json
[1.533s] -- Up-to-date symlink: /workspaces/workspaces/Christiano_Roboto/ainex_project/install/servo_service/share/servo_service/msg/SetPosture.json
[1.533s] -- Up-to-date symlink: /workspaces/workspaces/Christiano_Roboto/ainex_project/install/servo_service/share/servo_service/srv/JointLock.json
[1.534s] -- Up-to-date symlink: /workspaces/workspaces/Christiano_Roboto/ainex_project/install/servo_service/share/servo_service/srv/ServoTemp.json
[1.534s] -- Up-to-date symlink: /workspaces/workspaces/Christiano_Roboto/ainex_project/install/servo_service/share/servo_service/srv/ServoDeviation.json
[1.534s] -- Up-to-date symlink: /workspaces/workspaces/Christiano_Roboto/ainex_project/install/servo_service/share/servo_service/srv/ServoVoltage.json
[1.535s] -- Up-to-date symlink: /workspaces/workspaces/Christiano_Roboto/ainex_project/install/servo_service/share/servo_service/srv/JointPosition.json
[1.535s] -- Up-to-date symlink: /workspaces/workspaces/Christiano_Roboto/ainex_project/install/servo_service/share/servo_service/srv/JointRange.json
[1.536s] -- Up-to-date symlink: /workspaces/workspaces/Christiano_Roboto/ainex_project/install/servo_service/include/servo_service/servo_service/msg/change_servo_positions.h
[1.536s] -- Up-to-date symlink: /workspaces/workspaces/Christiano_Roboto/ainex_project/install/servo_service/include/servo_service/servo_service/msg/detail/change_servo_positions__functions.h
[1.536s] -- Up-to-date symlink: /workspaces/workspaces/Christiano_Roboto/ainex_project/install/servo_service/include/servo_service/servo_service/msg/detail/change_servo_positions__struct.h
[1.537s] -- Up-to-date symlink: /workspaces/workspaces/Christiano_Roboto/ainex_project/install/servo_service/include/servo_service/servo_service/msg/detail/change_servo_positions__type_support.h
[1.537s] -- Up-to-date symlink: /workspaces/workspaces/Christiano_Roboto/ainex_project/install/servo_service/include/servo_service/servo_service/msg/detail/get_servo_positions__functions.h
[1.537s] -- Up-to-date symlink: /workspaces/workspaces/Christiano_Roboto/ainex_project/install/servo_service/include/servo_service/servo_service/msg/detail/get_servo_positions__struct.h
[1.537s] -- Up-to-date symlink: /workspaces/workspaces/Christiano_Roboto/ainex_project/install/servo_service/include/servo_service/servo_service/msg/detail/get_servo_positions__type_support.h
[1.537s] -- Up-to-date symlink: /workspaces/workspaces/Christiano_Roboto/ainex_project/install/servo_service/include/servo_service/servo_service/msg/detail/set_joint_lock__functions.h
[1.538s] -- Up-to-date symlink: /workspaces/workspaces/Christiano_Roboto/ainex_project/install/servo_service/include/servo_service/servo_service/msg/detail/set_joint_lock__struct.h
[1.538s] -- Up-to-date symlink: /workspaces/workspaces/Christiano_Roboto/ainex_project/install/servo_service/include/servo_service/servo_service/msg/detail/set_joint_lock__type_support.h
[1.538s] -- Up-to-date symlink: /workspaces/workspaces/Christiano_Roboto/ainex_project/install/servo_service/include/servo_service/servo_service/msg/detail/set_posture__functions.h
[1.538s] -- Up-to-date symlink: /workspaces/workspaces/Christiano_Roboto/ainex_project/install/servo_service/include/servo_service/servo_service/msg/detail/set_posture__struct.h
[1.538s] -- Up-to-date symlink: /workspaces/workspaces/Christiano_Roboto/ainex_project/install/servo_service/include/servo_service/servo_service/msg/detail/set_posture__type_support.h
[1.539s] -- Up-to-date symlink: /workspaces/workspaces/Christiano_Roboto/ainex_project/install/servo_service/include/servo_service/servo_service/msg/detail/set_servo_positions__functions.h
[1.539s] -- Up-to-date symlink: /workspaces/workspaces/Christiano_Roboto/ainex_project/install/servo_service/include/servo_service/servo_service/msg/detail/set_servo_positions__struct.h
[1.539s] -- Up-to-date symlink: /workspaces/workspaces/Christiano_Roboto/ainex_project/install/servo_service/include/servo_service/servo_service/msg/detail/set_servo_positions__type_support.h
[1.539s] -- Up-to-date symlink: /workspaces/workspaces/Christiano_Roboto/ainex_project/install/servo_service/include/servo_service/servo_service/msg/get_servo_positions.h
[1.540s] -- Up-to-date symlink: /workspaces/workspaces/Christiano_Roboto/ainex_project/install/servo_service/include/servo_service/servo_service/msg/rosidl_generator_c__visibility_control.h
[1.540s] -- Up-to-date symlink: /workspaces/workspaces/Christiano_Roboto/ainex_project/install/servo_service/include/servo_service/servo_service/msg/set_joint_lock.h
[1.540s] -- Up-to-date symlink: /workspaces/workspaces/Christiano_Roboto/ainex_project/install/servo_service/include/servo_service/servo_service/msg/set_posture.h
[1.540s] -- Up-to-date symlink: /workspaces/workspaces/Christiano_Roboto/ainex_project/install/servo_service/include/servo_service/servo_service/msg/set_servo_positions.h
[1.540s] -- Up-to-date symlink: /workspaces/workspaces/Christiano_Roboto/ainex_project/install/servo_service/include/servo_service/servo_service/srv/detail/joint_lock__functions.h
[1.541s] -- Up-to-date symlink: /workspaces/workspaces/Christiano_Roboto/ainex_project/install/servo_service/include/servo_service/servo_service/srv/detail/joint_lock__struct.h
[1.541s] -- Up-to-date symlink: /workspaces/workspaces/Christiano_Roboto/ainex_project/install/servo_service/include/servo_service/servo_service/srv/detail/joint_lock__type_support.h
[1.541s] -- Up-to-date symlink: /workspaces/workspaces/Christiano_Roboto/ainex_project/install/servo_service/include/servo_service/servo_service/srv/detail/joint_position__functions.h
[1.541s] -- Up-to-date symlink: /workspaces/workspaces/Christiano_Roboto/ainex_project/install/servo_service/include/servo_service/servo_service/srv/detail/joint_position__struct.h
[1.541s] -- Up-to-date symlink: /workspaces/workspaces/Christiano_Roboto/ainex_project/install/servo_service/include/servo_service/servo_service/srv/detail/joint_position__type_support.h
[1.542s] -- Up-to-date symlink: /workspaces/workspaces/Christiano_Roboto/ainex_project/install/servo_service/include/servo_service/servo_service/srv/detail/joint_range__functions.h
[1.542s] -- Up-to-date symlink: /workspaces/workspaces/Christiano_Roboto/ainex_project/install/servo_service/include/servo_service/servo_service/srv/detail/joint_range__struct.h
[1.542s] -- Up-to-date symlink: /workspaces/workspaces/Christiano_Roboto/ainex_project/install/servo_service/include/servo_service/servo_service/srv/detail/joint_range__type_support.h
[1.542s] -- Up-to-date symlink: /workspaces/workspaces/Christiano_Roboto/ainex_project/install/servo_service/include/servo_service/servo_service/srv/detail/servo_deviation__functions.h
[1.543s] -- Up-to-date symlink: /workspaces/workspaces/Christiano_Roboto/ainex_project/install/servo_service/include/servo_service/servo_service/srv/detail/servo_deviation__struct.h
[1.543s] -- Up-to-date symlink: /workspaces/workspaces/Christiano_Roboto/ainex_project/install/servo_service/include/servo_service/servo_service/srv/detail/servo_deviation__type_support.h
[1.543s] -- Up-to-date symlink: /workspaces/workspaces/Christiano_Roboto/ainex_project/install/servo_service/include/servo_service/servo_service/srv/detail/servo_temp__functions.h
[1.543s] -- Up-to-date symlink: /workspaces/workspaces/Christiano_Roboto/ainex_project/install/servo_service/include/servo_service/servo_service/srv/detail/servo_temp__struct.h
[1.543s] -- Up-to-date symlink: /workspaces/workspaces/Christiano_Roboto/ainex_project/install/servo_service/include/servo_service/servo_service/srv/detail/servo_temp__type_support.h
[1.543s] -- Up-to-date symlink: /workspaces/workspaces/Christiano_Roboto/ainex_project/install/servo_service/include/servo_service/servo_service/srv/detail/servo_voltage__functions.h
[1.544s] -- Up-to-date symlink: /workspaces/workspaces/Christiano_Roboto/ainex_project/install/servo_service/include/servo_service/servo_service/srv/detail/servo_voltage__struct.h
[1.544s] -- Up-to-date symlink: /workspaces/workspaces/Christiano_Roboto/ainex_project/install/servo_service/include/servo_service/servo_service/srv/detail/servo_voltage__type_support.h
[1.544s] -- Up-to-date symlink: /workspaces/workspaces/Christiano_Roboto/ainex_project/install/servo_service/include/servo_service/servo_service/srv/joint_lock.h
[1.544s] -- Up-to-date symlink: /workspaces/workspaces/Christiano_Roboto/ainex_project/install/servo_service/include/servo_service/servo_service/srv/joint_position.h
[1.544s] -- Up-to-date symlink: /workspaces/workspaces/Christiano_Roboto/ainex_project/install/servo_service/include/servo_service/servo_service/srv/joint_range.h
[1.545s] -- Up-to-date symlink: /workspaces/workspaces/Christiano_Roboto/ainex_project/install/servo_service/include/servo_service/servo_service/srv/servo_deviation.h
[1.545s] -- Up-to-date symlink: /workspaces/workspaces/Christiano_Roboto/ainex_project/install/servo_service/include/servo_service/servo_service/srv/servo_temp.h
[1.545s] -- Up-to-date symlink: /workspaces/workspaces/Christiano_Roboto/ainex_project/install/servo_service/include/servo_service/servo_service/srv/servo_voltage.h
[1.546s] -- Up-to-date symlink: /workspaces/workspaces/Christiano_Roboto/ainex_project/install/servo_service/share/servo_service/environment/library_path.sh
[1.546s] -- Up-to-date symlink: /workspaces/workspaces/Christiano_Roboto/ainex_project/install/servo_service/share/servo_service/environment/library_path.dsv
[1.547s] -- Up-to-date symlink: /workspaces/workspaces/Christiano_Roboto/ainex_project/install/servo_service/include/servo_service/servo_service/msg/detail/change_servo_positions__rosidl_typesupport_fastrtps_c.h
[1.547s] -- Up-to-date symlink: /workspaces/workspaces/Christiano_Roboto/ainex_project/install/servo_service/include/servo_service/servo_service/msg/detail/get_servo_positions__rosidl_typesupport_fastrtps_c.h
[1.548s] -- Up-to-date symlink: /workspaces/workspaces/Christiano_Roboto/ainex_project/install/servo_service/include/servo_service/servo_service/msg/detail/set_joint_lock__rosidl_typesupport_fastrtps_c.h
[1.548s] -- Up-to-date symlink: /workspaces/workspaces/Christiano_Roboto/ainex_project/install/servo_service/include/servo_service/servo_service/msg/detail/set_posture__rosidl_typesupport_fastrtps_c.h
[1.548s] -- Up-to-date symlink: /workspaces/workspaces/Christiano_Roboto/ainex_project/install/servo_service/include/servo_service/servo_service/msg/detail/set_servo_positions__rosidl_typesupport_fastrtps_c.h
[1.548s] -- Up-to-date symlink: /workspaces/workspaces/Christiano_Roboto/ainex_project/install/servo_service/include/servo_service/servo_service/msg/rosidl_typesupport_fastrtps_c__visibility_control.h
[1.549s] -- Up-to-date symlink: /workspaces/workspaces/Christiano_Roboto/ainex_project/install/servo_service/include/servo_service/servo_service/srv/detail/joint_lock__rosidl_typesupport_fastrtps_c.h
[1.549s] -- Up-to-date symlink: /workspaces/workspaces/Christiano_Roboto/ainex_project/install/servo_service/include/servo_service/servo_service/srv/detail/joint_position__rosidl_typesupport_fastrtps_c.h
[1.549s] -- Up-to-date symlink: /workspaces/workspaces/Christiano_Roboto/ainex_project/install/servo_service/include/servo_service/servo_service/srv/detail/joint_range__rosidl_typesupport_fastrtps_c.h
[1.550s] -- Up-to-date symlink: /workspaces/workspaces/Christiano_Roboto/ainex_project/install/servo_service/include/servo_service/servo_service/srv/detail/servo_deviation__rosidl_typesupport_fastrtps_c.h
[1.550s] -- Up-to-date symlink: /workspaces/workspaces/Christiano_Roboto/ainex_project/install/servo_service/include/servo_service/servo_service/srv/detail/servo_temp__rosidl_typesupport_fastrtps_c.h
[1.550s] -- Up-to-date symlink: /workspaces/workspaces/Christiano_Roboto/ainex_project/install/servo_service/include/servo_service/servo_service/srv/detail/servo_voltage__rosidl_typesupport_fastrtps_c.h
[1.552s] -- Up-to-date symlink: /workspaces/workspaces/Christiano_Roboto/ainex_project/install/servo_service/include/servo_service/servo_service/msg/change_servo_positions.hpp
[1.552s] -- Up-to-date symlink: /workspaces/workspaces/Christiano_Roboto/ainex_project/install/servo_service/include/servo_service/servo_service/msg/detail/change_servo_positions__builder.hpp
[1.552s] -- Up-to-date symlink: /workspaces/workspaces/Christiano_Roboto/ainex_project/install/servo_service/include/servo_service/servo_service/msg/detail/change_servo_positions__struct.hpp
[1.552s] -- Up-to-date symlink: /workspaces/workspaces/Christiano_Roboto/ainex_project/install/servo_service/include/servo_service/servo_service/msg/detail/change_servo_positions__traits.hpp
[1.553s] -- Up-to-date symlink: /workspaces/workspaces/Christiano_Roboto/ainex_project/install/servo_service/include/servo_service/servo_service/msg/detail/change_servo_positions__type_support.hpp
[1.553s] -- Up-to-date symlink: /workspaces/workspaces/Christiano_Roboto/ainex_project/install/servo_service/include/servo_service/servo_service/msg/detail/get_servo_positions__builder.hpp
[1.553s] -- Up-to-date symlink: /workspaces/workspaces/Christiano_Roboto/ainex_project/install/servo_service/include/servo_service/servo_service/msg/detail/get_servo_positions__struct.hpp
[1.553s] -- Up-to-date symlink: /workspaces/workspaces/Christiano_Roboto/ainex_project/install/servo_service/include/servo_service/servo_service/msg/detail/get_servo_positions__traits.hpp
[1.554s] -- Up-to-date symlink: /workspaces/workspaces/Christiano_Roboto/ainex_project/install/servo_service/include/servo_service/servo_service/msg/detail/get_servo_positions__type_support.hpp
[1.554s] -- Up-to-date symlink: /workspaces/workspaces/Christiano_Roboto/ainex_project/install/servo_service/include/servo_service/servo_service/msg/detail/set_joint_lock__builder.hpp
[1.554s] -- Up-to-date symlink: /workspaces/workspaces/Christiano_Roboto/ainex_project/install/servo_service/include/servo_service/servo_service/msg/detail/set_joint_lock__struct.hpp
[1.554s] -- Up-to-date symlink: /workspaces/workspaces/Christiano_Roboto/ainex_project/install/servo_service/include/servo_service/servo_service/msg/detail/set_joint_lock__traits.hpp
[1.555s] -- Up-to-date symlink: /workspaces/workspaces/Christiano_Roboto/ainex_project/install/servo_service/include/servo_service/servo_service/msg/detail/set_joint_lock__type_support.hpp
[1.555s] -- Up-to-date symlink: /workspaces/workspaces/Christiano_Roboto/ainex_project/install/servo_service/include/servo_service/servo_service/msg/detail/set_posture__builder.hpp
[1.555s] -- Up-to-date symlink: /workspaces/workspaces/Christiano_Roboto/ainex_project/install/servo_service/include/servo_service/servo_service/msg/detail/set_posture__struct.hpp
[1.556s] -- Up-to-date symlink: /workspaces/workspaces/Christiano_Roboto/ainex_project/install/servo_service/include/servo_service/servo_service/msg/detail/set_posture__traits.hpp
[1.556s] -- Up-to-date symlink: /workspaces/workspaces/Christiano_Roboto/ainex_project/install/servo_service/include/servo_service/servo_service/msg/detail/set_posture__type_support.hpp
[1.556s] -- Up-to-date symlink: /workspaces/workspaces/Christiano_Roboto/ainex_project/install/servo_service/include/servo_service/servo_service/msg/detail/set_servo_positions__builder.hpp
[1.556s] -- Up-to-date symlink: /workspaces/workspaces/Christiano_Roboto/ainex_project/install/servo_service/include/servo_service/servo_service/msg/detail/set_servo_positions__struct.hpp
[1.557s] -- Up-to-date symlink: /workspaces/workspaces/Christiano_Roboto/ainex_project/install/servo_service/include/servo_service/servo_service/msg/detail/set_servo_positions__traits.hpp
[1.557s] -- Up-to-date symlink: /workspaces/workspaces/Christiano_Roboto/ainex_project/install/servo_service/include/servo_service/servo_service/msg/detail/set_servo_positions__type_support.hpp
[1.558s] -- Up-to-date symlink: /workspaces/workspaces/Christiano_Roboto/ainex_project/install/servo_service/include/servo_service/servo_service/msg/get_servo_positions.hpp
[1.558s] -- Up-to-date symlink: /workspaces/workspaces/Christiano_Roboto/ainex_project/install/servo_service/include/servo_service/servo_service/msg/rosidl_generator_cpp__visibility_control.hpp
[1.558s] -- Up-to-date symlink: /workspaces/workspaces/Christiano_Roboto/ainex_project/install/servo_service/include/servo_service/servo_service/msg/set_joint_lock.hpp
[1.558s] -- Up-to-date symlink: /workspaces/workspaces/Christiano_Roboto/ainex_project/install/servo_service/include/servo_service/servo_service/msg/set_posture.hpp
[1.558s] -- Up-to-date symlink: /workspaces/workspaces/Christiano_Roboto/ainex_project/install/servo_service/include/servo_service/servo_service/msg/set_servo_positions.hpp
[1.558s] -- Up-to-date symlink: /workspaces/workspaces/Christiano_Roboto/ainex_project/install/servo_service/include/servo_service/servo_service/srv/detail/joint_lock__builder.hpp
[1.559s] -- Up-to-date symlink: /workspaces/workspaces/Christiano_Roboto/ainex_project/install/servo_service/include/servo_service/servo_service/srv/detail/joint_lock__struct.hpp
[1.559s] -- Up-to-date symlink: /workspaces/workspaces/Christiano_Roboto/ainex_project/install/servo_service/include/servo_service/servo_service/srv/detail/joint_lock__traits.hpp
[1.559s] -- Up-to-date symlink: /workspaces/workspaces/Christiano_Roboto/ainex_project/install/servo_service/include/servo_service/servo_service/srv/detail/joint_lock__type_support.hpp
[1.559s] -- Up-to-date symlink: /workspaces/workspaces/Christiano_Roboto/ainex_project/install/servo_service/include/servo_service/servo_service/srv/detail/joint_position__builder.hpp
[1.560s] -- Up-to-date symlink: /workspaces/workspaces/Christiano_Roboto/ainex_project/install/servo_service/include/servo_service/servo_service/srv/detail/joint_position__struct.hpp
[1.560s] -- Up-to-date symlink: /workspaces/workspaces/Christiano_Roboto/ainex_project/install/servo_service/include/servo_service/servo_service/srv/detail/joint_position__traits.hpp
[1.560s] -- Up-to-date symlink: /workspaces/workspaces/Christiano_Roboto/ainex_project/install/servo_service/include/servo_service/servo_service/srv/detail/joint_position__type_support.hpp
[1.561s] -- Up-to-date symlink: /workspaces/workspaces/Christiano_Roboto/ainex_project/install/servo_service/include/servo_service/servo_service/srv/detail/joint_range__builder.hpp
[1.561s] -- Up-to-date symlink: /workspaces/workspaces/Christiano_Roboto/ainex_project/install/servo_service/include/servo_service/servo_service/srv/detail/joint_range__struct.hpp
[1.561s] -- Up-to-date symlink: /workspaces/workspaces/Christiano_Roboto/ainex_project/install/servo_service/include/servo_service/servo_service/srv/detail/joint_range__traits.hpp
[1.562s] -- Up-to-date symlink: /workspaces/workspaces/Christiano_Roboto/ainex_project/install/servo_service/include/servo_service/servo_service/srv/detail/joint_range__type_support.hpp
[1.562s] -- Up-to-date symlink: /workspaces/workspaces/Christiano_Roboto/ainex_project/install/servo_service/include/servo_service/servo_service/srv/detail/servo_deviation__builder.hpp
[1.562s] -- Up-to-date symlink: /workspaces/workspaces/Christiano_Roboto/ainex_project/install/servo_service/include/servo_service/servo_service/srv/detail/servo_deviation__struct.hpp
[1.562s] -- Up-to-date symlink: /workspaces/workspaces/Christiano_Roboto/ainex_project/install/servo_service/include/servo_service/servo_service/srv/detail/servo_deviation__traits.hpp
[1.563s] -- Up-to-date symlink: /workspaces/workspaces/Christiano_Roboto/ainex_project/install/servo_service/include/servo_service/servo_service/srv/detail/servo_deviation__type_support.hpp
[1.563s] -- Up-to-date symlink: /workspaces/workspaces/Christiano_Roboto/ainex_project/install/servo_service/include/servo_service/servo_service/srv/detail/servo_temp__builder.hpp
[1.563s] -- Up-to-date symlink: /workspaces/workspaces/Christiano_Roboto/ainex_project/install/servo_service/include/servo_service/servo_service/srv/detail/servo_temp__struct.hpp
[1.563s] -- Up-to-date symlink: /workspaces/workspaces/Christiano_Roboto/ainex_project/install/servo_service/include/servo_service/servo_service/srv/detail/servo_temp__traits.hpp
[1.564s] -- Up-to-date symlink: /workspaces/workspaces/Christiano_Roboto/ainex_project/install/servo_service/include/servo_service/servo_service/srv/detail/servo_temp__type_support.hpp
[1.564s] -- Up-to-date symlink: /workspaces/workspaces/Christiano_Roboto/ainex_project/install/servo_service/include/servo_service/servo_service/srv/detail/servo_voltage__builder.hpp
[1.564s] -- Up-to-date symlink: /workspaces/workspaces/Christiano_Roboto/ainex_project/install/servo_service/include/servo_service/servo_service/srv/detail/servo_voltage__struct.hpp
[1.565s] -- Up-to-date symlink: /workspaces/workspaces/Christiano_Roboto/ainex_project/install/servo_service/include/servo_service/servo_service/srv/detail/servo_voltage__traits.hpp
[1.565s] -- Up-to-date symlink: /workspaces/workspaces/Christiano_Roboto/ainex_project/install/servo_service/include/servo_service/servo_service/srv/detail/servo_voltage__type_support.hpp
[1.565s] -- Up-to-date symlink: /workspaces/workspaces/Christiano_Roboto/ainex_project/install/servo_service/include/servo_service/servo_service/srv/joint_lock.hpp
[1.566s] -- Up-to-date symlink: /workspaces/workspaces/Christiano_Roboto/ainex_project/install/servo_service/include/servo_service/servo_service/srv/joint_position.hpp
[1.566s] -- Up-to-date symlink: /workspaces/workspaces/Christiano_Roboto/ainex_project/install/servo_service/include/servo_service/servo_service/srv/joint_range.hpp
[1.566s] -- Up-to-date symlink: /workspaces/workspaces/Christiano_Roboto/ainex_project/install/servo_service/include/servo_service/servo_service/srv/servo_deviation.hpp
[1.566s] -- Up-to-date symlink: /workspaces/workspaces/Christiano_Roboto/ainex_project/install/servo_service/include/servo_service/servo_service/srv/servo_temp.hpp
[1.566s] -- Up-to-date symlink: /workspaces/workspaces/Christiano_Roboto/ainex_project/install/servo_service/include/servo_service/servo_service/srv/servo_voltage.hpp
[1.568s] -- Up-to-date symlink: /workspaces/workspaces/Christiano_Roboto/ainex_project/install/servo_service/include/servo_service/servo_service/msg/detail/change_servo_positions__rosidl_typesupport_fastrtps_cpp.hpp
[1.568s] -- Up-to-date symlink: /workspaces/workspaces/Christiano_Roboto/ainex_project/install/servo_service/include/servo_service/servo_service/msg/detail/get_servo_positions__rosidl_typesupport_fastrtps_cpp.hpp
[1.568s] -- Up-to-date symlink: /workspaces/workspaces/Christiano_Roboto/ainex_project/install/servo_service/include/servo_service/servo_service/msg/detail/set_joint_lock__rosidl_typesupport_fastrtps_cpp.hpp
[1.569s] -- Up-to-date symlink: /workspaces/workspaces/Christiano_Roboto/ainex_project/install/servo_service/include/servo_service/servo_service/msg/detail/set_posture__rosidl_typesupport_fastrtps_cpp.hpp
[1.569s] -- Up-to-date symlink: /workspaces/workspaces/Christiano_Roboto/ainex_project/install/servo_service/include/servo_service/servo_service/msg/detail/set_servo_positions__rosidl_typesupport_fastrtps_cpp.hpp
[1.569s] -- Up-to-date symlink: /workspaces/workspaces/Christiano_Roboto/ainex_project/install/servo_service/include/servo_service/servo_service/msg/rosidl_typesupport_fastrtps_cpp__visibility_control.h
[1.569s] -- Up-to-date symlink: /workspaces/workspaces/Christiano_Roboto/ainex_project/install/servo_service/include/servo_service/servo_service/srv/detail/joint_lock__rosidl_typesupport_fastrtps_cpp.hpp
[1.570s] -- Up-to-date symlink: /workspaces/workspaces/Christiano_Roboto/ainex_project/install/servo_service/include/servo_service/servo_service/srv/detail/joint_position__rosidl_typesupport_fastrtps_cpp.hpp
[1.570s] -- Up-to-date symlink: /workspaces/workspaces/Christiano_Roboto/ainex_project/install/servo_service/include/servo_service/servo_service/srv/detail/joint_range__rosidl_typesupport_fastrtps_cpp.hpp
[1.570s] -- Up-to-date symlink: /workspaces/workspaces/Christiano_Roboto/ainex_project/install/servo_service/include/servo_service/servo_service/srv/detail/servo_deviation__rosidl_typesupport_fastrtps_cpp.hpp
[1.570s] -- Up-to-date symlink: /workspaces/workspaces/Christiano_Roboto/ainex_project/install/servo_service/include/servo_service/servo_service/srv/detail/servo_temp__rosidl_typesupport_fastrtps_cpp.hpp
[1.571s] -- Up-to-date symlink: /workspaces/workspaces/Christiano_Roboto/ainex_project/install/servo_service/include/servo_service/servo_service/srv/detail/servo_voltage__rosidl_typesupport_fastrtps_cpp.hpp
[1.571s] -- Up-to-date symlink: /workspaces/workspaces/Christiano_Roboto/ainex_project/install/servo_service/include/servo_service/servo_service/msg/detail/change_servo_positions__rosidl_typesupport_introspection_c.h
[1.572s] -- Up-to-date symlink: /workspaces/workspaces/Christiano_Roboto/ainex_project/install/servo_service/include/servo_service/servo_service/msg/detail/get_servo_positions__rosidl_typesupport_introspection_c.h
[1.572s] -- Up-to-date symlink: /workspaces/workspaces/Christiano_Roboto/ainex_project/install/servo_service/include/servo_service/servo_service/msg/detail/set_joint_lock__rosidl_typesupport_introspection_c.h
[1.573s] -- Up-to-date symlink: /workspaces/workspaces/Christiano_Roboto/ainex_project/install/servo_service/include/servo_service/servo_service/msg/detail/set_posture__rosidl_typesupport_introspection_c.h
[1.573s] -- Up-to-date symlink: /workspaces/workspaces/Christiano_Roboto/ainex_project/install/servo_service/include/servo_service/servo_service/msg/detail/set_servo_positions__rosidl_typesupport_introspection_c.h
[1.573s] -- Up-to-date symlink: /workspaces/workspaces/Christiano_Roboto/ainex_project/install/servo_service/include/servo_service/servo_service/msg/rosidl_typesupport_introspection_c__visibility_control.h
[1.573s] -- Up-to-date symlink: /workspaces/workspaces/Christiano_Roboto/ainex_project/install/servo_service/include/servo_service/servo_service/srv/detail/joint_lock__rosidl_typesupport_introspection_c.h
[1.573s] -- Up-to-date symlink: /workspaces/workspaces/Christiano_Roboto/ainex_project/install/servo_service/include/servo_service/servo_service/srv/detail/joint_position__rosidl_typesupport_introspection_c.h
[1.573s] -- Up-to-date symlink: /workspaces/workspaces/Christiano_Roboto/ainex_project/install/servo_service/include/servo_service/servo_service/srv/detail/joint_range__rosidl_typesupport_introspection_c.h
[1.574s] -- Up-to-date symlink: /workspaces/workspaces/Christiano_Roboto/ainex_project/install/servo_service/include/servo_service/servo_service/srv/detail/servo_deviation__rosidl_typesupport_introspection_c.h
[1.574s] -- Up-to-date symlink: /workspaces/workspaces/Christiano_Roboto/ainex_project/install/servo_service/include/servo_service/servo_service/srv/detail/servo_temp__rosidl_typesupport_introspection_c.h
[1.574s] -- Up-to-date symlink: /workspaces/workspaces/Christiano_Roboto/ainex_project/install/servo_service/include/servo_service/servo_service/srv/detail/servo_voltage__rosidl_typesupport_introspection_c.h
[1.575s] -- Up-to-date symlink: /workspaces/workspaces/Christiano_Roboto/ainex_project/install/servo_service/include/servo_service/servo_service/msg/detail/change_servo_positions__rosidl_typesupport_introspection_cpp.hpp
[1.575s] -- Up-to-date symlink: /workspaces/workspaces/Christiano_Roboto/ainex_project/install/servo_service/include/servo_service/servo_service/msg/detail/get_servo_positions__rosidl_typesupport_introspection_cpp.hpp
[1.575s] -- Up-to-date symlink: /workspaces/workspaces/Christiano_Roboto/ainex_project/install/servo_service/include/servo_service/servo_service/msg/detail/set_joint_lock__rosidl_typesupport_introspection_cpp.hpp
[1.576s] -- Up-to-date symlink: /workspaces/workspaces/Christiano_Roboto/ainex_project/install/servo_service/include/servo_service/servo_service/msg/detail/set_posture__rosidl_typesupport_introspection_cpp.hpp
[1.576s] -- Up-to-date symlink: /workspaces/workspaces/Christiano_Roboto/ainex_project/install/servo_service/include/servo_service/servo_service/msg/detail/set_servo_positions__rosidl_typesupport_introspection_cpp.hpp
[1.576s] -- Up-to-date symlink: /workspaces/workspaces/Christiano_Roboto/ainex_project/install/servo_service/include/servo_service/servo_service/srv/detail/joint_lock__rosidl_typesupport_introspection_cpp.hpp
[1.576s] -- Up-to-date symlink: /workspaces/workspaces/Christiano_Roboto/ainex_project/install/servo_service/include/servo_service/servo_service/srv/detail/joint_position__rosidl_typesupport_introspection_cpp.hpp
[1.577s] -- Up-to-date symlink: /workspaces/workspaces/Christiano_Roboto/ainex_project/install/servo_service/include/servo_service/servo_service/srv/detail/joint_range__rosidl_typesupport_introspection_cpp.hpp
[1.577s] -- Up-to-date symlink: /workspaces/workspaces/Christiano_Roboto/ainex_project/install/servo_service/include/servo_service/servo_service/srv/detail/servo_deviation__rosidl_typesupport_introspection_cpp.hpp
[1.577s] -- Up-to-date symlink: /workspaces/workspaces/Christiano_Roboto/ainex_project/install/servo_service/include/servo_service/servo_service/srv/detail/servo_temp__rosidl_typesupport_introspection_cpp.hpp
[1.577s] -- Up-to-date symlink: /workspaces/workspaces/Christiano_Roboto/ainex_project/install/servo_service/include/servo_service/servo_service/srv/detail/servo_voltage__rosidl_typesupport_introspection_cpp.hpp
[1.578s] -- Up-to-date symlink: /workspaces/workspaces/Christiano_Roboto/ainex_project/install/servo_service/share/servo_service/environment/pythonpath.sh
[1.578s] -- Up-to-date symlink: /workspaces/workspaces/Christiano_Roboto/ainex_project/install/servo_service/share/servo_service/environment/pythonpath.dsv
[1.580s] -- Up-to-date symlink: /workspaces/workspaces/Christiano_Roboto/ainex_project/install/servo_service/lib/python3.12/site-packages/servo_service-0.0.0-py3.12.egg-info/PKG-INFO
[1.580s] -- Up-to-date symlink: /workspaces/workspaces/Christiano_Roboto/ainex_project/install/servo_service/lib/python3.12/site-packages/servo_service-0.0.0-py3.12.egg-info/SOURCES.txt
[1.580s] -- Up-to-date symlink: /workspaces/workspaces/Christiano_Roboto/ainex_project/install/servo_service/lib/python3.12/site-packages/servo_service-0.0.0-py3.12.egg-info/dependency_links.txt
[1.580s] -- Up-to-date symlink: /workspaces/workspaces/Christiano_Roboto/ainex_project/install/servo_service/lib/python3.12/site-packages/servo_service-0.0.0-py3.12.egg-info/top_level.txt
[1.581s] -- Up-to-date symlink: /workspaces/workspaces/Christiano_Roboto/ainex_project/install/servo_service/lib/python3.12/site-packages/servo_service/__init__.py
[1.582s] -- Up-to-date symlink: /workspaces/workspaces/Christiano_Roboto/ainex_project/install/servo_service/lib/python3.12/site-packages/servo_service/_servo_service_s.ep.rosidl_typesupport_c.c
[1.582s] -- Up-to-date symlink: /workspaces/workspaces/Christiano_Roboto/ainex_project/install/servo_service/lib/python3.12/site-packages/servo_service/_servo_service_s.ep.rosidl_typesupport_fastrtps_c.c
[1.582s] -- Up-to-date symlink: /workspaces/workspaces/Christiano_Roboto/ainex_project/install/servo_service/lib/python3.12/site-packages/servo_service/_servo_service_s.ep.rosidl_typesupport_introspection_c.c
[1.582s] -- Up-to-date symlink: /workspaces/workspaces/Christiano_Roboto/ainex_project/install/servo_service/lib/python3.12/site-packages/servo_service/msg/__init__.py
[1.582s] -- Up-to-date symlink: /workspaces/workspaces/Christiano_Roboto/ainex_project/install/servo_service/lib/python3.12/site-packages/servo_service/msg/_change_servo_positions.py
[1.583s] -- Up-to-date symlink: /workspaces/workspaces/Christiano_Roboto/ainex_project/install/servo_service/lib/python3.12/site-packages/servo_service/msg/_change_servo_positions_s.c
[1.583s] -- Up-to-date symlink: /workspaces/workspaces/Christiano_Roboto/ainex_project/install/servo_service/lib/python3.12/site-packages/servo_service/msg/_get_servo_positions.py
[1.583s] -- Up-to-date symlink: /workspaces/workspaces/Christiano_Roboto/ainex_project/install/servo_service/lib/python3.12/site-packages/servo_service/msg/_get_servo_positions_s.c
[1.583s] -- Up-to-date symlink: /workspaces/workspaces/Christiano_Roboto/ainex_project/install/servo_service/lib/python3.12/site-packages/servo_service/msg/_set_joint_lock.py
[1.583s] -- Up-to-date symlink: /workspaces/workspaces/Christiano_Roboto/ainex_project/install/servo_service/lib/python3.12/site-packages/servo_service/msg/_set_joint_lock_s.c
[1.583s] -- Up-to-date symlink: /workspaces/workspaces/Christiano_Roboto/ainex_project/install/servo_service/lib/python3.12/site-packages/servo_service/msg/_set_posture.py
[1.584s] -- Up-to-date symlink: /workspaces/workspaces/Christiano_Roboto/ainex_project/install/servo_service/lib/python3.12/site-packages/servo_service/msg/_set_posture_s.c
[1.584s] -- Up-to-date symlink: /workspaces/workspaces/Christiano_Roboto/ainex_project/install/servo_service/lib/python3.12/site-packages/servo_service/msg/_set_servo_positions.py
[1.584s] -- Up-to-date symlink: /workspaces/workspaces/Christiano_Roboto/ainex_project/install/servo_service/lib/python3.12/site-packages/servo_service/msg/_set_servo_positions_s.c
[1.584s] -- Up-to-date symlink: /workspaces/workspaces/Christiano_Roboto/ainex_project/install/servo_service/lib/python3.12/site-packages/servo_service/servo_service_s__rosidl_typesupport_c.so
[1.584s] -- Up-to-date symlink: /workspaces/workspaces/Christiano_Roboto/ainex_project/install/servo_service/lib/python3.12/site-packages/servo_service/servo_service_s__rosidl_typesupport_fastrtps_c.so
[1.585s] -- Up-to-date symlink: /workspaces/workspaces/Christiano_Roboto/ainex_project/install/servo_service/lib/python3.12/site-packages/servo_service/servo_service_s__rosidl_typesupport_introspection_c.so
[1.585s] -- Up-to-date symlink: /workspaces/workspaces/Christiano_Roboto/ainex_project/install/servo_service/lib/python3.12/site-packages/servo_service/srv/__init__.py
[1.585s] -- Up-to-date symlink: /workspaces/workspaces/Christiano_Roboto/ainex_project/install/servo_service/lib/python3.12/site-packages/servo_service/srv/_joint_lock.py
[1.585s] -- Up-to-date symlink: /workspaces/workspaces/Christiano_Roboto/ainex_project/install/servo_service/lib/python3.12/site-packages/servo_service/srv/_joint_lock_s.c
[1.585s] -- Up-to-date symlink: /workspaces/workspaces/Christiano_Roboto/ainex_project/install/servo_service/lib/python3.12/site-packages/servo_service/srv/_joint_position.py
[1.585s] -- Up-to-date symlink: /workspaces/workspaces/Christiano_Roboto/ainex_project/install/servo_service/lib/python3.12/site-packages/servo_service/srv/_joint_position_s.c
[1.586s] -- Up-to-date symlink: /workspaces/workspaces/Christiano_Roboto/ainex_project/install/servo_service/lib/python3.12/site-packages/servo_service/srv/_joint_range.py
[1.586s] -- Up-to-date symlink: /workspaces/workspaces/Christiano_Roboto/ainex_project/install/servo_service/lib/python3.12/site-packages/servo_service/srv/_joint_range_s.c
[1.586s] -- Up-to-date symlink: /workspaces/workspaces/Christiano_Roboto/ainex_project/install/servo_service/lib/python3.12/site-packages/servo_service/srv/_servo_deviation.py
[1.586s] -- Up-to-date symlink: /workspaces/workspaces/Christiano_Roboto/ainex_project/install/servo_service/lib/python3.12/site-packages/servo_service/srv/_servo_deviation_s.c
[1.586s] -- Up-to-date symlink: /workspaces/workspaces/Christiano_Roboto/ainex_project/install/servo_service/lib/python3.12/site-packages/servo_service/srv/_servo_temp.py
[1.586s] -- Up-to-date symlink: /workspaces/workspaces/Christiano_Roboto/ainex_project/install/servo_service/lib/python3.12/site-packages/servo_service/srv/_servo_temp_s.c
[1.587s] -- Up-to-date symlink: /workspaces/workspaces/Christiano_Roboto/ainex_project/install/servo_service/lib/python3.12/site-packages/servo_service/srv/_servo_voltage.py
[1.587s] -- Up-to-date symlink: /workspaces/workspaces/Christiano_Roboto/ainex_project/install/servo_service/lib/python3.12/site-packages/servo_service/srv/_servo_voltage_s.c
[1.587s] -- Up-to-date symlink: /workspaces/workspaces/Christiano_Roboto/ainex_project/install/servo_service/lib/python3.12/site-packages/servo_service/servo_service_s__rosidl_typesupport_fastrtps_c.so
[1.588s] -- Up-to-date symlink: /workspaces/workspaces/Christiano_Roboto/ainex_project/install/servo_service/lib/python3.12/site-packages/servo_service/servo_service_s__rosidl_typesupport_introspection_c.so
[1.588s] -- Up-to-date symlink: /workspaces/workspaces/Christiano_Roboto/ainex_project/install/servo_service/lib/python3.12/site-packages/servo_service/servo_service_s__rosidl_typesupport_c.so
[1.589s] -- Up-to-date symlink: /workspaces/workspaces/Christiano_Roboto/ainex_project/install/servo_service/share/servo_service/msg/ChangeServoPositions.idl
[1.589s] -- Up-to-date symlink: /workspaces/workspaces/Christiano_Roboto/ainex_project/install/servo_service/share/servo_service/msg/SetServoPositions.idl
[1.589s] -- Up-to-date symlink: /workspaces/workspaces/Christiano_Roboto/ainex_project/install/servo_service/share/servo_service/msg/SetJointLock.idl
[1.590s] -- Up-to-date symlink: /workspaces/workspaces/Christiano_Roboto/ainex_project/install/servo_service/share/servo_service/msg/GetServoPositions.idl
[1.590s] -- Up-to-date symlink: /workspaces/workspaces/Christiano_Roboto/ainex_project/install/servo_service/share/servo_service/msg/SetPosture.idl
[1.591s] -- Up-to-date symlink: /workspaces/workspaces/Christiano_Roboto/ainex_project/install/servo_service/share/servo_service/srv/JointLock.idl
[1.591s] -- Up-to-date symlink: /workspaces/workspaces/Christiano_Roboto/ainex_project/install/servo_service/share/servo_service/srv/ServoTemp.idl
[1.591s] -- Up-to-date symlink: /workspaces/workspaces/Christiano_Roboto/ainex_project/install/servo_service/share/servo_service/srv/ServoDeviation.idl
[1.592s] -- Up-to-date symlink: /workspaces/workspaces/Christiano_Roboto/ainex_project/install/servo_service/share/servo_service/srv/ServoVoltage.idl
[1.592s] -- Up-to-date symlink: /workspaces/workspaces/Christiano_Roboto/ainex_project/install/servo_service/share/servo_service/srv/JointPosition.idl
[1.593s] -- Up-to-date symlink: /workspaces/workspaces/Christiano_Roboto/ainex_project/install/servo_service/share/servo_service/srv/JointRange.idl
[1.593s] -- Up-to-date symlink: /workspaces/workspaces/Christiano_Roboto/ainex_project/install/servo_service/share/servo_service/msg/ChangeServoPositions.msg
[1.593s] -- Up-to-date symlink: /workspaces/workspaces/Christiano_Roboto/ainex_project/install/servo_service/share/servo_service/msg/SetServoPositions.msg
[1.594s] -- Up-to-date symlink: /workspaces/workspaces/Christiano_Roboto/ainex_project/install/servo_service/share/servo_service/msg/SetJointLock.msg
[1.594s] -- Up-to-date symlink: /workspaces/workspaces/Christiano_Roboto/ainex_project/install/servo_service/share/servo_service/msg/GetServoPositions.msg
[1.595s] -- Up-to-date symlink: /workspaces/workspaces/Christiano_Roboto/ainex_project/install/servo_service/share/servo_service/msg/SetPosture.msg
[1.595s] -- Up-to-date symlink: /workspaces/workspaces/Christiano_Roboto/ainex_project/install/servo_service/share/servo_service/srv/JointLock.srv
[1.596s] -- Up-to-date symlink: /workspaces/workspaces/Christiano_Roboto/ainex_project/install/servo_service/share/servo_service/srv/ServoTemp.srv
[1.596s] -- Up-to-date symlink: /workspaces/workspaces/Christiano_Roboto/ainex_project/install/servo_service/share/servo_service/srv/ServoDeviation.srv
[1.596s] -- Up-to-date symlink: /workspaces/workspaces/Christiano_Roboto/ainex_project/install/servo_service/share/servo_service/srv/ServoVoltage.srv
[1.597s] -- Up-to-date symlink: /workspaces/workspaces/Christiano_Roboto/ainex_project/install/servo_service/share/servo_service/srv/JointPosition.srv
[1.597s] -- Up-to-date symlink: /workspaces/workspaces/Christiano_Roboto/ainex_project/install/servo_service/share/servo_service/srv/JointRange.srv
[1.597s] -- Up-to-date symlink: /workspaces/workspaces/Christiano_Roboto/ainex_project/install/servo_service/share/ament_index/resource_index/package_run_dependencies/servo_service
[1.598s] -- Up-to-date symlink: /workspaces/workspaces/Christiano_Roboto/ainex_project/install/servo_service/share/ament_index/resource_index/parent_prefix_path/servo_service
[1.598s] -- Up-to-date symlink: /workspaces/workspaces/Christiano_Roboto/ainex_project/install/servo_service/share/servo_service/environment/ament_prefix_path.sh
[1.599s] -- Up-to-date symlink: /workspaces/workspaces/Christiano_Roboto/ainex_project/install/servo_service/share/servo_service/environment/ament_prefix_path.dsv
[1.599s] -- Up-to-date symlink: /workspaces/workspaces/Christiano_Roboto/ainex_project/install/servo_service/share/servo_service/environment/path.sh
[1.600s] -- Up-to-date symlink: /workspaces/workspaces/Christiano_Roboto/ainex_project/install/servo_service/share/servo_service/environment/path.dsv
[1.600s] -- Up-to-date symlink: /workspaces/workspaces/Christiano_Roboto/ainex_project/install/servo_service/share/servo_service/local_setup.bash
[1.600s] -- Up-to-date symlink: /workspaces/workspaces/Christiano_Roboto/ainex_project/install/servo_service/share/servo_service/local_setup.sh
[1.601s] -- Up-to-date symlink: /workspaces/workspaces/Christiano_Roboto/ainex_project/install/servo_service/share/servo_service/local_setup.zsh
[1.601s] -- Up-to-date symlink: /workspaces/workspaces/Christiano_Roboto/ainex_project/install/servo_service/share/servo_service/local_setup.dsv
[1.601s] -- Symlinking: /workspaces/workspaces/Christiano_Roboto/ainex_project/install/servo_service/share/servo_service/package.dsv
[1.620s] -- Up-to-date symlink: /workspaces/workspaces/Christiano_Roboto/ainex_project/install/servo_service/share/ament_index/resource_index/packages/servo_service
[1.620s] -- Up-to-date symlink: /workspaces/workspaces/Christiano_Roboto/ainex_project/install/servo_service/share/servo_service/cmake/rosidl_cmake-extras.cmake
[1.620s] -- Up-to-date symlink: /workspaces/workspaces/Christiano_Roboto/ainex_project/install/servo_service/share/servo_service/cmake/ament_cmake_export_dependencies-extras.cmake
[1.621s] -- Up-to-date symlink: /workspaces/workspaces/Christiano_Roboto/ainex_project/install/servo_service/share/servo_service/cmake/ament_cmake_export_include_directories-extras.cmake
[1.621s] -- Up-to-date symlink: /workspaces/workspaces/Christiano_Roboto/ainex_project/install/servo_service/share/servo_service/cmake/ament_cmake_export_libraries-extras.cmake
[1.622s] -- Up-to-date symlink: /workspaces/workspaces/Christiano_Roboto/ainex_project/install/servo_service/share/servo_service/cmake/ament_cmake_export_targets-extras.cmake
[1.622s] -- Up-to-date symlink: /workspaces/workspaces/Christiano_Roboto/ainex_project/install/servo_service/share/servo_service/cmake/rosidl_cmake_export_typesupport_targets-extras.cmake
[1.622s] -- Up-to-date symlink: /workspaces/workspaces/Christiano_Roboto/ainex_project/install/servo_service/share/servo_service/cmake/rosidl_cmake_export_typesupport_libraries-extras.cmake
[1.623s] -- Up-to-date symlink: /workspaces/workspaces/Christiano_Roboto/ainex_project/install/servo_service/share/servo_service/cmake/servo_serviceConfig.cmake
[1.623s] -- Up-to-date symlink: /workspaces/workspaces/Christiano_Roboto/ainex_project/install/servo_service/share/servo_service/cmake/servo_serviceConfig-version.cmake
[1.623s] -- Up-to-date symlink: /workspaces/workspaces/Christiano_Roboto/ainex_project/install/servo_service/share/servo_service/package.xml
[1.624s] -- Up-to-date: /workspaces/workspaces/Christiano_Roboto/ainex_project/install/servo_service/lib/libservo_service__rosidl_generator_c.so
[1.624s] -- Up-to-date: /workspaces/workspaces/Christiano_Roboto/ainex_project/install/servo_service/lib/libservo_service__rosidl_typesupport_fastrtps_c.so
[1.625s] -- Up-to-date: /workspaces/workspaces/Christiano_Roboto/ainex_project/install/servo_service/lib/libservo_service__rosidl_typesupport_fastrtps_cpp.so
[1.625s] -- Up-to-date: /workspaces/workspaces/Christiano_Roboto/ainex_project/install/servo_service/lib/libservo_service__rosidl_typesupport_introspection_c.so
[1.626s] -- Up-to-date: /workspaces/workspaces/Christiano_Roboto/ainex_project/install/servo_service/lib/libservo_service__rosidl_typesupport_c.so
[1.626s] -- Up-to-date: /workspaces/workspaces/Christiano_Roboto/ainex_project/install/servo_service/lib/libservo_service__rosidl_typesupport_introspection_cpp.so
[1.627s] -- Up-to-date: /workspaces/workspaces/Christiano_Roboto/ainex_project/install/servo_service/lib/libservo_service__rosidl_typesupport_cpp.so
[1.681s] Listing '/workspaces/workspaces/Christiano_Roboto/ainex_project/install/servo_service/lib/python3.12/site-packages/servo_service'...
[1.681s] Listing '/workspaces/workspaces/Christiano_Roboto/ainex_project/install/servo_service/lib/python3.12/site-packages/servo_service/msg'...
[1.681s] Listing '/workspaces/workspaces/Christiano_Roboto/ainex_project/install/servo_service/lib/python3.12/site-packages/servo_service/srv'...
[1.688s] -- Up-to-date: /workspaces/workspaces/Christiano_Roboto/ainex_project/install/servo_service/lib/libservo_service__rosidl_generator_py.so
[1.688s] -- Up-to-date: /workspaces/workspaces/Christiano_Roboto/ainex_project/install/servo_service/share/servo_service/cmake/export_servo_service__rosidl_generator_cExport.cmake
[1.688s] -- Up-to-date: /workspaces/workspaces/Christiano_Roboto/ainex_project/install/servo_service/share/servo_service/cmake/export_servo_service__rosidl_generator_cExport-noconfig.cmake
[1.689s] -- Up-to-date: /workspaces/workspaces/Christiano_Roboto/ainex_project/install/servo_service/share/servo_service/cmake/export_servo_service__rosidl_typesupport_fastrtps_cExport.cmake
[1.689s] -- Up-to-date: /workspaces/workspaces/Christiano_Roboto/ainex_project/install/servo_service/share/servo_service/cmake/export_servo_service__rosidl_typesupport_fastrtps_cExport-noconfig.cmake
[1.689s] -- Up-to-date: /workspaces/workspaces/Christiano_Roboto/ainex_project/install/servo_service/share/servo_service/cmake/export_servo_service__rosidl_generator_cppExport.cmake
[1.689s] -- Up-to-date: /workspaces/workspaces/Christiano_Roboto/ainex_project/install/servo_service/share/servo_service/cmake/export_servo_service__rosidl_typesupport_fastrtps_cppExport.cmake
[1.689s] -- Up-to-date: /workspaces/workspaces/Christiano_Roboto/ainex_project/install/servo_service/share/servo_service/cmake/export_servo_service__rosidl_typesupport_fastrtps_cppExport-noconfig.cmake
[1.690s] -- Up-to-date: /workspaces/workspaces/Christiano_Roboto/ainex_project/install/servo_service/share/servo_service/cmake/servo_service__rosidl_typesupport_introspection_cExport.cmake
[1.690s] -- Up-to-date: /workspaces/workspaces/Christiano_Roboto/ainex_project/install/servo_service/share/servo_service/cmake/servo_service__rosidl_typesupport_introspection_cExport-noconfig.cmake
[1.690s] -- Up-to-date: /workspaces/workspaces/Christiano_Roboto/ainex_project/install/servo_service/share/servo_service/cmake/servo_service__rosidl_typesupport_cExport.cmake
[1.690s] -- Up-to-date: /workspaces/workspaces/Christiano_Roboto/ainex_project/install/servo_service/share/servo_service/cmake/servo_service__rosidl_typesupport_cExport-noconfig.cmake
[1.690s] -- Up-to-date: /workspaces/workspaces/Christiano_Roboto/ainex_project/install/servo_service/share/servo_service/cmake/servo_service__rosidl_typesupport_introspection_cppExport.cmake
[1.690s] -- Up-to-date: /workspaces/workspaces/Christiano_Roboto/ainex_project/install/servo_service/share/servo_service/cmake/servo_service__rosidl_typesupport_introspection_cppExport-noconfig.cmake
[1.691s] -- Up-to-date: /workspaces/workspaces/Christiano_Roboto/ainex_project/install/servo_service/share/servo_service/cmake/servo_service__rosidl_typesupport_cppExport.cmake
[1.691s] -- Up-to-date: /workspaces/workspaces/Christiano_Roboto/ainex_project/install/servo_service/share/servo_service/cmake/servo_service__rosidl_typesupport_cppExport-noconfig.cmake
[1.691s] -- Up-to-date: /workspaces/workspaces/Christiano_Roboto/ainex_project/install/servo_service/share/servo_service/cmake/export_servo_service__rosidl_generator_pyExport.cmake
[1.691s] -- Up-to-date: /workspaces/workspaces/Christiano_Roboto/ainex_project/install/servo_service/share/servo_service/cmake/export_servo_service__rosidl_generator_pyExport-noconfig.cmake
[1.693s] Invoked command in '/workspaces/workspaces/Christiano_Roboto/ainex_project/build/servo_service' returned '0': CMAKE_PREFIX_PATH=${CMAKE_PREFIX_PATH}:/workspaces/workspaces/Christiano_Roboto/ainex_project/install/whole_body_control:/workspaces/workspaces/Christiano_Roboto/ainex_project/install/simulator:/workspaces/workspaces/Christiano_Roboto/ainex_project/install/ainex_motion:/workspaces/workspaces/Christiano_Roboto/ainex_project/install/ainex_vision:/opt/ros/rolling /usr/bin/cmake --install /workspaces/workspaces/Christiano_Roboto/ainex_project/build/servo_service
