[0.035s] Invoking command in '/workspaces/workspaces/Christiano_Roboto/ainex_project/build/servo_service': CMAKE_PREFIX_PATH=${CMAKE_PREFIX_PATH}:/workspaces/workspaces/Christiano_Roboto/ainex_project/install/whole_body_control:/workspaces/workspaces/Christiano_Roboto/ainex_project/install/simulator:/workspaces/workspaces/Christiano_Roboto/ainex_project/install/ainex_motion:/workspaces/workspaces/Christiano_Roboto/ainex_project/install/ainex_vision:/opt/ros/rolling /usr/bin/cmake --build /workspaces/workspaces/Christiano_Roboto/ainex_project/build/servo_service -- -j8 -l8
[0.449s] [  1%] Built target servo_service__rosidl_generator_type_description
[0.453s] [  1%] Built target ament_cmake_python_symlink_servo_service
[0.453s] [  1%] Built target servo_service__cpp
[0.453s] [ 27%] Built target servo_service__rosidl_generator_c
[0.453s] [ 36%] Built target servo_service__rosidl_typesupport_introspection_c
[0.454s] [ 46%] Built target servo_service__rosidl_typesupport_introspection_cpp
[0.454s] [ 56%] Built target servo_service__rosidl_typesupport_fastrtps_c
[0.454s] [ 65%] Built target servo_service__rosidl_typesupport_cpp
[0.454s] [ 77%] Built target servo_service__rosidl_typesupport_c
[0.454s] [ 85%] Built target servo_service__rosidl_typesupport_fastrtps_cpp
[0.454s] [ 85%] Built target servo_service
[0.454s] [ 86%] Built target servo_service__py
[0.455s] [ 95%] Built target servo_service__rosidl_generator_py
[0.455s] [ 97%] Built target servo_service_s__rosidl_typesupport_introspection_c
[0.455s] [ 99%] Built target servo_service_s__rosidl_typesupport_c
[0.455s] [100%] Built target servo_service_s__rosidl_typesupport_fastrtps_c
[0.564s] running egg_info
[0.588s] writing servo_service.egg-info/PKG-INFO
[0.588s] writing dependency_links to servo_service.egg-info/dependency_links.txt
[0.589s] writing top-level names to servo_service.egg-info/top_level.txt
[1.573s] writing manifest file 'servo_service.egg-info/SOURCES.txt'
[1.607s] [100%] Built target ament_cmake_python_build_servo_service_egg
[1.628s] Invoked command in '/workspaces/workspaces/Christiano_Roboto/ainex_project/build/servo_service' returned '0': CMAKE_PREFIX_PATH=${CMAKE_PREFIX_PATH}:/workspaces/workspaces/Christiano_Roboto/ainex_project/install/whole_body_control:/workspaces/workspaces/Christiano_Roboto/ainex_project/install/simulator:/workspaces/workspaces/Christiano_Roboto/ainex_project/install/ainex_motion:/workspaces/workspaces/Christiano_Roboto/ainex_project/install/ainex_vision:/opt/ros/rolling /usr/bin/cmake --build /workspaces/workspaces/Christiano_Roboto/ainex_project/build/servo_service -- -j8 -l8
[1.630s] Invoking command in '/workspaces/workspaces/Christiano_Roboto/ainex_project/build/servo_service': CMAKE_PREFIX_PATH=${CMAKE_PREFIX_PATH}:/workspaces/workspaces/Christiano_Roboto/ainex_project/install/whole_body_control:/workspaces/workspaces/Christiano_Roboto/ainex_project/install/simulator:/workspaces/workspaces/Christiano_Roboto/ainex_project/install/ainex_motion:/workspaces/workspaces/Christiano_Roboto/ainex_project/install/ainex_vision:/opt/ros/rolling /usr/bin/cmake --install /workspaces/workspaces/Christiano_Roboto/ainex_project/build/servo_service
[1.647s] -- Install configuration: ""
[1.648s] -- Execute custom install script
[1.648s] -- Up-to-date symlink: /workspaces/workspaces/Christiano_Roboto/ainex_project/install/servo_service/share/ament_index/resource_index/rosidl_interfaces/servo_service
[1.649s] -- Up-to-date symlink: /workspaces/workspaces/Christiano_Roboto/ainex_project/install/servo_service/share/servo_service/msg/ChangeServoPositions.json
[1.649s] -- Up-to-date symlink: /workspaces/workspaces/Christiano_Roboto/ainex_project/install/servo_service/share/servo_service/msg/SetServoPositions.json
[1.649s] -- Up-to-date symlink: /workspaces/workspaces/Christiano_Roboto/ainex_project/install/servo_service/share/servo_service/msg/SetJointLock.json
[1.650s] -- Up-to-date symlink: /workspaces/workspaces/Christiano_Roboto/ainex_project/install/servo_service/share/servo_service/msg/GetServoPositions.json
[1.650s] -- Up-to-date symlink: /workspaces/workspaces/Christiano_Roboto/ainex_project/install/servo_service/share/servo_service/msg/SetPosture.json
[1.650s] -- Up-to-date symlink: /workspaces/workspaces/Christiano_Roboto/ainex_project/install/servo_service/share/servo_service/srv/JointLock.json
[1.651s] -- Up-to-date symlink: /workspaces/workspaces/Christiano_Roboto/ainex_project/install/servo_service/share/servo_service/srv/ServoTemp.json
[1.652s] -- Up-to-date symlink: /workspaces/workspaces/Christiano_Roboto/ainex_project/install/servo_service/share/servo_service/srv/ServoDeviation.json
[1.652s] -- Up-to-date symlink: /workspaces/workspaces/Christiano_Roboto/ainex_project/install/servo_service/share/servo_service/srv/ServoVoltage.json
[1.652s] -- Up-to-date symlink: /workspaces/workspaces/Christiano_Roboto/ainex_project/install/servo_service/share/servo_service/srv/JointPosition.json
[1.653s] -- Up-to-date symlink: /workspaces/workspaces/Christiano_Roboto/ainex_project/install/servo_service/share/servo_service/srv/JointRange.json
[1.655s] -- Up-to-date symlink: /workspaces/workspaces/Christiano_Roboto/ainex_project/install/servo_service/include/servo_service/servo_service/msg/change_servo_positions.h
[1.655s] -- Up-to-date symlink: /workspaces/workspaces/Christiano_Roboto/ainex_project/install/servo_service/include/servo_service/servo_service/msg/detail/change_servo_positions__functions.h
[1.655s] -- Up-to-date symlink: /workspaces/workspaces/Christiano_Roboto/ainex_project/install/servo_service/include/servo_service/servo_service/msg/detail/change_servo_positions__struct.h
[1.655s] -- Up-to-date symlink: /workspaces/workspaces/Christiano_Roboto/ainex_project/install/servo_service/include/servo_service/servo_service/msg/detail/change_servo_positions__type_support.h
[1.656s] -- Up-to-date symlink: /workspaces/workspaces/Christiano_Roboto/ainex_project/install/servo_service/include/servo_service/servo_service/msg/detail/get_servo_positions__functions.h
[1.656s] -- Up-to-date symlink: /workspaces/workspaces/Christiano_Roboto/ainex_project/install/servo_service/include/servo_service/servo_service/msg/detail/get_servo_positions__struct.h
[1.656s] -- Up-to-date symlink: /workspaces/workspaces/Christiano_Roboto/ainex_project/install/servo_service/include/servo_service/servo_service/msg/detail/get_servo_positions__type_support.h
[1.657s] -- Up-to-date symlink: /workspaces/workspaces/Christiano_Roboto/ainex_project/install/servo_service/include/servo_service/servo_service/msg/detail/set_joint_lock__functions.h
[1.657s] -- Up-to-date symlink: /workspaces/workspaces/Christiano_Roboto/ainex_project/install/servo_service/include/servo_service/servo_service/msg/detail/set_joint_lock__struct.h
[1.658s] -- Up-to-date symlink: /workspaces/workspaces/Christiano_Roboto/ainex_project/install/servo_service/include/servo_service/servo_service/msg/detail/set_joint_lock__type_support.h
[1.658s] -- Up-to-date symlink: /workspaces/workspaces/Christiano_Roboto/ainex_project/install/servo_service/include/servo_service/servo_service/msg/detail/set_posture__functions.h
[1.659s] -- Up-to-date symlink: /workspaces/workspaces/Christiano_Roboto/ainex_project/install/servo_service/include/servo_service/servo_service/msg/detail/set_posture__struct.h
[1.659s] -- Up-to-date symlink: /workspaces/workspaces/Christiano_Roboto/ainex_project/install/servo_service/include/servo_service/servo_service/msg/detail/set_posture__type_support.h
[1.659s] -- Up-to-date symlink: /workspaces/workspaces/Christiano_Roboto/ainex_project/install/servo_service/include/servo_service/servo_service/msg/detail/set_servo_positions__functions.h
[1.660s] -- Up-to-date symlink: /workspaces/workspaces/Christiano_Roboto/ainex_project/install/servo_service/include/servo_service/servo_service/msg/detail/set_servo_positions__struct.h
[1.660s] -- Up-to-date symlink: /workspaces/workspaces/Christiano_Roboto/ainex_project/install/servo_service/include/servo_service/servo_service/msg/detail/set_servo_positions__type_support.h
[1.661s] -- Up-to-date symlink: /workspaces/workspaces/Christiano_Roboto/ainex_project/install/servo_service/include/servo_service/servo_service/msg/get_servo_positions.h
[1.661s] -- Up-to-date symlink: /workspaces/workspaces/Christiano_Roboto/ainex_project/install/servo_service/include/servo_service/servo_service/msg/rosidl_generator_c__visibility_control.h
[1.663s] -- Up-to-date symlink: /workspaces/workspaces/Christiano_Roboto/ainex_project/install/servo_service/include/servo_service/servo_service/msg/set_joint_lock.h
[1.664s] -- Up-to-date symlink: /workspaces/workspaces/Christiano_Roboto/ainex_project/install/servo_service/include/servo_service/servo_service/msg/set_posture.h
[1.665s] -- Up-to-date symlink: /workspaces/workspaces/Christiano_Roboto/ainex_project/install/servo_service/include/servo_service/servo_service/msg/set_servo_positions.h
[1.665s] -- Up-to-date symlink: /workspaces/workspaces/Christiano_Roboto/ainex_project/install/servo_service/include/servo_service/servo_service/srv/detail/joint_lock__functions.h
[1.665s] -- Up-to-date symlink: /workspaces/workspaces/Christiano_Roboto/ainex_project/install/servo_service/include/servo_service/servo_service/srv/detail/joint_lock__struct.h
[1.665s] -- Up-to-date symlink: /workspaces/workspaces/Christiano_Roboto/ainex_project/install/servo_service/include/servo_service/servo_service/srv/detail/joint_lock__type_support.h
[1.666s] -- Up-to-date symlink: /workspaces/workspaces/Christiano_Roboto/ainex_project/install/servo_service/include/servo_service/servo_service/srv/detail/joint_position__functions.h
[1.666s] -- Up-to-date symlink: /workspaces/workspaces/Christiano_Roboto/ainex_project/install/servo_service/include/servo_service/servo_service/srv/detail/joint_position__struct.h
[1.666s] -- Up-to-date symlink: /workspaces/workspaces/Christiano_Roboto/ainex_project/install/servo_service/include/servo_service/servo_service/srv/detail/joint_position__type_support.h
[1.666s] -- Up-to-date symlink: /workspaces/workspaces/Christiano_Roboto/ainex_project/install/servo_service/include/servo_service/servo_service/srv/detail/joint_range__functions.h
[1.667s] -- Up-to-date symlink: /workspaces/workspaces/Christiano_Roboto/ainex_project/install/servo_service/include/servo_service/servo_service/srv/detail/joint_range__struct.h
[1.667s] -- Up-to-date symlink: /workspaces/workspaces/Christiano_Roboto/ainex_project/install/servo_service/include/servo_service/servo_service/srv/detail/joint_range__type_support.h
[1.667s] -- Up-to-date symlink: /workspaces/workspaces/Christiano_Roboto/ainex_project/install/servo_service/include/servo_service/servo_service/srv/detail/servo_deviation__functions.h
[1.667s] -- Up-to-date symlink: /workspaces/workspaces/Christiano_Roboto/ainex_project/install/servo_service/include/servo_service/servo_service/srv/detail/servo_deviation__struct.h
[1.667s] -- Up-to-date symlink: /workspaces/workspaces/Christiano_Roboto/ainex_project/install/servo_service/include/servo_service/servo_service/srv/detail/servo_deviation__type_support.h
[1.667s] -- Up-to-date symlink: /workspaces/workspaces/Christiano_Roboto/ainex_project/install/servo_service/include/servo_service/servo_service/srv/detail/servo_temp__functions.h
[1.668s] -- Up-to-date symlink: /workspaces/workspaces/Christiano_Roboto/ainex_project/install/servo_service/include/servo_service/servo_service/srv/detail/servo_temp__struct.h
[1.668s] -- Up-to-date symlink: /workspaces/workspaces/Christiano_Roboto/ainex_project/install/servo_service/include/servo_service/servo_service/srv/detail/servo_temp__type_support.h
[1.668s] -- Up-to-date symlink: /workspaces/workspaces/Christiano_Roboto/ainex_project/install/servo_service/include/servo_service/servo_service/srv/detail/servo_voltage__functions.h
[1.668s] -- Up-to-date symlink: /workspaces/workspaces/Christiano_Roboto/ainex_project/install/servo_service/include/servo_service/servo_service/srv/detail/servo_voltage__struct.h
[1.668s] -- Up-to-date symlink: /workspaces/workspaces/Christiano_Roboto/ainex_project/install/servo_service/include/servo_service/servo_service/srv/detail/servo_voltage__type_support.h
[1.669s] -- Up-to-date symlink: /workspaces/workspaces/Christiano_Roboto/ainex_project/install/servo_service/include/servo_service/servo_service/srv/joint_lock.h
[1.669s] -- Up-to-date symlink: /workspaces/workspaces/Christiano_Roboto/ainex_project/install/servo_service/include/servo_service/servo_service/srv/joint_position.h
[1.669s] -- Up-to-date symlink: /workspaces/workspaces/Christiano_Roboto/ainex_project/install/servo_service/include/servo_service/servo_service/srv/joint_range.h
[1.669s] -- Up-to-date symlink: /workspaces/workspaces/Christiano_Roboto/ainex_project/install/servo_service/include/servo_service/servo_service/srv/servo_deviation.h
[1.669s] -- Up-to-date symlink: /workspaces/workspaces/Christiano_Roboto/ainex_project/install/servo_service/include/servo_service/servo_service/srv/servo_temp.h
[1.669s] -- Up-to-date symlink: /workspaces/workspaces/Christiano_Roboto/ainex_project/install/servo_service/include/servo_service/servo_service/srv/servo_voltage.h
[1.669s] -- Up-to-date symlink: /workspaces/workspaces/Christiano_Roboto/ainex_project/install/servo_service/share/servo_service/environment/library_path.sh
[1.670s] -- Up-to-date symlink: /workspaces/workspaces/Christiano_Roboto/ainex_project/install/servo_service/share/servo_service/environment/library_path.dsv
[1.670s] -- Up-to-date symlink: /workspaces/workspaces/Christiano_Roboto/ainex_project/install/servo_service/include/servo_service/servo_service/msg/detail/change_servo_positions__rosidl_typesupport_fastrtps_c.h
[1.671s] -- Up-to-date symlink: /workspaces/workspaces/Christiano_Roboto/ainex_project/install/servo_service/include/servo_service/servo_service/msg/detail/get_servo_positions__rosidl_typesupport_fastrtps_c.h
[1.671s] -- Up-to-date symlink: /workspaces/workspaces/Christiano_Roboto/ainex_project/install/servo_service/include/servo_service/servo_service/msg/detail/set_joint_lock__rosidl_typesupport_fastrtps_c.h
[1.671s] -- Up-to-date symlink: /workspaces/workspaces/Christiano_Roboto/ainex_project/install/servo_service/include/servo_service/servo_service/msg/detail/set_posture__rosidl_typesupport_fastrtps_c.h
[1.671s] -- Up-to-date symlink: /workspaces/workspaces/Christiano_Roboto/ainex_project/install/servo_service/include/servo_service/servo_service/msg/detail/set_servo_positions__rosidl_typesupport_fastrtps_c.h
[1.671s] -- Up-to-date symlink: /workspaces/workspaces/Christiano_Roboto/ainex_project/install/servo_service/include/servo_service/servo_service/msg/rosidl_typesupport_fastrtps_c__visibility_control.h
[1.672s] -- Up-to-date symlink: /workspaces/workspaces/Christiano_Roboto/ainex_project/install/servo_service/include/servo_service/servo_service/srv/detail/joint_lock__rosidl_typesupport_fastrtps_c.h
[1.672s] -- Up-to-date symlink: /workspaces/workspaces/Christiano_Roboto/ainex_project/install/servo_service/include/servo_service/servo_service/srv/detail/joint_position__rosidl_typesupport_fastrtps_c.h
[1.672s] -- Up-to-date symlink: /workspaces/workspaces/Christiano_Roboto/ainex_project/install/servo_service/include/servo_service/servo_service/srv/detail/joint_range__rosidl_typesupport_fastrtps_c.h
[1.672s] -- Up-to-date symlink: /workspaces/workspaces/Christiano_Roboto/ainex_project/install/servo_service/include/servo_service/servo_service/srv/detail/servo_deviation__rosidl_typesupport_fastrtps_c.h
[1.672s] -- Up-to-date symlink: /workspaces/workspaces/Christiano_Roboto/ainex_project/install/servo_service/include/servo_service/servo_service/srv/detail/servo_temp__rosidl_typesupport_fastrtps_c.h
[1.673s] -- Up-to-date symlink: /workspaces/workspaces/Christiano_Roboto/ainex_project/install/servo_service/include/servo_service/servo_service/srv/detail/servo_voltage__rosidl_typesupport_fastrtps_c.h
[1.674s] -- Up-to-date symlink: /workspaces/workspaces/Christiano_Roboto/ainex_project/install/servo_service/include/servo_service/servo_service/msg/change_servo_positions.hpp
[1.674s] -- Up-to-date symlink: /workspaces/workspaces/Christiano_Roboto/ainex_project/install/servo_service/include/servo_service/servo_service/msg/detail/change_servo_positions__builder.hpp
[1.674s] -- Up-to-date symlink: /workspaces/workspaces/Christiano_Roboto/ainex_project/install/servo_service/include/servo_service/servo_service/msg/detail/change_servo_positions__struct.hpp
[1.674s] -- Up-to-date symlink: /workspaces/workspaces/Christiano_Roboto/ainex_project/install/servo_service/include/servo_service/servo_service/msg/detail/change_servo_positions__traits.hpp
[1.674s] -- Up-to-date symlink: /workspaces/workspaces/Christiano_Roboto/ainex_project/install/servo_service/include/servo_service/servo_service/msg/detail/change_servo_positions__type_support.hpp
[1.675s] -- Up-to-date symlink: /workspaces/workspaces/Christiano_Roboto/ainex_project/install/servo_service/include/servo_service/servo_service/msg/detail/get_servo_positions__builder.hpp
[1.675s] -- Up-to-date symlink: /workspaces/workspaces/Christiano_Roboto/ainex_project/install/servo_service/include/servo_service/servo_service/msg/detail/get_servo_positions__struct.hpp
[1.675s] -- Up-to-date symlink: /workspaces/workspaces/Christiano_Roboto/ainex_project/install/servo_service/include/servo_service/servo_service/msg/detail/get_servo_positions__traits.hpp
[1.675s] -- Up-to-date symlink: /workspaces/workspaces/Christiano_Roboto/ainex_project/install/servo_service/include/servo_service/servo_service/msg/detail/get_servo_positions__type_support.hpp
[1.675s] -- Up-to-date symlink: /workspaces/workspaces/Christiano_Roboto/ainex_project/install/servo_service/include/servo_service/servo_service/msg/detail/set_joint_lock__builder.hpp
[1.676s] -- Up-to-date symlink: /workspaces/workspaces/Christiano_Roboto/ainex_project/install/servo_service/include/servo_service/servo_service/msg/detail/set_joint_lock__struct.hpp
[1.676s] -- Up-to-date symlink: /workspaces/workspaces/Christiano_Roboto/ainex_project/install/servo_service/include/servo_service/servo_service/msg/detail/set_joint_lock__traits.hpp
[1.676s] -- Up-to-date symlink: /workspaces/workspaces/Christiano_Roboto/ainex_project/install/servo_service/include/servo_service/servo_service/msg/detail/set_joint_lock__type_support.hpp
[1.676s] -- Up-to-date symlink: /workspaces/workspaces/Christiano_Roboto/ainex_project/install/servo_service/include/servo_service/servo_service/msg/detail/set_posture__builder.hpp
[1.676s] -- Up-to-date symlink: /workspaces/workspaces/Christiano_Roboto/ainex_project/install/servo_service/include/servo_service/servo_service/msg/detail/set_posture__struct.hpp
[1.677s] -- Up-to-date symlink: /workspaces/workspaces/Christiano_Roboto/ainex_project/install/servo_service/include/servo_service/servo_service/msg/detail/set_posture__traits.hpp
[1.677s] -- Up-to-date symlink: /workspaces/workspaces/Christiano_Roboto/ainex_project/install/servo_service/include/servo_service/servo_service/msg/detail/set_posture__type_support.hpp
[1.677s] -- Up-to-date symlink: /workspaces/workspaces/Christiano_Roboto/ainex_project/install/servo_service/include/servo_service/servo_service/msg/detail/set_servo_positions__builder.hpp
[1.677s] -- Up-to-date symlink: /workspaces/workspaces/Christiano_Roboto/ainex_project/install/servo_service/include/servo_service/servo_service/msg/detail/set_servo_positions__struct.hpp
[1.677s] -- Up-to-date symlink: /workspaces/workspaces/Christiano_Roboto/ainex_project/install/servo_service/include/servo_service/servo_service/msg/detail/set_servo_positions__traits.hpp
[1.678s] -- Up-to-date symlink: /workspaces/workspaces/Christiano_Roboto/ainex_project/install/servo_service/include/servo_service/servo_service/msg/detail/set_servo_positions__type_support.hpp
[1.678s] -- Up-to-date symlink: /workspaces/workspaces/Christiano_Roboto/ainex_project/install/servo_service/include/servo_service/servo_service/msg/get_servo_positions.hpp
[1.678s] -- Up-to-date symlink: /workspaces/workspaces/Christiano_Roboto/ainex_project/install/servo_service/include/servo_service/servo_service/msg/rosidl_generator_cpp__visibility_control.hpp
[1.678s] -- Up-to-date symlink: /workspaces/workspaces/Christiano_Roboto/ainex_project/install/servo_service/include/servo_service/servo_service/msg/set_joint_lock.hpp
[1.678s] -- Up-to-date symlink: /workspaces/workspaces/Christiano_Roboto/ainex_project/install/servo_service/include/servo_service/servo_service/msg/set_posture.hpp
[1.679s] -- Up-to-date symlink: /workspaces/workspaces/Christiano_Roboto/ainex_project/install/servo_service/include/servo_service/servo_service/msg/set_servo_positions.hpp
[1.679s] -- Up-to-date symlink: /workspaces/workspaces/Christiano_Roboto/ainex_project/install/servo_service/include/servo_service/servo_service/srv/detail/joint_lock__builder.hpp
[1.679s] -- Up-to-date symlink: /workspaces/workspaces/Christiano_Roboto/ainex_project/install/servo_service/include/servo_service/servo_service/srv/detail/joint_lock__struct.hpp
[1.679s] -- Up-to-date symlink: /workspaces/workspaces/Christiano_Roboto/ainex_project/install/servo_service/include/servo_service/servo_service/srv/detail/joint_lock__traits.hpp
[1.679s] -- Up-to-date symlink: /workspaces/workspaces/Christiano_Roboto/ainex_project/install/servo_service/include/servo_service/servo_service/srv/detail/joint_lock__type_support.hpp
[1.679s] -- Up-to-date symlink: /workspaces/workspaces/Christiano_Roboto/ainex_project/install/servo_service/include/servo_service/servo_service/srv/detail/joint_position__builder.hpp
[1.680s] -- Up-to-date symlink: /workspaces/workspaces/Christiano_Roboto/ainex_project/install/servo_service/include/servo_service/servo_service/srv/detail/joint_position__struct.hpp
[1.680s] -- Up-to-date symlink: /workspaces/workspaces/Christiano_Roboto/ainex_project/install/servo_service/include/servo_service/servo_service/srv/detail/joint_position__traits.hpp
[1.680s] -- Up-to-date symlink: /workspaces/workspaces/Christiano_Roboto/ainex_project/install/servo_service/include/servo_service/servo_service/srv/detail/joint_position__type_support.hpp
[1.680s] -- Up-to-date symlink: /workspaces/workspaces/Christiano_Roboto/ainex_project/install/servo_service/include/servo_service/servo_service/srv/detail/joint_range__builder.hpp
[1.680s] -- Up-to-date symlink: /workspaces/workspaces/Christiano_Roboto/ainex_project/install/servo_service/include/servo_service/servo_service/srv/detail/joint_range__struct.hpp
[1.681s] -- Up-to-date symlink: /workspaces/workspaces/Christiano_Roboto/ainex_project/install/servo_service/include/servo_service/servo_service/srv/detail/joint_range__traits.hpp
[1.681s] -- Up-to-date symlink: /workspaces/workspaces/Christiano_Roboto/ainex_project/install/servo_service/include/servo_service/servo_service/srv/detail/joint_range__type_support.hpp
[1.681s] -- Up-to-date symlink: /workspaces/workspaces/Christiano_Roboto/ainex_project/install/servo_service/include/servo_service/servo_service/srv/detail/servo_deviation__builder.hpp
[1.681s] -- Up-to-date symlink: /workspaces/workspaces/Christiano_Roboto/ainex_project/install/servo_service/include/servo_service/servo_service/srv/detail/servo_deviation__struct.hpp
[1.681s] -- Up-to-date symlink: /workspaces/workspaces/Christiano_Roboto/ainex_project/install/servo_service/include/servo_service/servo_service/srv/detail/servo_deviation__traits.hpp
[1.682s] -- Up-to-date symlink: /workspaces/workspaces/Christiano_Roboto/ainex_project/install/servo_service/include/servo_service/servo_service/srv/detail/servo_deviation__type_support.hpp
[1.682s] -- Up-to-date symlink: /workspaces/workspaces/Christiano_Roboto/ainex_project/install/servo_service/include/servo_service/servo_service/srv/detail/servo_temp__builder.hpp
[1.682s] -- Up-to-date symlink: /workspaces/workspaces/Christiano_Roboto/ainex_project/install/servo_service/include/servo_service/servo_service/srv/detail/servo_temp__struct.hpp
[1.682s] -- Up-to-date symlink: /workspaces/workspaces/Christiano_Roboto/ainex_project/install/servo_service/include/servo_service/servo_service/srv/detail/servo_temp__traits.hpp
[1.682s] -- Up-to-date symlink: /workspaces/workspaces/Christiano_Roboto/ainex_project/install/servo_service/include/servo_service/servo_service/srv/detail/servo_temp__type_support.hpp
[1.683s] -- Up-to-date symlink: /workspaces/workspaces/Christiano_Roboto/ainex_project/install/servo_service/include/servo_service/servo_service/srv/detail/servo_voltage__builder.hpp
[1.683s] -- Up-to-date symlink: /workspaces/workspaces/Christiano_Roboto/ainex_project/install/servo_service/include/servo_service/servo_service/srv/detail/servo_voltage__struct.hpp
[1.683s] -- Up-to-date symlink: /workspaces/workspaces/Christiano_Roboto/ainex_project/install/servo_service/include/servo_service/servo_service/srv/detail/servo_voltage__traits.hpp
[1.683s] -- Up-to-date symlink: /workspaces/workspaces/Christiano_Roboto/ainex_project/install/servo_service/include/servo_service/servo_service/srv/detail/servo_voltage__type_support.hpp
[1.683s] -- Up-to-date symlink: /workspaces/workspaces/Christiano_Roboto/ainex_project/install/servo_service/include/servo_service/servo_service/srv/joint_lock.hpp
[1.684s] -- Up-to-date symlink: /workspaces/workspaces/Christiano_Roboto/ainex_project/install/servo_service/include/servo_service/servo_service/srv/joint_position.hpp
[1.684s] -- Up-to-date symlink: /workspaces/workspaces/Christiano_Roboto/ainex_project/install/servo_service/include/servo_service/servo_service/srv/joint_range.hpp
[1.684s] -- Up-to-date symlink: /workspaces/workspaces/Christiano_Roboto/ainex_project/install/servo_service/include/servo_service/servo_service/srv/servo_deviation.hpp
[1.684s] -- Up-to-date symlink: /workspaces/workspaces/Christiano_Roboto/ainex_project/install/servo_service/include/servo_service/servo_service/srv/servo_temp.hpp
[1.684s] -- Up-to-date symlink: /workspaces/workspaces/Christiano_Roboto/ainex_project/install/servo_service/include/servo_service/servo_service/srv/servo_voltage.hpp
[1.685s] -- Up-to-date symlink: /workspaces/workspaces/Christiano_Roboto/ainex_project/install/servo_service/include/servo_service/servo_service/msg/detail/change_servo_positions__rosidl_typesupport_fastrtps_cpp.hpp
[1.686s] -- Up-to-date symlink: /workspaces/workspaces/Christiano_Roboto/ainex_project/install/servo_service/include/servo_service/servo_service/msg/detail/get_servo_positions__rosidl_typesupport_fastrtps_cpp.hpp
[1.686s] -- Up-to-date symlink: /workspaces/workspaces/Christiano_Roboto/ainex_project/install/servo_service/include/servo_service/servo_service/msg/detail/set_joint_lock__rosidl_typesupport_fastrtps_cpp.hpp
[1.686s] -- Up-to-date symlink: /workspaces/workspaces/Christiano_Roboto/ainex_project/install/servo_service/include/servo_service/servo_service/msg/detail/set_posture__rosidl_typesupport_fastrtps_cpp.hpp
[1.686s] -- Up-to-date symlink: /workspaces/workspaces/Christiano_Roboto/ainex_project/install/servo_service/include/servo_service/servo_service/msg/detail/set_servo_positions__rosidl_typesupport_fastrtps_cpp.hpp
[1.686s] -- Up-to-date symlink: /workspaces/workspaces/Christiano_Roboto/ainex_project/install/servo_service/include/servo_service/servo_service/msg/rosidl_typesupport_fastrtps_cpp__visibility_control.h
[1.686s] -- Up-to-date symlink: /workspaces/workspaces/Christiano_Roboto/ainex_project/install/servo_service/include/servo_service/servo_service/srv/detail/joint_lock__rosidl_typesupport_fastrtps_cpp.hpp
[1.687s] -- Up-to-date symlink: /workspaces/workspaces/Christiano_Roboto/ainex_project/install/servo_service/include/servo_service/servo_service/srv/detail/joint_position__rosidl_typesupport_fastrtps_cpp.hpp
[1.687s] -- Up-to-date symlink: /workspaces/workspaces/Christiano_Roboto/ainex_project/install/servo_service/include/servo_service/servo_service/srv/detail/joint_range__rosidl_typesupport_fastrtps_cpp.hpp
[1.687s] -- Up-to-date symlink: /workspaces/workspaces/Christiano_Roboto/ainex_project/install/servo_service/include/servo_service/servo_service/srv/detail/servo_deviation__rosidl_typesupport_fastrtps_cpp.hpp
[1.687s] -- Up-to-date symlink: /workspaces/workspaces/Christiano_Roboto/ainex_project/install/servo_service/include/servo_service/servo_service/srv/detail/servo_temp__rosidl_typesupport_fastrtps_cpp.hpp
[1.687s] -- Up-to-date symlink: /workspaces/workspaces/Christiano_Roboto/ainex_project/install/servo_service/include/servo_service/servo_service/srv/detail/servo_voltage__rosidl_typesupport_fastrtps_cpp.hpp
[1.688s] -- Up-to-date symlink: /workspaces/workspaces/Christiano_Roboto/ainex_project/install/servo_service/include/servo_service/servo_service/msg/detail/change_servo_positions__rosidl_typesupport_introspection_c.h
[1.688s] -- Up-to-date symlink: /workspaces/workspaces/Christiano_Roboto/ainex_project/install/servo_service/include/servo_service/servo_service/msg/detail/get_servo_positions__rosidl_typesupport_introspection_c.h
[1.688s] -- Up-to-date symlink: /workspaces/workspaces/Christiano_Roboto/ainex_project/install/servo_service/include/servo_service/servo_service/msg/detail/set_joint_lock__rosidl_typesupport_introspection_c.h
[1.689s] -- Up-to-date symlink: /workspaces/workspaces/Christiano_Roboto/ainex_project/install/servo_service/include/servo_service/servo_service/msg/detail/set_posture__rosidl_typesupport_introspection_c.h
[1.689s] -- Up-to-date symlink: /workspaces/workspaces/Christiano_Roboto/ainex_project/install/servo_service/include/servo_service/servo_service/msg/detail/set_servo_positions__rosidl_typesupport_introspection_c.h
[1.689s] -- Up-to-date symlink: /workspaces/workspaces/Christiano_Roboto/ainex_project/install/servo_service/include/servo_service/servo_service/msg/rosidl_typesupport_introspection_c__visibility_control.h
[1.689s] -- Up-to-date symlink: /workspaces/workspaces/Christiano_Roboto/ainex_project/install/servo_service/include/servo_service/servo_service/srv/detail/joint_lock__rosidl_typesupport_introspection_c.h
[1.689s] -- Up-to-date symlink: /workspaces/workspaces/Christiano_Roboto/ainex_project/install/servo_service/include/servo_service/servo_service/srv/detail/joint_position__rosidl_typesupport_introspection_c.h
[1.690s] -- Up-to-date symlink: /workspaces/workspaces/Christiano_Roboto/ainex_project/install/servo_service/include/servo_service/servo_service/srv/detail/joint_range__rosidl_typesupport_introspection_c.h
[1.690s] -- Up-to-date symlink: /workspaces/workspaces/Christiano_Roboto/ainex_project/install/servo_service/include/servo_service/servo_service/srv/detail/servo_deviation__rosidl_typesupport_introspection_c.h
[1.690s] -- Up-to-date symlink: /workspaces/workspaces/Christiano_Roboto/ainex_project/install/servo_service/include/servo_service/servo_service/srv/detail/servo_temp__rosidl_typesupport_introspection_c.h
[1.690s] -- Up-to-date symlink: /workspaces/workspaces/Christiano_Roboto/ainex_project/install/servo_service/include/servo_service/servo_service/srv/detail/servo_voltage__rosidl_typesupport_introspection_c.h
[1.691s] -- Up-to-date symlink: /workspaces/workspaces/Christiano_Roboto/ainex_project/install/servo_service/include/servo_service/servo_service/msg/detail/change_servo_positions__rosidl_typesupport_introspection_cpp.hpp
[1.691s] -- Up-to-date symlink: /workspaces/workspaces/Christiano_Roboto/ainex_project/install/servo_service/include/servo_service/servo_service/msg/detail/get_servo_positions__rosidl_typesupport_introspection_cpp.hpp
[1.691s] -- Up-to-date symlink: /workspaces/workspaces/Christiano_Roboto/ainex_project/install/servo_service/include/servo_service/servo_service/msg/detail/set_joint_lock__rosidl_typesupport_introspection_cpp.hpp
[1.691s] -- Up-to-date symlink: /workspaces/workspaces/Christiano_Roboto/ainex_project/install/servo_service/include/servo_service/servo_service/msg/detail/set_posture__rosidl_typesupport_introspection_cpp.hpp
[1.691s] -- Up-to-date symlink: /workspaces/workspaces/Christiano_Roboto/ainex_project/install/servo_service/include/servo_service/servo_service/msg/detail/set_servo_positions__rosidl_typesupport_introspection_cpp.hpp
[1.692s] -- Up-to-date symlink: /workspaces/workspaces/Christiano_Roboto/ainex_project/install/servo_service/include/servo_service/servo_service/srv/detail/joint_lock__rosidl_typesupport_introspection_cpp.hpp
[1.692s] -- Up-to-date symlink: /workspaces/workspaces/Christiano_Roboto/ainex_project/install/servo_service/include/servo_service/servo_service/srv/detail/joint_position__rosidl_typesupport_introspection_cpp.hpp
[1.692s] -- Up-to-date symlink: /workspaces/workspaces/Christiano_Roboto/ainex_project/install/servo_service/include/servo_service/servo_service/srv/detail/joint_range__rosidl_typesupport_introspection_cpp.hpp
[1.692s] -- Up-to-date symlink: /workspaces/workspaces/Christiano_Roboto/ainex_project/install/servo_service/include/servo_service/servo_service/srv/detail/servo_deviation__rosidl_typesupport_introspection_cpp.hpp
[1.692s] -- Up-to-date symlink: /workspaces/workspaces/Christiano_Roboto/ainex_project/install/servo_service/include/servo_service/servo_service/srv/detail/servo_temp__rosidl_typesupport_introspection_cpp.hpp
[1.693s] -- Up-to-date symlink: /workspaces/workspaces/Christiano_Roboto/ainex_project/install/servo_service/include/servo_service/servo_service/srv/detail/servo_voltage__rosidl_typesupport_introspection_cpp.hpp
[1.693s] -- Up-to-date symlink: /workspaces/workspaces/Christiano_Roboto/ainex_project/install/servo_service/share/servo_service/environment/pythonpath.sh
[1.693s] -- Up-to-date symlink: /workspaces/workspaces/Christiano_Roboto/ainex_project/install/servo_service/share/servo_service/environment/pythonpath.dsv
[1.694s] -- Up-to-date symlink: /workspaces/workspaces/Christiano_Roboto/ainex_project/install/servo_service/lib/python3.12/site-packages/servo_service-0.0.0-py3.12.egg-info/PKG-INFO
[1.694s] -- Up-to-date symlink: /workspaces/workspaces/Christiano_Roboto/ainex_project/install/servo_service/lib/python3.12/site-packages/servo_service-0.0.0-py3.12.egg-info/SOURCES.txt
[1.694s] -- Up-to-date symlink: /workspaces/workspaces/Christiano_Roboto/ainex_project/install/servo_service/lib/python3.12/site-packages/servo_service-0.0.0-py3.12.egg-info/dependency_links.txt
[1.694s] -- Up-to-date symlink: /workspaces/workspaces/Christiano_Roboto/ainex_project/install/servo_service/lib/python3.12/site-packages/servo_service-0.0.0-py3.12.egg-info/top_level.txt
[1.695s] -- Up-to-date symlink: /workspaces/workspaces/Christiano_Roboto/ainex_project/install/servo_service/lib/python3.12/site-packages/servo_service/__init__.py
[1.696s] -- Up-to-date symlink: /workspaces/workspaces/Christiano_Roboto/ainex_project/install/servo_service/lib/python3.12/site-packages/servo_service/_servo_service_s.ep.rosidl_typesupport_c.c
[1.696s] -- Up-to-date symlink: /workspaces/workspaces/Christiano_Roboto/ainex_project/install/servo_service/lib/python3.12/site-packages/servo_service/_servo_service_s.ep.rosidl_typesupport_fastrtps_c.c
[1.696s] -- Up-to-date symlink: /workspaces/workspaces/Christiano_Roboto/ainex_project/install/servo_service/lib/python3.12/site-packages/servo_service/_servo_service_s.ep.rosidl_typesupport_introspection_c.c
[1.696s] -- Up-to-date symlink: /workspaces/workspaces/Christiano_Roboto/ainex_project/install/servo_service/lib/python3.12/site-packages/servo_service/msg/__init__.py
[1.696s] -- Up-to-date symlink: /workspaces/workspaces/Christiano_Roboto/ainex_project/install/servo_service/lib/python3.12/site-packages/servo_service/msg/_change_servo_positions.py
[1.696s] -- Up-to-date symlink: /workspaces/workspaces/Christiano_Roboto/ainex_project/install/servo_service/lib/python3.12/site-packages/servo_service/msg/_change_servo_positions_s.c
[1.697s] -- Up-to-date symlink: /workspaces/workspaces/Christiano_Roboto/ainex_project/install/servo_service/lib/python3.12/site-packages/servo_service/msg/_get_servo_positions.py
[1.697s] -- Up-to-date symlink: /workspaces/workspaces/Christiano_Roboto/ainex_project/install/servo_service/lib/python3.12/site-packages/servo_service/msg/_get_servo_positions_s.c
[1.697s] -- Up-to-date symlink: /workspaces/workspaces/Christiano_Roboto/ainex_project/install/servo_service/lib/python3.12/site-packages/servo_service/msg/_set_joint_lock.py
[1.697s] -- Up-to-date symlink: /workspaces/workspaces/Christiano_Roboto/ainex_project/install/servo_service/lib/python3.12/site-packages/servo_service/msg/_set_joint_lock_s.c
[1.697s] -- Up-to-date symlink: /workspaces/workspaces/Christiano_Roboto/ainex_project/install/servo_service/lib/python3.12/site-packages/servo_service/msg/_set_posture.py
[1.698s] -- Up-to-date symlink: /workspaces/workspaces/Christiano_Roboto/ainex_project/install/servo_service/lib/python3.12/site-packages/servo_service/msg/_set_posture_s.c
[1.698s] -- Up-to-date symlink: /workspaces/workspaces/Christiano_Roboto/ainex_project/install/servo_service/lib/python3.12/site-packages/servo_service/msg/_set_servo_positions.py
[1.698s] -- Up-to-date symlink: /workspaces/workspaces/Christiano_Roboto/ainex_project/install/servo_service/lib/python3.12/site-packages/servo_service/msg/_set_servo_positions_s.c
[1.698s] -- Up-to-date symlink: /workspaces/workspaces/Christiano_Roboto/ainex_project/install/servo_service/lib/python3.12/site-packages/servo_service/servo_service_s__rosidl_typesupport_c.so
[1.698s] -- Up-to-date symlink: /workspaces/workspaces/Christiano_Roboto/ainex_project/install/servo_service/lib/python3.12/site-packages/servo_service/servo_service_s__rosidl_typesupport_fastrtps_c.so
[1.699s] -- Up-to-date symlink: /workspaces/workspaces/Christiano_Roboto/ainex_project/install/servo_service/lib/python3.12/site-packages/servo_service/servo_service_s__rosidl_typesupport_introspection_c.so
[1.699s] -- Up-to-date symlink: /workspaces/workspaces/Christiano_Roboto/ainex_project/install/servo_service/lib/python3.12/site-packages/servo_service/srv/__init__.py
[1.699s] -- Up-to-date symlink: /workspaces/workspaces/Christiano_Roboto/ainex_project/install/servo_service/lib/python3.12/site-packages/servo_service/srv/_joint_lock.py
[1.699s] -- Up-to-date symlink: /workspaces/workspaces/Christiano_Roboto/ainex_project/install/servo_service/lib/python3.12/site-packages/servo_service/srv/_joint_lock_s.c
[1.699s] -- Up-to-date symlink: /workspaces/workspaces/Christiano_Roboto/ainex_project/install/servo_service/lib/python3.12/site-packages/servo_service/srv/_joint_position.py
[1.700s] -- Up-to-date symlink: /workspaces/workspaces/Christiano_Roboto/ainex_project/install/servo_service/lib/python3.12/site-packages/servo_service/srv/_joint_position_s.c
[1.700s] -- Up-to-date symlink: /workspaces/workspaces/Christiano_Roboto/ainex_project/install/servo_service/lib/python3.12/site-packages/servo_service/srv/_joint_range.py
[1.700s] -- Up-to-date symlink: /workspaces/workspaces/Christiano_Roboto/ainex_project/install/servo_service/lib/python3.12/site-packages/servo_service/srv/_joint_range_s.c
[1.700s] -- Up-to-date symlink: /workspaces/workspaces/Christiano_Roboto/ainex_project/install/servo_service/lib/python3.12/site-packages/servo_service/srv/_servo_deviation.py
[1.700s] -- Up-to-date symlink: /workspaces/workspaces/Christiano_Roboto/ainex_project/install/servo_service/lib/python3.12/site-packages/servo_service/srv/_servo_deviation_s.c
[1.700s] -- Up-to-date symlink: /workspaces/workspaces/Christiano_Roboto/ainex_project/install/servo_service/lib/python3.12/site-packages/servo_service/srv/_servo_temp.py
[1.701s] -- Up-to-date symlink: /workspaces/workspaces/Christiano_Roboto/ainex_project/install/servo_service/lib/python3.12/site-packages/servo_service/srv/_servo_temp_s.c
[1.701s] -- Up-to-date symlink: /workspaces/workspaces/Christiano_Roboto/ainex_project/install/servo_service/lib/python3.12/site-packages/servo_service/srv/_servo_voltage.py
[1.701s] -- Up-to-date symlink: /workspaces/workspaces/Christiano_Roboto/ainex_project/install/servo_service/lib/python3.12/site-packages/servo_service/srv/_servo_voltage_s.c
[1.701s] -- Up-to-date symlink: /workspaces/workspaces/Christiano_Roboto/ainex_project/install/servo_service/lib/python3.12/site-packages/servo_service/servo_service_s__rosidl_typesupport_fastrtps_c.so
[1.702s] -- Up-to-date symlink: /workspaces/workspaces/Christiano_Roboto/ainex_project/install/servo_service/lib/python3.12/site-packages/servo_service/servo_service_s__rosidl_typesupport_introspection_c.so
[1.703s] -- Up-to-date symlink: /workspaces/workspaces/Christiano_Roboto/ainex_project/install/servo_service/lib/python3.12/site-packages/servo_service/servo_service_s__rosidl_typesupport_c.so
[1.703s] -- Up-to-date symlink: /workspaces/workspaces/Christiano_Roboto/ainex_project/install/servo_service/share/servo_service/msg/ChangeServoPositions.idl
[1.703s] -- Up-to-date symlink: /workspaces/workspaces/Christiano_Roboto/ainex_project/install/servo_service/share/servo_service/msg/SetServoPositions.idl
[1.706s] -- Up-to-date symlink: /workspaces/workspaces/Christiano_Roboto/ainex_project/install/servo_service/share/servo_service/msg/SetJointLock.idl
[1.706s] -- Up-to-date symlink: /workspaces/workspaces/Christiano_Roboto/ainex_project/install/servo_service/share/servo_service/msg/GetServoPositions.idl
[1.706s] -- Up-to-date symlink: /workspaces/workspaces/Christiano_Roboto/ainex_project/install/servo_service/share/servo_service/msg/SetPosture.idl
[1.706s] -- Up-to-date symlink: /workspaces/workspaces/Christiano_Roboto/ainex_project/install/servo_service/share/servo_service/srv/JointLock.idl
[1.707s] -- Up-to-date symlink: /workspaces/workspaces/Christiano_Roboto/ainex_project/install/servo_service/share/servo_service/srv/ServoTemp.idl
[1.707s] -- Up-to-date symlink: /workspaces/workspaces/Christiano_Roboto/ainex_project/install/servo_service/share/servo_service/srv/ServoDeviation.idl
[1.707s] -- Up-to-date symlink: /workspaces/workspaces/Christiano_Roboto/ainex_project/install/servo_service/share/servo_service/srv/ServoVoltage.idl
[1.707s] -- Up-to-date symlink: /workspaces/workspaces/Christiano_Roboto/ainex_project/install/servo_service/share/servo_service/srv/JointPosition.idl
[1.707s] -- Up-to-date symlink: /workspaces/workspaces/Christiano_Roboto/ainex_project/install/servo_service/share/servo_service/srv/JointRange.idl
[1.707s] -- Up-to-date symlink: /workspaces/workspaces/Christiano_Roboto/ainex_project/install/servo_service/share/servo_service/msg/ChangeServoPositions.msg
[1.708s] -- Up-to-date symlink: /workspaces/workspaces/Christiano_Roboto/ainex_project/install/servo_service/share/servo_service/msg/SetServoPositions.msg
[1.708s] -- Up-to-date symlink: /workspaces/workspaces/Christiano_Roboto/ainex_project/install/servo_service/share/servo_service/msg/SetJointLock.msg
[1.708s] -- Up-to-date symlink: /workspaces/workspaces/Christiano_Roboto/ainex_project/install/servo_service/share/servo_service/msg/GetServoPositions.msg
[1.708s] -- Up-to-date symlink: /workspaces/workspaces/Christiano_Roboto/ainex_project/install/servo_service/share/servo_service/msg/SetPosture.msg
[1.709s] -- Up-to-date symlink: /workspaces/workspaces/Christiano_Roboto/ainex_project/install/servo_service/share/servo_service/srv/JointLock.srv
[1.709s] -- Up-to-date symlink: /workspaces/workspaces/Christiano_Roboto/ainex_project/install/servo_service/share/servo_service/srv/ServoTemp.srv
[1.709s] -- Up-to-date symlink: /workspaces/workspaces/Christiano_Roboto/ainex_project/install/servo_service/share/servo_service/srv/ServoDeviation.srv
[1.710s] -- Up-to-date symlink: /workspaces/workspaces/Christiano_Roboto/ainex_project/install/servo_service/share/servo_service/srv/ServoVoltage.srv
[1.710s] -- Up-to-date symlink: /workspaces/workspaces/Christiano_Roboto/ainex_project/install/servo_service/share/servo_service/srv/JointPosition.srv
[1.710s] -- Up-to-date symlink: /workspaces/workspaces/Christiano_Roboto/ainex_project/install/servo_service/share/servo_service/srv/JointRange.srv
[1.711s] -- Up-to-date symlink: /workspaces/workspaces/Christiano_Roboto/ainex_project/install/servo_service/share/ament_index/resource_index/package_run_dependencies/servo_service
[1.711s] -- Up-to-date symlink: /workspaces/workspaces/Christiano_Roboto/ainex_project/install/servo_service/share/ament_index/resource_index/parent_prefix_path/servo_service
[1.711s] -- Up-to-date symlink: /workspaces/workspaces/Christiano_Roboto/ainex_project/install/servo_service/share/servo_service/environment/ament_prefix_path.sh
[1.711s] -- Up-to-date symlink: /workspaces/workspaces/Christiano_Roboto/ainex_project/install/servo_service/share/servo_service/environment/ament_prefix_path.dsv
[1.712s] -- Up-to-date symlink: /workspaces/workspaces/Christiano_Roboto/ainex_project/install/servo_service/share/servo_service/environment/path.sh
[1.712s] -- Up-to-date symlink: /workspaces/workspaces/Christiano_Roboto/ainex_project/install/servo_service/share/servo_service/environment/path.dsv
[1.712s] -- Up-to-date symlink: /workspaces/workspaces/Christiano_Roboto/ainex_project/install/servo_service/share/servo_service/local_setup.bash
[1.713s] -- Up-to-date symlink: /workspaces/workspaces/Christiano_Roboto/ainex_project/install/servo_service/share/servo_service/local_setup.sh
[1.713s] -- Up-to-date symlink: /workspaces/workspaces/Christiano_Roboto/ainex_project/install/servo_service/share/servo_service/local_setup.zsh
[1.714s] -- Up-to-date symlink: /workspaces/workspaces/Christiano_Roboto/ainex_project/install/servo_service/share/servo_service/local_setup.dsv
[1.714s] -- Symlinking: /workspaces/workspaces/Christiano_Roboto/ainex_project/install/servo_service/share/servo_service/package.dsv
[1.735s] -- Up-to-date symlink: /workspaces/workspaces/Christiano_Roboto/ainex_project/install/servo_service/share/ament_index/resource_index/packages/servo_service
[1.735s] -- Up-to-date symlink: /workspaces/workspaces/Christiano_Roboto/ainex_project/install/servo_service/share/servo_service/cmake/rosidl_cmake-extras.cmake
[1.746s] -- Up-to-date symlink: /workspaces/workspaces/Christiano_Roboto/ainex_project/install/servo_service/share/servo_service/cmake/ament_cmake_export_dependencies-extras.cmake
[1.747s] -- Up-to-date symlink: /workspaces/workspaces/Christiano_Roboto/ainex_project/install/servo_service/share/servo_service/cmake/ament_cmake_export_include_directories-extras.cmake
[1.747s] -- Up-to-date symlink: /workspaces/workspaces/Christiano_Roboto/ainex_project/install/servo_service/share/servo_service/cmake/ament_cmake_export_libraries-extras.cmake
[1.748s] -- Up-to-date symlink: /workspaces/workspaces/Christiano_Roboto/ainex_project/install/servo_service/share/servo_service/cmake/ament_cmake_export_targets-extras.cmake
[1.749s] -- Up-to-date symlink: /workspaces/workspaces/Christiano_Roboto/ainex_project/install/servo_service/share/servo_service/cmake/rosidl_cmake_export_typesupport_targets-extras.cmake
[1.749s] -- Up-to-date symlink: /workspaces/workspaces/Christiano_Roboto/ainex_project/install/servo_service/share/servo_service/cmake/rosidl_cmake_export_typesupport_libraries-extras.cmake
[1.750s] -- Up-to-date symlink: /workspaces/workspaces/Christiano_Roboto/ainex_project/install/servo_service/share/servo_service/cmake/servo_serviceConfig.cmake
[1.750s] -- Up-to-date symlink: /workspaces/workspaces/Christiano_Roboto/ainex_project/install/servo_service/share/servo_service/cmake/servo_serviceConfig-version.cmake
[1.750s] -- Up-to-date symlink: /workspaces/workspaces/Christiano_Roboto/ainex_project/install/servo_service/share/servo_service/package.xml
[1.751s] -- Up-to-date: /workspaces/workspaces/Christiano_Roboto/ainex_project/install/servo_service/lib/libservo_service__rosidl_generator_c.so
[1.752s] -- Up-to-date: /workspaces/workspaces/Christiano_Roboto/ainex_project/install/servo_service/lib/libservo_service__rosidl_typesupport_fastrtps_c.so
[1.753s] -- Up-to-date: /workspaces/workspaces/Christiano_Roboto/ainex_project/install/servo_service/lib/libservo_service__rosidl_typesupport_fastrtps_cpp.so
[1.754s] -- Up-to-date: /workspaces/workspaces/Christiano_Roboto/ainex_project/install/servo_service/lib/libservo_service__rosidl_typesupport_introspection_c.so
[1.755s] -- Up-to-date: /workspaces/workspaces/Christiano_Roboto/ainex_project/install/servo_service/lib/libservo_service__rosidl_typesupport_c.so
[1.755s] -- Up-to-date: /workspaces/workspaces/Christiano_Roboto/ainex_project/install/servo_service/lib/libservo_service__rosidl_typesupport_introspection_cpp.so
[1.756s] -- Up-to-date: /workspaces/workspaces/Christiano_Roboto/ainex_project/install/servo_service/lib/libservo_service__rosidl_typesupport_cpp.so
[1.805s] Listing '/workspaces/workspaces/Christiano_Roboto/ainex_project/install/servo_service/lib/python3.12/site-packages/servo_service'...
[1.805s] Listing '/workspaces/workspaces/Christiano_Roboto/ainex_project/install/servo_service/lib/python3.12/site-packages/servo_service/msg'...
[1.805s] Listing '/workspaces/workspaces/Christiano_Roboto/ainex_project/install/servo_service/lib/python3.12/site-packages/servo_service/srv'...
[1.811s] -- Up-to-date: /workspaces/workspaces/Christiano_Roboto/ainex_project/install/servo_service/lib/libservo_service__rosidl_generator_py.so
[1.812s] -- Up-to-date: /workspaces/workspaces/Christiano_Roboto/ainex_project/install/servo_service/share/servo_service/cmake/export_servo_service__rosidl_generator_cExport.cmake
[1.812s] -- Up-to-date: /workspaces/workspaces/Christiano_Roboto/ainex_project/install/servo_service/share/servo_service/cmake/export_servo_service__rosidl_generator_cExport-noconfig.cmake
[1.812s] -- Up-to-date: /workspaces/workspaces/Christiano_Roboto/ainex_project/install/servo_service/share/servo_service/cmake/export_servo_service__rosidl_typesupport_fastrtps_cExport.cmake
[1.812s] -- Up-to-date: /workspaces/workspaces/Christiano_Roboto/ainex_project/install/servo_service/share/servo_service/cmake/export_servo_service__rosidl_typesupport_fastrtps_cExport-noconfig.cmake
[1.813s] -- Up-to-date: /workspaces/workspaces/Christiano_Roboto/ainex_project/install/servo_service/share/servo_service/cmake/export_servo_service__rosidl_generator_cppExport.cmake
[1.813s] -- Up-to-date: /workspaces/workspaces/Christiano_Roboto/ainex_project/install/servo_service/share/servo_service/cmake/export_servo_service__rosidl_typesupport_fastrtps_cppExport.cmake
[1.813s] -- Up-to-date: /workspaces/workspaces/Christiano_Roboto/ainex_project/install/servo_service/share/servo_service/cmake/export_servo_service__rosidl_typesupport_fastrtps_cppExport-noconfig.cmake
[1.813s] -- Up-to-date: /workspaces/workspaces/Christiano_Roboto/ainex_project/install/servo_service/share/servo_service/cmake/servo_service__rosidl_typesupport_introspection_cExport.cmake
[1.813s] -- Up-to-date: /workspaces/workspaces/Christiano_Roboto/ainex_project/install/servo_service/share/servo_service/cmake/servo_service__rosidl_typesupport_introspection_cExport-noconfig.cmake
[1.813s] -- Up-to-date: /workspaces/workspaces/Christiano_Roboto/ainex_project/install/servo_service/share/servo_service/cmake/servo_service__rosidl_typesupport_cExport.cmake
[1.814s] -- Up-to-date: /workspaces/workspaces/Christiano_Roboto/ainex_project/install/servo_service/share/servo_service/cmake/servo_service__rosidl_typesupport_cExport-noconfig.cmake
[1.814s] -- Up-to-date: /workspaces/workspaces/Christiano_Roboto/ainex_project/install/servo_service/share/servo_service/cmake/servo_service__rosidl_typesupport_introspection_cppExport.cmake
[1.814s] -- Up-to-date: /workspaces/workspaces/Christiano_Roboto/ainex_project/install/servo_service/share/servo_service/cmake/servo_service__rosidl_typesupport_introspection_cppExport-noconfig.cmake
[1.814s] -- Up-to-date: /workspaces/workspaces/Christiano_Roboto/ainex_project/install/servo_service/share/servo_service/cmake/servo_service__rosidl_typesupport_cppExport.cmake
[1.816s] -- Up-to-date: /workspaces/workspaces/Christiano_Roboto/ainex_project/install/servo_service/share/servo_service/cmake/servo_service__rosidl_typesupport_cppExport-noconfig.cmake
[1.816s] -- Up-to-date: /workspaces/workspaces/Christiano_Roboto/ainex_project/install/servo_service/share/servo_service/cmake/export_servo_service__rosidl_generator_pyExport.cmake
[1.816s] -- Up-to-date: /workspaces/workspaces/Christiano_Roboto/ainex_project/install/servo_service/share/servo_service/cmake/export_servo_service__rosidl_generator_pyExport-noconfig.cmake
[1.818s] Invoked command in '/workspaces/workspaces/Christiano_Roboto/ainex_project/build/servo_service' returned '0': CMAKE_PREFIX_PATH=${CMAKE_PREFIX_PATH}:/workspaces/workspaces/Christiano_Roboto/ainex_project/install/whole_body_control:/workspaces/workspaces/Christiano_Roboto/ainex_project/install/simulator:/workspaces/workspaces/Christiano_Roboto/ainex_project/install/ainex_motion:/workspaces/workspaces/Christiano_Roboto/ainex_project/install/ainex_vision:/opt/ros/rolling /usr/bin/cmake --install /workspaces/workspaces/Christiano_Roboto/ainex_project/build/servo_service
