[0.116s] DEBUG:colcon:Command line arguments: ['/usr/bin/colcon', 'build', '--symlink-install']
[0.116s] DEBUG:colcon:Parsed command line arguments: Namespace(log_base=None, log_level=None, verb_name='build', build_base='build', install_base='install', merge_install=False, symlink_install=True, test_result_base=None, continue_on_error=False, executor='parallel', parallel_workers=8, event_handlers=None, ignore_user_meta=False, metas=['./colcon.meta'], base_paths=['.'], packages_ignore=None, packages_ignore_regex=None, paths=None, packages_up_to=None, packages_up_to_regex=None, packages_above=None, packages_above_and_dependencies=None, packages_above_depth=None, packages_select_by_dep=None, packages_skip_by_dep=None, packages_skip_up_to=None, packages_select_build_failed=False, packages_skip_build_finished=False, packages_select_test_failures=False, packages_skip_test_passed=False, packages_select=None, packages_skip=None, packages_select_regex=None, packages_skip_regex=None, packages_start=None, packages_end=None, cmake_args=None, cmake_target=None, cmake_target_skip_unavailable=False, cmake_clean_cache=False, cmake_clean_first=False, cmake_force_configure=False, ament_cmake_args=None, catkin_cmake_args=None, catkin_skip_building_tests=False, mixin_files=None, mixin=None, verb_parser=<colcon_mixin.mixin.mixin_argument.MixinArgumentDecorator object at 0x7af7b7414320>, verb_extension=<colcon_core.verb.build.BuildVerb object at 0x7af7b7ede600>, main=<bound method BuildVerb.main of <colcon_core.verb.build.BuildVerb object at 0x7af7b7ede600>>, mixin_verb=('build',))
[0.162s] Level 1:colcon.colcon_core.package_discovery:discover_packages(colcon_meta) check parameters
[0.162s] Level 1:colcon.colcon_core.package_discovery:discover_packages(recursive) check parameters
[0.162s] Level 1:colcon.colcon_core.package_discovery:discover_packages(ignore) check parameters
[0.162s] Level 1:colcon.colcon_core.package_discovery:discover_packages(path) check parameters
[0.162s] Level 1:colcon.colcon_core.package_discovery:discover_packages(colcon_meta) discover
[0.162s] Level 1:colcon.colcon_core.package_discovery:discover_packages(recursive) discover
[0.162s] INFO:colcon.colcon_core.package_discovery:Crawling recursively for packages in '/workspaces/workspaces/Christiano_Roboto/ainex_project'
[0.162s] Level 1:colcon.colcon_core.package_identification:_identify(.) by extensions ['ignore', 'ignore_ament_install']
[0.162s] Level 1:colcon.colcon_core.package_identification:_identify(.) by extension 'ignore'
[0.163s] Level 1:colcon.colcon_core.package_identification:_identify(.) by extension 'ignore_ament_install'
[0.163s] Level 1:colcon.colcon_core.package_identification:_identify(.) by extensions ['colcon_pkg']
[0.163s] Level 1:colcon.colcon_core.package_identification:_identify(.) by extension 'colcon_pkg'
[0.163s] Level 1:colcon.colcon_core.package_identification:_identify(.) by extensions ['colcon_meta']
[0.163s] Level 1:colcon.colcon_core.package_identification:_identify(.) by extension 'colcon_meta'
[0.163s] Level 1:colcon.colcon_core.package_identification:_identify(.) by extensions ['ros']
[0.163s] Level 1:colcon.colcon_core.package_identification:_identify(.) by extension 'ros'
[0.190s] Level 1:colcon.colcon_core.package_identification:_identify(.) by extensions ['cmake', 'python']
[0.190s] Level 1:colcon.colcon_core.package_identification:_identify(.) by extension 'cmake'
[0.191s] Level 1:colcon.colcon_core.package_identification:_identify(.) by extension 'python'
[0.191s] Level 1:colcon.colcon_core.package_identification:_identify(.) by extensions ['python_setup_py']
[0.191s] Level 1:colcon.colcon_core.package_identification:_identify(.) by extension 'python_setup_py'
[0.191s] Level 1:colcon.colcon_core.package_identification:_identify(ainex_template) by extensions ['ignore', 'ignore_ament_install']
[0.191s] Level 1:colcon.colcon_core.package_identification:_identify(ainex_template) by extension 'ignore'
[0.191s] Level 1:colcon.colcon_core.package_identification:_identify(ainex_template) by extension 'ignore_ament_install'
[0.191s] Level 1:colcon.colcon_core.package_identification:_identify(ainex_template) by extensions ['colcon_pkg']
[0.191s] Level 1:colcon.colcon_core.package_identification:_identify(ainex_template) by extension 'colcon_pkg'
[0.191s] Level 1:colcon.colcon_core.package_identification:_identify(ainex_template) by extensions ['colcon_meta']
[0.191s] Level 1:colcon.colcon_core.package_identification:_identify(ainex_template) by extension 'colcon_meta'
[0.191s] Level 1:colcon.colcon_core.package_identification:_identify(ainex_template) by extensions ['ros']
[0.191s] Level 1:colcon.colcon_core.package_identification:_identify(ainex_template) by extension 'ros'
[0.191s] Level 1:colcon.colcon_core.package_identification:_identify(ainex_template) by extensions ['cmake', 'python']
[0.191s] Level 1:colcon.colcon_core.package_identification:_identify(ainex_template) by extension 'cmake'
[0.191s] Level 1:colcon.colcon_core.package_identification:_identify(ainex_template) by extension 'python'
[0.191s] Level 1:colcon.colcon_core.package_identification:_identify(ainex_template) by extensions ['python_setup_py']
[0.191s] Level 1:colcon.colcon_core.package_identification:_identify(ainex_template) by extension 'python_setup_py'
[0.191s] Level 1:colcon.colcon_core.package_identification:_identify(build) by extensions ['ignore', 'ignore_ament_install']
[0.192s] Level 1:colcon.colcon_core.package_identification:_identify(build) by extension 'ignore'
[0.192s] Level 1:colcon.colcon_core.package_identification:_identify(build) ignored
[0.192s] Level 1:colcon.colcon_core.package_identification:_identify(install) by extensions ['ignore', 'ignore_ament_install']
[0.192s] Level 1:colcon.colcon_core.package_identification:_identify(install) by extension 'ignore'
[0.192s] Level 1:colcon.colcon_core.package_identification:_identify(install) ignored
[0.192s] Level 1:colcon.colcon_core.package_identification:_identify(log) by extensions ['ignore', 'ignore_ament_install']
[0.192s] Level 1:colcon.colcon_core.package_identification:_identify(log) by extension 'ignore'
[0.192s] Level 1:colcon.colcon_core.package_identification:_identify(log) ignored
[0.192s] Level 1:colcon.colcon_core.package_identification:_identify(src) by extensions ['ignore', 'ignore_ament_install']
[0.192s] Level 1:colcon.colcon_core.package_identification:_identify(src) by extension 'ignore'
[0.192s] Level 1:colcon.colcon_core.package_identification:_identify(src) by extension 'ignore_ament_install'
[0.192s] Level 1:colcon.colcon_core.package_identification:_identify(src) by extensions ['colcon_pkg']
[0.192s] Level 1:colcon.colcon_core.package_identification:_identify(src) by extension 'colcon_pkg'
[0.192s] Level 1:colcon.colcon_core.package_identification:_identify(src) by extensions ['colcon_meta']
[0.192s] Level 1:colcon.colcon_core.package_identification:_identify(src) by extension 'colcon_meta'
[0.192s] Level 1:colcon.colcon_core.package_identification:_identify(src) by extensions ['ros']
[0.192s] Level 1:colcon.colcon_core.package_identification:_identify(src) by extension 'ros'
[0.193s] Level 1:colcon.colcon_core.package_identification:_identify(src) by extensions ['cmake', 'python']
[0.193s] Level 1:colcon.colcon_core.package_identification:_identify(src) by extension 'cmake'
[0.193s] Level 1:colcon.colcon_core.package_identification:_identify(src) by extension 'python'
[0.193s] Level 1:colcon.colcon_core.package_identification:_identify(src) by extensions ['python_setup_py']
[0.193s] Level 1:colcon.colcon_core.package_identification:_identify(src) by extension 'python_setup_py'
[0.193s] Level 1:colcon.colcon_core.package_identification:_identify(src/ainex_description) by extensions ['ignore', 'ignore_ament_install']
[0.193s] Level 1:colcon.colcon_core.package_identification:_identify(src/ainex_description) by extension 'ignore'
[0.193s] Level 1:colcon.colcon_core.package_identification:_identify(src/ainex_description) by extension 'ignore_ament_install'
[0.193s] Level 1:colcon.colcon_core.package_identification:_identify(src/ainex_description) by extensions ['colcon_pkg']
[0.193s] Level 1:colcon.colcon_core.package_identification:_identify(src/ainex_description) by extension 'colcon_pkg'
[0.193s] Level 1:colcon.colcon_core.package_identification:_identify(src/ainex_description) by extensions ['colcon_meta']
[0.193s] Level 1:colcon.colcon_core.package_identification:_identify(src/ainex_description) by extension 'colcon_meta'
[0.193s] Level 1:colcon.colcon_core.package_identification:_identify(src/ainex_description) by extensions ['ros']
[0.193s] Level 1:colcon.colcon_core.package_identification:_identify(src/ainex_description) by extension 'ros'
[0.196s] DEBUG:colcon.colcon_core.package_identification:Package 'src/ainex_description' with type 'ros.ament_cmake' and name 'ainex_description'
[0.196s] Level 1:colcon.colcon_core.package_identification:_identify(src/ainex_motion) by extensions ['ignore', 'ignore_ament_install']
[0.196s] Level 1:colcon.colcon_core.package_identification:_identify(src/ainex_motion) by extension 'ignore'
[0.196s] Level 1:colcon.colcon_core.package_identification:_identify(src/ainex_motion) by extension 'ignore_ament_install'
[0.196s] Level 1:colcon.colcon_core.package_identification:_identify(src/ainex_motion) by extensions ['colcon_pkg']
[0.196s] Level 1:colcon.colcon_core.package_identification:_identify(src/ainex_motion) by extension 'colcon_pkg'
[0.196s] Level 1:colcon.colcon_core.package_identification:_identify(src/ainex_motion) by extensions ['colcon_meta']
[0.196s] Level 1:colcon.colcon_core.package_identification:_identify(src/ainex_motion) by extension 'colcon_meta'
[0.196s] Level 1:colcon.colcon_core.package_identification:_identify(src/ainex_motion) by extensions ['ros']
[0.196s] Level 1:colcon.colcon_core.package_identification:_identify(src/ainex_motion) by extension 'ros'
[0.197s] DEBUG:colcon.colcon_core.package_identification:Package 'src/ainex_motion' with type 'ros.ament_python' and name 'ainex_motion'
[0.197s] Level 1:colcon.colcon_core.package_identification:_identify(src/ainex_vision) by extensions ['ignore', 'ignore_ament_install']
[0.197s] Level 1:colcon.colcon_core.package_identification:_identify(src/ainex_vision) by extension 'ignore'
[0.197s] Level 1:colcon.colcon_core.package_identification:_identify(src/ainex_vision) by extension 'ignore_ament_install'
[0.197s] Level 1:colcon.colcon_core.package_identification:_identify(src/ainex_vision) by extensions ['colcon_pkg']
[0.197s] Level 1:colcon.colcon_core.package_identification:_identify(src/ainex_vision) by extension 'colcon_pkg'
[0.197s] Level 1:colcon.colcon_core.package_identification:_identify(src/ainex_vision) by extensions ['colcon_meta']
[0.197s] Level 1:colcon.colcon_core.package_identification:_identify(src/ainex_vision) by extension 'colcon_meta'
[0.197s] Level 1:colcon.colcon_core.package_identification:_identify(src/ainex_vision) by extensions ['ros']
[0.197s] Level 1:colcon.colcon_core.package_identification:_identify(src/ainex_vision) by extension 'ros'
[0.198s] DEBUG:colcon.colcon_core.package_identification:Package 'src/ainex_vision' with type 'ros.ament_python' and name 'ainex_vision'
[0.198s] Level 1:colcon.colcon_core.package_identification:_identify(src/servo_service) by extensions ['ignore', 'ignore_ament_install']
[0.198s] Level 1:colcon.colcon_core.package_identification:_identify(src/servo_service) by extension 'ignore'
[0.198s] Level 1:colcon.colcon_core.package_identification:_identify(src/servo_service) by extension 'ignore_ament_install'
[0.198s] Level 1:colcon.colcon_core.package_identification:_identify(src/servo_service) by extensions ['colcon_pkg']
[0.198s] Level 1:colcon.colcon_core.package_identification:_identify(src/servo_service) by extension 'colcon_pkg'
[0.198s] Level 1:colcon.colcon_core.package_identification:_identify(src/servo_service) by extensions ['colcon_meta']
[0.198s] Level 1:colcon.colcon_core.package_identification:_identify(src/servo_service) by extension 'colcon_meta'
[0.198s] Level 1:colcon.colcon_core.package_identification:_identify(src/servo_service) by extensions ['ros']
[0.198s] Level 1:colcon.colcon_core.package_identification:_identify(src/servo_service) by extension 'ros'
[0.199s] DEBUG:colcon.colcon_core.package_identification:Package 'src/servo_service' with type 'ros.ament_cmake' and name 'servo_service'
[0.199s] Level 1:colcon.colcon_core.package_identification:_identify(src/simulator) by extensions ['ignore', 'ignore_ament_install']
[0.199s] Level 1:colcon.colcon_core.package_identification:_identify(src/simulator) by extension 'ignore'
[0.199s] Level 1:colcon.colcon_core.package_identification:_identify(src/simulator) by extension 'ignore_ament_install'
[0.199s] Level 1:colcon.colcon_core.package_identification:_identify(src/simulator) by extensions ['colcon_pkg']
[0.199s] Level 1:colcon.colcon_core.package_identification:_identify(src/simulator) by extension 'colcon_pkg'
[0.199s] Level 1:colcon.colcon_core.package_identification:_identify(src/simulator) by extensions ['colcon_meta']
[0.199s] Level 1:colcon.colcon_core.package_identification:_identify(src/simulator) by extension 'colcon_meta'
[0.199s] Level 1:colcon.colcon_core.package_identification:_identify(src/simulator) by extensions ['ros']
[0.199s] Level 1:colcon.colcon_core.package_identification:_identify(src/simulator) by extension 'ros'
[0.200s] DEBUG:colcon.colcon_core.package_identification:Package 'src/simulator' with type 'ros.ament_python' and name 'simulator'
[0.200s] Level 1:colcon.colcon_core.package_identification:_identify(src/whole_body_control) by extensions ['ignore', 'ignore_ament_install']
[0.200s] Level 1:colcon.colcon_core.package_identification:_identify(src/whole_body_control) by extension 'ignore'
[0.200s] Level 1:colcon.colcon_core.package_identification:_identify(src/whole_body_control) by extension 'ignore_ament_install'
[0.200s] Level 1:colcon.colcon_core.package_identification:_identify(src/whole_body_control) by extensions ['colcon_pkg']
[0.200s] Level 1:colcon.colcon_core.package_identification:_identify(src/whole_body_control) by extension 'colcon_pkg'
[0.200s] Level 1:colcon.colcon_core.package_identification:_identify(src/whole_body_control) by extensions ['colcon_meta']
[0.200s] Level 1:colcon.colcon_core.package_identification:_identify(src/whole_body_control) by extension 'colcon_meta'
[0.200s] Level 1:colcon.colcon_core.package_identification:_identify(src/whole_body_control) by extensions ['ros']
[0.200s] Level 1:colcon.colcon_core.package_identification:_identify(src/whole_body_control) by extension 'ros'
[0.201s] DEBUG:colcon.colcon_core.package_identification:Package 'src/whole_body_control' with type 'ros.ament_python' and name 'whole_body_control'
[0.201s] Level 1:colcon.colcon_core.package_discovery:discover_packages(recursive) using defaults
[0.201s] Level 1:colcon.colcon_core.package_discovery:discover_packages(ignore) discover
[0.201s] Level 1:colcon.colcon_core.package_discovery:discover_packages(ignore) using defaults
[0.201s] Level 1:colcon.colcon_core.package_discovery:discover_packages(path) discover
[0.201s] Level 1:colcon.colcon_core.package_discovery:discover_packages(path) using defaults
[0.222s] Level 5:colcon.colcon_core.verb:set package 'ainex_description' build argument 'cmake_args' from command line to 'None'
[0.222s] Level 5:colcon.colcon_core.verb:set package 'ainex_description' build argument 'cmake_target' from command line to 'None'
[0.222s] Level 5:colcon.colcon_core.verb:set package 'ainex_description' build argument 'cmake_target_skip_unavailable' from command line to 'False'
[0.222s] Level 5:colcon.colcon_core.verb:set package 'ainex_description' build argument 'cmake_clean_cache' from command line to 'False'
[0.222s] Level 5:colcon.colcon_core.verb:set package 'ainex_description' build argument 'cmake_clean_first' from command line to 'False'
[0.222s] Level 5:colcon.colcon_core.verb:set package 'ainex_description' build argument 'cmake_force_configure' from command line to 'False'
[0.222s] Level 5:colcon.colcon_core.verb:set package 'ainex_description' build argument 'ament_cmake_args' from command line to 'None'
[0.222s] Level 5:colcon.colcon_core.verb:set package 'ainex_description' build argument 'catkin_cmake_args' from command line to 'None'
[0.222s] Level 5:colcon.colcon_core.verb:set package 'ainex_description' build argument 'catkin_skip_building_tests' from command line to 'False'
[0.222s] DEBUG:colcon.colcon_core.verb:Building package 'ainex_description' with the following arguments: {'ament_cmake_args': None, 'build_base': '/workspaces/workspaces/Christiano_Roboto/ainex_project/build/ainex_description', 'catkin_cmake_args': None, 'catkin_skip_building_tests': False, 'cmake_args': None, 'cmake_clean_cache': False, 'cmake_clean_first': False, 'cmake_force_configure': False, 'cmake_target': None, 'cmake_target_skip_unavailable': False, 'install_base': '/workspaces/workspaces/Christiano_Roboto/ainex_project/install/ainex_description', 'merge_install': False, 'path': '/workspaces/workspaces/Christiano_Roboto/ainex_project/src/ainex_description', 'symlink_install': True, 'test_result_base': None}
[0.223s] Level 5:colcon.colcon_core.verb:set package 'ainex_vision' build argument 'cmake_args' from command line to 'None'
[0.223s] Level 5:colcon.colcon_core.verb:set package 'ainex_vision' build argument 'cmake_target' from command line to 'None'
[0.223s] Level 5:colcon.colcon_core.verb:set package 'ainex_vision' build argument 'cmake_target_skip_unavailable' from command line to 'False'
[0.223s] Level 5:colcon.colcon_core.verb:set package 'ainex_vision' build argument 'cmake_clean_cache' from command line to 'False'
[0.223s] Level 5:colcon.colcon_core.verb:set package 'ainex_vision' build argument 'cmake_clean_first' from command line to 'False'
[0.223s] Level 5:colcon.colcon_core.verb:set package 'ainex_vision' build argument 'cmake_force_configure' from command line to 'False'
[0.223s] Level 5:colcon.colcon_core.verb:set package 'ainex_vision' build argument 'ament_cmake_args' from command line to 'None'
[0.223s] Level 5:colcon.colcon_core.verb:set package 'ainex_vision' build argument 'catkin_cmake_args' from command line to 'None'
[0.223s] Level 5:colcon.colcon_core.verb:set package 'ainex_vision' build argument 'catkin_skip_building_tests' from command line to 'False'
[0.223s] DEBUG:colcon.colcon_core.verb:Building package 'ainex_vision' with the following arguments: {'ament_cmake_args': None, 'build_base': '/workspaces/workspaces/Christiano_Roboto/ainex_project/build/ainex_vision', 'catkin_cmake_args': None, 'catkin_skip_building_tests': False, 'cmake_args': None, 'cmake_clean_cache': False, 'cmake_clean_first': False, 'cmake_force_configure': False, 'cmake_target': None, 'cmake_target_skip_unavailable': False, 'install_base': '/workspaces/workspaces/Christiano_Roboto/ainex_project/install/ainex_vision', 'merge_install': False, 'path': '/workspaces/workspaces/Christiano_Roboto/ainex_project/src/ainex_vision', 'symlink_install': True, 'test_result_base': None}
[0.223s] Level 5:colcon.colcon_core.verb:set package 'servo_service' build argument 'cmake_args' from command line to 'None'
[0.223s] Level 5:colcon.colcon_core.verb:set package 'servo_service' build argument 'cmake_target' from command line to 'None'
[0.223s] Level 5:colcon.colcon_core.verb:set package 'servo_service' build argument 'cmake_target_skip_unavailable' from command line to 'False'
[0.223s] Level 5:colcon.colcon_core.verb:set package 'servo_service' build argument 'cmake_clean_cache' from command line to 'False'
[0.223s] Level 5:colcon.colcon_core.verb:set package 'servo_service' build argument 'cmake_clean_first' from command line to 'False'
[0.223s] Level 5:colcon.colcon_core.verb:set package 'servo_service' build argument 'cmake_force_configure' from command line to 'False'
[0.223s] Level 5:colcon.colcon_core.verb:set package 'servo_service' build argument 'ament_cmake_args' from command line to 'None'
[0.223s] Level 5:colcon.colcon_core.verb:set package 'servo_service' build argument 'catkin_cmake_args' from command line to 'None'
[0.223s] Level 5:colcon.colcon_core.verb:set package 'servo_service' build argument 'catkin_skip_building_tests' from command line to 'False'
[0.223s] DEBUG:colcon.colcon_core.verb:Building package 'servo_service' with the following arguments: {'ament_cmake_args': None, 'build_base': '/workspaces/workspaces/Christiano_Roboto/ainex_project/build/servo_service', 'catkin_cmake_args': None, 'catkin_skip_building_tests': False, 'cmake_args': None, 'cmake_clean_cache': False, 'cmake_clean_first': False, 'cmake_force_configure': False, 'cmake_target': None, 'cmake_target_skip_unavailable': False, 'install_base': '/workspaces/workspaces/Christiano_Roboto/ainex_project/install/servo_service', 'merge_install': False, 'path': '/workspaces/workspaces/Christiano_Roboto/ainex_project/src/servo_service', 'symlink_install': True, 'test_result_base': None}
[0.224s] Level 5:colcon.colcon_core.verb:set package 'simulator' build argument 'cmake_args' from command line to 'None'
[0.224s] Level 5:colcon.colcon_core.verb:set package 'simulator' build argument 'cmake_target' from command line to 'None'
[0.224s] Level 5:colcon.colcon_core.verb:set package 'simulator' build argument 'cmake_target_skip_unavailable' from command line to 'False'
[0.224s] Level 5:colcon.colcon_core.verb:set package 'simulator' build argument 'cmake_clean_cache' from command line to 'False'
[0.224s] Level 5:colcon.colcon_core.verb:set package 'simulator' build argument 'cmake_clean_first' from command line to 'False'
[0.224s] Level 5:colcon.colcon_core.verb:set package 'simulator' build argument 'cmake_force_configure' from command line to 'False'
[0.224s] Level 5:colcon.colcon_core.verb:set package 'simulator' build argument 'ament_cmake_args' from command line to 'None'
[0.224s] Level 5:colcon.colcon_core.verb:set package 'simulator' build argument 'catkin_cmake_args' from command line to 'None'
[0.224s] Level 5:colcon.colcon_core.verb:set package 'simulator' build argument 'catkin_skip_building_tests' from command line to 'False'
[0.224s] DEBUG:colcon.colcon_core.verb:Building package 'simulator' with the following arguments: {'ament_cmake_args': None, 'build_base': '/workspaces/workspaces/Christiano_Roboto/ainex_project/build/simulator', 'catkin_cmake_args': None, 'catkin_skip_building_tests': False, 'cmake_args': None, 'cmake_clean_cache': False, 'cmake_clean_first': False, 'cmake_force_configure': False, 'cmake_target': None, 'cmake_target_skip_unavailable': False, 'install_base': '/workspaces/workspaces/Christiano_Roboto/ainex_project/install/simulator', 'merge_install': False, 'path': '/workspaces/workspaces/Christiano_Roboto/ainex_project/src/simulator', 'symlink_install': True, 'test_result_base': None}
[0.224s] Level 5:colcon.colcon_core.verb:set package 'ainex_motion' build argument 'cmake_args' from command line to 'None'
[0.224s] Level 5:colcon.colcon_core.verb:set package 'ainex_motion' build argument 'cmake_target' from command line to 'None'
[0.224s] Level 5:colcon.colcon_core.verb:set package 'ainex_motion' build argument 'cmake_target_skip_unavailable' from command line to 'False'
[0.224s] Level 5:colcon.colcon_core.verb:set package 'ainex_motion' build argument 'cmake_clean_cache' from command line to 'False'
[0.224s] Level 5:colcon.colcon_core.verb:set package 'ainex_motion' build argument 'cmake_clean_first' from command line to 'False'
[0.224s] Level 5:colcon.colcon_core.verb:set package 'ainex_motion' build argument 'cmake_force_configure' from command line to 'False'
[0.224s] Level 5:colcon.colcon_core.verb:set package 'ainex_motion' build argument 'ament_cmake_args' from command line to 'None'
[0.224s] Level 5:colcon.colcon_core.verb:set package 'ainex_motion' build argument 'catkin_cmake_args' from command line to 'None'
[0.224s] Level 5:colcon.colcon_core.verb:set package 'ainex_motion' build argument 'catkin_skip_building_tests' from command line to 'False'
[0.224s] DEBUG:colcon.colcon_core.verb:Building package 'ainex_motion' with the following arguments: {'ament_cmake_args': None, 'build_base': '/workspaces/workspaces/Christiano_Roboto/ainex_project/build/ainex_motion', 'catkin_cmake_args': None, 'catkin_skip_building_tests': False, 'cmake_args': None, 'cmake_clean_cache': False, 'cmake_clean_first': False, 'cmake_force_configure': False, 'cmake_target': None, 'cmake_target_skip_unavailable': False, 'install_base': '/workspaces/workspaces/Christiano_Roboto/ainex_project/install/ainex_motion', 'merge_install': False, 'path': '/workspaces/workspaces/Christiano_Roboto/ainex_project/src/ainex_motion', 'symlink_install': True, 'test_result_base': None}
[0.225s] Level 5:colcon.colcon_core.verb:set package 'whole_body_control' build argument 'cmake_args' from command line to 'None'
[0.225s] Level 5:colcon.colcon_core.verb:set package 'whole_body_control' build argument 'cmake_target' from command line to 'None'
[0.225s] Level 5:colcon.colcon_core.verb:set package 'whole_body_control' build argument 'cmake_target_skip_unavailable' from command line to 'False'
[0.225s] Level 5:colcon.colcon_core.verb:set package 'whole_body_control' build argument 'cmake_clean_cache' from command line to 'False'
[0.225s] Level 5:colcon.colcon_core.verb:set package 'whole_body_control' build argument 'cmake_clean_first' from command line to 'False'
[0.225s] Level 5:colcon.colcon_core.verb:set package 'whole_body_control' build argument 'cmake_force_configure' from command line to 'False'
[0.225s] Level 5:colcon.colcon_core.verb:set package 'whole_body_control' build argument 'ament_cmake_args' from command line to 'None'
[0.225s] Level 5:colcon.colcon_core.verb:set package 'whole_body_control' build argument 'catkin_cmake_args' from command line to 'None'
[0.225s] Level 5:colcon.colcon_core.verb:set package 'whole_body_control' build argument 'catkin_skip_building_tests' from command line to 'False'
[0.225s] DEBUG:colcon.colcon_core.verb:Building package 'whole_body_control' with the following arguments: {'ament_cmake_args': None, 'build_base': '/workspaces/workspaces/Christiano_Roboto/ainex_project/build/whole_body_control', 'catkin_cmake_args': None, 'catkin_skip_building_tests': False, 'cmake_args': None, 'cmake_clean_cache': False, 'cmake_clean_first': False, 'cmake_force_configure': False, 'cmake_target': None, 'cmake_target_skip_unavailable': False, 'install_base': '/workspaces/workspaces/Christiano_Roboto/ainex_project/install/whole_body_control', 'merge_install': False, 'path': '/workspaces/workspaces/Christiano_Roboto/ainex_project/src/whole_body_control', 'symlink_install': True, 'test_result_base': None}
[0.225s] INFO:colcon.colcon_core.executor:Executing jobs using 'parallel' executor
[0.226s] DEBUG:colcon.colcon_parallel_executor.executor.parallel:run_until_complete
[0.226s] INFO:colcon.colcon_ros.task.ament_cmake.build:Building ROS package in '/workspaces/workspaces/Christiano_Roboto/ainex_project/src/servo_service' with build type 'ament_cmake'
[0.227s] INFO:colcon.colcon_cmake.task.cmake.build:Building CMake package in '/workspaces/workspaces/Christiano_Roboto/ainex_project/src/servo_service'
[0.229s] INFO:colcon.colcon_core.plugin_system:Skipping extension 'colcon_core.shell.bat': Not used on non-Windows systems
[0.229s] INFO:colcon.colcon_core.shell:Skip shell extension 'powershell' for command environment: Not usable outside of PowerShell
[0.229s] DEBUG:colcon.colcon_core.shell:Skip shell extension 'dsv' for command environment
[0.230s] WARNING:colcon.colcon_ros.prefix_path.ament:The path '/workspaces/workspaces/Christiano_Roboto/ainex_project/install/whole_body_control' in the environment variable AMENT_PREFIX_PATH doesn't exist
[0.230s] WARNING:colcon.colcon_ros.prefix_path.ament:The path '/workspaces/workspaces/Christiano_Roboto/ainex_project/install/simulator' in the environment variable AMENT_PREFIX_PATH doesn't exist
[0.230s] WARNING:colcon.colcon_ros.prefix_path.ament:The path '/workspaces/workspaces/Christiano_Roboto/ainex_project/install/ainex_motion' in the environment variable AMENT_PREFIX_PATH doesn't exist
[0.230s] WARNING:colcon.colcon_ros.prefix_path.ament:The path '/workspaces/workspaces/Christiano_Roboto/ainex_project/install/servo_service' in the environment variable AMENT_PREFIX_PATH doesn't exist
[0.230s] WARNING:colcon.colcon_ros.prefix_path.ament:The path '/workspaces/workspaces/Christiano_Roboto/ainex_project/install/ainex_vision' in the environment variable AMENT_PREFIX_PATH doesn't exist
[0.230s] WARNING:colcon.colcon_ros.prefix_path.ament:The path '/workspaces/workspaces/Christiano_Roboto/ainex_project/install/ainex_description' in the environment variable AMENT_PREFIX_PATH doesn't exist
[0.230s] WARNING:colcon.colcon_ros.prefix_path.catkin:The path '/workspaces/workspaces/Christiano_Roboto/ainex_project/install/servo_service' in the environment variable CMAKE_PREFIX_PATH doesn't exist
[0.230s] WARNING:colcon.colcon_ros.prefix_path.catkin:The path '/workspaces/workspaces/Christiano_Roboto/ainex_project/install/ainex_description' in the environment variable CMAKE_PREFIX_PATH doesn't exist
[0.235s] INFO:colcon.colcon_ros.task.ament_python.build:Building ROS package in '/workspaces/workspaces/Christiano_Roboto/ainex_project/src/simulator' with build type 'ament_python'
[0.235s] Level 1:colcon.colcon_core.shell:create_environment_hook('simulator', 'ament_prefix_path')
[0.235s] INFO:colcon.colcon_core.shell:Creating environment hook '/workspaces/workspaces/Christiano_Roboto/ainex_project/install/simulator/share/simulator/hook/ament_prefix_path.ps1'
[0.236s] INFO:colcon.colcon_core.shell:Creating environment descriptor '/workspaces/workspaces/Christiano_Roboto/ainex_project/install/simulator/share/simulator/hook/ament_prefix_path.dsv'
[0.236s] INFO:colcon.colcon_core.shell:Creating environment hook '/workspaces/workspaces/Christiano_Roboto/ainex_project/install/simulator/share/simulator/hook/ament_prefix_path.sh'
[0.237s] INFO:colcon.colcon_core.shell:Skip shell extension 'powershell' for command environment: Not usable outside of PowerShell
[0.237s] DEBUG:colcon.colcon_core.shell:Skip shell extension 'dsv' for command environment
[0.241s] INFO:colcon.colcon_ros.task.ament_cmake.build:Building ROS package in '/workspaces/workspaces/Christiano_Roboto/ainex_project/src/ainex_description' with build type 'ament_cmake'
[0.241s] INFO:colcon.colcon_cmake.task.cmake.build:Building CMake package in '/workspaces/workspaces/Christiano_Roboto/ainex_project/src/ainex_description'
[0.242s] INFO:colcon.colcon_core.shell:Skip shell extension 'powershell' for command environment: Not usable outside of PowerShell
[0.242s] DEBUG:colcon.colcon_core.shell:Skip shell extension 'dsv' for command environment
[0.249s] INFO:colcon.colcon_ros.task.ament_python.build:Building ROS package in '/workspaces/workspaces/Christiano_Roboto/ainex_project/src/ainex_vision' with build type 'ament_python'
[0.249s] Level 1:colcon.colcon_core.shell:create_environment_hook('ainex_vision', 'ament_prefix_path')
[0.249s] INFO:colcon.colcon_core.shell:Creating environment hook '/workspaces/workspaces/Christiano_Roboto/ainex_project/install/ainex_vision/share/ainex_vision/hook/ament_prefix_path.ps1'
[0.250s] INFO:colcon.colcon_core.shell:Creating environment descriptor '/workspaces/workspaces/Christiano_Roboto/ainex_project/install/ainex_vision/share/ainex_vision/hook/ament_prefix_path.dsv'
[0.251s] INFO:colcon.colcon_core.shell:Creating environment hook '/workspaces/workspaces/Christiano_Roboto/ainex_project/install/ainex_vision/share/ainex_vision/hook/ament_prefix_path.sh'
[0.251s] INFO:colcon.colcon_core.shell:Skip shell extension 'powershell' for command environment: Not usable outside of PowerShell
[0.251s] DEBUG:colcon.colcon_core.shell:Skip shell extension 'dsv' for command environment
[0.261s] DEBUG:colcon.colcon_core.event_handler.log_command:Invoking command in '/workspaces/workspaces/Christiano_Roboto/ainex_project/build/servo_service': CMAKE_PREFIX_PATH=${CMAKE_PREFIX_PATH}:/workspaces/workspaces/Christiano_Roboto/ainex_project/install/whole_body_control:/workspaces/workspaces/Christiano_Roboto/ainex_project/install/simulator:/workspaces/workspaces/Christiano_Roboto/ainex_project/install/ainex_motion:/workspaces/workspaces/Christiano_Roboto/ainex_project/install/ainex_vision:/opt/ros/rolling /usr/bin/cmake /workspaces/workspaces/Christiano_Roboto/ainex_project/src/servo_service -DAMENT_CMAKE_SYMLINK_INSTALL=1 -DCMAKE_INSTALL_PREFIX=/workspaces/workspaces/Christiano_Roboto/ainex_project/install/servo_service
[0.572s] INFO:colcon.colcon_core.task.python.build:Building Python package in '/workspaces/workspaces/Christiano_Roboto/ainex_project/src/simulator'
[0.572s] INFO:colcon.colcon_core.shell:Skip shell extension 'powershell' for command environment: Not usable outside of PowerShell
[0.572s] DEBUG:colcon.colcon_core.shell:Skip shell extension 'dsv' for command environment
[0.579s] DEBUG:colcon.colcon_core.event_handler.log_command:Invoking command in '/workspaces/workspaces/Christiano_Roboto/ainex_project/build/ainex_description': CMAKE_PREFIX_PATH=${CMAKE_PREFIX_PATH}:/workspaces/workspaces/Christiano_Roboto/ainex_project/install/whole_body_control:/workspaces/workspaces/Christiano_Roboto/ainex_project/install/simulator:/workspaces/workspaces/Christiano_Roboto/ainex_project/install/ainex_motion:/workspaces/workspaces/Christiano_Roboto/ainex_project/install/ainex_vision:/opt/ros/rolling /usr/bin/cmake /workspaces/workspaces/Christiano_Roboto/ainex_project/src/ainex_description -DAMENT_CMAKE_SYMLINK_INSTALL=1 -DCMAKE_INSTALL_PREFIX=/workspaces/workspaces/Christiano_Roboto/ainex_project/install/ainex_description
[1.000s] INFO:colcon.colcon_core.task.python.build:Building Python package in '/workspaces/workspaces/Christiano_Roboto/ainex_project/src/ainex_vision'
[1.000s] INFO:colcon.colcon_core.shell:Skip shell extension 'powershell' for command environment: Not usable outside of PowerShell
[1.000s] DEBUG:colcon.colcon_core.shell:Skip shell extension 'dsv' for command environment
[1.842s] DEBUG:colcon.colcon_core.event_handler.log_command:Invoking command in '/workspaces/workspaces/Christiano_Roboto/ainex_project/build/ainex_vision': PYTHONPATH=/workspaces/workspaces/Christiano_Roboto/ainex_project/build/ainex_vision/prefix_override:/usr/lib/python3/dist-packages/colcon_core/task/python/colcon_distutils_commands:/workspaces/workspaces/Christiano_Roboto/ainex_project/install/ainex_vision/lib/python3.12/site-packages:${PYTHONPATH} /usr/bin/python3 -W ignore:setup.py install is deprecated -W ignore:easy_install command is deprecated setup.py develop --editable --build-directory /workspaces/workspaces/Christiano_Roboto/ainex_project/build/ainex_vision/build --no-deps symlink_data
[1.854s] DEBUG:colcon.colcon_core.event_handler.log_command:Invoking command in '/workspaces/workspaces/Christiano_Roboto/ainex_project/build/simulator': PYTHONPATH=/workspaces/workspaces/Christiano_Roboto/ainex_project/build/simulator/prefix_override:/usr/lib/python3/dist-packages/colcon_core/task/python/colcon_distutils_commands:/workspaces/workspaces/Christiano_Roboto/ainex_project/install/simulator/lib/python3.12/site-packages:${PYTHONPATH} /usr/bin/python3 -W ignore:setup.py install is deprecated -W ignore:easy_install command is deprecated setup.py develop --editable --build-directory /workspaces/workspaces/Christiano_Roboto/ainex_project/build/simulator/build --no-deps symlink_data
[2.015s] DEBUG:colcon.colcon_core.event_handler.log_command:Invoked command in '/workspaces/workspaces/Christiano_Roboto/ainex_project/build/ainex_description' returned '0': CMAKE_PREFIX_PATH=${CMAKE_PREFIX_PATH}:/workspaces/workspaces/Christiano_Roboto/ainex_project/install/whole_body_control:/workspaces/workspaces/Christiano_Roboto/ainex_project/install/simulator:/workspaces/workspaces/Christiano_Roboto/ainex_project/install/ainex_motion:/workspaces/workspaces/Christiano_Roboto/ainex_project/install/ainex_vision:/opt/ros/rolling /usr/bin/cmake /workspaces/workspaces/Christiano_Roboto/ainex_project/src/ainex_description -DAMENT_CMAKE_SYMLINK_INSTALL=1 -DCMAKE_INSTALL_PREFIX=/workspaces/workspaces/Christiano_Roboto/ainex_project/install/ainex_description
[2.017s] DEBUG:colcon.colcon_core.event_handler.log_command:Invoking command in '/workspaces/workspaces/Christiano_Roboto/ainex_project/build/ainex_description': CMAKE_PREFIX_PATH=${CMAKE_PREFIX_PATH}:/workspaces/workspaces/Christiano_Roboto/ainex_project/install/whole_body_control:/workspaces/workspaces/Christiano_Roboto/ainex_project/install/simulator:/workspaces/workspaces/Christiano_Roboto/ainex_project/install/ainex_motion:/workspaces/workspaces/Christiano_Roboto/ainex_project/install/ainex_vision:/opt/ros/rolling /usr/bin/cmake --build /workspaces/workspaces/Christiano_Roboto/ainex_project/build/ainex_description -- -j8 -l8
[2.081s] DEBUG:colcon.colcon_core.event_handler.log_command:Invoked command in '/workspaces/workspaces/Christiano_Roboto/ainex_project/build/ainex_description' returned '0': CMAKE_PREFIX_PATH=${CMAKE_PREFIX_PATH}:/workspaces/workspaces/Christiano_Roboto/ainex_project/install/whole_body_control:/workspaces/workspaces/Christiano_Roboto/ainex_project/install/simulator:/workspaces/workspaces/Christiano_Roboto/ainex_project/install/ainex_motion:/workspaces/workspaces/Christiano_Roboto/ainex_project/install/ainex_vision:/opt/ros/rolling /usr/bin/cmake --build /workspaces/workspaces/Christiano_Roboto/ainex_project/build/ainex_description -- -j8 -l8
[2.095s] DEBUG:colcon.colcon_core.event_handler.log_command:Invoking command in '/workspaces/workspaces/Christiano_Roboto/ainex_project/build/ainex_description': CMAKE_PREFIX_PATH=${CMAKE_PREFIX_PATH}:/workspaces/workspaces/Christiano_Roboto/ainex_project/install/whole_body_control:/workspaces/workspaces/Christiano_Roboto/ainex_project/install/simulator:/workspaces/workspaces/Christiano_Roboto/ainex_project/install/ainex_motion:/workspaces/workspaces/Christiano_Roboto/ainex_project/install/ainex_vision:/opt/ros/rolling /usr/bin/cmake --install /workspaces/workspaces/Christiano_Roboto/ainex_project/build/ainex_description
[2.719s] Level 1:colcon.colcon_core.environment:create_environment_scripts_only(ainex_description)
[2.720s] DEBUG:colcon.colcon_core.event_handler.log_command:Invoked command in '/workspaces/workspaces/Christiano_Roboto/ainex_project/build/ainex_description' returned '0': CMAKE_PREFIX_PATH=${CMAKE_PREFIX_PATH}:/workspaces/workspaces/Christiano_Roboto/ainex_project/install/whole_body_control:/workspaces/workspaces/Christiano_Roboto/ainex_project/install/simulator:/workspaces/workspaces/Christiano_Roboto/ainex_project/install/ainex_motion:/workspaces/workspaces/Christiano_Roboto/ainex_project/install/ainex_vision:/opt/ros/rolling /usr/bin/cmake --install /workspaces/workspaces/Christiano_Roboto/ainex_project/build/ainex_description
[2.723s] Level 1:colcon.colcon_core.environment:checking '/workspaces/workspaces/Christiano_Roboto/ainex_project/install/ainex_description' for CMake module files
[2.724s] Level 1:colcon.colcon_core.environment:checking '/workspaces/workspaces/Christiano_Roboto/ainex_project/install/ainex_description' for CMake config files
[2.724s] Level 1:colcon.colcon_core.shell:create_environment_hook('ainex_description', 'cmake_prefix_path')
[2.724s] INFO:colcon.colcon_core.shell:Creating environment hook '/workspaces/workspaces/Christiano_Roboto/ainex_project/install/ainex_description/share/ainex_description/hook/cmake_prefix_path.ps1'
[2.725s] INFO:colcon.colcon_core.shell:Creating environment descriptor '/workspaces/workspaces/Christiano_Roboto/ainex_project/install/ainex_description/share/ainex_description/hook/cmake_prefix_path.dsv'
[2.725s] INFO:colcon.colcon_core.shell:Creating environment hook '/workspaces/workspaces/Christiano_Roboto/ainex_project/install/ainex_description/share/ainex_description/hook/cmake_prefix_path.sh'
[2.726s] Level 1:colcon.colcon_core.environment:checking '/workspaces/workspaces/Christiano_Roboto/ainex_project/install/ainex_description/bin'
[2.726s] Level 1:colcon.colcon_core.environment:checking '/workspaces/workspaces/Christiano_Roboto/ainex_project/install/ainex_description/lib/pkgconfig/ainex_description.pc'
[2.726s] Level 1:colcon.colcon_core.environment:checking '/workspaces/workspaces/Christiano_Roboto/ainex_project/install/ainex_description/lib/python3.12/site-packages'
[2.727s] Level 1:colcon.colcon_core.environment:checking '/workspaces/workspaces/Christiano_Roboto/ainex_project/install/ainex_description/bin'
[2.727s] INFO:colcon.colcon_core.shell:Creating package script '/workspaces/workspaces/Christiano_Roboto/ainex_project/install/ainex_description/share/ainex_description/package.ps1'
[2.728s] INFO:colcon.colcon_core.shell:Creating package descriptor '/workspaces/workspaces/Christiano_Roboto/ainex_project/install/ainex_description/share/ainex_description/package.dsv'
[2.729s] INFO:colcon.colcon_core.shell:Creating package script '/workspaces/workspaces/Christiano_Roboto/ainex_project/install/ainex_description/share/ainex_description/package.sh'
[2.729s] INFO:colcon.colcon_core.shell:Creating package script '/workspaces/workspaces/Christiano_Roboto/ainex_project/install/ainex_description/share/ainex_description/package.bash'
[2.730s] INFO:colcon.colcon_core.shell:Creating package script '/workspaces/workspaces/Christiano_Roboto/ainex_project/install/ainex_description/share/ainex_description/package.zsh'
[2.731s] Level 1:colcon.colcon_core.environment:create_file_with_runtime_dependencies(/workspaces/workspaces/Christiano_Roboto/ainex_project/install/ainex_description/share/colcon-core/packages/ainex_description)
[2.731s] Level 1:colcon.colcon_core.environment:create_environment_scripts_only(ainex_description)
[2.731s] Level 1:colcon.colcon_core.environment:checking '/workspaces/workspaces/Christiano_Roboto/ainex_project/install/ainex_description' for CMake module files
[2.732s] Level 1:colcon.colcon_core.environment:checking '/workspaces/workspaces/Christiano_Roboto/ainex_project/install/ainex_description' for CMake config files
[2.732s] Level 1:colcon.colcon_core.shell:create_environment_hook('ainex_description', 'cmake_prefix_path')
[2.733s] INFO:colcon.colcon_core.shell:Creating environment hook '/workspaces/workspaces/Christiano_Roboto/ainex_project/install/ainex_description/share/ainex_description/hook/cmake_prefix_path.ps1'
[2.733s] INFO:colcon.colcon_core.shell:Creating environment descriptor '/workspaces/workspaces/Christiano_Roboto/ainex_project/install/ainex_description/share/ainex_description/hook/cmake_prefix_path.dsv'
[2.733s] INFO:colcon.colcon_core.shell:Creating environment hook '/workspaces/workspaces/Christiano_Roboto/ainex_project/install/ainex_description/share/ainex_description/hook/cmake_prefix_path.sh'
[2.734s] Level 1:colcon.colcon_core.environment:checking '/workspaces/workspaces/Christiano_Roboto/ainex_project/install/ainex_description/bin'
[2.734s] Level 1:colcon.colcon_core.environment:checking '/workspaces/workspaces/Christiano_Roboto/ainex_project/install/ainex_description/lib/pkgconfig/ainex_description.pc'
[2.735s] Level 1:colcon.colcon_core.environment:checking '/workspaces/workspaces/Christiano_Roboto/ainex_project/install/ainex_description/lib/python3.12/site-packages'
[2.735s] Level 1:colcon.colcon_core.environment:checking '/workspaces/workspaces/Christiano_Roboto/ainex_project/install/ainex_description/bin'
[2.735s] INFO:colcon.colcon_core.shell:Creating package script '/workspaces/workspaces/Christiano_Roboto/ainex_project/install/ainex_description/share/ainex_description/package.ps1'
[2.736s] INFO:colcon.colcon_core.shell:Creating package descriptor '/workspaces/workspaces/Christiano_Roboto/ainex_project/install/ainex_description/share/ainex_description/package.dsv'
[2.736s] INFO:colcon.colcon_core.shell:Creating package script '/workspaces/workspaces/Christiano_Roboto/ainex_project/install/ainex_description/share/ainex_description/package.sh'
[2.737s] INFO:colcon.colcon_core.shell:Creating package script '/workspaces/workspaces/Christiano_Roboto/ainex_project/install/ainex_description/share/ainex_description/package.bash'
[2.738s] INFO:colcon.colcon_core.shell:Creating package script '/workspaces/workspaces/Christiano_Roboto/ainex_project/install/ainex_description/share/ainex_description/package.zsh'
[2.738s] Level 1:colcon.colcon_core.environment:create_file_with_runtime_dependencies(/workspaces/workspaces/Christiano_Roboto/ainex_project/install/ainex_description/share/colcon-core/packages/ainex_description)
[3.499s] Level 1:colcon.colcon_core.shell:create_environment_hook('ainex_vision', 'pythonpath_develop')
[3.500s] INFO:colcon.colcon_core.shell:Creating environment hook '/workspaces/workspaces/Christiano_Roboto/ainex_project/build/ainex_vision/share/ainex_vision/hook/pythonpath_develop.ps1'
[3.500s] DEBUG:colcon.colcon_core.event_handler.log_command:Invoked command in '/workspaces/workspaces/Christiano_Roboto/ainex_project/build/ainex_vision' returned '0': PYTHONPATH=/workspaces/workspaces/Christiano_Roboto/ainex_project/build/ainex_vision/prefix_override:/usr/lib/python3/dist-packages/colcon_core/task/python/colcon_distutils_commands:/workspaces/workspaces/Christiano_Roboto/ainex_project/install/ainex_vision/lib/python3.12/site-packages:${PYTHONPATH} /usr/bin/python3 -W ignore:setup.py install is deprecated -W ignore:easy_install command is deprecated setup.py develop --editable --build-directory /workspaces/workspaces/Christiano_Roboto/ainex_project/build/ainex_vision/build --no-deps symlink_data
[3.501s] INFO:colcon.colcon_core.shell:Creating environment descriptor '/workspaces/workspaces/Christiano_Roboto/ainex_project/build/ainex_vision/share/ainex_vision/hook/pythonpath_develop.dsv'
[3.502s] INFO:colcon.colcon_core.shell:Creating environment hook '/workspaces/workspaces/Christiano_Roboto/ainex_project/build/ainex_vision/share/ainex_vision/hook/pythonpath_develop.sh'
[3.502s] Level 1:colcon.colcon_core.environment:checking '/workspaces/workspaces/Christiano_Roboto/ainex_project/install/ainex_vision' for CMake module files
[3.503s] Level 1:colcon.colcon_core.environment:checking '/workspaces/workspaces/Christiano_Roboto/ainex_project/install/ainex_vision' for CMake config files
[3.504s] Level 1:colcon.colcon_core.environment:checking '/workspaces/workspaces/Christiano_Roboto/ainex_project/install/ainex_vision/lib'
[3.504s] Level 1:colcon.colcon_core.environment:checking '/workspaces/workspaces/Christiano_Roboto/ainex_project/install/ainex_vision/bin'
[3.504s] Level 1:colcon.colcon_core.environment:checking '/workspaces/workspaces/Christiano_Roboto/ainex_project/install/ainex_vision/lib/pkgconfig/ainex_vision.pc'
[3.505s] Level 1:colcon.colcon_core.environment:checking '/workspaces/workspaces/Christiano_Roboto/ainex_project/install/ainex_vision/lib/python3.12/site-packages'
[3.505s] Level 1:colcon.colcon_core.shell:create_environment_hook('ainex_vision', 'pythonpath')
[3.505s] INFO:colcon.colcon_core.shell:Creating environment hook '/workspaces/workspaces/Christiano_Roboto/ainex_project/install/ainex_vision/share/ainex_vision/hook/pythonpath.ps1'
[3.506s] INFO:colcon.colcon_core.shell:Creating environment descriptor '/workspaces/workspaces/Christiano_Roboto/ainex_project/install/ainex_vision/share/ainex_vision/hook/pythonpath.dsv'
[3.506s] INFO:colcon.colcon_core.shell:Creating environment hook '/workspaces/workspaces/Christiano_Roboto/ainex_project/install/ainex_vision/share/ainex_vision/hook/pythonpath.sh'
[3.506s] Level 1:colcon.colcon_core.environment:checking '/workspaces/workspaces/Christiano_Roboto/ainex_project/install/ainex_vision/bin'
[3.507s] Level 1:colcon.colcon_core.environment:create_environment_scripts_only(ainex_vision)
[3.507s] INFO:colcon.colcon_core.shell:Creating package script '/workspaces/workspaces/Christiano_Roboto/ainex_project/install/ainex_vision/share/ainex_vision/package.ps1'
[3.507s] INFO:colcon.colcon_core.shell:Creating package descriptor '/workspaces/workspaces/Christiano_Roboto/ainex_project/install/ainex_vision/share/ainex_vision/package.dsv'
[3.508s] INFO:colcon.colcon_core.shell:Creating package script '/workspaces/workspaces/Christiano_Roboto/ainex_project/install/ainex_vision/share/ainex_vision/package.sh'
[3.508s] INFO:colcon.colcon_core.shell:Creating package script '/workspaces/workspaces/Christiano_Roboto/ainex_project/install/ainex_vision/share/ainex_vision/package.bash'
[3.508s] INFO:colcon.colcon_core.shell:Creating package script '/workspaces/workspaces/Christiano_Roboto/ainex_project/install/ainex_vision/share/ainex_vision/package.zsh'
[3.509s] Level 1:colcon.colcon_core.environment:create_file_with_runtime_dependencies(/workspaces/workspaces/Christiano_Roboto/ainex_project/install/ainex_vision/share/colcon-core/packages/ainex_vision)
[3.568s] Level 1:colcon.colcon_core.shell:create_environment_hook('simulator', 'pythonpath_develop')
[3.568s] DEBUG:colcon.colcon_core.event_handler.log_command:Invoked command in '/workspaces/workspaces/Christiano_Roboto/ainex_project/build/simulator' returned '0': PYTHONPATH=/workspaces/workspaces/Christiano_Roboto/ainex_project/build/simulator/prefix_override:/usr/lib/python3/dist-packages/colcon_core/task/python/colcon_distutils_commands:/workspaces/workspaces/Christiano_Roboto/ainex_project/install/simulator/lib/python3.12/site-packages:${PYTHONPATH} /usr/bin/python3 -W ignore:setup.py install is deprecated -W ignore:easy_install command is deprecated setup.py develop --editable --build-directory /workspaces/workspaces/Christiano_Roboto/ainex_project/build/simulator/build --no-deps symlink_data
[3.569s] INFO:colcon.colcon_core.shell:Creating environment hook '/workspaces/workspaces/Christiano_Roboto/ainex_project/build/simulator/share/simulator/hook/pythonpath_develop.ps1'
[3.569s] INFO:colcon.colcon_core.shell:Creating environment descriptor '/workspaces/workspaces/Christiano_Roboto/ainex_project/build/simulator/share/simulator/hook/pythonpath_develop.dsv'
[3.570s] INFO:colcon.colcon_core.shell:Creating environment hook '/workspaces/workspaces/Christiano_Roboto/ainex_project/build/simulator/share/simulator/hook/pythonpath_develop.sh'
[3.570s] Level 1:colcon.colcon_core.environment:checking '/workspaces/workspaces/Christiano_Roboto/ainex_project/install/simulator' for CMake module files
[3.571s] Level 1:colcon.colcon_core.environment:checking '/workspaces/workspaces/Christiano_Roboto/ainex_project/install/simulator' for CMake config files
[3.571s] Level 1:colcon.colcon_core.environment:checking '/workspaces/workspaces/Christiano_Roboto/ainex_project/install/simulator/lib'
[3.571s] Level 1:colcon.colcon_core.environment:checking '/workspaces/workspaces/Christiano_Roboto/ainex_project/install/simulator/bin'
[3.571s] Level 1:colcon.colcon_core.environment:checking '/workspaces/workspaces/Christiano_Roboto/ainex_project/install/simulator/lib/pkgconfig/simulator.pc'
[3.571s] Level 1:colcon.colcon_core.environment:checking '/workspaces/workspaces/Christiano_Roboto/ainex_project/install/simulator/lib/python3.12/site-packages'
[3.572s] Level 1:colcon.colcon_core.shell:create_environment_hook('simulator', 'pythonpath')
[3.572s] INFO:colcon.colcon_core.shell:Creating environment hook '/workspaces/workspaces/Christiano_Roboto/ainex_project/install/simulator/share/simulator/hook/pythonpath.ps1'
[3.572s] INFO:colcon.colcon_core.shell:Creating environment descriptor '/workspaces/workspaces/Christiano_Roboto/ainex_project/install/simulator/share/simulator/hook/pythonpath.dsv'
[3.572s] INFO:colcon.colcon_core.shell:Creating environment hook '/workspaces/workspaces/Christiano_Roboto/ainex_project/install/simulator/share/simulator/hook/pythonpath.sh'
[3.573s] Level 1:colcon.colcon_core.environment:checking '/workspaces/workspaces/Christiano_Roboto/ainex_project/install/simulator/bin'
[3.573s] Level 1:colcon.colcon_core.environment:create_environment_scripts_only(simulator)
[3.573s] INFO:colcon.colcon_core.shell:Creating package script '/workspaces/workspaces/Christiano_Roboto/ainex_project/install/simulator/share/simulator/package.ps1'
[3.574s] INFO:colcon.colcon_core.shell:Creating package descriptor '/workspaces/workspaces/Christiano_Roboto/ainex_project/install/simulator/share/simulator/package.dsv'
[3.574s] INFO:colcon.colcon_core.shell:Creating package script '/workspaces/workspaces/Christiano_Roboto/ainex_project/install/simulator/share/simulator/package.sh'
[3.574s] INFO:colcon.colcon_core.shell:Creating package script '/workspaces/workspaces/Christiano_Roboto/ainex_project/install/simulator/share/simulator/package.bash'
[3.575s] INFO:colcon.colcon_core.shell:Creating package script '/workspaces/workspaces/Christiano_Roboto/ainex_project/install/simulator/share/simulator/package.zsh'
[3.575s] Level 1:colcon.colcon_core.environment:create_file_with_runtime_dependencies(/workspaces/workspaces/Christiano_Roboto/ainex_project/install/simulator/share/colcon-core/packages/simulator)
[3.575s] INFO:colcon.colcon_ros.task.ament_python.build:Building ROS package in '/workspaces/workspaces/Christiano_Roboto/ainex_project/src/whole_body_control' with build type 'ament_python'
[3.575s] Level 1:colcon.colcon_core.shell:create_environment_hook('whole_body_control', 'ament_prefix_path')
[3.575s] INFO:colcon.colcon_core.shell:Creating environment hook '/workspaces/workspaces/Christiano_Roboto/ainex_project/install/whole_body_control/share/whole_body_control/hook/ament_prefix_path.ps1'
[3.576s] INFO:colcon.colcon_core.shell:Creating environment descriptor '/workspaces/workspaces/Christiano_Roboto/ainex_project/install/whole_body_control/share/whole_body_control/hook/ament_prefix_path.dsv'
[3.577s] INFO:colcon.colcon_core.shell:Creating environment hook '/workspaces/workspaces/Christiano_Roboto/ainex_project/install/whole_body_control/share/whole_body_control/hook/ament_prefix_path.sh'
[3.577s] INFO:colcon.colcon_core.shell:Skip shell extension 'powershell' for command environment: Not usable outside of PowerShell
[3.578s] DEBUG:colcon.colcon_core.shell:Skip shell extension 'dsv' for command environment
[3.856s] INFO:colcon.colcon_core.task.python.build:Building Python package in '/workspaces/workspaces/Christiano_Roboto/ainex_project/src/whole_body_control'
[3.856s] INFO:colcon.colcon_core.shell:Skip shell extension 'powershell' for command environment: Not usable outside of PowerShell
[3.856s] DEBUG:colcon.colcon_core.shell:Skip shell extension 'dsv' for command environment
[4.545s] DEBUG:colcon.colcon_core.event_handler.log_command:Invoking command in '/workspaces/workspaces/Christiano_Roboto/ainex_project/build/whole_body_control': AMENT_PREFIX_PATH=/workspaces/workspaces/Christiano_Roboto/ainex_project/install/simulator:/workspaces/workspaces/Christiano_Roboto/ainex_project/install/whole_body_control:/workspaces/workspaces/Christiano_Roboto/ainex_project/install/ainex_motion:/workspaces/workspaces/Christiano_Roboto/ainex_project/install/servo_service:/workspaces/workspaces/Christiano_Roboto/ainex_project/install/ainex_vision:/workspaces/workspaces/Christiano_Roboto/ainex_project/install/ainex_description:/opt/ros/rolling PYTHONPATH=/workspaces/workspaces/Christiano_Roboto/ainex_project/build/whole_body_control/prefix_override:/usr/lib/python3/dist-packages/colcon_core/task/python/colcon_distutils_commands:/workspaces/workspaces/Christiano_Roboto/ainex_project/install/whole_body_control/lib/python3.12/site-packages:/workspaces/workspaces/Christiano_Roboto/ainex_project/build/simulator:/workspaces/workspaces/Christiano_Roboto/ainex_project/install/simulator/lib/python3.12/site-packages:/opt/openrobots/lib/python3.12/site-packages:/workspaces/workspaces/Christiano_Roboto/ainex_project/build/whole_body_control:/workspaces/workspaces/Christiano_Roboto/ainex_project/install/whole_body_control/lib/python3.12/site-packages:/workspaces/workspaces/Christiano_Roboto/ainex_project/build/ainex_motion:/workspaces/workspaces/Christiano_Roboto/ainex_project/install/ainex_motion/lib/python3.12/site-packages:/workspaces/workspaces/Christiano_Roboto/ainex_project/install/servo_service/lib/python3.12/site-packages:/workspaces/workspaces/Christiano_Roboto/ainex_project/build/ainex_vision:/workspaces/workspaces/Christiano_Roboto/ainex_project/install/ainex_vision/lib/python3.12/site-packages:/opt/openrobots/lib/python3.12/site-packages:/opt/openrobots/lib/python3.12/site-packages:/opt/ros/rolling/lib/python3.12/site-packages /usr/bin/python3 -W ignore:setup.py install is deprecated -W ignore:easy_install command is deprecated setup.py develop --editable --build-directory /workspaces/workspaces/Christiano_Roboto/ainex_project/build/whole_body_control/build --no-deps symlink_data
[5.115s] DEBUG:colcon.colcon_core.event_handler.log_command:Invoked command in '/workspaces/workspaces/Christiano_Roboto/ainex_project/build/servo_service' returned '0': CMAKE_PREFIX_PATH=${CMAKE_PREFIX_PATH}:/workspaces/workspaces/Christiano_Roboto/ainex_project/install/whole_body_control:/workspaces/workspaces/Christiano_Roboto/ainex_project/install/simulator:/workspaces/workspaces/Christiano_Roboto/ainex_project/install/ainex_motion:/workspaces/workspaces/Christiano_Roboto/ainex_project/install/ainex_vision:/opt/ros/rolling /usr/bin/cmake /workspaces/workspaces/Christiano_Roboto/ainex_project/src/servo_service -DAMENT_CMAKE_SYMLINK_INSTALL=1 -DCMAKE_INSTALL_PREFIX=/workspaces/workspaces/Christiano_Roboto/ainex_project/install/servo_service
[5.116s] DEBUG:colcon.colcon_core.event_handler.log_command:Invoking command in '/workspaces/workspaces/Christiano_Roboto/ainex_project/build/servo_service': CMAKE_PREFIX_PATH=${CMAKE_PREFIX_PATH}:/workspaces/workspaces/Christiano_Roboto/ainex_project/install/whole_body_control:/workspaces/workspaces/Christiano_Roboto/ainex_project/install/simulator:/workspaces/workspaces/Christiano_Roboto/ainex_project/install/ainex_motion:/workspaces/workspaces/Christiano_Roboto/ainex_project/install/ainex_vision:/opt/ros/rolling /usr/bin/cmake --build /workspaces/workspaces/Christiano_Roboto/ainex_project/build/servo_service -- -j8 -l8
[6.127s] Level 1:colcon.colcon_core.shell:create_environment_hook('whole_body_control', 'pythonpath_develop')
[6.128s] INFO:colcon.colcon_core.shell:Creating environment hook '/workspaces/workspaces/Christiano_Roboto/ainex_project/build/whole_body_control/share/whole_body_control/hook/pythonpath_develop.ps1'
[6.128s] DEBUG:colcon.colcon_core.event_handler.log_command:Invoked command in '/workspaces/workspaces/Christiano_Roboto/ainex_project/build/whole_body_control' returned '0': AMENT_PREFIX_PATH=/workspaces/workspaces/Christiano_Roboto/ainex_project/install/simulator:/workspaces/workspaces/Christiano_Roboto/ainex_project/install/whole_body_control:/workspaces/workspaces/Christiano_Roboto/ainex_project/install/ainex_motion:/workspaces/workspaces/Christiano_Roboto/ainex_project/install/servo_service:/workspaces/workspaces/Christiano_Roboto/ainex_project/install/ainex_vision:/workspaces/workspaces/Christiano_Roboto/ainex_project/install/ainex_description:/opt/ros/rolling PYTHONPATH=/workspaces/workspaces/Christiano_Roboto/ainex_project/build/whole_body_control/prefix_override:/usr/lib/python3/dist-packages/colcon_core/task/python/colcon_distutils_commands:/workspaces/workspaces/Christiano_Roboto/ainex_project/install/whole_body_control/lib/python3.12/site-packages:/workspaces/workspaces/Christiano_Roboto/ainex_project/build/simulator:/workspaces/workspaces/Christiano_Roboto/ainex_project/install/simulator/lib/python3.12/site-packages:/opt/openrobots/lib/python3.12/site-packages:/workspaces/workspaces/Christiano_Roboto/ainex_project/build/whole_body_control:/workspaces/workspaces/Christiano_Roboto/ainex_project/install/whole_body_control/lib/python3.12/site-packages:/workspaces/workspaces/Christiano_Roboto/ainex_project/build/ainex_motion:/workspaces/workspaces/Christiano_Roboto/ainex_project/install/ainex_motion/lib/python3.12/site-packages:/workspaces/workspaces/Christiano_Roboto/ainex_project/install/servo_service/lib/python3.12/site-packages:/workspaces/workspaces/Christiano_Roboto/ainex_project/build/ainex_vision:/workspaces/workspaces/Christiano_Roboto/ainex_project/install/ainex_vision/lib/python3.12/site-packages:/opt/openrobots/lib/python3.12/site-packages:/opt/openrobots/lib/python3.12/site-packages:/opt/ros/rolling/lib/python3.12/site-packages /usr/bin/python3 -W ignore:setup.py install is deprecated -W ignore:easy_install command is deprecated setup.py develop --editable --build-directory /workspaces/workspaces/Christiano_Roboto/ainex_project/build/whole_body_control/build --no-deps symlink_data
[6.129s] INFO:colcon.colcon_core.shell:Creating environment descriptor '/workspaces/workspaces/Christiano_Roboto/ainex_project/build/whole_body_control/share/whole_body_control/hook/pythonpath_develop.dsv'
[6.129s] INFO:colcon.colcon_core.shell:Creating environment hook '/workspaces/workspaces/Christiano_Roboto/ainex_project/build/whole_body_control/share/whole_body_control/hook/pythonpath_develop.sh'
[6.130s] Level 1:colcon.colcon_core.environment:checking '/workspaces/workspaces/Christiano_Roboto/ainex_project/install/whole_body_control' for CMake module files
[6.130s] Level 1:colcon.colcon_core.environment:checking '/workspaces/workspaces/Christiano_Roboto/ainex_project/install/whole_body_control' for CMake config files
[6.131s] Level 1:colcon.colcon_core.environment:checking '/workspaces/workspaces/Christiano_Roboto/ainex_project/install/whole_body_control/lib'
[6.131s] Level 1:colcon.colcon_core.environment:checking '/workspaces/workspaces/Christiano_Roboto/ainex_project/install/whole_body_control/bin'
[6.131s] Level 1:colcon.colcon_core.environment:checking '/workspaces/workspaces/Christiano_Roboto/ainex_project/install/whole_body_control/lib/pkgconfig/whole_body_control.pc'
[6.132s] Level 1:colcon.colcon_core.environment:checking '/workspaces/workspaces/Christiano_Roboto/ainex_project/install/whole_body_control/lib/python3.12/site-packages'
[6.132s] Level 1:colcon.colcon_core.shell:create_environment_hook('whole_body_control', 'pythonpath')
[6.132s] INFO:colcon.colcon_core.shell:Creating environment hook '/workspaces/workspaces/Christiano_Roboto/ainex_project/install/whole_body_control/share/whole_body_control/hook/pythonpath.ps1'
[6.133s] INFO:colcon.colcon_core.shell:Creating environment descriptor '/workspaces/workspaces/Christiano_Roboto/ainex_project/install/whole_body_control/share/whole_body_control/hook/pythonpath.dsv'
[6.133s] INFO:colcon.colcon_core.shell:Creating environment hook '/workspaces/workspaces/Christiano_Roboto/ainex_project/install/whole_body_control/share/whole_body_control/hook/pythonpath.sh'
[6.134s] Level 1:colcon.colcon_core.environment:checking '/workspaces/workspaces/Christiano_Roboto/ainex_project/install/whole_body_control/bin'
[6.134s] Level 1:colcon.colcon_core.environment:create_environment_scripts_only(whole_body_control)
[6.134s] INFO:colcon.colcon_core.shell:Creating package script '/workspaces/workspaces/Christiano_Roboto/ainex_project/install/whole_body_control/share/whole_body_control/package.ps1'
[6.135s] INFO:colcon.colcon_core.shell:Creating package descriptor '/workspaces/workspaces/Christiano_Roboto/ainex_project/install/whole_body_control/share/whole_body_control/package.dsv'
[6.136s] INFO:colcon.colcon_core.shell:Creating package script '/workspaces/workspaces/Christiano_Roboto/ainex_project/install/whole_body_control/share/whole_body_control/package.sh'
[6.136s] INFO:colcon.colcon_core.shell:Creating package script '/workspaces/workspaces/Christiano_Roboto/ainex_project/install/whole_body_control/share/whole_body_control/package.bash'
[6.137s] INFO:colcon.colcon_core.shell:Creating package script '/workspaces/workspaces/Christiano_Roboto/ainex_project/install/whole_body_control/share/whole_body_control/package.zsh'
[6.137s] Level 1:colcon.colcon_core.environment:create_file_with_runtime_dependencies(/workspaces/workspaces/Christiano_Roboto/ainex_project/install/whole_body_control/share/colcon-core/packages/whole_body_control)
[17.363s] DEBUG:colcon.colcon_core.event_handler.log_command:Invoked command in '/workspaces/workspaces/Christiano_Roboto/ainex_project/build/servo_service' returned '0': CMAKE_PREFIX_PATH=${CMAKE_PREFIX_PATH}:/workspaces/workspaces/Christiano_Roboto/ainex_project/install/whole_body_control:/workspaces/workspaces/Christiano_Roboto/ainex_project/install/simulator:/workspaces/workspaces/Christiano_Roboto/ainex_project/install/ainex_motion:/workspaces/workspaces/Christiano_Roboto/ainex_project/install/ainex_vision:/opt/ros/rolling /usr/bin/cmake --build /workspaces/workspaces/Christiano_Roboto/ainex_project/build/servo_service -- -j8 -l8
[17.364s] DEBUG:colcon.colcon_core.event_handler.log_command:Invoking command in '/workspaces/workspaces/Christiano_Roboto/ainex_project/build/servo_service': CMAKE_PREFIX_PATH=${CMAKE_PREFIX_PATH}:/workspaces/workspaces/Christiano_Roboto/ainex_project/install/whole_body_control:/workspaces/workspaces/Christiano_Roboto/ainex_project/install/simulator:/workspaces/workspaces/Christiano_Roboto/ainex_project/install/ainex_motion:/workspaces/workspaces/Christiano_Roboto/ainex_project/install/ainex_vision:/opt/ros/rolling /usr/bin/cmake --install /workspaces/workspaces/Christiano_Roboto/ainex_project/build/servo_service
[20.429s] Level 1:colcon.colcon_core.environment:create_environment_scripts_only(servo_service)
[20.429s] DEBUG:colcon.colcon_core.event_handler.log_command:Invoked command in '/workspaces/workspaces/Christiano_Roboto/ainex_project/build/servo_service' returned '0': CMAKE_PREFIX_PATH=${CMAKE_PREFIX_PATH}:/workspaces/workspaces/Christiano_Roboto/ainex_project/install/whole_body_control:/workspaces/workspaces/Christiano_Roboto/ainex_project/install/simulator:/workspaces/workspaces/Christiano_Roboto/ainex_project/install/ainex_motion:/workspaces/workspaces/Christiano_Roboto/ainex_project/install/ainex_vision:/opt/ros/rolling /usr/bin/cmake --install /workspaces/workspaces/Christiano_Roboto/ainex_project/build/servo_service
[20.429s] Level 1:colcon.colcon_core.environment:checking '/workspaces/workspaces/Christiano_Roboto/ainex_project/install/servo_service' for CMake module files
[20.430s] Level 1:colcon.colcon_core.environment:checking '/workspaces/workspaces/Christiano_Roboto/ainex_project/install/servo_service' for CMake config files
[20.431s] Level 1:colcon.colcon_core.shell:create_environment_hook('servo_service', 'cmake_prefix_path')
[20.431s] INFO:colcon.colcon_core.shell:Creating environment hook '/workspaces/workspaces/Christiano_Roboto/ainex_project/install/servo_service/share/servo_service/hook/cmake_prefix_path.ps1'
[20.432s] INFO:colcon.colcon_core.shell:Creating environment descriptor '/workspaces/workspaces/Christiano_Roboto/ainex_project/install/servo_service/share/servo_service/hook/cmake_prefix_path.dsv'
[20.432s] INFO:colcon.colcon_core.shell:Creating environment hook '/workspaces/workspaces/Christiano_Roboto/ainex_project/install/servo_service/share/servo_service/hook/cmake_prefix_path.sh'
[20.432s] Level 1:colcon.colcon_core.environment:checking '/workspaces/workspaces/Christiano_Roboto/ainex_project/install/servo_service/lib'
[20.432s] Level 1:colcon.colcon_core.shell:create_environment_hook('servo_service', 'ld_library_path_lib')
[20.433s] INFO:colcon.colcon_core.shell:Creating environment hook '/workspaces/workspaces/Christiano_Roboto/ainex_project/install/servo_service/share/servo_service/hook/ld_library_path_lib.ps1'
[20.433s] INFO:colcon.colcon_core.shell:Creating environment descriptor '/workspaces/workspaces/Christiano_Roboto/ainex_project/install/servo_service/share/servo_service/hook/ld_library_path_lib.dsv'
[20.433s] INFO:colcon.colcon_core.shell:Creating environment hook '/workspaces/workspaces/Christiano_Roboto/ainex_project/install/servo_service/share/servo_service/hook/ld_library_path_lib.sh'
[20.433s] Level 1:colcon.colcon_core.environment:checking '/workspaces/workspaces/Christiano_Roboto/ainex_project/install/servo_service/bin'
[20.434s] Level 1:colcon.colcon_core.environment:checking '/workspaces/workspaces/Christiano_Roboto/ainex_project/install/servo_service/lib/pkgconfig/servo_service.pc'
[20.434s] Level 1:colcon.colcon_core.environment:checking '/workspaces/workspaces/Christiano_Roboto/ainex_project/install/servo_service/lib/python3.12/site-packages'
[20.434s] Level 1:colcon.colcon_core.shell:create_environment_hook('servo_service', 'pythonpath')
[20.434s] INFO:colcon.colcon_core.shell:Creating environment hook '/workspaces/workspaces/Christiano_Roboto/ainex_project/install/servo_service/share/servo_service/hook/pythonpath.ps1'
[20.434s] INFO:colcon.colcon_core.shell:Creating environment descriptor '/workspaces/workspaces/Christiano_Roboto/ainex_project/install/servo_service/share/servo_service/hook/pythonpath.dsv'
[20.435s] INFO:colcon.colcon_core.shell:Creating environment hook '/workspaces/workspaces/Christiano_Roboto/ainex_project/install/servo_service/share/servo_service/hook/pythonpath.sh'
[20.435s] Level 1:colcon.colcon_core.environment:checking '/workspaces/workspaces/Christiano_Roboto/ainex_project/install/servo_service/bin'
[20.435s] INFO:colcon.colcon_core.shell:Creating package script '/workspaces/workspaces/Christiano_Roboto/ainex_project/install/servo_service/share/servo_service/package.ps1'
[20.436s] INFO:colcon.colcon_core.shell:Creating package descriptor '/workspaces/workspaces/Christiano_Roboto/ainex_project/install/servo_service/share/servo_service/package.dsv'
[20.436s] INFO:colcon.colcon_core.shell:Creating package script '/workspaces/workspaces/Christiano_Roboto/ainex_project/install/servo_service/share/servo_service/package.sh'
[20.437s] INFO:colcon.colcon_core.shell:Creating package script '/workspaces/workspaces/Christiano_Roboto/ainex_project/install/servo_service/share/servo_service/package.bash'
[20.437s] INFO:colcon.colcon_core.shell:Creating package script '/workspaces/workspaces/Christiano_Roboto/ainex_project/install/servo_service/share/servo_service/package.zsh'
[20.437s] Level 1:colcon.colcon_core.environment:create_file_with_runtime_dependencies(/workspaces/workspaces/Christiano_Roboto/ainex_project/install/servo_service/share/colcon-core/packages/servo_service)
[20.438s] Level 1:colcon.colcon_core.environment:create_environment_scripts_only(servo_service)
[20.438s] Level 1:colcon.colcon_core.environment:checking '/workspaces/workspaces/Christiano_Roboto/ainex_project/install/servo_service' for CMake module files
[20.438s] Level 1:colcon.colcon_core.environment:checking '/workspaces/workspaces/Christiano_Roboto/ainex_project/install/servo_service' for CMake config files
[20.439s] Level 1:colcon.colcon_core.shell:create_environment_hook('servo_service', 'cmake_prefix_path')
[20.439s] INFO:colcon.colcon_core.shell:Creating environment hook '/workspaces/workspaces/Christiano_Roboto/ainex_project/install/servo_service/share/servo_service/hook/cmake_prefix_path.ps1'
[20.440s] INFO:colcon.colcon_core.shell:Creating environment descriptor '/workspaces/workspaces/Christiano_Roboto/ainex_project/install/servo_service/share/servo_service/hook/cmake_prefix_path.dsv'
[20.440s] INFO:colcon.colcon_core.shell:Creating environment hook '/workspaces/workspaces/Christiano_Roboto/ainex_project/install/servo_service/share/servo_service/hook/cmake_prefix_path.sh'
[20.440s] Level 1:colcon.colcon_core.environment:checking '/workspaces/workspaces/Christiano_Roboto/ainex_project/install/servo_service/lib'
[20.440s] Level 1:colcon.colcon_core.shell:create_environment_hook('servo_service', 'ld_library_path_lib')
[20.441s] INFO:colcon.colcon_core.shell:Creating environment hook '/workspaces/workspaces/Christiano_Roboto/ainex_project/install/servo_service/share/servo_service/hook/ld_library_path_lib.ps1'
[20.441s] INFO:colcon.colcon_core.shell:Creating environment descriptor '/workspaces/workspaces/Christiano_Roboto/ainex_project/install/servo_service/share/servo_service/hook/ld_library_path_lib.dsv'
[20.441s] INFO:colcon.colcon_core.shell:Creating environment hook '/workspaces/workspaces/Christiano_Roboto/ainex_project/install/servo_service/share/servo_service/hook/ld_library_path_lib.sh'
[20.442s] Level 1:colcon.colcon_core.environment:checking '/workspaces/workspaces/Christiano_Roboto/ainex_project/install/servo_service/bin'
[20.442s] Level 1:colcon.colcon_core.environment:checking '/workspaces/workspaces/Christiano_Roboto/ainex_project/install/servo_service/lib/pkgconfig/servo_service.pc'
[20.442s] Level 1:colcon.colcon_core.environment:checking '/workspaces/workspaces/Christiano_Roboto/ainex_project/install/servo_service/lib/python3.12/site-packages'
[20.442s] Level 1:colcon.colcon_core.shell:create_environment_hook('servo_service', 'pythonpath')
[20.442s] INFO:colcon.colcon_core.shell:Creating environment hook '/workspaces/workspaces/Christiano_Roboto/ainex_project/install/servo_service/share/servo_service/hook/pythonpath.ps1'
[20.442s] INFO:colcon.colcon_core.shell:Creating environment descriptor '/workspaces/workspaces/Christiano_Roboto/ainex_project/install/servo_service/share/servo_service/hook/pythonpath.dsv'
[20.443s] INFO:colcon.colcon_core.shell:Creating environment hook '/workspaces/workspaces/Christiano_Roboto/ainex_project/install/servo_service/share/servo_service/hook/pythonpath.sh'
[20.443s] Level 1:colcon.colcon_core.environment:checking '/workspaces/workspaces/Christiano_Roboto/ainex_project/install/servo_service/bin'
[20.444s] INFO:colcon.colcon_core.shell:Creating package script '/workspaces/workspaces/Christiano_Roboto/ainex_project/install/servo_service/share/servo_service/package.ps1'
[20.444s] INFO:colcon.colcon_core.shell:Creating package descriptor '/workspaces/workspaces/Christiano_Roboto/ainex_project/install/servo_service/share/servo_service/package.dsv'
[20.445s] INFO:colcon.colcon_core.shell:Creating package script '/workspaces/workspaces/Christiano_Roboto/ainex_project/install/servo_service/share/servo_service/package.sh'
[20.445s] INFO:colcon.colcon_core.shell:Creating package script '/workspaces/workspaces/Christiano_Roboto/ainex_project/install/servo_service/share/servo_service/package.bash'
[20.445s] INFO:colcon.colcon_core.shell:Creating package script '/workspaces/workspaces/Christiano_Roboto/ainex_project/install/servo_service/share/servo_service/package.zsh'
[20.446s] Level 1:colcon.colcon_core.environment:create_file_with_runtime_dependencies(/workspaces/workspaces/Christiano_Roboto/ainex_project/install/servo_service/share/colcon-core/packages/servo_service)
[20.446s] INFO:colcon.colcon_ros.task.ament_python.build:Building ROS package in '/workspaces/workspaces/Christiano_Roboto/ainex_project/src/ainex_motion' with build type 'ament_python'
[20.446s] Level 1:colcon.colcon_core.shell:create_environment_hook('ainex_motion', 'ament_prefix_path')
[20.446s] INFO:colcon.colcon_core.shell:Creating environment hook '/workspaces/workspaces/Christiano_Roboto/ainex_project/install/ainex_motion/share/ainex_motion/hook/ament_prefix_path.ps1'
[20.447s] INFO:colcon.colcon_core.shell:Creating environment descriptor '/workspaces/workspaces/Christiano_Roboto/ainex_project/install/ainex_motion/share/ainex_motion/hook/ament_prefix_path.dsv'
[20.447s] INFO:colcon.colcon_core.shell:Creating environment hook '/workspaces/workspaces/Christiano_Roboto/ainex_project/install/ainex_motion/share/ainex_motion/hook/ament_prefix_path.sh'
[20.448s] INFO:colcon.colcon_core.shell:Skip shell extension 'powershell' for command environment: Not usable outside of PowerShell
[20.448s] DEBUG:colcon.colcon_core.shell:Skip shell extension 'dsv' for command environment
[20.708s] INFO:colcon.colcon_core.task.python.build:Building Python package in '/workspaces/workspaces/Christiano_Roboto/ainex_project/src/ainex_motion'
[20.709s] INFO:colcon.colcon_core.shell:Skip shell extension 'powershell' for command environment: Not usable outside of PowerShell
[20.709s] DEBUG:colcon.colcon_core.shell:Skip shell extension 'dsv' for command environment
[21.387s] DEBUG:colcon.colcon_core.event_handler.log_command:Invoking command in '/workspaces/workspaces/Christiano_Roboto/ainex_project/build/ainex_motion': CMAKE_PREFIX_PATH=/workspaces/workspaces/Christiano_Roboto/ainex_project/install/servo_service:/opt/openrobots:/workspaces/workspaces/Christiano_Roboto/ainex_project/install/ainex_description:/opt/openrobots:/opt/openrobots:/opt/ros/rolling/opt/gz_sim_vendor:/opt/ros/rolling/opt/gz_sensors_vendor:/opt/ros/rolling/opt/gz_physics_vendor:/opt/ros/rolling/opt/sdformat_vendor:/opt/ros/rolling/opt/gz_gui_vendor:/opt/ros/rolling/opt/gz_transport_vendor:/opt/ros/rolling/opt/gz_rendering_vendor:/opt/ros/rolling/opt/gz_plugin_vendor:/opt/ros/rolling/opt/gz_fuel_tools_vendor:/opt/ros/rolling/opt/gz_msgs_vendor:/opt/ros/rolling/opt/gz_common_vendor:/opt/ros/rolling/opt/gz_math_vendor:/opt/ros/rolling/opt/gz_utils_vendor:/opt/ros/rolling/opt/gz_tools_vendor:/opt/ros/rolling/opt/gz_ogre_next_vendor:/opt/ros/rolling/opt/gz_dartsim_vendor:/opt/ros/rolling/opt/gz_cmake_vendor LD_LIBRARY_PATH=/workspaces/workspaces/Christiano_Roboto/ainex_project/install/servo_service/lib:/opt/openrobots/lib:/opt/openrobots/lib:/opt/openrobots/lib:/opt/ros/rolling/opt/gz_sim_vendor/lib:/opt/ros/rolling/opt/gz_sensors_vendor/lib:/opt/ros/rolling/opt/gz_physics_vendor/lib:/opt/ros/rolling/opt/sdformat_vendor/lib:/opt/ros/rolling/opt/gz_gui_vendor/lib:/opt/ros/rolling/opt/gz_transport_vendor/lib:/opt/ros/rolling/opt/gz_rendering_vendor/lib:/opt/ros/rolling/opt/gz_plugin_vendor/lib:/opt/ros/rolling/opt/gz_fuel_tools_vendor/lib:/opt/ros/rolling/opt/gz_msgs_vendor/lib:/opt/ros/rolling/opt/gz_common_vendor/lib:/opt/ros/rolling/opt/gz_math_vendor/lib:/opt/ros/rolling/opt/gz_utils_vendor/lib:/opt/ros/rolling/opt/rviz_ogre_vendor/lib:/opt/ros/rolling/lib/x86_64-linux-gnu:/opt/ros/rolling/opt/gz_tools_vendor/lib:/opt/ros/rolling/opt/gz_ogre_next_vendor/lib:/opt/ros/rolling/opt/gz_dartsim_vendor/lib:/opt/ros/rolling/opt/gz_cmake_vendor/lib:/opt/ros/rolling/lib PYTHONPATH=/workspaces/workspaces/Christiano_Roboto/ainex_project/build/ainex_motion/prefix_override:/usr/lib/python3/dist-packages/colcon_core/task/python/colcon_distutils_commands:/workspaces/workspaces/Christiano_Roboto/ainex_project/install/ainex_motion/lib/python3.12/site-packages:/workspaces/workspaces/Christiano_Roboto/ainex_project/install/servo_service/lib/python3.12/site-packages:/opt/openrobots/lib/python3.12/site-packages:/workspaces/workspaces/Christiano_Roboto/ainex_project/build/whole_body_control:/workspaces/workspaces/Christiano_Roboto/ainex_project/install/whole_body_control/lib/python3.12/site-packages:/workspaces/workspaces/Christiano_Roboto/ainex_project/build/simulator:/workspaces/workspaces/Christiano_Roboto/ainex_project/install/simulator/lib/python3.12/site-packages:/workspaces/workspaces/Christiano_Roboto/ainex_project/build/ainex_motion:/workspaces/workspaces/Christiano_Roboto/ainex_project/install/ainex_motion/lib/python3.12/site-packages:/workspaces/workspaces/Christiano_Roboto/ainex_project/build/ainex_vision:/workspaces/workspaces/Christiano_Roboto/ainex_project/install/ainex_vision/lib/python3.12/site-packages:/opt/openrobots/lib/python3.12/site-packages:/opt/openrobots/lib/python3.12/site-packages:/opt/ros/rolling/lib/python3.12/site-packages /usr/bin/python3 -W ignore:setup.py install is deprecated -W ignore:easy_install command is deprecated setup.py develop --editable --build-directory /workspaces/workspaces/Christiano_Roboto/ainex_project/build/ainex_motion/build --no-deps symlink_data
[22.692s] Level 1:colcon.colcon_core.shell:create_environment_hook('ainex_motion', 'pythonpath_develop')
[22.692s] INFO:colcon.colcon_core.shell:Creating environment hook '/workspaces/workspaces/Christiano_Roboto/ainex_project/build/ainex_motion/share/ainex_motion/hook/pythonpath_develop.ps1'
[22.692s] DEBUG:colcon.colcon_core.event_handler.log_command:Invoked command in '/workspaces/workspaces/Christiano_Roboto/ainex_project/build/ainex_motion' returned '0': CMAKE_PREFIX_PATH=/workspaces/workspaces/Christiano_Roboto/ainex_project/install/servo_service:/opt/openrobots:/workspaces/workspaces/Christiano_Roboto/ainex_project/install/ainex_description:/opt/openrobots:/opt/openrobots:/opt/ros/rolling/opt/gz_sim_vendor:/opt/ros/rolling/opt/gz_sensors_vendor:/opt/ros/rolling/opt/gz_physics_vendor:/opt/ros/rolling/opt/sdformat_vendor:/opt/ros/rolling/opt/gz_gui_vendor:/opt/ros/rolling/opt/gz_transport_vendor:/opt/ros/rolling/opt/gz_rendering_vendor:/opt/ros/rolling/opt/gz_plugin_vendor:/opt/ros/rolling/opt/gz_fuel_tools_vendor:/opt/ros/rolling/opt/gz_msgs_vendor:/opt/ros/rolling/opt/gz_common_vendor:/opt/ros/rolling/opt/gz_math_vendor:/opt/ros/rolling/opt/gz_utils_vendor:/opt/ros/rolling/opt/gz_tools_vendor:/opt/ros/rolling/opt/gz_ogre_next_vendor:/opt/ros/rolling/opt/gz_dartsim_vendor:/opt/ros/rolling/opt/gz_cmake_vendor LD_LIBRARY_PATH=/workspaces/workspaces/Christiano_Roboto/ainex_project/install/servo_service/lib:/opt/openrobots/lib:/opt/openrobots/lib:/opt/openrobots/lib:/opt/ros/rolling/opt/gz_sim_vendor/lib:/opt/ros/rolling/opt/gz_sensors_vendor/lib:/opt/ros/rolling/opt/gz_physics_vendor/lib:/opt/ros/rolling/opt/sdformat_vendor/lib:/opt/ros/rolling/opt/gz_gui_vendor/lib:/opt/ros/rolling/opt/gz_transport_vendor/lib:/opt/ros/rolling/opt/gz_rendering_vendor/lib:/opt/ros/rolling/opt/gz_plugin_vendor/lib:/opt/ros/rolling/opt/gz_fuel_tools_vendor/lib:/opt/ros/rolling/opt/gz_msgs_vendor/lib:/opt/ros/rolling/opt/gz_common_vendor/lib:/opt/ros/rolling/opt/gz_math_vendor/lib:/opt/ros/rolling/opt/gz_utils_vendor/lib:/opt/ros/rolling/opt/rviz_ogre_vendor/lib:/opt/ros/rolling/lib/x86_64-linux-gnu:/opt/ros/rolling/opt/gz_tools_vendor/lib:/opt/ros/rolling/opt/gz_ogre_next_vendor/lib:/opt/ros/rolling/opt/gz_dartsim_vendor/lib:/opt/ros/rolling/opt/gz_cmake_vendor/lib:/opt/ros/rolling/lib PYTHONPATH=/workspaces/workspaces/Christiano_Roboto/ainex_project/build/ainex_motion/prefix_override:/usr/lib/python3/dist-packages/colcon_core/task/python/colcon_distutils_commands:/workspaces/workspaces/Christiano_Roboto/ainex_project/install/ainex_motion/lib/python3.12/site-packages:/workspaces/workspaces/Christiano_Roboto/ainex_project/install/servo_service/lib/python3.12/site-packages:/opt/openrobots/lib/python3.12/site-packages:/workspaces/workspaces/Christiano_Roboto/ainex_project/build/whole_body_control:/workspaces/workspaces/Christiano_Roboto/ainex_project/install/whole_body_control/lib/python3.12/site-packages:/workspaces/workspaces/Christiano_Roboto/ainex_project/build/simulator:/workspaces/workspaces/Christiano_Roboto/ainex_project/install/simulator/lib/python3.12/site-packages:/workspaces/workspaces/Christiano_Roboto/ainex_project/build/ainex_motion:/workspaces/workspaces/Christiano_Roboto/ainex_project/install/ainex_motion/lib/python3.12/site-packages:/workspaces/workspaces/Christiano_Roboto/ainex_project/build/ainex_vision:/workspaces/workspaces/Christiano_Roboto/ainex_project/install/ainex_vision/lib/python3.12/site-packages:/opt/openrobots/lib/python3.12/site-packages:/opt/openrobots/lib/python3.12/site-packages:/opt/ros/rolling/lib/python3.12/site-packages /usr/bin/python3 -W ignore:setup.py install is deprecated -W ignore:easy_install command is deprecated setup.py develop --editable --build-directory /workspaces/workspaces/Christiano_Roboto/ainex_project/build/ainex_motion/build --no-deps symlink_data
[22.693s] INFO:colcon.colcon_core.shell:Creating environment descriptor '/workspaces/workspaces/Christiano_Roboto/ainex_project/build/ainex_motion/share/ainex_motion/hook/pythonpath_develop.dsv'
[22.693s] INFO:colcon.colcon_core.shell:Creating environment hook '/workspaces/workspaces/Christiano_Roboto/ainex_project/build/ainex_motion/share/ainex_motion/hook/pythonpath_develop.sh'
[22.694s] Level 1:colcon.colcon_core.environment:checking '/workspaces/workspaces/Christiano_Roboto/ainex_project/install/ainex_motion' for CMake module files
[22.694s] Level 1:colcon.colcon_core.environment:checking '/workspaces/workspaces/Christiano_Roboto/ainex_project/install/ainex_motion' for CMake config files
[22.694s] Level 1:colcon.colcon_core.environment:checking '/workspaces/workspaces/Christiano_Roboto/ainex_project/install/ainex_motion/lib'
[22.695s] Level 1:colcon.colcon_core.environment:checking '/workspaces/workspaces/Christiano_Roboto/ainex_project/install/ainex_motion/bin'
[22.695s] Level 1:colcon.colcon_core.environment:checking '/workspaces/workspaces/Christiano_Roboto/ainex_project/install/ainex_motion/lib/pkgconfig/ainex_motion.pc'
[22.695s] Level 1:colcon.colcon_core.environment:checking '/workspaces/workspaces/Christiano_Roboto/ainex_project/install/ainex_motion/lib/python3.12/site-packages'
[22.695s] Level 1:colcon.colcon_core.shell:create_environment_hook('ainex_motion', 'pythonpath')
[22.695s] INFO:colcon.colcon_core.shell:Creating environment hook '/workspaces/workspaces/Christiano_Roboto/ainex_project/install/ainex_motion/share/ainex_motion/hook/pythonpath.ps1'
[22.695s] INFO:colcon.colcon_core.shell:Creating environment descriptor '/workspaces/workspaces/Christiano_Roboto/ainex_project/install/ainex_motion/share/ainex_motion/hook/pythonpath.dsv'
[22.696s] INFO:colcon.colcon_core.shell:Creating environment hook '/workspaces/workspaces/Christiano_Roboto/ainex_project/install/ainex_motion/share/ainex_motion/hook/pythonpath.sh'
[22.696s] Level 1:colcon.colcon_core.environment:checking '/workspaces/workspaces/Christiano_Roboto/ainex_project/install/ainex_motion/bin'
[22.696s] Level 1:colcon.colcon_core.environment:create_environment_scripts_only(ainex_motion)
[22.696s] INFO:colcon.colcon_core.shell:Creating package script '/workspaces/workspaces/Christiano_Roboto/ainex_project/install/ainex_motion/share/ainex_motion/package.ps1'
[22.697s] INFO:colcon.colcon_core.shell:Creating package descriptor '/workspaces/workspaces/Christiano_Roboto/ainex_project/install/ainex_motion/share/ainex_motion/package.dsv'
[22.697s] INFO:colcon.colcon_core.shell:Creating package script '/workspaces/workspaces/Christiano_Roboto/ainex_project/install/ainex_motion/share/ainex_motion/package.sh'
[22.698s] INFO:colcon.colcon_core.shell:Creating package script '/workspaces/workspaces/Christiano_Roboto/ainex_project/install/ainex_motion/share/ainex_motion/package.bash'
[22.698s] INFO:colcon.colcon_core.shell:Creating package script '/workspaces/workspaces/Christiano_Roboto/ainex_project/install/ainex_motion/share/ainex_motion/package.zsh'
[22.698s] Level 1:colcon.colcon_core.environment:create_file_with_runtime_dependencies(/workspaces/workspaces/Christiano_Roboto/ainex_project/install/ainex_motion/share/colcon-core/packages/ainex_motion)
[22.698s] DEBUG:colcon.colcon_parallel_executor.executor.parallel:closing loop
[22.699s] DEBUG:colcon.colcon_parallel_executor.executor.parallel:loop closed
[22.699s] DEBUG:colcon.colcon_parallel_executor.executor.parallel:run_until_complete finished with '0'
[22.699s] DEBUG:colcon.colcon_core.event_reactor:joining thread
[22.705s] INFO:colcon.colcon_core.plugin_system:Skipping extension 'colcon_notification.desktop_notification.notify_send': Could not find 'notify-send'
[22.705s] INFO:colcon.colcon_core.plugin_system:Skipping extension 'colcon_notification.desktop_notification.terminal_notifier': Not used on non-Darwin systems
[22.705s] INFO:colcon.colcon_core.plugin_system:Skipping extension 'colcon_notification.desktop_notification.win32': Not used on non-Windows systems
[22.705s] INFO:colcon.colcon_notification.desktop_notification:Sending desktop notification using 'notify2'
[22.708s] DEBUG:colcon.colcon_notification.desktop_notification.notify2:Failed to initialize notify2: org.freedesktop.DBus.Error.Spawn.ExecFailed: /usr/bin/dbus-launch terminated abnormally without any error message
[22.708s] DEBUG:colcon.colcon_core.event_reactor:joined thread
[22.709s] INFO:colcon.colcon_core.shell:Creating prefix script '/workspaces/workspaces/Christiano_Roboto/ainex_project/install/local_setup.ps1'
[22.710s] INFO:colcon.colcon_core.shell:Creating prefix util module '/workspaces/workspaces/Christiano_Roboto/ainex_project/install/_local_setup_util_ps1.py'
[22.712s] INFO:colcon.colcon_core.shell:Creating prefix chain script '/workspaces/workspaces/Christiano_Roboto/ainex_project/install/setup.ps1'
[22.714s] INFO:colcon.colcon_core.shell:Creating prefix script '/workspaces/workspaces/Christiano_Roboto/ainex_project/install/local_setup.sh'
[22.715s] INFO:colcon.colcon_core.shell:Creating prefix util module '/workspaces/workspaces/Christiano_Roboto/ainex_project/install/_local_setup_util_sh.py'
[22.716s] INFO:colcon.colcon_core.shell:Creating prefix chain script '/workspaces/workspaces/Christiano_Roboto/ainex_project/install/setup.sh'
[22.718s] INFO:colcon.colcon_core.shell:Creating prefix script '/workspaces/workspaces/Christiano_Roboto/ainex_project/install/local_setup.bash'
[22.719s] INFO:colcon.colcon_core.shell:Creating prefix chain script '/workspaces/workspaces/Christiano_Roboto/ainex_project/install/setup.bash'
[22.720s] INFO:colcon.colcon_core.shell:Creating prefix script '/workspaces/workspaces/Christiano_Roboto/ainex_project/install/local_setup.zsh'
[22.720s] INFO:colcon.colcon_core.shell:Creating prefix chain script '/workspaces/workspaces/Christiano_Roboto/ainex_project/install/setup.zsh'
