[1.919s] Invoking command in '/workspaces/workspaces/Christiano_Roboto/ainex_project/build/ainex_vision': PYTHONPATH=/workspaces/workspaces/Christiano_Roboto/ainex_project/build/ainex_vision/prefix_override:/usr/lib/python3/dist-packages/colcon_core/task/python/colcon_distutils_commands:/workspaces/workspaces/Christiano_Roboto/ainex_project/install/ainex_vision/lib/python3.12/site-packages:${PYTHONPATH} /usr/bin/python3 -W ignore:setup.py install is deprecated -W ignore:easy_install command is deprecated setup.py develop --editable --build-directory /workspaces/workspaces/Christiano_Roboto/ainex_project/build/ainex_vision/build --no-deps symlink_data
[2.558s] running develop
[2.893s] running egg_info
[2.893s] creating ainex_vision.egg-info
[2.928s] writing ainex_vision.egg-info/PKG-INFO
[2.928s] writing dependency_links to ainex_vision.egg-info/dependency_links.txt
[2.928s] writing entry points to ainex_vision.egg-info/entry_points.txt
[2.929s] writing requirements to ainex_vision.egg-info/requires.txt
[2.929s] writing top-level names to ainex_vision.egg-info/top_level.txt
[2.929s] writing manifest file 'ainex_vision.egg-info/SOURCES.txt'
[3.984s] writing manifest file 'ainex_vision.egg-info/SOURCES.txt'
[4.012s] running build_ext
[4.013s] Creating /workspaces/workspaces/Christiano_Roboto/ainex_project/install/ainex_vision/lib/python3.12/site-packages/ainex-vision.egg-link (link to .)
[4.013s] Installing camera_sub script to /workspaces/workspaces/Christiano_Roboto/ainex_project/install/ainex_vision/lib/ainex_vision
[4.014s] 
[4.014s] Installed /workspaces/workspaces/Christiano_Roboto/ainex_project/build/ainex_vision
[4.015s] running symlink_data
[4.015s] creating /workspaces/workspaces/Christiano_Roboto/ainex_project/install/ainex_vision/share/ament_index
[4.015s] creating /workspaces/workspaces/Christiano_Roboto/ainex_project/install/ainex_vision/share/ament_index/resource_index
[4.015s] creating /workspaces/workspaces/Christiano_Roboto/ainex_project/install/ainex_vision/share/ament_index/resource_index/packages
[4.015s] symbolically linking /workspaces/workspaces/Christiano_Roboto/ainex_project/build/ainex_vision/resource/ainex_vision -> /workspaces/workspaces/Christiano_Roboto/ainex_project/install/ainex_vision/share/ament_index/resource_index/packages
[4.015s] symbolically linking /workspaces/workspaces/Christiano_Roboto/ainex_project/build/ainex_vision/package.xml -> /workspaces/workspaces/Christiano_Roboto/ainex_project/install/ainex_vision/share/ainex_vision
[4.082s] Invoked command in '/workspaces/workspaces/Christiano_Roboto/ainex_project/build/ainex_vision' returned '0': PYTHONPATH=/workspaces/workspaces/Christiano_Roboto/ainex_project/build/ainex_vision/prefix_override:/usr/lib/python3/dist-packages/colcon_core/task/python/colcon_distutils_commands:/workspaces/workspaces/Christiano_Roboto/ainex_project/install/ainex_vision/lib/python3.12/site-packages:${PYTHONPATH} /usr/bin/python3 -W ignore:setup.py install is deprecated -W ignore:easy_install command is deprecated setup.py develop --editable --build-directory /workspaces/workspaces/Christiano_Roboto/ainex_project/build/ainex_vision/build --no-deps symlink_data
