[0.033s] Invoking command in '/workspaces/workspaces/Christiano_Roboto/ainex_project/build/servo_service': CMAKE_PREFIX_PATH=${CMAKE_PREFIX_PATH}:/workspaces/workspaces/Christiano_Roboto/ainex_project/install/whole_body_control:/workspaces/workspaces/Christiano_Roboto/ainex_project/install/simulator:/workspaces/workspaces/Christiano_Roboto/ainex_project/install/ainex_motion:/workspaces/workspaces/Christiano_Roboto/ainex_project/install/ainex_vision:/opt/ros/rolling /usr/bin/cmake /workspaces/workspaces/Christiano_Roboto/ainex_project/src/servo_service -DAMENT_CMAKE_SYMLINK_INSTALL=1 -DCMAKE_INSTALL_PREFIX=/workspaces/workspaces/Christiano_Roboto/ainex_project/install/servo_service
[0.353s] -- The C compiler identification is GNU 13.3.0
[0.354s] -- The CXX compiler identification is GNU 13.3.0
[0.354s] -- Detecting C compiler ABI info
[0.368s] -- Detecting C compiler ABI info - done
[0.388s] -- Check for working C compiler: /usr/bin/cc - skipped
[0.389s] -- Detecting C compile features
[0.390s] -- Detecting C compile features - done
[0.401s] -- Detecting CXX compiler ABI info
[0.589s] -- Detecting CXX compiler ABI info - done
[0.610s] -- Check for working CXX compiler: /usr/bin/c++ - skipped
[0.610s] -- Detecting CXX compile features
[0.611s] -- Detecting CXX compile features - done
[0.637s] -- Found ament_cmake: 2.7.2 (/opt/ros/rolling/share/ament_cmake/cmake)
[0.925s] -- Found Python3: /usr/bin/python3 (found version "3.12.3") found components: Interpreter 
[1.025s] -- Override CMake install command with custom implementation using symlinks instead of copying resources
[1.135s] -- Found geometry_msgs: 5.5.0 (/opt/ros/rolling/share/geometry_msgs/cmake)
[1.234s] -- Found rosidl_generator_c: 4.9.3 (/opt/ros/rolling/share/rosidl_generator_c/cmake)
[1.266s] -- Found rosidl_generator_cpp: 4.9.3 (/opt/ros/rolling/share/rosidl_generator_cpp/cmake)
[1.300s] -- Using all available rosidl_typesupport_c: rosidl_typesupport_fastrtps_c;rosidl_typesupport_introspection_c
[1.337s] -- Using all available rosidl_typesupport_cpp: rosidl_typesupport_fastrtps_cpp;rosidl_typesupport_introspection_cpp
[1.438s] -- Found rosidl_default_generators: 1.7.1 (/opt/ros/rolling/share/rosidl_default_generators/cmake)
[1.493s] -- Found rosidl_adapter: 4.9.3 (/opt/ros/rolling/share/rosidl_adapter/cmake)
[2.481s] -- Found ament_cmake_ros: 0.14.0 (/opt/ros/rolling/share/ament_cmake_ros/cmake)
[3.697s] -- Using all available rosidl_typesupport_c: rosidl_typesupport_fastrtps_c;rosidl_typesupport_introspection_c
[4.116s] -- Using all available rosidl_typesupport_cpp: rosidl_typesupport_fastrtps_cpp;rosidl_typesupport_introspection_cpp
[4.634s] -- Found Python3: /usr/bin/python3 (found version "3.12.3") found components: Interpreter Development NumPy Development.Module Development.Embed 
[4.717s] -- Found ament_lint_auto: 0.19.1 (/opt/ros/rolling/share/ament_lint_auto/cmake)
[4.772s] -- Added test 'lint_cmake' to check CMake code style
[4.774s] -- Added test 'xmllint' to check XML markup files
[4.780s] -- Configuring done (4.7s)
[4.864s] -- Generating done (0.1s)
[4.878s] -- Build files have been written to: /workspaces/workspaces/Christiano_Roboto/ainex_project/build/servo_service
[4.888s] Invoked command in '/workspaces/workspaces/Christiano_Roboto/ainex_project/build/servo_service' returned '0': CMAKE_PREFIX_PATH=${CMAKE_PREFIX_PATH}:/workspaces/workspaces/Christiano_Roboto/ainex_project/install/whole_body_control:/workspaces/workspaces/Christiano_Roboto/ainex_project/install/simulator:/workspaces/workspaces/Christiano_Roboto/ainex_project/install/ainex_motion:/workspaces/workspaces/Christiano_Roboto/ainex_project/install/ainex_vision:/opt/ros/rolling /usr/bin/cmake /workspaces/workspaces/Christiano_Roboto/ainex_project/src/servo_service -DAMENT_CMAKE_SYMLINK_INSTALL=1 -DCMAKE_INSTALL_PREFIX=/workspaces/workspaces/Christiano_Roboto/ainex_project/install/servo_service
[4.889s] Invoking command in '/workspaces/workspaces/Christiano_Roboto/ainex_project/build/servo_service': CMAKE_PREFIX_PATH=${CMAKE_PREFIX_PATH}:/workspaces/workspaces/Christiano_Roboto/ainex_project/install/whole_body_control:/workspaces/workspaces/Christiano_Roboto/ainex_project/install/simulator:/workspaces/workspaces/Christiano_Roboto/ainex_project/install/ainex_motion:/workspaces/workspaces/Christiano_Roboto/ainex_project/install/ainex_vision:/opt/ros/rolling /usr/bin/cmake --build /workspaces/workspaces/Christiano_Roboto/ainex_project/build/servo_service -- -j8 -l8
[4.964s] [  1%] [34m[1mGenerating type hashes for ROS interfaces[0m
[4.976s] [  1%] Built target ament_cmake_python_symlink_servo_service
[5.281s] running egg_info
[5.282s] creating servo_service.egg-info
[5.304s] writing servo_service.egg-info/PKG-INFO
[5.304s] writing dependency_links to servo_service.egg-info/dependency_links.txt
[5.305s] writing top-level names to servo_service.egg-info/top_level.txt
[5.305s] writing manifest file 'servo_service.egg-info/SOURCES.txt'
[5.402s] [  1%] Built target servo_service__rosidl_generator_type_description
[5.420s] [  2%] [34m[1mGenerating C code for ROS interfaces[0m
[5.435s] [  2%] [34m[1mGenerating C++ code for ROS interfaces[0m
[6.083s] writing manifest file 'servo_service.egg-info/SOURCES.txt'
[6.115s] [  2%] Built target ament_cmake_python_build_servo_service_egg
[6.559s] [  2%] Built target servo_service__cpp
[6.877s] [  3%] [32mBuilding C object CMakeFiles/servo_service__rosidl_generator_c.dir/rosidl_generator_c/servo_service/msg/detail/change_servo_positions__description.c.o[0m
[6.877s] [  5%] [32mBuilding C object CMakeFiles/servo_service__rosidl_generator_c.dir/rosidl_generator_c/servo_service/msg/detail/change_servo_positions__functions.c.o[0m
[6.877s] [  5%] [32mBuilding C object CMakeFiles/servo_service__rosidl_generator_c.dir/rosidl_generator_c/servo_service/msg/detail/change_servo_positions__type_support.c.o[0m
[6.878s] [  6%] [32mBuilding C object CMakeFiles/servo_service__rosidl_generator_c.dir/rosidl_generator_c/servo_service/msg/detail/set_servo_positions__type_support.c.o[0m
[6.878s] [  6%] [32mBuilding C object CMakeFiles/servo_service__rosidl_generator_c.dir/rosidl_generator_c/servo_service/msg/detail/set_servo_positions__functions.c.o[0m
[6.878s] [  6%] [32mBuilding C object CMakeFiles/servo_service__rosidl_generator_c.dir/rosidl_generator_c/servo_service/msg/detail/set_servo_positions__description.c.o[0m
[6.878s] [  8%] [32mBuilding C object CMakeFiles/servo_service__rosidl_generator_c.dir/rosidl_generator_c/servo_service/msg/detail/set_joint_lock__description.c.o[0m
[6.878s] [  8%] [32mBuilding C object CMakeFiles/servo_service__rosidl_generator_c.dir/rosidl_generator_c/servo_service/msg/detail/set_joint_lock__functions.c.o[0m
[6.943s] [  8%] [32mBuilding C object CMakeFiles/servo_service__rosidl_generator_c.dir/rosidl_generator_c/servo_service/msg/detail/set_joint_lock__type_support.c.o[0m
[6.943s] [  9%] [32mBuilding C object CMakeFiles/servo_service__rosidl_generator_c.dir/rosidl_generator_c/servo_service/msg/detail/get_servo_positions__description.c.o[0m
[6.952s] [ 10%] [32mBuilding C object CMakeFiles/servo_service__rosidl_generator_c.dir/rosidl_generator_c/servo_service/msg/detail/get_servo_positions__functions.c.o[0m
[6.955s] [ 10%] [32mBuilding C object CMakeFiles/servo_service__rosidl_generator_c.dir/rosidl_generator_c/servo_service/msg/detail/set_posture__description.c.o[0m
[6.958s] [ 11%] [32mBuilding C object CMakeFiles/servo_service__rosidl_generator_c.dir/rosidl_generator_c/servo_service/msg/detail/get_servo_positions__type_support.c.o[0m
[6.977s] [ 12%] [32mBuilding C object CMakeFiles/servo_service__rosidl_generator_c.dir/rosidl_generator_c/servo_service/msg/detail/set_posture__functions.c.o[0m
[6.979s] [ 13%] [32mBuilding C object CMakeFiles/servo_service__rosidl_generator_c.dir/rosidl_generator_c/servo_service/msg/detail/set_posture__type_support.c.o[0m
[6.981s] [ 14%] [32mBuilding C object CMakeFiles/servo_service__rosidl_generator_c.dir/rosidl_generator_c/servo_service/srv/detail/joint_lock__description.c.o[0m
[7.009s] [ 14%] [32mBuilding C object CMakeFiles/servo_service__rosidl_generator_c.dir/rosidl_generator_c/servo_service/srv/detail/joint_lock__functions.c.o[0m
[7.027s] [ 15%] [32mBuilding C object CMakeFiles/servo_service__rosidl_generator_c.dir/rosidl_generator_c/servo_service/srv/detail/joint_lock__type_support.c.o[0m
[7.033s] [ 16%] [32mBuilding C object CMakeFiles/servo_service__rosidl_generator_c.dir/rosidl_generator_c/servo_service/srv/detail/servo_temp__description.c.o[0m
[7.035s] [ 17%] [32mBuilding C object CMakeFiles/servo_service__rosidl_generator_c.dir/rosidl_generator_c/servo_service/srv/detail/servo_temp__functions.c.o[0m
[7.047s] [ 17%] [32mBuilding C object CMakeFiles/servo_service__rosidl_generator_c.dir/rosidl_generator_c/servo_service/srv/detail/servo_temp__type_support.c.o[0m
[7.062s] [ 18%] [32mBuilding C object CMakeFiles/servo_service__rosidl_generator_c.dir/rosidl_generator_c/servo_service/srv/detail/servo_deviation__description.c.o[0m
[7.075s] [ 19%] [32mBuilding C object CMakeFiles/servo_service__rosidl_generator_c.dir/rosidl_generator_c/servo_service/srv/detail/servo_deviation__functions.c.o[0m
[7.082s] [ 20%] [32mBuilding C object CMakeFiles/servo_service__rosidl_generator_c.dir/rosidl_generator_c/servo_service/srv/detail/servo_deviation__type_support.c.o[0m
[7.106s] [ 20%] [32mBuilding C object CMakeFiles/servo_service__rosidl_generator_c.dir/rosidl_generator_c/servo_service/srv/detail/servo_voltage__description.c.o[0m
[7.129s] [ 21%] [32mBuilding C object CMakeFiles/servo_service__rosidl_generator_c.dir/rosidl_generator_c/servo_service/srv/detail/servo_voltage__functions.c.o[0m
[7.132s] [ 22%] [32mBuilding C object CMakeFiles/servo_service__rosidl_generator_c.dir/rosidl_generator_c/servo_service/srv/detail/servo_voltage__type_support.c.o[0m
[7.153s] [ 23%] [32mBuilding C object CMakeFiles/servo_service__rosidl_generator_c.dir/rosidl_generator_c/servo_service/srv/detail/joint_position__description.c.o[0m
[7.164s] [ 23%] [32mBuilding C object CMakeFiles/servo_service__rosidl_generator_c.dir/rosidl_generator_c/servo_service/srv/detail/joint_position__functions.c.o[0m
[7.168s] [ 24%] [32mBuilding C object CMakeFiles/servo_service__rosidl_generator_c.dir/rosidl_generator_c/servo_service/srv/detail/joint_position__type_support.c.o[0m
[7.180s] [ 25%] [32mBuilding C object CMakeFiles/servo_service__rosidl_generator_c.dir/rosidl_generator_c/servo_service/srv/detail/joint_range__description.c.o[0m
[7.201s] [ 26%] [32mBuilding C object CMakeFiles/servo_service__rosidl_generator_c.dir/rosidl_generator_c/servo_service/srv/detail/joint_range__functions.c.o[0m
[7.213s] [ 26%] [32mBuilding C object CMakeFiles/servo_service__rosidl_generator_c.dir/rosidl_generator_c/servo_service/srv/detail/joint_range__type_support.c.o[0m
[7.304s] [ 27%] [32m[1mLinking C shared library libservo_service__rosidl_generator_c.so[0m
[7.366s] [ 27%] Built target servo_service__rosidl_generator_c
[7.382s] [ 27%] [34m[1mGenerating C++ type support dispatch for ROS interfaces[0m
[7.383s] [ 28%] [34m[1mGenerating C type support dispatch for ROS interfaces[0m
[7.386s] [ 29%] [34m[1mGenerating C++ type support for eProsima Fast-RTPS[0m
[7.387s] [ 30%] [34m[1mGenerating C++ introspection for ROS interfaces[0m
[7.387s] [ 30%] [34m[1mGenerating C introspection for ROS interfaces[0m
[7.387s] [ 31%] [34m[1mGenerating C type support for eProsima Fast-RTPS[0m
[8.243s] [ 32%] [32mBuilding CXX object CMakeFiles/servo_service__rosidl_typesupport_introspection_cpp.dir/rosidl_typesupport_introspection_cpp/servo_service/msg/detail/change_servo_positions__type_support.cpp.o[0m
[8.250s] [ 33%] [32mBuilding CXX object CMakeFiles/servo_service__rosidl_typesupport_introspection_cpp.dir/rosidl_typesupport_introspection_cpp/servo_service/msg/detail/set_servo_positions__type_support.cpp.o[0m
[8.256s] [ 33%] [32mBuilding CXX object CMakeFiles/servo_service__rosidl_typesupport_introspection_cpp.dir/rosidl_typesupport_introspection_cpp/servo_service/msg/detail/set_joint_lock__type_support.cpp.o[0m
[8.257s] [ 33%] [32mBuilding CXX object CMakeFiles/servo_service__rosidl_typesupport_c.dir/rosidl_typesupport_c/servo_service/msg/change_servo_positions__type_support.cpp.o[0m
[8.302s] [ 34%] [32mBuilding CXX object CMakeFiles/servo_service__rosidl_typesupport_cpp.dir/rosidl_typesupport_cpp/servo_service/msg/change_servo_positions__type_support.cpp.o[0m
[8.360s] [ 35%] [32mBuilding CXX object CMakeFiles/servo_service__rosidl_typesupport_c.dir/rosidl_typesupport_c/servo_service/msg/set_servo_positions__type_support.cpp.o[0m
[8.453s] [ 36%] [32mBuilding CXX object CMakeFiles/servo_service__rosidl_typesupport_c.dir/rosidl_typesupport_c/servo_service/msg/set_joint_lock__type_support.cpp.o[0m
[8.538s] [ 37%] [32mBuilding CXX object CMakeFiles/servo_service__rosidl_typesupport_c.dir/rosidl_typesupport_c/servo_service/msg/get_servo_positions__type_support.cpp.o[0m
[8.626s] [ 37%] [32mBuilding CXX object CMakeFiles/servo_service__rosidl_typesupport_c.dir/rosidl_typesupport_c/servo_service/msg/set_posture__type_support.cpp.o[0m
[8.719s] [ 38%] [32mBuilding CXX object CMakeFiles/servo_service__rosidl_typesupport_c.dir/rosidl_typesupport_c/servo_service/srv/joint_lock__type_support.cpp.o[0m
[8.815s] [ 39%] [32mBuilding CXX object CMakeFiles/servo_service__rosidl_typesupport_c.dir/rosidl_typesupport_c/servo_service/srv/servo_temp__type_support.cpp.o[0m
[8.859s] [ 40%] [32mBuilding CXX object CMakeFiles/servo_service__rosidl_typesupport_cpp.dir/rosidl_typesupport_cpp/servo_service/msg/set_servo_positions__type_support.cpp.o[0m
[8.903s] [ 41%] [32mBuilding CXX object CMakeFiles/servo_service__rosidl_typesupport_c.dir/rosidl_typesupport_c/servo_service/srv/servo_deviation__type_support.cpp.o[0m
[8.904s] [ 41%] [32mBuilding CXX object CMakeFiles/servo_service__rosidl_typesupport_c.dir/rosidl_typesupport_c/servo_service/srv/servo_voltage__type_support.cpp.o[0m
[8.916s] [ 42%] [32mBuilding CXX object CMakeFiles/servo_service__rosidl_typesupport_introspection_cpp.dir/rosidl_typesupport_introspection_cpp/servo_service/msg/detail/get_servo_positions__type_support.cpp.o[0m
[8.922s] [ 43%] [32mBuilding CXX object CMakeFiles/servo_service__rosidl_typesupport_introspection_cpp.dir/rosidl_typesupport_introspection_cpp/servo_service/msg/detail/set_posture__type_support.cpp.o[0m
[9.016s] [ 46%] [32mBuilding CXX object CMakeFiles/servo_service__rosidl_typesupport_introspection_cpp.dir/rosidl_typesupport_introspection_cpp/servo_service/srv/detail/joint_lock__type_support.cpp.o[0m
[9.016s] [ 46%] [32mBuilding C object CMakeFiles/servo_service__rosidl_typesupport_introspection_c.dir/rosidl_typesupport_introspection_c/servo_service/msg/detail/change_servo_positions__type_support.c.o[0m
[9.017s] [ 46%] [32mBuilding CXX object CMakeFiles/servo_service__rosidl_typesupport_c.dir/rosidl_typesupport_c/servo_service/srv/joint_position__type_support.cpp.o[0m
[9.096s] [ 47%] [32mBuilding C object CMakeFiles/servo_service__rosidl_typesupport_introspection_c.dir/rosidl_typesupport_introspection_c/servo_service/msg/detail/set_servo_positions__type_support.c.o[0m
[9.122s] [ 48%] [32mBuilding CXX object CMakeFiles/servo_service__rosidl_typesupport_c.dir/rosidl_typesupport_c/servo_service/srv/joint_range__type_support.cpp.o[0m
[9.179s] [ 49%] [32mBuilding C object CMakeFiles/servo_service__rosidl_typesupport_introspection_c.dir/rosidl_typesupport_introspection_c/servo_service/msg/detail/set_joint_lock__type_support.c.o[0m
[9.218s] [ 50%] [32m[1mLinking CXX shared library libservo_service__rosidl_typesupport_c.so[0m
[9.265s] [ 50%] [32mBuilding C object CMakeFiles/servo_service__rosidl_typesupport_introspection_c.dir/rosidl_typesupport_introspection_c/servo_service/msg/detail/get_servo_positions__type_support.c.o[0m
[9.306s] [ 50%] Built target servo_service__rosidl_typesupport_c
[9.343s] [ 51%] [32mBuilding CXX object CMakeFiles/servo_service__rosidl_typesupport_cpp.dir/rosidl_typesupport_cpp/servo_service/msg/set_joint_lock__type_support.cpp.o[0m
[9.360s] [ 52%] [32mBuilding C object CMakeFiles/servo_service__rosidl_typesupport_introspection_c.dir/rosidl_typesupport_introspection_c/servo_service/msg/detail/set_posture__type_support.c.o[0m
[9.434s] [ 52%] [32mBuilding CXX object CMakeFiles/servo_service__rosidl_typesupport_introspection_cpp.dir/rosidl_typesupport_introspection_cpp/servo_service/srv/detail/servo_temp__type_support.cpp.o[0m
[9.440s] [ 53%] [32mBuilding C object CMakeFiles/servo_service__rosidl_typesupport_introspection_c.dir/rosidl_typesupport_introspection_c/servo_service/srv/detail/joint_lock__type_support.c.o[0m
[9.479s] [ 54%] [32mBuilding CXX object CMakeFiles/servo_service__rosidl_typesupport_fastrtps_c.dir/rosidl_typesupport_fastrtps_c/servo_service/msg/detail/change_servo_positions__type_support_c.cpp.o[0m
[9.495s] [ 55%] [32mBuilding C object CMakeFiles/servo_service__rosidl_typesupport_introspection_c.dir/rosidl_typesupport_introspection_c/servo_service/srv/detail/servo_temp__type_support.c.o[0m
[9.555s] [ 55%] [32mBuilding C object CMakeFiles/servo_service__rosidl_typesupport_introspection_c.dir/rosidl_typesupport_introspection_c/servo_service/srv/detail/servo_deviation__type_support.c.o[0m
[9.600s] [ 55%] [32mBuilding CXX object CMakeFiles/servo_service__rosidl_typesupport_fastrtps_c.dir/rosidl_typesupport_fastrtps_c/servo_service/msg/detail/set_servo_positions__type_support_c.cpp.o[0m
[9.610s] [ 55%] [32mBuilding CXX object CMakeFiles/servo_service__rosidl_typesupport_fastrtps_cpp.dir/rosidl_typesupport_fastrtps_cpp/servo_service/msg/detail/dds_fastrtps/change_servo_positions__type_support.cpp.o[0m
[9.627s] [ 56%] [32mBuilding C object CMakeFiles/servo_service__rosidl_typesupport_introspection_c.dir/rosidl_typesupport_introspection_c/servo_service/srv/detail/servo_voltage__type_support.c.o[0m
[9.662s] [ 56%] [32mBuilding CXX object CMakeFiles/servo_service__rosidl_typesupport_cpp.dir/rosidl_typesupport_cpp/servo_service/msg/get_servo_positions__type_support.cpp.o[0m
[9.729s] [ 57%] [32mBuilding C object CMakeFiles/servo_service__rosidl_typesupport_introspection_c.dir/rosidl_typesupport_introspection_c/servo_service/srv/detail/joint_position__type_support.c.o[0m
[9.833s] [ 58%] [32mBuilding C object CMakeFiles/servo_service__rosidl_typesupport_introspection_c.dir/rosidl_typesupport_introspection_c/servo_service/srv/detail/joint_range__type_support.c.o[0m
[9.948s] [ 59%] [32m[1mLinking C shared library libservo_service__rosidl_typesupport_introspection_c.so[0m
[9.948s] [ 59%] [32mBuilding CXX object CMakeFiles/servo_service__rosidl_typesupport_fastrtps_cpp.dir/rosidl_typesupport_fastrtps_cpp/servo_service/msg/detail/dds_fastrtps/set_servo_positions__type_support.cpp.o[0m
[9.974s] [ 60%] [32mBuilding CXX object CMakeFiles/servo_service__rosidl_typesupport_fastrtps_c.dir/rosidl_typesupport_fastrtps_c/servo_service/msg/detail/set_joint_lock__type_support_c.cpp.o[0m
[10.024s] [ 60%] Built target servo_service__rosidl_typesupport_introspection_c
[10.049s] [ 61%] [32mBuilding CXX object CMakeFiles/servo_service__rosidl_typesupport_fastrtps_c.dir/rosidl_typesupport_fastrtps_c/servo_service/msg/detail/get_servo_positions__type_support_c.cpp.o[0m
[10.274s] [ 62%] [32mBuilding CXX object CMakeFiles/servo_service__rosidl_typesupport_cpp.dir/rosidl_typesupport_cpp/servo_service/msg/set_posture__type_support.cpp.o[0m
[10.390s] [ 63%] [32mBuilding CXX object CMakeFiles/servo_service__rosidl_typesupport_introspection_cpp.dir/rosidl_typesupport_introspection_cpp/servo_service/srv/detail/servo_deviation__type_support.cpp.o[0m
[10.441s] [ 64%] [32mBuilding CXX object CMakeFiles/servo_service__rosidl_typesupport_cpp.dir/rosidl_typesupport_cpp/servo_service/srv/joint_lock__type_support.cpp.o[0m
[10.477s] [ 65%] [32mBuilding CXX object CMakeFiles/servo_service__rosidl_typesupport_fastrtps_c.dir/rosidl_typesupport_fastrtps_c/servo_service/msg/detail/set_posture__type_support_c.cpp.o[0m
[10.623s] [ 65%] [32mBuilding CXX object CMakeFiles/servo_service__rosidl_typesupport_cpp.dir/rosidl_typesupport_cpp/servo_service/srv/servo_temp__type_support.cpp.o[0m
[10.832s] [ 66%] [32mBuilding CXX object CMakeFiles/servo_service__rosidl_typesupport_fastrtps_cpp.dir/rosidl_typesupport_fastrtps_cpp/servo_service/msg/detail/dds_fastrtps/set_joint_lock__type_support.cpp.o[0m
[10.890s] [ 67%] [32mBuilding CXX object CMakeFiles/servo_service__rosidl_typesupport_fastrtps_cpp.dir/rosidl_typesupport_fastrtps_cpp/servo_service/msg/detail/dds_fastrtps/get_servo_positions__type_support.cpp.o[0m
[10.927s] [ 68%] [32mBuilding CXX object CMakeFiles/servo_service__rosidl_typesupport_introspection_cpp.dir/rosidl_typesupport_introspection_cpp/servo_service/srv/detail/servo_voltage__type_support.cpp.o[0m
[10.997s] [ 69%] [32mBuilding CXX object CMakeFiles/servo_service__rosidl_typesupport_cpp.dir/rosidl_typesupport_cpp/servo_service/srv/servo_deviation__type_support.cpp.o[0m
[11.247s] [ 70%] [32mBuilding CXX object CMakeFiles/servo_service__rosidl_typesupport_introspection_cpp.dir/rosidl_typesupport_introspection_cpp/servo_service/srv/detail/joint_position__type_support.cpp.o[0m
[11.385s] [ 70%] [32mBuilding CXX object CMakeFiles/servo_service__rosidl_typesupport_fastrtps_c.dir/rosidl_typesupport_fastrtps_c/servo_service/srv/detail/joint_lock__type_support_c.cpp.o[0m
[11.421s] [ 71%] [32mBuilding CXX object CMakeFiles/servo_service__rosidl_typesupport_fastrtps_c.dir/rosidl_typesupport_fastrtps_c/servo_service/srv/detail/servo_temp__type_support_c.cpp.o[0m
[11.603s] [ 71%] [32mBuilding CXX object CMakeFiles/servo_service__rosidl_typesupport_fastrtps_cpp.dir/rosidl_typesupport_fastrtps_cpp/servo_service/msg/detail/dds_fastrtps/set_posture__type_support.cpp.o[0m
[11.776s] [ 71%] [32mBuilding CXX object CMakeFiles/servo_service__rosidl_typesupport_introspection_cpp.dir/rosidl_typesupport_introspection_cpp/servo_service/srv/detail/joint_range__type_support.cpp.o[0m
[11.966s] [ 72%] [32mBuilding CXX object CMakeFiles/servo_service__rosidl_typesupport_cpp.dir/rosidl_typesupport_cpp/servo_service/srv/servo_voltage__type_support.cpp.o[0m
[11.997s] [ 73%] [32mBuilding CXX object CMakeFiles/servo_service__rosidl_typesupport_fastrtps_c.dir/rosidl_typesupport_fastrtps_c/servo_service/srv/detail/servo_deviation__type_support_c.cpp.o[0m
[12.150s] [ 74%] [32mBuilding CXX object CMakeFiles/servo_service__rosidl_typesupport_fastrtps_c.dir/rosidl_typesupport_fastrtps_c/servo_service/srv/detail/servo_voltage__type_support_c.cpp.o[0m
[12.441s] [ 74%] [32mBuilding CXX object CMakeFiles/servo_service__rosidl_typesupport_fastrtps_c.dir/rosidl_typesupport_fastrtps_c/servo_service/srv/detail/joint_position__type_support_c.cpp.o[0m
[12.488s] [ 75%] [32mBuilding CXX object CMakeFiles/servo_service__rosidl_typesupport_cpp.dir/rosidl_typesupport_cpp/servo_service/srv/joint_position__type_support.cpp.o[0m
[12.498s] [ 76%] [32mBuilding CXX object CMakeFiles/servo_service__rosidl_typesupport_fastrtps_cpp.dir/rosidl_typesupport_fastrtps_cpp/servo_service/srv/detail/dds_fastrtps/joint_lock__type_support.cpp.o[0m
[12.549s] [ 77%] [32mBuilding CXX object CMakeFiles/servo_service__rosidl_typesupport_fastrtps_c.dir/rosidl_typesupport_fastrtps_c/servo_service/srv/detail/joint_range__type_support_c.cpp.o[0m
[12.861s] [ 78%] [32m[1mLinking CXX shared library libservo_service__rosidl_typesupport_introspection_cpp.so[0m
[12.885s] [ 79%] [32mBuilding CXX object CMakeFiles/servo_service__rosidl_typesupport_fastrtps_cpp.dir/rosidl_typesupport_fastrtps_cpp/servo_service/srv/detail/dds_fastrtps/servo_temp__type_support.cpp.o[0m
[13.078s] [ 79%] Built target servo_service__rosidl_typesupport_introspection_cpp
[13.085s] [ 79%] [32mBuilding CXX object CMakeFiles/servo_service__rosidl_typesupport_cpp.dir/rosidl_typesupport_cpp/servo_service/srv/joint_range__type_support.cpp.o[0m
[13.099s] [ 80%] [32mBuilding CXX object CMakeFiles/servo_service__rosidl_typesupport_fastrtps_cpp.dir/rosidl_typesupport_fastrtps_cpp/servo_service/srv/detail/dds_fastrtps/servo_deviation__type_support.cpp.o[0m
[13.212s] [ 80%] [32mBuilding CXX object CMakeFiles/servo_service__rosidl_typesupport_fastrtps_cpp.dir/rosidl_typesupport_fastrtps_cpp/servo_service/srv/detail/dds_fastrtps/servo_voltage__type_support.cpp.o[0m
[13.293s] [ 81%] [32mBuilding CXX object CMakeFiles/servo_service__rosidl_typesupport_fastrtps_cpp.dir/rosidl_typesupport_fastrtps_cpp/servo_service/srv/detail/dds_fastrtps/joint_position__type_support.cpp.o[0m
[13.438s] [ 82%] [32mBuilding CXX object CMakeFiles/servo_service__rosidl_typesupport_fastrtps_cpp.dir/rosidl_typesupport_fastrtps_cpp/servo_service/srv/detail/dds_fastrtps/joint_range__type_support.cpp.o[0m
[13.492s] [ 83%] [32m[1mLinking CXX shared library libservo_service__rosidl_typesupport_fastrtps_c.so[0m
[13.677s] [ 83%] Built target servo_service__rosidl_typesupport_fastrtps_c
[13.919s] [ 84%] [32m[1mLinking CXX shared library libservo_service__rosidl_typesupport_cpp.so[0m
[14.115s] [ 84%] Built target servo_service__rosidl_typesupport_cpp
[14.425s] [ 85%] [32m[1mLinking CXX shared library libservo_service__rosidl_typesupport_fastrtps_cpp.so[0m
[14.545s] [ 85%] Built target servo_service__rosidl_typesupport_fastrtps_cpp
[14.576s] [ 85%] Built target servo_service
[14.606s] [ 86%] [34m[1mGenerating Python code for ROS interfaces[0m
[16.199s] [ 86%] Built target servo_service__py
[16.235s] [ 86%] [32mBuilding C object CMakeFiles/servo_service__rosidl_generator_py.dir/rosidl_generator_py/servo_service/msg/_set_joint_lock_s.c.o[0m
[16.235s] [ 88%] [32mBuilding C object CMakeFiles/servo_service__rosidl_generator_py.dir/rosidl_generator_py/servo_service/msg/_get_servo_positions_s.c.o[0m
[16.235s] [ 88%] [32mBuilding C object CMakeFiles/servo_service__rosidl_generator_py.dir/rosidl_generator_py/servo_service/msg/_set_posture_s.c.o[0m
[16.235s] [ 90%] [32mBuilding C object CMakeFiles/servo_service__rosidl_generator_py.dir/rosidl_generator_py/servo_service/msg/_change_servo_positions_s.c.o[0m
[16.235s] [ 90%] [32mBuilding C object CMakeFiles/servo_service__rosidl_generator_py.dir/rosidl_generator_py/servo_service/msg/_set_servo_positions_s.c.o[0m
[16.235s] [ 91%] [32mBuilding C object CMakeFiles/servo_service__rosidl_generator_py.dir/rosidl_generator_py/servo_service/srv/_joint_lock_s.c.o[0m
[16.236s] [ 92%] [32mBuilding C object CMakeFiles/servo_service__rosidl_generator_py.dir/rosidl_generator_py/servo_service/srv/_servo_deviation_s.c.o[0m
[16.236s] [ 92%] [32mBuilding C object CMakeFiles/servo_service__rosidl_generator_py.dir/rosidl_generator_py/servo_service/srv/_servo_temp_s.c.o[0m
[16.493s] [ 93%] [32mBuilding C object CMakeFiles/servo_service__rosidl_generator_py.dir/rosidl_generator_py/servo_service/srv/_servo_voltage_s.c.o[0m
[16.535s] [ 94%] [32mBuilding C object CMakeFiles/servo_service__rosidl_generator_py.dir/rosidl_generator_py/servo_service/srv/_joint_position_s.c.o[0m
[16.541s] [ 94%] [32mBuilding C object CMakeFiles/servo_service__rosidl_generator_py.dir/rosidl_generator_py/servo_service/srv/_joint_range_s.c.o[0m
[16.762s] [ 95%] [32m[1mLinking C shared library libservo_service__rosidl_generator_py.so[0m
[16.824s] [ 95%] Built target servo_service__rosidl_generator_py
[16.853s] [ 97%] [32mBuilding C object CMakeFiles/servo_service_s__rosidl_typesupport_fastrtps_c.dir/rosidl_generator_py/servo_service/_servo_service_s.ep.rosidl_typesupport_fastrtps_c.c.o[0m
[16.853s] [ 97%] [32mBuilding C object CMakeFiles/servo_service_s__rosidl_typesupport_c.dir/rosidl_generator_py/servo_service/_servo_service_s.ep.rosidl_typesupport_c.c.o[0m
[16.853s] [ 97%] [32mBuilding C object CMakeFiles/servo_service_s__rosidl_typesupport_introspection_c.dir/rosidl_generator_py/servo_service/_servo_service_s.ep.rosidl_typesupport_introspection_c.c.o[0m
[17.057s] [ 98%] [32m[1mLinking C shared module rosidl_generator_py/servo_service/servo_service_s__rosidl_typesupport_introspection_c.so[0m
[17.057s] [ 99%] [32m[1mLinking C shared module rosidl_generator_py/servo_service/servo_service_s__rosidl_typesupport_c.so[0m
[17.070s] [100%] [32m[1mLinking C shared module rosidl_generator_py/servo_service/servo_service_s__rosidl_typesupport_fastrtps_c.so[0m
[17.103s] [100%] Built target servo_service_s__rosidl_typesupport_c
[17.104s] [100%] Built target servo_service_s__rosidl_typesupport_introspection_c
[17.119s] [100%] Built target servo_service_s__rosidl_typesupport_fastrtps_c
[17.136s] Invoked command in '/workspaces/workspaces/Christiano_Roboto/ainex_project/build/servo_service' returned '0': CMAKE_PREFIX_PATH=${CMAKE_PREFIX_PATH}:/workspaces/workspaces/Christiano_Roboto/ainex_project/install/whole_body_control:/workspaces/workspaces/Christiano_Roboto/ainex_project/install/simulator:/workspaces/workspaces/Christiano_Roboto/ainex_project/install/ainex_motion:/workspaces/workspaces/Christiano_Roboto/ainex_project/install/ainex_vision:/opt/ros/rolling /usr/bin/cmake --build /workspaces/workspaces/Christiano_Roboto/ainex_project/build/servo_service -- -j8 -l8
[17.137s] Invoking command in '/workspaces/workspaces/Christiano_Roboto/ainex_project/build/servo_service': CMAKE_PREFIX_PATH=${CMAKE_PREFIX_PATH}:/workspaces/workspaces/Christiano_Roboto/ainex_project/install/whole_body_control:/workspaces/workspaces/Christiano_Roboto/ainex_project/install/simulator:/workspaces/workspaces/Christiano_Roboto/ainex_project/install/ainex_motion:/workspaces/workspaces/Christiano_Roboto/ainex_project/install/ainex_vision:/opt/ros/rolling /usr/bin/cmake --install /workspaces/workspaces/Christiano_Roboto/ainex_project/build/servo_service
[17.148s] -- Install configuration: ""
[17.149s] -- Execute custom install script
[17.149s] -- Symlinking: /workspaces/workspaces/Christiano_Roboto/ainex_project/install/servo_service/share/ament_index/resource_index/rosidl_interfaces/servo_service
[17.161s] -- Symlinking: /workspaces/workspaces/Christiano_Roboto/ainex_project/install/servo_service/share/servo_service/msg/ChangeServoPositions.json
[17.172s] -- Symlinking: /workspaces/workspaces/Christiano_Roboto/ainex_project/install/servo_service/share/servo_service/msg/SetServoPositions.json
[17.186s] -- Symlinking: /workspaces/workspaces/Christiano_Roboto/ainex_project/install/servo_service/share/servo_service/msg/SetJointLock.json
[17.198s] -- Symlinking: /workspaces/workspaces/Christiano_Roboto/ainex_project/install/servo_service/share/servo_service/msg/GetServoPositions.json
[17.210s] -- Symlinking: /workspaces/workspaces/Christiano_Roboto/ainex_project/install/servo_service/share/servo_service/msg/SetPosture.json
[17.221s] -- Symlinking: /workspaces/workspaces/Christiano_Roboto/ainex_project/install/servo_service/share/servo_service/srv/JointLock.json
[17.233s] -- Symlinking: /workspaces/workspaces/Christiano_Roboto/ainex_project/install/servo_service/share/servo_service/srv/ServoTemp.json
[17.245s] -- Symlinking: /workspaces/workspaces/Christiano_Roboto/ainex_project/install/servo_service/share/servo_service/srv/ServoDeviation.json
[17.257s] -- Symlinking: /workspaces/workspaces/Christiano_Roboto/ainex_project/install/servo_service/share/servo_service/srv/ServoVoltage.json
[17.269s] -- Symlinking: /workspaces/workspaces/Christiano_Roboto/ainex_project/install/servo_service/share/servo_service/srv/JointPosition.json
[17.283s] -- Symlinking: /workspaces/workspaces/Christiano_Roboto/ainex_project/install/servo_service/share/servo_service/srv/JointRange.json
[17.296s] -- Symlinking: /workspaces/workspaces/Christiano_Roboto/ainex_project/install/servo_service/include/servo_service/servo_service/msg/change_servo_positions.h
[17.309s] -- Symlinking: /workspaces/workspaces/Christiano_Roboto/ainex_project/install/servo_service/include/servo_service/servo_service/msg/detail/change_servo_positions__functions.h
[17.320s] -- Symlinking: /workspaces/workspaces/Christiano_Roboto/ainex_project/install/servo_service/include/servo_service/servo_service/msg/detail/change_servo_positions__struct.h
[17.333s] -- Symlinking: /workspaces/workspaces/Christiano_Roboto/ainex_project/install/servo_service/include/servo_service/servo_service/msg/detail/change_servo_positions__type_support.h
[17.344s] -- Symlinking: /workspaces/workspaces/Christiano_Roboto/ainex_project/install/servo_service/include/servo_service/servo_service/msg/detail/get_servo_positions__functions.h
[17.355s] -- Symlinking: /workspaces/workspaces/Christiano_Roboto/ainex_project/install/servo_service/include/servo_service/servo_service/msg/detail/get_servo_positions__struct.h
[17.367s] -- Symlinking: /workspaces/workspaces/Christiano_Roboto/ainex_project/install/servo_service/include/servo_service/servo_service/msg/detail/get_servo_positions__type_support.h
[17.381s] -- Symlinking: /workspaces/workspaces/Christiano_Roboto/ainex_project/install/servo_service/include/servo_service/servo_service/msg/detail/set_joint_lock__functions.h
[17.393s] -- Symlinking: /workspaces/workspaces/Christiano_Roboto/ainex_project/install/servo_service/include/servo_service/servo_service/msg/detail/set_joint_lock__struct.h
[17.405s] -- Symlinking: /workspaces/workspaces/Christiano_Roboto/ainex_project/install/servo_service/include/servo_service/servo_service/msg/detail/set_joint_lock__type_support.h
[17.417s] -- Symlinking: /workspaces/workspaces/Christiano_Roboto/ainex_project/install/servo_service/include/servo_service/servo_service/msg/detail/set_posture__functions.h
[17.429s] -- Symlinking: /workspaces/workspaces/Christiano_Roboto/ainex_project/install/servo_service/include/servo_service/servo_service/msg/detail/set_posture__struct.h
[17.440s] -- Symlinking: /workspaces/workspaces/Christiano_Roboto/ainex_project/install/servo_service/include/servo_service/servo_service/msg/detail/set_posture__type_support.h
[17.452s] -- Symlinking: /workspaces/workspaces/Christiano_Roboto/ainex_project/install/servo_service/include/servo_service/servo_service/msg/detail/set_servo_positions__functions.h
[17.463s] -- Symlinking: /workspaces/workspaces/Christiano_Roboto/ainex_project/install/servo_service/include/servo_service/servo_service/msg/detail/set_servo_positions__struct.h
[17.477s] -- Symlinking: /workspaces/workspaces/Christiano_Roboto/ainex_project/install/servo_service/include/servo_service/servo_service/msg/detail/set_servo_positions__type_support.h
[17.491s] -- Symlinking: /workspaces/workspaces/Christiano_Roboto/ainex_project/install/servo_service/include/servo_service/servo_service/msg/get_servo_positions.h
[17.503s] -- Symlinking: /workspaces/workspaces/Christiano_Roboto/ainex_project/install/servo_service/include/servo_service/servo_service/msg/rosidl_generator_c__visibility_control.h
[17.515s] -- Symlinking: /workspaces/workspaces/Christiano_Roboto/ainex_project/install/servo_service/include/servo_service/servo_service/msg/set_joint_lock.h
[17.526s] -- Symlinking: /workspaces/workspaces/Christiano_Roboto/ainex_project/install/servo_service/include/servo_service/servo_service/msg/set_posture.h
[17.538s] -- Symlinking: /workspaces/workspaces/Christiano_Roboto/ainex_project/install/servo_service/include/servo_service/servo_service/msg/set_servo_positions.h
[17.550s] -- Symlinking: /workspaces/workspaces/Christiano_Roboto/ainex_project/install/servo_service/include/servo_service/servo_service/srv/detail/joint_lock__functions.h
[17.561s] -- Symlinking: /workspaces/workspaces/Christiano_Roboto/ainex_project/install/servo_service/include/servo_service/servo_service/srv/detail/joint_lock__struct.h
[17.573s] -- Symlinking: /workspaces/workspaces/Christiano_Roboto/ainex_project/install/servo_service/include/servo_service/servo_service/srv/detail/joint_lock__type_support.h
[17.587s] -- Symlinking: /workspaces/workspaces/Christiano_Roboto/ainex_project/install/servo_service/include/servo_service/servo_service/srv/detail/joint_position__functions.h
[17.599s] -- Symlinking: /workspaces/workspaces/Christiano_Roboto/ainex_project/install/servo_service/include/servo_service/servo_service/srv/detail/joint_position__struct.h
[17.610s] -- Symlinking: /workspaces/workspaces/Christiano_Roboto/ainex_project/install/servo_service/include/servo_service/servo_service/srv/detail/joint_position__type_support.h
[17.622s] -- Symlinking: /workspaces/workspaces/Christiano_Roboto/ainex_project/install/servo_service/include/servo_service/servo_service/srv/detail/joint_range__functions.h
[17.636s] -- Symlinking: /workspaces/workspaces/Christiano_Roboto/ainex_project/install/servo_service/include/servo_service/servo_service/srv/detail/joint_range__struct.h
[17.647s] -- Symlinking: /workspaces/workspaces/Christiano_Roboto/ainex_project/install/servo_service/include/servo_service/servo_service/srv/detail/joint_range__type_support.h
[17.658s] -- Symlinking: /workspaces/workspaces/Christiano_Roboto/ainex_project/install/servo_service/include/servo_service/servo_service/srv/detail/servo_deviation__functions.h
[17.670s] -- Symlinking: /workspaces/workspaces/Christiano_Roboto/ainex_project/install/servo_service/include/servo_service/servo_service/srv/detail/servo_deviation__struct.h
[17.684s] -- Symlinking: /workspaces/workspaces/Christiano_Roboto/ainex_project/install/servo_service/include/servo_service/servo_service/srv/detail/servo_deviation__type_support.h
[17.696s] -- Symlinking: /workspaces/workspaces/Christiano_Roboto/ainex_project/install/servo_service/include/servo_service/servo_service/srv/detail/servo_temp__functions.h
[17.708s] -- Symlinking: /workspaces/workspaces/Christiano_Roboto/ainex_project/install/servo_service/include/servo_service/servo_service/srv/detail/servo_temp__struct.h
[17.719s] -- Symlinking: /workspaces/workspaces/Christiano_Roboto/ainex_project/install/servo_service/include/servo_service/servo_service/srv/detail/servo_temp__type_support.h
[17.732s] -- Symlinking: /workspaces/workspaces/Christiano_Roboto/ainex_project/install/servo_service/include/servo_service/servo_service/srv/detail/servo_voltage__functions.h
[17.744s] -- Symlinking: /workspaces/workspaces/Christiano_Roboto/ainex_project/install/servo_service/include/servo_service/servo_service/srv/detail/servo_voltage__struct.h
[17.756s] -- Symlinking: /workspaces/workspaces/Christiano_Roboto/ainex_project/install/servo_service/include/servo_service/servo_service/srv/detail/servo_voltage__type_support.h
[17.767s] -- Symlinking: /workspaces/workspaces/Christiano_Roboto/ainex_project/install/servo_service/include/servo_service/servo_service/srv/joint_lock.h
[17.781s] -- Symlinking: /workspaces/workspaces/Christiano_Roboto/ainex_project/install/servo_service/include/servo_service/servo_service/srv/joint_position.h
[17.794s] -- Symlinking: /workspaces/workspaces/Christiano_Roboto/ainex_project/install/servo_service/include/servo_service/servo_service/srv/joint_range.h
[17.806s] -- Symlinking: /workspaces/workspaces/Christiano_Roboto/ainex_project/install/servo_service/include/servo_service/servo_service/srv/servo_deviation.h
[17.817s] -- Symlinking: /workspaces/workspaces/Christiano_Roboto/ainex_project/install/servo_service/include/servo_service/servo_service/srv/servo_temp.h
[17.829s] -- Symlinking: /workspaces/workspaces/Christiano_Roboto/ainex_project/install/servo_service/include/servo_service/servo_service/srv/servo_voltage.h
[17.841s] -- Symlinking: /workspaces/workspaces/Christiano_Roboto/ainex_project/install/servo_service/share/servo_service/environment/library_path.sh
[17.853s] -- Symlinking: /workspaces/workspaces/Christiano_Roboto/ainex_project/install/servo_service/share/servo_service/environment/library_path.dsv
[17.865s] -- Symlinking: /workspaces/workspaces/Christiano_Roboto/ainex_project/install/servo_service/include/servo_service/servo_service/msg/detail/change_servo_positions__rosidl_typesupport_fastrtps_c.h
[17.877s] -- Symlinking: /workspaces/workspaces/Christiano_Roboto/ainex_project/install/servo_service/include/servo_service/servo_service/msg/detail/get_servo_positions__rosidl_typesupport_fastrtps_c.h
[17.891s] -- Symlinking: /workspaces/workspaces/Christiano_Roboto/ainex_project/install/servo_service/include/servo_service/servo_service/msg/detail/set_joint_lock__rosidl_typesupport_fastrtps_c.h
[17.903s] -- Symlinking: /workspaces/workspaces/Christiano_Roboto/ainex_project/install/servo_service/include/servo_service/servo_service/msg/detail/set_posture__rosidl_typesupport_fastrtps_c.h
[17.914s] -- Symlinking: /workspaces/workspaces/Christiano_Roboto/ainex_project/install/servo_service/include/servo_service/servo_service/msg/detail/set_servo_positions__rosidl_typesupport_fastrtps_c.h
[17.925s] -- Symlinking: /workspaces/workspaces/Christiano_Roboto/ainex_project/install/servo_service/include/servo_service/servo_service/msg/rosidl_typesupport_fastrtps_c__visibility_control.h
[17.938s] -- Symlinking: /workspaces/workspaces/Christiano_Roboto/ainex_project/install/servo_service/include/servo_service/servo_service/srv/detail/joint_lock__rosidl_typesupport_fastrtps_c.h
[17.949s] -- Symlinking: /workspaces/workspaces/Christiano_Roboto/ainex_project/install/servo_service/include/servo_service/servo_service/srv/detail/joint_position__rosidl_typesupport_fastrtps_c.h
[17.961s] -- Symlinking: /workspaces/workspaces/Christiano_Roboto/ainex_project/install/servo_service/include/servo_service/servo_service/srv/detail/joint_range__rosidl_typesupport_fastrtps_c.h
[17.972s] -- Symlinking: /workspaces/workspaces/Christiano_Roboto/ainex_project/install/servo_service/include/servo_service/servo_service/srv/detail/servo_deviation__rosidl_typesupport_fastrtps_c.h
[17.987s] -- Symlinking: /workspaces/workspaces/Christiano_Roboto/ainex_project/install/servo_service/include/servo_service/servo_service/srv/detail/servo_temp__rosidl_typesupport_fastrtps_c.h
[18.001s] -- Symlinking: /workspaces/workspaces/Christiano_Roboto/ainex_project/install/servo_service/include/servo_service/servo_service/srv/detail/servo_voltage__rosidl_typesupport_fastrtps_c.h
[18.016s] -- Symlinking: /workspaces/workspaces/Christiano_Roboto/ainex_project/install/servo_service/include/servo_service/servo_service/msg/change_servo_positions.hpp
[18.028s] -- Symlinking: /workspaces/workspaces/Christiano_Roboto/ainex_project/install/servo_service/include/servo_service/servo_service/msg/detail/change_servo_positions__builder.hpp
[18.041s] -- Symlinking: /workspaces/workspaces/Christiano_Roboto/ainex_project/install/servo_service/include/servo_service/servo_service/msg/detail/change_servo_positions__struct.hpp
[18.054s] -- Symlinking: /workspaces/workspaces/Christiano_Roboto/ainex_project/install/servo_service/include/servo_service/servo_service/msg/detail/change_servo_positions__traits.hpp
[18.066s] -- Symlinking: /workspaces/workspaces/Christiano_Roboto/ainex_project/install/servo_service/include/servo_service/servo_service/msg/detail/change_servo_positions__type_support.hpp
[18.079s] -- Symlinking: /workspaces/workspaces/Christiano_Roboto/ainex_project/install/servo_service/include/servo_service/servo_service/msg/detail/get_servo_positions__builder.hpp
[18.092s] -- Symlinking: /workspaces/workspaces/Christiano_Roboto/ainex_project/install/servo_service/include/servo_service/servo_service/msg/detail/get_servo_positions__struct.hpp
[18.108s] -- Symlinking: /workspaces/workspaces/Christiano_Roboto/ainex_project/install/servo_service/include/servo_service/servo_service/msg/detail/get_servo_positions__traits.hpp
[18.121s] -- Symlinking: /workspaces/workspaces/Christiano_Roboto/ainex_project/install/servo_service/include/servo_service/servo_service/msg/detail/get_servo_positions__type_support.hpp
[18.134s] -- Symlinking: /workspaces/workspaces/Christiano_Roboto/ainex_project/install/servo_service/include/servo_service/servo_service/msg/detail/set_joint_lock__builder.hpp
[18.146s] -- Symlinking: /workspaces/workspaces/Christiano_Roboto/ainex_project/install/servo_service/include/servo_service/servo_service/msg/detail/set_joint_lock__struct.hpp
[18.158s] -- Symlinking: /workspaces/workspaces/Christiano_Roboto/ainex_project/install/servo_service/include/servo_service/servo_service/msg/detail/set_joint_lock__traits.hpp
[18.170s] -- Symlinking: /workspaces/workspaces/Christiano_Roboto/ainex_project/install/servo_service/include/servo_service/servo_service/msg/detail/set_joint_lock__type_support.hpp
[18.184s] -- Symlinking: /workspaces/workspaces/Christiano_Roboto/ainex_project/install/servo_service/include/servo_service/servo_service/msg/detail/set_posture__builder.hpp
[18.195s] -- Symlinking: /workspaces/workspaces/Christiano_Roboto/ainex_project/install/servo_service/include/servo_service/servo_service/msg/detail/set_posture__struct.hpp
[18.208s] -- Symlinking: /workspaces/workspaces/Christiano_Roboto/ainex_project/install/servo_service/include/servo_service/servo_service/msg/detail/set_posture__traits.hpp
[18.220s] -- Symlinking: /workspaces/workspaces/Christiano_Roboto/ainex_project/install/servo_service/include/servo_service/servo_service/msg/detail/set_posture__type_support.hpp
[18.232s] -- Symlinking: /workspaces/workspaces/Christiano_Roboto/ainex_project/install/servo_service/include/servo_service/servo_service/msg/detail/set_servo_positions__builder.hpp
[18.244s] -- Symlinking: /workspaces/workspaces/Christiano_Roboto/ainex_project/install/servo_service/include/servo_service/servo_service/msg/detail/set_servo_positions__struct.hpp
[18.256s] -- Symlinking: /workspaces/workspaces/Christiano_Roboto/ainex_project/install/servo_service/include/servo_service/servo_service/msg/detail/set_servo_positions__traits.hpp
[18.268s] -- Symlinking: /workspaces/workspaces/Christiano_Roboto/ainex_project/install/servo_service/include/servo_service/servo_service/msg/detail/set_servo_positions__type_support.hpp
[18.281s] -- Symlinking: /workspaces/workspaces/Christiano_Roboto/ainex_project/install/servo_service/include/servo_service/servo_service/msg/get_servo_positions.hpp
[18.293s] -- Symlinking: /workspaces/workspaces/Christiano_Roboto/ainex_project/install/servo_service/include/servo_service/servo_service/msg/rosidl_generator_cpp__visibility_control.hpp
[18.305s] -- Symlinking: /workspaces/workspaces/Christiano_Roboto/ainex_project/install/servo_service/include/servo_service/servo_service/msg/set_joint_lock.hpp
[18.317s] -- Symlinking: /workspaces/workspaces/Christiano_Roboto/ainex_project/install/servo_service/include/servo_service/servo_service/msg/set_posture.hpp
[18.329s] -- Symlinking: /workspaces/workspaces/Christiano_Roboto/ainex_project/install/servo_service/include/servo_service/servo_service/msg/set_servo_positions.hpp
[18.341s] -- Symlinking: /workspaces/workspaces/Christiano_Roboto/ainex_project/install/servo_service/include/servo_service/servo_service/srv/detail/joint_lock__builder.hpp
[18.353s] -- Symlinking: /workspaces/workspaces/Christiano_Roboto/ainex_project/install/servo_service/include/servo_service/servo_service/srv/detail/joint_lock__struct.hpp
[18.364s] -- Symlinking: /workspaces/workspaces/Christiano_Roboto/ainex_project/install/servo_service/include/servo_service/servo_service/srv/detail/joint_lock__traits.hpp
[18.377s] -- Symlinking: /workspaces/workspaces/Christiano_Roboto/ainex_project/install/servo_service/include/servo_service/servo_service/srv/detail/joint_lock__type_support.hpp
[18.390s] -- Symlinking: /workspaces/workspaces/Christiano_Roboto/ainex_project/install/servo_service/include/servo_service/servo_service/srv/detail/joint_position__builder.hpp
[18.402s] -- Symlinking: /workspaces/workspaces/Christiano_Roboto/ainex_project/install/servo_service/include/servo_service/servo_service/srv/detail/joint_position__struct.hpp
[18.413s] -- Symlinking: /workspaces/workspaces/Christiano_Roboto/ainex_project/install/servo_service/include/servo_service/servo_service/srv/detail/joint_position__traits.hpp
[18.424s] -- Symlinking: /workspaces/workspaces/Christiano_Roboto/ainex_project/install/servo_service/include/servo_service/servo_service/srv/detail/joint_position__type_support.hpp
[18.437s] -- Symlinking: /workspaces/workspaces/Christiano_Roboto/ainex_project/install/servo_service/include/servo_service/servo_service/srv/detail/joint_range__builder.hpp
[18.448s] -- Symlinking: /workspaces/workspaces/Christiano_Roboto/ainex_project/install/servo_service/include/servo_service/servo_service/srv/detail/joint_range__struct.hpp
[18.459s] -- Symlinking: /workspaces/workspaces/Christiano_Roboto/ainex_project/install/servo_service/include/servo_service/servo_service/srv/detail/joint_range__traits.hpp
[18.470s] -- Symlinking: /workspaces/workspaces/Christiano_Roboto/ainex_project/install/servo_service/include/servo_service/servo_service/srv/detail/joint_range__type_support.hpp
[18.485s] -- Symlinking: /workspaces/workspaces/Christiano_Roboto/ainex_project/install/servo_service/include/servo_service/servo_service/srv/detail/servo_deviation__builder.hpp
[18.496s] -- Symlinking: /workspaces/workspaces/Christiano_Roboto/ainex_project/install/servo_service/include/servo_service/servo_service/srv/detail/servo_deviation__struct.hpp
[18.510s] -- Symlinking: /workspaces/workspaces/Christiano_Roboto/ainex_project/install/servo_service/include/servo_service/servo_service/srv/detail/servo_deviation__traits.hpp
[18.522s] -- Symlinking: /workspaces/workspaces/Christiano_Roboto/ainex_project/install/servo_service/include/servo_service/servo_service/srv/detail/servo_deviation__type_support.hpp
[18.533s] -- Symlinking: /workspaces/workspaces/Christiano_Roboto/ainex_project/install/servo_service/include/servo_service/servo_service/srv/detail/servo_temp__builder.hpp
[18.545s] -- Symlinking: /workspaces/workspaces/Christiano_Roboto/ainex_project/install/servo_service/include/servo_service/servo_service/srv/detail/servo_temp__struct.hpp
[18.556s] -- Symlinking: /workspaces/workspaces/Christiano_Roboto/ainex_project/install/servo_service/include/servo_service/servo_service/srv/detail/servo_temp__traits.hpp
[18.568s] -- Symlinking: /workspaces/workspaces/Christiano_Roboto/ainex_project/install/servo_service/include/servo_service/servo_service/srv/detail/servo_temp__type_support.hpp
[18.581s] -- Symlinking: /workspaces/workspaces/Christiano_Roboto/ainex_project/install/servo_service/include/servo_service/servo_service/srv/detail/servo_voltage__builder.hpp
[18.593s] -- Symlinking: /workspaces/workspaces/Christiano_Roboto/ainex_project/install/servo_service/include/servo_service/servo_service/srv/detail/servo_voltage__struct.hpp
[18.605s] -- Symlinking: /workspaces/workspaces/Christiano_Roboto/ainex_project/install/servo_service/include/servo_service/servo_service/srv/detail/servo_voltage__traits.hpp
[18.617s] -- Symlinking: /workspaces/workspaces/Christiano_Roboto/ainex_project/install/servo_service/include/servo_service/servo_service/srv/detail/servo_voltage__type_support.hpp
[18.629s] -- Symlinking: /workspaces/workspaces/Christiano_Roboto/ainex_project/install/servo_service/include/servo_service/servo_service/srv/joint_lock.hpp
[18.640s] -- Symlinking: /workspaces/workspaces/Christiano_Roboto/ainex_project/install/servo_service/include/servo_service/servo_service/srv/joint_position.hpp
[18.652s] -- Symlinking: /workspaces/workspaces/Christiano_Roboto/ainex_project/install/servo_service/include/servo_service/servo_service/srv/joint_range.hpp
[18.663s] -- Symlinking: /workspaces/workspaces/Christiano_Roboto/ainex_project/install/servo_service/include/servo_service/servo_service/srv/servo_deviation.hpp
[18.675s] -- Symlinking: /workspaces/workspaces/Christiano_Roboto/ainex_project/install/servo_service/include/servo_service/servo_service/srv/servo_temp.hpp
[18.688s] -- Symlinking: /workspaces/workspaces/Christiano_Roboto/ainex_project/install/servo_service/include/servo_service/servo_service/srv/servo_voltage.hpp
[18.701s] -- Symlinking: /workspaces/workspaces/Christiano_Roboto/ainex_project/install/servo_service/include/servo_service/servo_service/msg/detail/change_servo_positions__rosidl_typesupport_fastrtps_cpp.hpp
[18.712s] -- Symlinking: /workspaces/workspaces/Christiano_Roboto/ainex_project/install/servo_service/include/servo_service/servo_service/msg/detail/get_servo_positions__rosidl_typesupport_fastrtps_cpp.hpp
[18.724s] -- Symlinking: /workspaces/workspaces/Christiano_Roboto/ainex_project/install/servo_service/include/servo_service/servo_service/msg/detail/set_joint_lock__rosidl_typesupport_fastrtps_cpp.hpp
[18.736s] -- Symlinking: /workspaces/workspaces/Christiano_Roboto/ainex_project/install/servo_service/include/servo_service/servo_service/msg/detail/set_posture__rosidl_typesupport_fastrtps_cpp.hpp
[18.747s] -- Symlinking: /workspaces/workspaces/Christiano_Roboto/ainex_project/install/servo_service/include/servo_service/servo_service/msg/detail/set_servo_positions__rosidl_typesupport_fastrtps_cpp.hpp
[18.759s] -- Symlinking: /workspaces/workspaces/Christiano_Roboto/ainex_project/install/servo_service/include/servo_service/servo_service/msg/rosidl_typesupport_fastrtps_cpp__visibility_control.h
[18.771s] -- Symlinking: /workspaces/workspaces/Christiano_Roboto/ainex_project/install/servo_service/include/servo_service/servo_service/srv/detail/joint_lock__rosidl_typesupport_fastrtps_cpp.hpp
[18.785s] -- Symlinking: /workspaces/workspaces/Christiano_Roboto/ainex_project/install/servo_service/include/servo_service/servo_service/srv/detail/joint_position__rosidl_typesupport_fastrtps_cpp.hpp
[18.796s] -- Symlinking: /workspaces/workspaces/Christiano_Roboto/ainex_project/install/servo_service/include/servo_service/servo_service/srv/detail/joint_range__rosidl_typesupport_fastrtps_cpp.hpp
[18.808s] -- Symlinking: /workspaces/workspaces/Christiano_Roboto/ainex_project/install/servo_service/include/servo_service/servo_service/srv/detail/servo_deviation__rosidl_typesupport_fastrtps_cpp.hpp
[18.820s] -- Symlinking: /workspaces/workspaces/Christiano_Roboto/ainex_project/install/servo_service/include/servo_service/servo_service/srv/detail/servo_temp__rosidl_typesupport_fastrtps_cpp.hpp
[18.833s] -- Symlinking: /workspaces/workspaces/Christiano_Roboto/ainex_project/install/servo_service/include/servo_service/servo_service/srv/detail/servo_voltage__rosidl_typesupport_fastrtps_cpp.hpp
[18.845s] -- Symlinking: /workspaces/workspaces/Christiano_Roboto/ainex_project/install/servo_service/include/servo_service/servo_service/msg/detail/change_servo_positions__rosidl_typesupport_introspection_c.h
[18.857s] -- Symlinking: /workspaces/workspaces/Christiano_Roboto/ainex_project/install/servo_service/include/servo_service/servo_service/msg/detail/get_servo_positions__rosidl_typesupport_introspection_c.h
[18.868s] -- Symlinking: /workspaces/workspaces/Christiano_Roboto/ainex_project/install/servo_service/include/servo_service/servo_service/msg/detail/set_joint_lock__rosidl_typesupport_introspection_c.h
[18.881s] -- Symlinking: /workspaces/workspaces/Christiano_Roboto/ainex_project/install/servo_service/include/servo_service/servo_service/msg/detail/set_posture__rosidl_typesupport_introspection_c.h
[18.894s] -- Symlinking: /workspaces/workspaces/Christiano_Roboto/ainex_project/install/servo_service/include/servo_service/servo_service/msg/detail/set_servo_positions__rosidl_typesupport_introspection_c.h
[18.905s] -- Symlinking: /workspaces/workspaces/Christiano_Roboto/ainex_project/install/servo_service/include/servo_service/servo_service/msg/rosidl_typesupport_introspection_c__visibility_control.h
[18.917s] -- Symlinking: /workspaces/workspaces/Christiano_Roboto/ainex_project/install/servo_service/include/servo_service/servo_service/srv/detail/joint_lock__rosidl_typesupport_introspection_c.h
[18.929s] -- Symlinking: /workspaces/workspaces/Christiano_Roboto/ainex_project/install/servo_service/include/servo_service/servo_service/srv/detail/joint_position__rosidl_typesupport_introspection_c.h
[18.941s] -- Symlinking: /workspaces/workspaces/Christiano_Roboto/ainex_project/install/servo_service/include/servo_service/servo_service/srv/detail/joint_range__rosidl_typesupport_introspection_c.h
[18.953s] -- Symlinking: /workspaces/workspaces/Christiano_Roboto/ainex_project/install/servo_service/include/servo_service/servo_service/srv/detail/servo_deviation__rosidl_typesupport_introspection_c.h
[18.964s] -- Symlinking: /workspaces/workspaces/Christiano_Roboto/ainex_project/install/servo_service/include/servo_service/servo_service/srv/detail/servo_temp__rosidl_typesupport_introspection_c.h
[18.977s] -- Symlinking: /workspaces/workspaces/Christiano_Roboto/ainex_project/install/servo_service/include/servo_service/servo_service/srv/detail/servo_voltage__rosidl_typesupport_introspection_c.h
[18.991s] -- Symlinking: /workspaces/workspaces/Christiano_Roboto/ainex_project/install/servo_service/include/servo_service/servo_service/msg/detail/change_servo_positions__rosidl_typesupport_introspection_cpp.hpp
[19.002s] -- Symlinking: /workspaces/workspaces/Christiano_Roboto/ainex_project/install/servo_service/include/servo_service/servo_service/msg/detail/get_servo_positions__rosidl_typesupport_introspection_cpp.hpp
[19.015s] -- Symlinking: /workspaces/workspaces/Christiano_Roboto/ainex_project/install/servo_service/include/servo_service/servo_service/msg/detail/set_joint_lock__rosidl_typesupport_introspection_cpp.hpp
[19.027s] -- Symlinking: /workspaces/workspaces/Christiano_Roboto/ainex_project/install/servo_service/include/servo_service/servo_service/msg/detail/set_posture__rosidl_typesupport_introspection_cpp.hpp
[19.038s] -- Symlinking: /workspaces/workspaces/Christiano_Roboto/ainex_project/install/servo_service/include/servo_service/servo_service/msg/detail/set_servo_positions__rosidl_typesupport_introspection_cpp.hpp
[19.049s] -- Symlinking: /workspaces/workspaces/Christiano_Roboto/ainex_project/install/servo_service/include/servo_service/servo_service/srv/detail/joint_lock__rosidl_typesupport_introspection_cpp.hpp
[19.061s] -- Symlinking: /workspaces/workspaces/Christiano_Roboto/ainex_project/install/servo_service/include/servo_service/servo_service/srv/detail/joint_position__rosidl_typesupport_introspection_cpp.hpp
[19.072s] -- Symlinking: /workspaces/workspaces/Christiano_Roboto/ainex_project/install/servo_service/include/servo_service/servo_service/srv/detail/joint_range__rosidl_typesupport_introspection_cpp.hpp
[19.086s] -- Symlinking: /workspaces/workspaces/Christiano_Roboto/ainex_project/install/servo_service/include/servo_service/servo_service/srv/detail/servo_deviation__rosidl_typesupport_introspection_cpp.hpp
[19.098s] -- Symlinking: /workspaces/workspaces/Christiano_Roboto/ainex_project/install/servo_service/include/servo_service/servo_service/srv/detail/servo_temp__rosidl_typesupport_introspection_cpp.hpp
[19.109s] -- Symlinking: /workspaces/workspaces/Christiano_Roboto/ainex_project/install/servo_service/include/servo_service/servo_service/srv/detail/servo_voltage__rosidl_typesupport_introspection_cpp.hpp
[19.121s] -- Symlinking: /workspaces/workspaces/Christiano_Roboto/ainex_project/install/servo_service/share/servo_service/environment/pythonpath.sh
[19.133s] -- Symlinking: /workspaces/workspaces/Christiano_Roboto/ainex_project/install/servo_service/share/servo_service/environment/pythonpath.dsv
[19.145s] -- Symlinking: /workspaces/workspaces/Christiano_Roboto/ainex_project/install/servo_service/lib/python3.12/site-packages/servo_service-0.0.0-py3.12.egg-info/PKG-INFO
[19.157s] -- Symlinking: /workspaces/workspaces/Christiano_Roboto/ainex_project/install/servo_service/lib/python3.12/site-packages/servo_service-0.0.0-py3.12.egg-info/SOURCES.txt
[19.168s] -- Symlinking: /workspaces/workspaces/Christiano_Roboto/ainex_project/install/servo_service/lib/python3.12/site-packages/servo_service-0.0.0-py3.12.egg-info/dependency_links.txt
[19.182s] -- Symlinking: /workspaces/workspaces/Christiano_Roboto/ainex_project/install/servo_service/lib/python3.12/site-packages/servo_service-0.0.0-py3.12.egg-info/top_level.txt
[19.195s] -- Symlinking: /workspaces/workspaces/Christiano_Roboto/ainex_project/install/servo_service/lib/python3.12/site-packages/servo_service/__init__.py
[19.207s] -- Symlinking: /workspaces/workspaces/Christiano_Roboto/ainex_project/install/servo_service/lib/python3.12/site-packages/servo_service/_servo_service_s.ep.rosidl_typesupport_c.c
[19.218s] -- Symlinking: /workspaces/workspaces/Christiano_Roboto/ainex_project/install/servo_service/lib/python3.12/site-packages/servo_service/_servo_service_s.ep.rosidl_typesupport_fastrtps_c.c
[19.231s] -- Symlinking: /workspaces/workspaces/Christiano_Roboto/ainex_project/install/servo_service/lib/python3.12/site-packages/servo_service/_servo_service_s.ep.rosidl_typesupport_introspection_c.c
[19.242s] -- Symlinking: /workspaces/workspaces/Christiano_Roboto/ainex_project/install/servo_service/lib/python3.12/site-packages/servo_service/msg/__init__.py
[19.253s] -- Symlinking: /workspaces/workspaces/Christiano_Roboto/ainex_project/install/servo_service/lib/python3.12/site-packages/servo_service/msg/_change_servo_positions.py
[19.265s] -- Symlinking: /workspaces/workspaces/Christiano_Roboto/ainex_project/install/servo_service/lib/python3.12/site-packages/servo_service/msg/_change_servo_positions_s.c
[19.279s] -- Symlinking: /workspaces/workspaces/Christiano_Roboto/ainex_project/install/servo_service/lib/python3.12/site-packages/servo_service/msg/_get_servo_positions.py
[19.291s] -- Symlinking: /workspaces/workspaces/Christiano_Roboto/ainex_project/install/servo_service/lib/python3.12/site-packages/servo_service/msg/_get_servo_positions_s.c
[19.303s] -- Symlinking: /workspaces/workspaces/Christiano_Roboto/ainex_project/install/servo_service/lib/python3.12/site-packages/servo_service/msg/_set_joint_lock.py
[19.315s] -- Symlinking: /workspaces/workspaces/Christiano_Roboto/ainex_project/install/servo_service/lib/python3.12/site-packages/servo_service/msg/_set_joint_lock_s.c
[19.327s] -- Symlinking: /workspaces/workspaces/Christiano_Roboto/ainex_project/install/servo_service/lib/python3.12/site-packages/servo_service/msg/_set_posture.py
[19.339s] -- Symlinking: /workspaces/workspaces/Christiano_Roboto/ainex_project/install/servo_service/lib/python3.12/site-packages/servo_service/msg/_set_posture_s.c
[19.350s] -- Symlinking: /workspaces/workspaces/Christiano_Roboto/ainex_project/install/servo_service/lib/python3.12/site-packages/servo_service/msg/_set_servo_positions.py
[19.361s] -- Symlinking: /workspaces/workspaces/Christiano_Roboto/ainex_project/install/servo_service/lib/python3.12/site-packages/servo_service/msg/_set_servo_positions_s.c
[19.373s] -- Symlinking: /workspaces/workspaces/Christiano_Roboto/ainex_project/install/servo_service/lib/python3.12/site-packages/servo_service/servo_service_s__rosidl_typesupport_c.so
[19.387s] -- Symlinking: /workspaces/workspaces/Christiano_Roboto/ainex_project/install/servo_service/lib/python3.12/site-packages/servo_service/servo_service_s__rosidl_typesupport_fastrtps_c.so
[19.399s] -- Symlinking: /workspaces/workspaces/Christiano_Roboto/ainex_project/install/servo_service/lib/python3.12/site-packages/servo_service/servo_service_s__rosidl_typesupport_introspection_c.so
[19.410s] -- Symlinking: /workspaces/workspaces/Christiano_Roboto/ainex_project/install/servo_service/lib/python3.12/site-packages/servo_service/srv/__init__.py
[19.422s] -- Symlinking: /workspaces/workspaces/Christiano_Roboto/ainex_project/install/servo_service/lib/python3.12/site-packages/servo_service/srv/_joint_lock.py
[19.434s] -- Symlinking: /workspaces/workspaces/Christiano_Roboto/ainex_project/install/servo_service/lib/python3.12/site-packages/servo_service/srv/_joint_lock_s.c
[19.445s] -- Symlinking: /workspaces/workspaces/Christiano_Roboto/ainex_project/install/servo_service/lib/python3.12/site-packages/servo_service/srv/_joint_position.py
[19.456s] -- Symlinking: /workspaces/workspaces/Christiano_Roboto/ainex_project/install/servo_service/lib/python3.12/site-packages/servo_service/srv/_joint_position_s.c
[19.468s] -- Symlinking: /workspaces/workspaces/Christiano_Roboto/ainex_project/install/servo_service/lib/python3.12/site-packages/servo_service/srv/_joint_range.py
[19.482s] -- Symlinking: /workspaces/workspaces/Christiano_Roboto/ainex_project/install/servo_service/lib/python3.12/site-packages/servo_service/srv/_joint_range_s.c
[19.494s] -- Symlinking: /workspaces/workspaces/Christiano_Roboto/ainex_project/install/servo_service/lib/python3.12/site-packages/servo_service/srv/_servo_deviation.py
[19.507s] -- Symlinking: /workspaces/workspaces/Christiano_Roboto/ainex_project/install/servo_service/lib/python3.12/site-packages/servo_service/srv/_servo_deviation_s.c
[19.520s] -- Symlinking: /workspaces/workspaces/Christiano_Roboto/ainex_project/install/servo_service/lib/python3.12/site-packages/servo_service/srv/_servo_temp.py
[19.533s] -- Symlinking: /workspaces/workspaces/Christiano_Roboto/ainex_project/install/servo_service/lib/python3.12/site-packages/servo_service/srv/_servo_temp_s.c
[19.545s] -- Symlinking: /workspaces/workspaces/Christiano_Roboto/ainex_project/install/servo_service/lib/python3.12/site-packages/servo_service/srv/_servo_voltage.py
[19.556s] -- Symlinking: /workspaces/workspaces/Christiano_Roboto/ainex_project/install/servo_service/lib/python3.12/site-packages/servo_service/srv/_servo_voltage_s.c
[19.569s] -- Up-to-date symlink: /workspaces/workspaces/Christiano_Roboto/ainex_project/install/servo_service/lib/python3.12/site-packages/servo_service/servo_service_s__rosidl_typesupport_fastrtps_c.so
[19.569s] -- Up-to-date symlink: /workspaces/workspaces/Christiano_Roboto/ainex_project/install/servo_service/lib/python3.12/site-packages/servo_service/servo_service_s__rosidl_typesupport_introspection_c.so
[19.569s] -- Up-to-date symlink: /workspaces/workspaces/Christiano_Roboto/ainex_project/install/servo_service/lib/python3.12/site-packages/servo_service/servo_service_s__rosidl_typesupport_c.so
[19.570s] -- Symlinking: /workspaces/workspaces/Christiano_Roboto/ainex_project/install/servo_service/share/servo_service/msg/ChangeServoPositions.idl
[19.585s] -- Symlinking: /workspaces/workspaces/Christiano_Roboto/ainex_project/install/servo_service/share/servo_service/msg/SetServoPositions.idl
[19.597s] -- Symlinking: /workspaces/workspaces/Christiano_Roboto/ainex_project/install/servo_service/share/servo_service/msg/SetJointLock.idl
[19.609s] -- Symlinking: /workspaces/workspaces/Christiano_Roboto/ainex_project/install/servo_service/share/servo_service/msg/GetServoPositions.idl
[19.620s] -- Symlinking: /workspaces/workspaces/Christiano_Roboto/ainex_project/install/servo_service/share/servo_service/msg/SetPosture.idl
[19.633s] -- Symlinking: /workspaces/workspaces/Christiano_Roboto/ainex_project/install/servo_service/share/servo_service/srv/JointLock.idl
[19.645s] -- Symlinking: /workspaces/workspaces/Christiano_Roboto/ainex_project/install/servo_service/share/servo_service/srv/ServoTemp.idl
[19.656s] -- Symlinking: /workspaces/workspaces/Christiano_Roboto/ainex_project/install/servo_service/share/servo_service/srv/ServoDeviation.idl
[19.668s] -- Symlinking: /workspaces/workspaces/Christiano_Roboto/ainex_project/install/servo_service/share/servo_service/srv/ServoVoltage.idl
[19.682s] -- Symlinking: /workspaces/workspaces/Christiano_Roboto/ainex_project/install/servo_service/share/servo_service/srv/JointPosition.idl
[19.694s] -- Symlinking: /workspaces/workspaces/Christiano_Roboto/ainex_project/install/servo_service/share/servo_service/srv/JointRange.idl
[19.707s] -- Symlinking: /workspaces/workspaces/Christiano_Roboto/ainex_project/install/servo_service/share/servo_service/msg/ChangeServoPositions.msg
[19.719s] -- Symlinking: /workspaces/workspaces/Christiano_Roboto/ainex_project/install/servo_service/share/servo_service/msg/SetServoPositions.msg
[19.731s] -- Symlinking: /workspaces/workspaces/Christiano_Roboto/ainex_project/install/servo_service/share/servo_service/msg/SetJointLock.msg
[19.743s] -- Symlinking: /workspaces/workspaces/Christiano_Roboto/ainex_project/install/servo_service/share/servo_service/msg/GetServoPositions.msg
[19.754s] -- Symlinking: /workspaces/workspaces/Christiano_Roboto/ainex_project/install/servo_service/share/servo_service/msg/SetPosture.msg
[19.766s] -- Symlinking: /workspaces/workspaces/Christiano_Roboto/ainex_project/install/servo_service/share/servo_service/srv/JointLock.srv
[19.780s] -- Symlinking: /workspaces/workspaces/Christiano_Roboto/ainex_project/install/servo_service/share/servo_service/srv/ServoTemp.srv
[19.792s] -- Symlinking: /workspaces/workspaces/Christiano_Roboto/ainex_project/install/servo_service/share/servo_service/srv/ServoDeviation.srv
[19.804s] -- Symlinking: /workspaces/workspaces/Christiano_Roboto/ainex_project/install/servo_service/share/servo_service/srv/ServoVoltage.srv
[19.817s] -- Symlinking: /workspaces/workspaces/Christiano_Roboto/ainex_project/install/servo_service/share/servo_service/srv/JointPosition.srv
[19.830s] -- Symlinking: /workspaces/workspaces/Christiano_Roboto/ainex_project/install/servo_service/share/servo_service/srv/JointRange.srv
[19.841s] -- Symlinking: /workspaces/workspaces/Christiano_Roboto/ainex_project/install/servo_service/share/ament_index/resource_index/package_run_dependencies/servo_service
[19.853s] -- Symlinking: /workspaces/workspaces/Christiano_Roboto/ainex_project/install/servo_service/share/ament_index/resource_index/parent_prefix_path/servo_service
[19.865s] -- Symlinking: /workspaces/workspaces/Christiano_Roboto/ainex_project/install/servo_service/share/servo_service/environment/ament_prefix_path.sh
[19.878s] -- Symlinking: /workspaces/workspaces/Christiano_Roboto/ainex_project/install/servo_service/share/servo_service/environment/ament_prefix_path.dsv
[19.891s] -- Symlinking: /workspaces/workspaces/Christiano_Roboto/ainex_project/install/servo_service/share/servo_service/environment/path.sh
[19.903s] -- Symlinking: /workspaces/workspaces/Christiano_Roboto/ainex_project/install/servo_service/share/servo_service/environment/path.dsv
[19.915s] -- Symlinking: /workspaces/workspaces/Christiano_Roboto/ainex_project/install/servo_service/share/servo_service/local_setup.bash
[19.927s] -- Symlinking: /workspaces/workspaces/Christiano_Roboto/ainex_project/install/servo_service/share/servo_service/local_setup.sh
[19.939s] -- Symlinking: /workspaces/workspaces/Christiano_Roboto/ainex_project/install/servo_service/share/servo_service/local_setup.zsh
[19.951s] -- Symlinking: /workspaces/workspaces/Christiano_Roboto/ainex_project/install/servo_service/share/servo_service/local_setup.dsv
[19.963s] -- Symlinking: /workspaces/workspaces/Christiano_Roboto/ainex_project/install/servo_service/share/servo_service/package.dsv
[19.975s] -- Symlinking: /workspaces/workspaces/Christiano_Roboto/ainex_project/install/servo_service/share/ament_index/resource_index/packages/servo_service
[19.989s] -- Symlinking: /workspaces/workspaces/Christiano_Roboto/ainex_project/install/servo_service/share/servo_service/cmake/rosidl_cmake-extras.cmake
[20.002s] -- Symlinking: /workspaces/workspaces/Christiano_Roboto/ainex_project/install/servo_service/share/servo_service/cmake/ament_cmake_export_dependencies-extras.cmake
[20.013s] -- Symlinking: /workspaces/workspaces/Christiano_Roboto/ainex_project/install/servo_service/share/servo_service/cmake/ament_cmake_export_include_directories-extras.cmake
[20.027s] -- Symlinking: /workspaces/workspaces/Christiano_Roboto/ainex_project/install/servo_service/share/servo_service/cmake/ament_cmake_export_libraries-extras.cmake
[20.039s] -- Symlinking: /workspaces/workspaces/Christiano_Roboto/ainex_project/install/servo_service/share/servo_service/cmake/ament_cmake_export_targets-extras.cmake
[20.050s] -- Symlinking: /workspaces/workspaces/Christiano_Roboto/ainex_project/install/servo_service/share/servo_service/cmake/rosidl_cmake_export_typesupport_targets-extras.cmake
[20.062s] -- Symlinking: /workspaces/workspaces/Christiano_Roboto/ainex_project/install/servo_service/share/servo_service/cmake/rosidl_cmake_export_typesupport_libraries-extras.cmake
[20.074s] -- Symlinking: /workspaces/workspaces/Christiano_Roboto/ainex_project/install/servo_service/share/servo_service/cmake/servo_serviceConfig.cmake
[20.089s] -- Symlinking: /workspaces/workspaces/Christiano_Roboto/ainex_project/install/servo_service/share/servo_service/cmake/servo_serviceConfig-version.cmake
[20.101s] -- Symlinking: /workspaces/workspaces/Christiano_Roboto/ainex_project/install/servo_service/share/servo_service/package.xml
[20.112s] -- Installing: /workspaces/workspaces/Christiano_Roboto/ainex_project/install/servo_service/lib/libservo_service__rosidl_generator_c.so
[20.113s] -- Set non-toolchain portion of runtime path of "/workspaces/workspaces/Christiano_Roboto/ainex_project/install/servo_service/lib/libservo_service__rosidl_generator_c.so" to ""
[20.113s] -- Installing: /workspaces/workspaces/Christiano_Roboto/ainex_project/install/servo_service/lib/libservo_service__rosidl_typesupport_fastrtps_c.so
[20.114s] -- Set non-toolchain portion of runtime path of "/workspaces/workspaces/Christiano_Roboto/ainex_project/install/servo_service/lib/libservo_service__rosidl_typesupport_fastrtps_c.so" to ""
[20.114s] -- Installing: /workspaces/workspaces/Christiano_Roboto/ainex_project/install/servo_service/lib/libservo_service__rosidl_typesupport_fastrtps_cpp.so
[20.115s] -- Set non-toolchain portion of runtime path of "/workspaces/workspaces/Christiano_Roboto/ainex_project/install/servo_service/lib/libservo_service__rosidl_typesupport_fastrtps_cpp.so" to ""
[20.115s] -- Installing: /workspaces/workspaces/Christiano_Roboto/ainex_project/install/servo_service/lib/libservo_service__rosidl_typesupport_introspection_c.so
[20.116s] -- Set non-toolchain portion of runtime path of "/workspaces/workspaces/Christiano_Roboto/ainex_project/install/servo_service/lib/libservo_service__rosidl_typesupport_introspection_c.so" to ""
[20.116s] -- Installing: /workspaces/workspaces/Christiano_Roboto/ainex_project/install/servo_service/lib/libservo_service__rosidl_typesupport_c.so
[20.116s] -- Set non-toolchain portion of runtime path of "/workspaces/workspaces/Christiano_Roboto/ainex_project/install/servo_service/lib/libservo_service__rosidl_typesupport_c.so" to ""
[20.116s] -- Installing: /workspaces/workspaces/Christiano_Roboto/ainex_project/install/servo_service/lib/libservo_service__rosidl_typesupport_introspection_cpp.so
[20.118s] -- Set non-toolchain portion of runtime path of "/workspaces/workspaces/Christiano_Roboto/ainex_project/install/servo_service/lib/libservo_service__rosidl_typesupport_introspection_cpp.so" to ""
[20.118s] -- Installing: /workspaces/workspaces/Christiano_Roboto/ainex_project/install/servo_service/lib/libservo_service__rosidl_typesupport_cpp.so
[20.119s] -- Set non-toolchain portion of runtime path of "/workspaces/workspaces/Christiano_Roboto/ainex_project/install/servo_service/lib/libservo_service__rosidl_typesupport_cpp.so" to ""
[20.190s] Listing '/workspaces/workspaces/Christiano_Roboto/ainex_project/install/servo_service/lib/python3.12/site-packages/servo_service'...
[20.191s] Compiling '/workspaces/workspaces/Christiano_Roboto/ainex_project/install/servo_service/lib/python3.12/site-packages/servo_service/__init__.py'...
[20.191s] Listing '/workspaces/workspaces/Christiano_Roboto/ainex_project/install/servo_service/lib/python3.12/site-packages/servo_service/msg'...
[20.191s] Compiling '/workspaces/workspaces/Christiano_Roboto/ainex_project/install/servo_service/lib/python3.12/site-packages/servo_service/msg/__init__.py'...
[20.191s] Compiling '/workspaces/workspaces/Christiano_Roboto/ainex_project/install/servo_service/lib/python3.12/site-packages/servo_service/msg/_change_servo_positions.py'...
[20.191s] Compiling '/workspaces/workspaces/Christiano_Roboto/ainex_project/install/servo_service/lib/python3.12/site-packages/servo_service/msg/_get_servo_positions.py'...
[20.191s] Compiling '/workspaces/workspaces/Christiano_Roboto/ainex_project/install/servo_service/lib/python3.12/site-packages/servo_service/msg/_set_joint_lock.py'...
[20.191s] Compiling '/workspaces/workspaces/Christiano_Roboto/ainex_project/install/servo_service/lib/python3.12/site-packages/servo_service/msg/_set_posture.py'...
[20.191s] Compiling '/workspaces/workspaces/Christiano_Roboto/ainex_project/install/servo_service/lib/python3.12/site-packages/servo_service/msg/_set_servo_positions.py'...
[20.191s] Listing '/workspaces/workspaces/Christiano_Roboto/ainex_project/install/servo_service/lib/python3.12/site-packages/servo_service/srv'...
[20.191s] Compiling '/workspaces/workspaces/Christiano_Roboto/ainex_project/install/servo_service/lib/python3.12/site-packages/servo_service/srv/__init__.py'...
[20.191s] Compiling '/workspaces/workspaces/Christiano_Roboto/ainex_project/install/servo_service/lib/python3.12/site-packages/servo_service/srv/_joint_lock.py'...
[20.191s] Compiling '/workspaces/workspaces/Christiano_Roboto/ainex_project/install/servo_service/lib/python3.12/site-packages/servo_service/srv/_joint_position.py'...
[20.191s] Compiling '/workspaces/workspaces/Christiano_Roboto/ainex_project/install/servo_service/lib/python3.12/site-packages/servo_service/srv/_joint_range.py'...
[20.191s] Compiling '/workspaces/workspaces/Christiano_Roboto/ainex_project/install/servo_service/lib/python3.12/site-packages/servo_service/srv/_servo_deviation.py'...
[20.191s] Compiling '/workspaces/workspaces/Christiano_Roboto/ainex_project/install/servo_service/lib/python3.12/site-packages/servo_service/srv/_servo_temp.py'...
[20.191s] Compiling '/workspaces/workspaces/Christiano_Roboto/ainex_project/install/servo_service/lib/python3.12/site-packages/servo_service/srv/_servo_voltage.py'...
[20.196s] -- Installing: /workspaces/workspaces/Christiano_Roboto/ainex_project/install/servo_service/lib/libservo_service__rosidl_generator_py.so
[20.197s] -- Set non-toolchain portion of runtime path of "/workspaces/workspaces/Christiano_Roboto/ainex_project/install/servo_service/lib/libservo_service__rosidl_generator_py.so" to ""
[20.197s] -- Installing: /workspaces/workspaces/Christiano_Roboto/ainex_project/install/servo_service/share/servo_service/cmake/export_servo_service__rosidl_generator_cExport.cmake
[20.197s] -- Installing: /workspaces/workspaces/Christiano_Roboto/ainex_project/install/servo_service/share/servo_service/cmake/export_servo_service__rosidl_generator_cExport-noconfig.cmake
[20.197s] -- Installing: /workspaces/workspaces/Christiano_Roboto/ainex_project/install/servo_service/share/servo_service/cmake/export_servo_service__rosidl_typesupport_fastrtps_cExport.cmake
[20.197s] -- Installing: /workspaces/workspaces/Christiano_Roboto/ainex_project/install/servo_service/share/servo_service/cmake/export_servo_service__rosidl_typesupport_fastrtps_cExport-noconfig.cmake
[20.198s] -- Installing: /workspaces/workspaces/Christiano_Roboto/ainex_project/install/servo_service/share/servo_service/cmake/export_servo_service__rosidl_generator_cppExport.cmake
[20.198s] -- Installing: /workspaces/workspaces/Christiano_Roboto/ainex_project/install/servo_service/share/servo_service/cmake/export_servo_service__rosidl_typesupport_fastrtps_cppExport.cmake
[20.198s] -- Installing: /workspaces/workspaces/Christiano_Roboto/ainex_project/install/servo_service/share/servo_service/cmake/export_servo_service__rosidl_typesupport_fastrtps_cppExport-noconfig.cmake
[20.198s] -- Installing: /workspaces/workspaces/Christiano_Roboto/ainex_project/install/servo_service/share/servo_service/cmake/servo_service__rosidl_typesupport_introspection_cExport.cmake
[20.198s] -- Installing: /workspaces/workspaces/Christiano_Roboto/ainex_project/install/servo_service/share/servo_service/cmake/servo_service__rosidl_typesupport_introspection_cExport-noconfig.cmake
[20.199s] -- Installing: /workspaces/workspaces/Christiano_Roboto/ainex_project/install/servo_service/share/servo_service/cmake/servo_service__rosidl_typesupport_cExport.cmake
[20.199s] -- Installing: /workspaces/workspaces/Christiano_Roboto/ainex_project/install/servo_service/share/servo_service/cmake/servo_service__rosidl_typesupport_cExport-noconfig.cmake
[20.199s] -- Installing: /workspaces/workspaces/Christiano_Roboto/ainex_project/install/servo_service/share/servo_service/cmake/servo_service__rosidl_typesupport_introspection_cppExport.cmake
[20.199s] -- Installing: /workspaces/workspaces/Christiano_Roboto/ainex_project/install/servo_service/share/servo_service/cmake/servo_service__rosidl_typesupport_introspection_cppExport-noconfig.cmake
[20.199s] -- Installing: /workspaces/workspaces/Christiano_Roboto/ainex_project/install/servo_service/share/servo_service/cmake/servo_service__rosidl_typesupport_cppExport.cmake
[20.199s] -- Installing: /workspaces/workspaces/Christiano_Roboto/ainex_project/install/servo_service/share/servo_service/cmake/servo_service__rosidl_typesupport_cppExport-noconfig.cmake
[20.200s] -- Installing: /workspaces/workspaces/Christiano_Roboto/ainex_project/install/servo_service/share/servo_service/cmake/export_servo_service__rosidl_generator_pyExport.cmake
[20.200s] -- Installing: /workspaces/workspaces/Christiano_Roboto/ainex_project/install/servo_service/share/servo_service/cmake/export_servo_service__rosidl_generator_pyExport-noconfig.cmake
[20.202s] Invoked command in '/workspaces/workspaces/Christiano_Roboto/ainex_project/build/servo_service' returned '0': CMAKE_PREFIX_PATH=${CMAKE_PREFIX_PATH}:/workspaces/workspaces/Christiano_Roboto/ainex_project/install/whole_body_control:/workspaces/workspaces/Christiano_Roboto/ainex_project/install/simulator:/workspaces/workspaces/Christiano_Roboto/ainex_project/install/ainex_motion:/workspaces/workspaces/Christiano_Roboto/ainex_project/install/ainex_vision:/opt/ros/rolling /usr/bin/cmake --install /workspaces/workspaces/Christiano_Roboto/ainex_project/build/servo_service
