[0.373s] Invoking command in '/workspaces/workspaces/Christiano_Roboto/ainex_project/build/ainex_description': CMAKE_PREFIX_PATH=${CMAKE_PREFIX_PATH}:/workspaces/workspaces/Christiano_Roboto/ainex_project/install/whole_body_control:/workspaces/workspaces/Christiano_Roboto/ainex_project/install/simulator:/workspaces/workspaces/Christiano_Roboto/ainex_project/install/ainex_motion:/workspaces/workspaces/Christiano_Roboto/ainex_project/install/ainex_vision:/opt/ros/rolling /usr/bin/cmake /workspaces/workspaces/Christiano_Roboto/ainex_project/src/ainex_description -DAMENT_CMAKE_SYMLINK_INSTALL=1 -DCMAKE_INSTALL_PREFIX=/workspaces/workspaces/Christiano_Roboto/ainex_project/install/ainex_description
[0.473s] -- The C compiler identification is GNU 13.3.0
[0.570s] -- The CXX compiler identification is GNU 13.3.0
[0.590s] -- Detecting C compiler ABI info
[0.745s] -- Detecting C compiler ABI info - done
[0.769s] -- Check for working C compiler: /usr/bin/cc - skipped
[0.769s] -- Detecting C compile features
[0.770s] -- Detecting C compile features - done
[0.781s] -- Detecting CXX compiler ABI info
[0.967s] -- Detecting CXX compiler ABI info - done
[0.986s] -- Check for working CXX compiler: /usr/bin/c++ - skipped
[0.986s] -- Detecting CXX compile features
[0.987s] -- Detecting CXX compile features - done
[0.996s] -- Found ament_cmake: 2.7.2 (/opt/ros/rolling/share/ament_cmake/cmake)
[1.303s] -- Found Python3: /usr/bin/python3 (found version "3.12.3") found components: Interpreter 
[1.431s] -- Override CMake install command with custom implementation using symlinks instead of copying resources
[1.569s] -- Found urdf: 2.12.2 (/opt/ros/rolling/share/urdf/cmake)
[1.614s] -- Found xacro: 2.0.13 (/opt/ros/rolling/share/xacro/cmake)
[1.626s] -- Found ament_lint_auto: 0.19.1 (/opt/ros/rolling/share/ament_lint_auto/cmake)
[1.861s] -- Added test 'lint_cmake' to check CMake code style
[1.869s] -- Added test 'xmllint' to check XML markup files
[1.875s] -- Configuring done (1.5s)
[1.883s] -- Generating done (0.0s)
[1.886s] -- Build files have been written to: /workspaces/workspaces/Christiano_Roboto/ainex_project/build/ainex_description
[1.896s] Invoked command in '/workspaces/workspaces/Christiano_Roboto/ainex_project/build/ainex_description' returned '0': CMAKE_PREFIX_PATH=${CMAKE_PREFIX_PATH}:/workspaces/workspaces/Christiano_Roboto/ainex_project/install/whole_body_control:/workspaces/workspaces/Christiano_Roboto/ainex_project/install/simulator:/workspaces/workspaces/Christiano_Roboto/ainex_project/install/ainex_motion:/workspaces/workspaces/Christiano_Roboto/ainex_project/install/ainex_vision:/opt/ros/rolling /usr/bin/cmake /workspaces/workspaces/Christiano_Roboto/ainex_project/src/ainex_description -DAMENT_CMAKE_SYMLINK_INSTALL=1 -DCMAKE_INSTALL_PREFIX=/workspaces/workspaces/Christiano_Roboto/ainex_project/install/ainex_description
[1.897s] Invoking command in '/workspaces/workspaces/Christiano_Roboto/ainex_project/build/ainex_description': CMAKE_PREFIX_PATH=${CMAKE_PREFIX_PATH}:/workspaces/workspaces/Christiano_Roboto/ainex_project/install/whole_body_control:/workspaces/workspaces/Christiano_Roboto/ainex_project/install/simulator:/workspaces/workspaces/Christiano_Roboto/ainex_project/install/ainex_motion:/workspaces/workspaces/Christiano_Roboto/ainex_project/install/ainex_vision:/opt/ros/rolling /usr/bin/cmake --build /workspaces/workspaces/Christiano_Roboto/ainex_project/build/ainex_description -- -j8 -l8
[1.971s] Invoked command in '/workspaces/workspaces/Christiano_Roboto/ainex_project/build/ainex_description' returned '0': CMAKE_PREFIX_PATH=${CMAKE_PREFIX_PATH}:/workspaces/workspaces/Christiano_Roboto/ainex_project/install/whole_body_control:/workspaces/workspaces/Christiano_Roboto/ainex_project/install/simulator:/workspaces/workspaces/Christiano_Roboto/ainex_project/install/ainex_motion:/workspaces/workspaces/Christiano_Roboto/ainex_project/install/ainex_vision:/opt/ros/rolling /usr/bin/cmake --build /workspaces/workspaces/Christiano_Roboto/ainex_project/build/ainex_description -- -j8 -l8
[1.988s] Invoking command in '/workspaces/workspaces/Christiano_Roboto/ainex_project/build/ainex_description': CMAKE_PREFIX_PATH=${CMAKE_PREFIX_PATH}:/workspaces/workspaces/Christiano_Roboto/ainex_project/install/whole_body_control:/workspaces/workspaces/Christiano_Roboto/ainex_project/install/simulator:/workspaces/workspaces/Christiano_Roboto/ainex_project/install/ainex_motion:/workspaces/workspaces/Christiano_Roboto/ainex_project/install/ainex_vision:/opt/ros/rolling /usr/bin/cmake --install /workspaces/workspaces/Christiano_Roboto/ainex_project/build/ainex_description
[2.001s] -- Install configuration: ""
[2.002s] -- Execute custom install script
[2.003s] -- Symlinking: /workspaces/workspaces/Christiano_Roboto/ainex_project/install/ainex_description/share/ainex_description/meshes/body_link.STL
[2.018s] -- Symlinking: /workspaces/workspaces/Christiano_Roboto/ainex_project/install/ainex_description/share/ainex_description/meshes/head_pan_link.STL
[2.032s] -- Symlinking: /workspaces/workspaces/Christiano_Roboto/ainex_project/install/ainex_description/share/ainex_description/meshes/head_tilt_link.STL
[2.048s] -- Symlinking: /workspaces/workspaces/Christiano_Roboto/ainex_project/install/ainex_description/share/ainex_description/meshes/l_ank_pitch_link.STL
[2.069s] -- Symlinking: /workspaces/workspaces/Christiano_Roboto/ainex_project/install/ainex_description/share/ainex_description/meshes/l_ank_roll_link.STL
[2.090s] -- Symlinking: /workspaces/workspaces/Christiano_Roboto/ainex_project/install/ainex_description/share/ainex_description/meshes/l_el_pitch_link.STL
[2.104s] -- Symlinking: /workspaces/workspaces/Christiano_Roboto/ainex_project/install/ainex_description/share/ainex_description/meshes/l_el_yaw_link.STL
[2.130s] -- Symlinking: /workspaces/workspaces/Christiano_Roboto/ainex_project/install/ainex_description/share/ainex_description/meshes/l_gripper_link.STL
[2.161s] -- Symlinking: /workspaces/workspaces/Christiano_Roboto/ainex_project/install/ainex_description/share/ainex_description/meshes/l_hip_pitch_link.STL
[2.181s] -- Symlinking: /workspaces/workspaces/Christiano_Roboto/ainex_project/install/ainex_description/share/ainex_description/meshes/l_hip_roll_link.STL
[2.197s] -- Symlinking: /workspaces/workspaces/Christiano_Roboto/ainex_project/install/ainex_description/share/ainex_description/meshes/l_hip_yaw_link.STL
[2.215s] -- Symlinking: /workspaces/workspaces/Christiano_Roboto/ainex_project/install/ainex_description/share/ainex_description/meshes/l_knee_link.STL
[2.233s] -- Symlinking: /workspaces/workspaces/Christiano_Roboto/ainex_project/install/ainex_description/share/ainex_description/meshes/l_sho_pitch_link.STL
[2.255s] -- Symlinking: /workspaces/workspaces/Christiano_Roboto/ainex_project/install/ainex_description/share/ainex_description/meshes/l_sho_roll_link.STL
[2.273s] -- Symlinking: /workspaces/workspaces/Christiano_Roboto/ainex_project/install/ainex_description/share/ainex_description/meshes/r_ank_pitch_link.STL
[2.284s] -- Symlinking: /workspaces/workspaces/Christiano_Roboto/ainex_project/install/ainex_description/share/ainex_description/meshes/r_ank_roll_link.STL
[2.300s] -- Symlinking: /workspaces/workspaces/Christiano_Roboto/ainex_project/install/ainex_description/share/ainex_description/meshes/r_el_pitch_link.STL
[2.318s] -- Symlinking: /workspaces/workspaces/Christiano_Roboto/ainex_project/install/ainex_description/share/ainex_description/meshes/r_el_yaw_link.STL
[2.337s] -- Symlinking: /workspaces/workspaces/Christiano_Roboto/ainex_project/install/ainex_description/share/ainex_description/meshes/r_gripper_link.STL
[2.351s] -- Symlinking: /workspaces/workspaces/Christiano_Roboto/ainex_project/install/ainex_description/share/ainex_description/meshes/r_hip_pitch_link.STL
[2.370s] -- Symlinking: /workspaces/workspaces/Christiano_Roboto/ainex_project/install/ainex_description/share/ainex_description/meshes/r_hip_roll_link.STL
[2.387s] -- Symlinking: /workspaces/workspaces/Christiano_Roboto/ainex_project/install/ainex_description/share/ainex_description/meshes/r_hip_yaw_link.STL
[2.411s] -- Symlinking: /workspaces/workspaces/Christiano_Roboto/ainex_project/install/ainex_description/share/ainex_description/meshes/r_knee_link.STL
[2.442s] -- Symlinking: /workspaces/workspaces/Christiano_Roboto/ainex_project/install/ainex_description/share/ainex_description/meshes/r_sho_pitch_link.STL
[2.470s] -- Symlinking: /workspaces/workspaces/Christiano_Roboto/ainex_project/install/ainex_description/share/ainex_description/meshes/r_sho_roll_link.STL
[2.484s] -- Symlinking: /workspaces/workspaces/Christiano_Roboto/ainex_project/install/ainex_description/share/ainex_description/robots/ainex.urdf
[2.499s] -- Symlinking: /workspaces/workspaces/Christiano_Roboto/ainex_project/install/ainex_description/share/ainex_description/robots/ainex.urdf.xacro
[2.518s] -- Symlinking: /workspaces/workspaces/Christiano_Roboto/ainex_project/install/ainex_description/share/ainex_description/robots/ainex.xacro
[2.535s] -- Symlinking: /workspaces/workspaces/Christiano_Roboto/ainex_project/install/ainex_description/share/ainex_description/robots/gazebo.xacro
[2.550s] -- Symlinking: /workspaces/workspaces/Christiano_Roboto/ainex_project/install/ainex_description/share/ainex_description/robots/materials.xacro
[2.569s] -- Symlinking: /workspaces/workspaces/Christiano_Roboto/ainex_project/install/ainex_description/share/ainex_description/robots/transmissions.xacro
[2.586s] -- Symlinking: /workspaces/workspaces/Christiano_Roboto/ainex_project/install/ainex_description/share/ament_index/resource_index/package_run_dependencies/ainex_description
[2.600s] -- Symlinking: /workspaces/workspaces/Christiano_Roboto/ainex_project/install/ainex_description/share/ament_index/resource_index/parent_prefix_path/ainex_description
[2.617s] -- Symlinking: /workspaces/workspaces/Christiano_Roboto/ainex_project/install/ainex_description/share/ainex_description/environment/ament_prefix_path.sh
[2.634s] -- Symlinking: /workspaces/workspaces/Christiano_Roboto/ainex_project/install/ainex_description/share/ainex_description/environment/ament_prefix_path.dsv
[2.654s] -- Symlinking: /workspaces/workspaces/Christiano_Roboto/ainex_project/install/ainex_description/share/ainex_description/environment/path.sh
[2.669s] -- Symlinking: /workspaces/workspaces/Christiano_Roboto/ainex_project/install/ainex_description/share/ainex_description/environment/path.dsv
[2.683s] -- Symlinking: /workspaces/workspaces/Christiano_Roboto/ainex_project/install/ainex_description/share/ainex_description/local_setup.bash
[2.696s] -- Symlinking: /workspaces/workspaces/Christiano_Roboto/ainex_project/install/ainex_description/share/ainex_description/local_setup.sh
[2.716s] -- Symlinking: /workspaces/workspaces/Christiano_Roboto/ainex_project/install/ainex_description/share/ainex_description/local_setup.zsh
[2.736s] -- Symlinking: /workspaces/workspaces/Christiano_Roboto/ainex_project/install/ainex_description/share/ainex_description/local_setup.dsv
[2.751s] -- Symlinking: /workspaces/workspaces/Christiano_Roboto/ainex_project/install/ainex_description/share/ainex_description/package.dsv
[2.777s] -- Symlinking: /workspaces/workspaces/Christiano_Roboto/ainex_project/install/ainex_description/share/ament_index/resource_index/packages/ainex_description
[2.794s] -- Symlinking: /workspaces/workspaces/Christiano_Roboto/ainex_project/install/ainex_description/share/ainex_description/cmake/ainex_descriptionConfig.cmake
[2.811s] -- Symlinking: /workspaces/workspaces/Christiano_Roboto/ainex_project/install/ainex_description/share/ainex_description/cmake/ainex_descriptionConfig-version.cmake
[2.829s] -- Symlinking: /workspaces/workspaces/Christiano_Roboto/ainex_project/install/ainex_description/share/ainex_description/package.xml
[2.857s] Invoked command in '/workspaces/workspaces/Christiano_Roboto/ainex_project/build/ainex_description' returned '0': CMAKE_PREFIX_PATH=${CMAKE_PREFIX_PATH}:/workspaces/workspaces/Christiano_Roboto/ainex_project/install/whole_body_control:/workspaces/workspaces/Christiano_Roboto/ainex_project/install/simulator:/workspaces/workspaces/Christiano_Roboto/ainex_project/install/ainex_motion:/workspaces/workspaces/Christiano_Roboto/ainex_project/install/ainex_vision:/opt/ros/rolling /usr/bin/cmake --install /workspaces/workspaces/Christiano_Roboto/ainex_project/build/ainex_description
