[1.618s] Invoking command in '/workspaces/workspaces/Christiano_Roboto/ainex_project/build/simulator': PYTHONPATH=/workspaces/workspaces/Christiano_Roboto/ainex_project/build/simulator/prefix_override:/usr/lib/python3/dist-packages/colcon_core/task/python/colcon_distutils_commands:/workspaces/workspaces/Christiano_Roboto/ainex_project/install/simulator/lib/python3.12/site-packages:${PYTHONPATH} /usr/bin/python3 -W ignore:setup.py install is deprecated -W ignore:easy_install command is deprecated setup.py develop --editable --build-directory /workspaces/workspaces/Christiano_Roboto/ainex_project/build/simulator/build --no-deps symlink_data
[2.120s] running develop
[2.375s] running egg_info
[2.375s] creating simulator.egg-info
[2.399s] writing simulator.egg-info/PKG-INFO
[2.399s] writing dependency_links to simulator.egg-info/dependency_links.txt
[2.399s] writing requirements to simulator.egg-info/requires.txt
[2.399s] writing top-level names to simulator.egg-info/top_level.txt
[2.400s] writing manifest file 'simulator.egg-info/SOURCES.txt'
[3.255s] writing manifest file 'simulator.egg-info/SOURCES.txt'
[3.282s] running build_ext
[3.282s] Creating /workspaces/workspaces/Christiano_Roboto/ainex_project/install/simulator/lib/python3.12/site-packages/simulator.egg-link (link to .)
[3.282s] 
[3.283s] Installed /workspaces/workspaces/Christiano_Roboto/ainex_project/build/simulator
[3.283s] running symlink_data
[3.283s] creating /workspaces/workspaces/Christiano_Roboto/ainex_project/install/simulator/share/ament_index
[3.283s] creating /workspaces/workspaces/Christiano_Roboto/ainex_project/install/simulator/share/ament_index/resource_index
[3.283s] creating /workspaces/workspaces/Christiano_Roboto/ainex_project/install/simulator/share/ament_index/resource_index/packages
[3.283s] symbolically linking /workspaces/workspaces/Christiano_Roboto/ainex_project/build/simulator/resource/simulator -> /workspaces/workspaces/Christiano_Roboto/ainex_project/install/simulator/share/ament_index/resource_index/packages
[3.283s] symbolically linking /workspaces/workspaces/Christiano_Roboto/ainex_project/build/simulator/package.xml -> /workspaces/workspaces/Christiano_Roboto/ainex_project/install/simulator/share/simulator
[3.333s] Invoked command in '/workspaces/workspaces/Christiano_Roboto/ainex_project/build/simulator' returned '0': PYTHONPATH=/workspaces/workspaces/Christiano_Roboto/ainex_project/build/simulator/prefix_override:/usr/lib/python3/dist-packages/colcon_core/task/python/colcon_distutils_commands:/workspaces/workspaces/Christiano_Roboto/ainex_project/install/simulator/lib/python3.12/site-packages:${PYTHONPATH} /usr/bin/python3 -W ignore:setup.py install is deprecated -W ignore:easy_install command is deprecated setup.py develop --editable --build-directory /workspaces/workspaces/Christiano_Roboto/ainex_project/build/simulator/build --no-deps symlink_data
