[1.454s] Invoking command in '/workspaces/workspaces/Christiano_Roboto/ainex_project/build/simulator': PYTHONPATH=/workspaces/workspaces/Christiano_Roboto/ainex_project/build/simulator/prefix_override:/usr/lib/python3/dist-packages/colcon_core/task/python/colcon_distutils_commands:/workspaces/workspaces/Christiano_Roboto/ainex_project/install/simulator/lib/python3.12/site-packages:${PYTHONPATH} /usr/bin/python3 -W ignore:setup.py install is deprecated -W ignore:easy_install command is deprecated setup.py develop --editable --build-directory /workspaces/workspaces/Christiano_Roboto/ainex_project/build/simulator/build --no-deps symlink_data
[1.854s] running develop
[2.113s] running egg_info
[2.113s] creating simulator.egg-info
[2.139s] writing simulator.egg-info/PKG-INFO
[2.139s] writing dependency_links to simulator.egg-info/dependency_links.txt
[2.140s] writing requirements to simulator.egg-info/requires.txt
[2.140s] writing top-level names to simulator.egg-info/top_level.txt
[2.140s] writing manifest file 'simulator.egg-info/SOURCES.txt'
[2.815s] writing manifest file 'simulator.egg-info/SOURCES.txt'
[2.841s] running build_ext
[2.841s] Creating /workspaces/workspaces/Christiano_Roboto/ainex_project/install/simulator/lib/python3.12/site-packages/simulator.egg-link (link to .)
[2.841s] 
[2.842s] Installed /workspaces/workspaces/Christiano_Roboto/ainex_project/build/simulator
[2.842s] running symlink_data
[2.842s] creating /workspaces/workspaces/Christiano_Roboto/ainex_project/install/simulator/share/ament_index
[2.842s] creating /workspaces/workspaces/Christiano_Roboto/ainex_project/install/simulator/share/ament_index/resource_index
[2.842s] creating /workspaces/workspaces/Christiano_Roboto/ainex_project/install/simulator/share/ament_index/resource_index/packages
[2.842s] symbolically linking /workspaces/workspaces/Christiano_Roboto/ainex_project/build/simulator/resource/simulator -> /workspaces/workspaces/Christiano_Roboto/ainex_project/install/simulator/share/ament_index/resource_index/packages
[2.843s] symbolically linking /workspaces/workspaces/Christiano_Roboto/ainex_project/build/simulator/package.xml -> /workspaces/workspaces/Christiano_Roboto/ainex_project/install/simulator/share/simulator
[2.884s] Invoked command in '/workspaces/workspaces/Christiano_Roboto/ainex_project/build/simulator' returned '0': PYTHONPATH=/workspaces/workspaces/Christiano_Roboto/ainex_project/build/simulator/prefix_override:/usr/lib/python3/dist-packages/colcon_core/task/python/colcon_distutils_commands:/workspaces/workspaces/Christiano_Roboto/ainex_project/install/simulator/lib/python3.12/site-packages:${PYTHONPATH} /usr/bin/python3 -W ignore:setup.py install is deprecated -W ignore:easy_install command is deprecated setup.py develop --editable --build-directory /workspaces/workspaces/Christiano_Roboto/ainex_project/build/simulator/build --no-deps symlink_data
