[0.108s] DEBUG:colcon:Command line arguments: ['/usr/bin/colcon', 'build', '--symlink-install']
[0.108s] DEBUG:colcon:Parsed command line arguments: Namespace(log_base=None, log_level=None, verb_name='build', build_base='build', install_base='install', merge_install=False, symlink_install=True, test_result_base=None, continue_on_error=False, executor='parallel', parallel_workers=8, event_handlers=None, ignore_user_meta=False, metas=['./colcon.meta'], base_paths=['.'], packages_ignore=None, packages_ignore_regex=None, paths=None, packages_up_to=None, packages_up_to_regex=None, packages_above=None, packages_above_and_dependencies=None, packages_above_depth=None, packages_select_by_dep=None, packages_skip_by_dep=None, packages_skip_up_to=None, packages_select_build_failed=False, packages_skip_build_finished=False, packages_select_test_failures=False, packages_skip_test_passed=False, packages_select=None, packages_skip=None, packages_select_regex=None, packages_skip_regex=None, packages_start=None, packages_end=None, cmake_args=None, cmake_target=None, cmake_target_skip_unavailable=False, cmake_clean_cache=False, cmake_clean_first=False, cmake_force_configure=False, ament_cmake_args=None, catkin_cmake_args=None, catkin_skip_building_tests=False, mixin_files=None, mixin=None, verb_parser=<colcon_mixin.mixin.mixin_argument.MixinArgumentDecorator object at 0x797aa0fa0230>, verb_extension=<colcon_core.verb.build.BuildVerb object at 0x797aa1040710>, main=<bound method BuildVerb.main of <colcon_core.verb.build.BuildVerb object at 0x797aa1040710>>, mixin_verb=('build',))
[0.144s] Level 1:colcon.colcon_core.package_discovery:discover_packages(colcon_meta) check parameters
[0.145s] Level 1:colcon.colcon_core.package_discovery:discover_packages(recursive) check parameters
[0.145s] Level 1:colcon.colcon_core.package_discovery:discover_packages(ignore) check parameters
[0.145s] Level 1:colcon.colcon_core.package_discovery:discover_packages(path) check parameters
[0.145s] Level 1:colcon.colcon_core.package_discovery:discover_packages(colcon_meta) discover
[0.145s] Level 1:colcon.colcon_core.package_discovery:discover_packages(recursive) discover
[0.145s] INFO:colcon.colcon_core.package_discovery:Crawling recursively for packages in '/workspaces/workspaces/Christiano_Roboto/ainex_project'
[0.145s] Level 1:colcon.colcon_core.package_identification:_identify(.) by extensions ['ignore', 'ignore_ament_install']
[0.145s] Level 1:colcon.colcon_core.package_identification:_identify(.) by extension 'ignore'
[0.145s] Level 1:colcon.colcon_core.package_identification:_identify(.) by extension 'ignore_ament_install'
[0.145s] Level 1:colcon.colcon_core.package_identification:_identify(.) by extensions ['colcon_pkg']
[0.145s] Level 1:colcon.colcon_core.package_identification:_identify(.) by extension 'colcon_pkg'
[0.145s] Level 1:colcon.colcon_core.package_identification:_identify(.) by extensions ['colcon_meta']
[0.145s] Level 1:colcon.colcon_core.package_identification:_identify(.) by extension 'colcon_meta'
[0.145s] Level 1:colcon.colcon_core.package_identification:_identify(.) by extensions ['ros']
[0.145s] Level 1:colcon.colcon_core.package_identification:_identify(.) by extension 'ros'
[0.170s] Level 1:colcon.colcon_core.package_identification:_identify(.) by extensions ['cmake', 'python']
[0.170s] Level 1:colcon.colcon_core.package_identification:_identify(.) by extension 'cmake'
[0.170s] Level 1:colcon.colcon_core.package_identification:_identify(.) by extension 'python'
[0.170s] Level 1:colcon.colcon_core.package_identification:_identify(.) by extensions ['python_setup_py']
[0.170s] Level 1:colcon.colcon_core.package_identification:_identify(.) by extension 'python_setup_py'
[0.170s] Level 1:colcon.colcon_core.package_identification:_identify(ainex_template) by extensions ['ignore', 'ignore_ament_install']
[0.170s] Level 1:colcon.colcon_core.package_identification:_identify(ainex_template) by extension 'ignore'
[0.170s] Level 1:colcon.colcon_core.package_identification:_identify(ainex_template) by extension 'ignore_ament_install'
[0.170s] Level 1:colcon.colcon_core.package_identification:_identify(ainex_template) by extensions ['colcon_pkg']
[0.170s] Level 1:colcon.colcon_core.package_identification:_identify(ainex_template) by extension 'colcon_pkg'
[0.170s] Level 1:colcon.colcon_core.package_identification:_identify(ainex_template) by extensions ['colcon_meta']
[0.170s] Level 1:colcon.colcon_core.package_identification:_identify(ainex_template) by extension 'colcon_meta'
[0.170s] Level 1:colcon.colcon_core.package_identification:_identify(ainex_template) by extensions ['ros']
[0.170s] Level 1:colcon.colcon_core.package_identification:_identify(ainex_template) by extension 'ros'
[0.170s] Level 1:colcon.colcon_core.package_identification:_identify(ainex_template) by extensions ['cmake', 'python']
[0.170s] Level 1:colcon.colcon_core.package_identification:_identify(ainex_template) by extension 'cmake'
[0.170s] Level 1:colcon.colcon_core.package_identification:_identify(ainex_template) by extension 'python'
[0.171s] Level 1:colcon.colcon_core.package_identification:_identify(ainex_template) by extensions ['python_setup_py']
[0.171s] Level 1:colcon.colcon_core.package_identification:_identify(ainex_template) by extension 'python_setup_py'
[0.171s] Level 1:colcon.colcon_core.package_identification:_identify(build) by extensions ['ignore', 'ignore_ament_install']
[0.171s] Level 1:colcon.colcon_core.package_identification:_identify(build) by extension 'ignore'
[0.171s] Level 1:colcon.colcon_core.package_identification:_identify(build) ignored
[0.171s] Level 1:colcon.colcon_core.package_identification:_identify(install) by extensions ['ignore', 'ignore_ament_install']
[0.171s] Level 1:colcon.colcon_core.package_identification:_identify(install) by extension 'ignore'
[0.171s] Level 1:colcon.colcon_core.package_identification:_identify(install) ignored
[0.171s] Level 1:colcon.colcon_core.package_identification:_identify(log) by extensions ['ignore', 'ignore_ament_install']
[0.171s] Level 1:colcon.colcon_core.package_identification:_identify(log) by extension 'ignore'
[0.171s] Level 1:colcon.colcon_core.package_identification:_identify(log) ignored
[0.171s] Level 1:colcon.colcon_core.package_identification:_identify(src) by extensions ['ignore', 'ignore_ament_install']
[0.171s] Level 1:colcon.colcon_core.package_identification:_identify(src) by extension 'ignore'
[0.171s] Level 1:colcon.colcon_core.package_identification:_identify(src) by extension 'ignore_ament_install'
[0.171s] Level 1:colcon.colcon_core.package_identification:_identify(src) by extensions ['colcon_pkg']
[0.171s] Level 1:colcon.colcon_core.package_identification:_identify(src) by extension 'colcon_pkg'
[0.171s] Level 1:colcon.colcon_core.package_identification:_identify(src) by extensions ['colcon_meta']
[0.171s] Level 1:colcon.colcon_core.package_identification:_identify(src) by extension 'colcon_meta'
[0.172s] Level 1:colcon.colcon_core.package_identification:_identify(src) by extensions ['ros']
[0.172s] Level 1:colcon.colcon_core.package_identification:_identify(src) by extension 'ros'
[0.172s] Level 1:colcon.colcon_core.package_identification:_identify(src) by extensions ['cmake', 'python']
[0.172s] Level 1:colcon.colcon_core.package_identification:_identify(src) by extension 'cmake'
[0.172s] Level 1:colcon.colcon_core.package_identification:_identify(src) by extension 'python'
[0.172s] Level 1:colcon.colcon_core.package_identification:_identify(src) by extensions ['python_setup_py']
[0.172s] Level 1:colcon.colcon_core.package_identification:_identify(src) by extension 'python_setup_py'
[0.172s] Level 1:colcon.colcon_core.package_identification:_identify(src/ainex_description) by extensions ['ignore', 'ignore_ament_install']
[0.172s] Level 1:colcon.colcon_core.package_identification:_identify(src/ainex_description) by extension 'ignore'
[0.172s] Level 1:colcon.colcon_core.package_identification:_identify(src/ainex_description) by extension 'ignore_ament_install'
[0.172s] Level 1:colcon.colcon_core.package_identification:_identify(src/ainex_description) by extensions ['colcon_pkg']
[0.172s] Level 1:colcon.colcon_core.package_identification:_identify(src/ainex_description) by extension 'colcon_pkg'
[0.172s] Level 1:colcon.colcon_core.package_identification:_identify(src/ainex_description) by extensions ['colcon_meta']
[0.172s] Level 1:colcon.colcon_core.package_identification:_identify(src/ainex_description) by extension 'colcon_meta'
[0.172s] Level 1:colcon.colcon_core.package_identification:_identify(src/ainex_description) by extensions ['ros']
[0.172s] Level 1:colcon.colcon_core.package_identification:_identify(src/ainex_description) by extension 'ros'
[0.174s] DEBUG:colcon.colcon_core.package_identification:Package 'src/ainex_description' with type 'ros.ament_cmake' and name 'ainex_description'
[0.174s] Level 1:colcon.colcon_core.package_identification:_identify(src/ainex_motion) by extensions ['ignore', 'ignore_ament_install']
[0.174s] Level 1:colcon.colcon_core.package_identification:_identify(src/ainex_motion) by extension 'ignore'
[0.175s] Level 1:colcon.colcon_core.package_identification:_identify(src/ainex_motion) by extension 'ignore_ament_install'
[0.175s] Level 1:colcon.colcon_core.package_identification:_identify(src/ainex_motion) by extensions ['colcon_pkg']
[0.175s] Level 1:colcon.colcon_core.package_identification:_identify(src/ainex_motion) by extension 'colcon_pkg'
[0.175s] Level 1:colcon.colcon_core.package_identification:_identify(src/ainex_motion) by extensions ['colcon_meta']
[0.175s] Level 1:colcon.colcon_core.package_identification:_identify(src/ainex_motion) by extension 'colcon_meta'
[0.175s] Level 1:colcon.colcon_core.package_identification:_identify(src/ainex_motion) by extensions ['ros']
[0.175s] Level 1:colcon.colcon_core.package_identification:_identify(src/ainex_motion) by extension 'ros'
[0.175s] DEBUG:colcon.colcon_core.package_identification:Package 'src/ainex_motion' with type 'ros.ament_python' and name 'ainex_motion'
[0.175s] Level 1:colcon.colcon_core.package_identification:_identify(src/ainex_vision) by extensions ['ignore', 'ignore_ament_install']
[0.175s] Level 1:colcon.colcon_core.package_identification:_identify(src/ainex_vision) by extension 'ignore'
[0.176s] Level 1:colcon.colcon_core.package_identification:_identify(src/ainex_vision) by extension 'ignore_ament_install'
[0.176s] Level 1:colcon.colcon_core.package_identification:_identify(src/ainex_vision) by extensions ['colcon_pkg']
[0.176s] Level 1:colcon.colcon_core.package_identification:_identify(src/ainex_vision) by extension 'colcon_pkg'
[0.176s] Level 1:colcon.colcon_core.package_identification:_identify(src/ainex_vision) by extensions ['colcon_meta']
[0.176s] Level 1:colcon.colcon_core.package_identification:_identify(src/ainex_vision) by extension 'colcon_meta'
[0.176s] Level 1:colcon.colcon_core.package_identification:_identify(src/ainex_vision) by extensions ['ros']
[0.176s] Level 1:colcon.colcon_core.package_identification:_identify(src/ainex_vision) by extension 'ros'
[0.176s] DEBUG:colcon.colcon_core.package_identification:Package 'src/ainex_vision' with type 'ros.ament_python' and name 'ainex_vision'
[0.176s] Level 1:colcon.colcon_core.package_identification:_identify(src/servo_service) by extensions ['ignore', 'ignore_ament_install']
[0.177s] Level 1:colcon.colcon_core.package_identification:_identify(src/servo_service) by extension 'ignore'
[0.177s] Level 1:colcon.colcon_core.package_identification:_identify(src/servo_service) by extension 'ignore_ament_install'
[0.177s] Level 1:colcon.colcon_core.package_identification:_identify(src/servo_service) by extensions ['colcon_pkg']
[0.177s] Level 1:colcon.colcon_core.package_identification:_identify(src/servo_service) by extension 'colcon_pkg'
[0.177s] Level 1:colcon.colcon_core.package_identification:_identify(src/servo_service) by extensions ['colcon_meta']
[0.177s] Level 1:colcon.colcon_core.package_identification:_identify(src/servo_service) by extension 'colcon_meta'
[0.177s] Level 1:colcon.colcon_core.package_identification:_identify(src/servo_service) by extensions ['ros']
[0.177s] Level 1:colcon.colcon_core.package_identification:_identify(src/servo_service) by extension 'ros'
[0.177s] DEBUG:colcon.colcon_core.package_identification:Package 'src/servo_service' with type 'ros.ament_cmake' and name 'servo_service'
[0.177s] Level 1:colcon.colcon_core.package_identification:_identify(src/simulator) by extensions ['ignore', 'ignore_ament_install']
[0.178s] Level 1:colcon.colcon_core.package_identification:_identify(src/simulator) by extension 'ignore'
[0.178s] Level 1:colcon.colcon_core.package_identification:_identify(src/simulator) by extension 'ignore_ament_install'
[0.178s] Level 1:colcon.colcon_core.package_identification:_identify(src/simulator) by extensions ['colcon_pkg']
[0.178s] Level 1:colcon.colcon_core.package_identification:_identify(src/simulator) by extension 'colcon_pkg'
[0.178s] Level 1:colcon.colcon_core.package_identification:_identify(src/simulator) by extensions ['colcon_meta']
[0.178s] Level 1:colcon.colcon_core.package_identification:_identify(src/simulator) by extension 'colcon_meta'
[0.178s] Level 1:colcon.colcon_core.package_identification:_identify(src/simulator) by extensions ['ros']
[0.178s] Level 1:colcon.colcon_core.package_identification:_identify(src/simulator) by extension 'ros'
[0.178s] DEBUG:colcon.colcon_core.package_identification:Package 'src/simulator' with type 'ros.ament_python' and name 'simulator'
[0.178s] Level 1:colcon.colcon_core.package_identification:_identify(src/whole_body_control) by extensions ['ignore', 'ignore_ament_install']
[0.178s] Level 1:colcon.colcon_core.package_identification:_identify(src/whole_body_control) by extension 'ignore'
[0.178s] Level 1:colcon.colcon_core.package_identification:_identify(src/whole_body_control) by extension 'ignore_ament_install'
[0.179s] Level 1:colcon.colcon_core.package_identification:_identify(src/whole_body_control) by extensions ['colcon_pkg']
[0.179s] Level 1:colcon.colcon_core.package_identification:_identify(src/whole_body_control) by extension 'colcon_pkg'
[0.179s] Level 1:colcon.colcon_core.package_identification:_identify(src/whole_body_control) by extensions ['colcon_meta']
[0.179s] Level 1:colcon.colcon_core.package_identification:_identify(src/whole_body_control) by extension 'colcon_meta'
[0.179s] Level 1:colcon.colcon_core.package_identification:_identify(src/whole_body_control) by extensions ['ros']
[0.179s] Level 1:colcon.colcon_core.package_identification:_identify(src/whole_body_control) by extension 'ros'
[0.179s] DEBUG:colcon.colcon_core.package_identification:Package 'src/whole_body_control' with type 'ros.ament_python' and name 'whole_body_control'
[0.179s] Level 1:colcon.colcon_core.package_discovery:discover_packages(recursive) using defaults
[0.179s] Level 1:colcon.colcon_core.package_discovery:discover_packages(ignore) discover
[0.179s] Level 1:colcon.colcon_core.package_discovery:discover_packages(ignore) using defaults
[0.179s] Level 1:colcon.colcon_core.package_discovery:discover_packages(path) discover
[0.179s] Level 1:colcon.colcon_core.package_discovery:discover_packages(path) using defaults
[0.199s] Level 5:colcon.colcon_core.verb:set package 'ainex_description' build argument 'cmake_args' from command line to 'None'
[0.200s] Level 5:colcon.colcon_core.verb:set package 'ainex_description' build argument 'cmake_target' from command line to 'None'
[0.200s] Level 5:colcon.colcon_core.verb:set package 'ainex_description' build argument 'cmake_target_skip_unavailable' from command line to 'False'
[0.200s] Level 5:colcon.colcon_core.verb:set package 'ainex_description' build argument 'cmake_clean_cache' from command line to 'False'
[0.200s] Level 5:colcon.colcon_core.verb:set package 'ainex_description' build argument 'cmake_clean_first' from command line to 'False'
[0.200s] Level 5:colcon.colcon_core.verb:set package 'ainex_description' build argument 'cmake_force_configure' from command line to 'False'
[0.200s] Level 5:colcon.colcon_core.verb:set package 'ainex_description' build argument 'ament_cmake_args' from command line to 'None'
[0.200s] Level 5:colcon.colcon_core.verb:set package 'ainex_description' build argument 'catkin_cmake_args' from command line to 'None'
[0.200s] Level 5:colcon.colcon_core.verb:set package 'ainex_description' build argument 'catkin_skip_building_tests' from command line to 'False'
[0.200s] DEBUG:colcon.colcon_core.verb:Building package 'ainex_description' with the following arguments: {'ament_cmake_args': None, 'build_base': '/workspaces/workspaces/Christiano_Roboto/ainex_project/build/ainex_description', 'catkin_cmake_args': None, 'catkin_skip_building_tests': False, 'cmake_args': None, 'cmake_clean_cache': False, 'cmake_clean_first': False, 'cmake_force_configure': False, 'cmake_target': None, 'cmake_target_skip_unavailable': False, 'install_base': '/workspaces/workspaces/Christiano_Roboto/ainex_project/install/ainex_description', 'merge_install': False, 'path': '/workspaces/workspaces/Christiano_Roboto/ainex_project/src/ainex_description', 'symlink_install': True, 'test_result_base': None}
[0.200s] Level 5:colcon.colcon_core.verb:set package 'ainex_vision' build argument 'cmake_args' from command line to 'None'
[0.200s] Level 5:colcon.colcon_core.verb:set package 'ainex_vision' build argument 'cmake_target' from command line to 'None'
[0.200s] Level 5:colcon.colcon_core.verb:set package 'ainex_vision' build argument 'cmake_target_skip_unavailable' from command line to 'False'
[0.200s] Level 5:colcon.colcon_core.verb:set package 'ainex_vision' build argument 'cmake_clean_cache' from command line to 'False'
[0.200s] Level 5:colcon.colcon_core.verb:set package 'ainex_vision' build argument 'cmake_clean_first' from command line to 'False'
[0.200s] Level 5:colcon.colcon_core.verb:set package 'ainex_vision' build argument 'cmake_force_configure' from command line to 'False'
[0.200s] Level 5:colcon.colcon_core.verb:set package 'ainex_vision' build argument 'ament_cmake_args' from command line to 'None'
[0.200s] Level 5:colcon.colcon_core.verb:set package 'ainex_vision' build argument 'catkin_cmake_args' from command line to 'None'
[0.200s] Level 5:colcon.colcon_core.verb:set package 'ainex_vision' build argument 'catkin_skip_building_tests' from command line to 'False'
[0.200s] DEBUG:colcon.colcon_core.verb:Building package 'ainex_vision' with the following arguments: {'ament_cmake_args': None, 'build_base': '/workspaces/workspaces/Christiano_Roboto/ainex_project/build/ainex_vision', 'catkin_cmake_args': None, 'catkin_skip_building_tests': False, 'cmake_args': None, 'cmake_clean_cache': False, 'cmake_clean_first': False, 'cmake_force_configure': False, 'cmake_target': None, 'cmake_target_skip_unavailable': False, 'install_base': '/workspaces/workspaces/Christiano_Roboto/ainex_project/install/ainex_vision', 'merge_install': False, 'path': '/workspaces/workspaces/Christiano_Roboto/ainex_project/src/ainex_vision', 'symlink_install': True, 'test_result_base': None}
[0.201s] Level 5:colcon.colcon_core.verb:set package 'servo_service' build argument 'cmake_args' from command line to 'None'
[0.201s] Level 5:colcon.colcon_core.verb:set package 'servo_service' build argument 'cmake_target' from command line to 'None'
[0.201s] Level 5:colcon.colcon_core.verb:set package 'servo_service' build argument 'cmake_target_skip_unavailable' from command line to 'False'
[0.201s] Level 5:colcon.colcon_core.verb:set package 'servo_service' build argument 'cmake_clean_cache' from command line to 'False'
[0.201s] Level 5:colcon.colcon_core.verb:set package 'servo_service' build argument 'cmake_clean_first' from command line to 'False'
[0.201s] Level 5:colcon.colcon_core.verb:set package 'servo_service' build argument 'cmake_force_configure' from command line to 'False'
[0.201s] Level 5:colcon.colcon_core.verb:set package 'servo_service' build argument 'ament_cmake_args' from command line to 'None'
[0.201s] Level 5:colcon.colcon_core.verb:set package 'servo_service' build argument 'catkin_cmake_args' from command line to 'None'
[0.201s] Level 5:colcon.colcon_core.verb:set package 'servo_service' build argument 'catkin_skip_building_tests' from command line to 'False'
[0.201s] DEBUG:colcon.colcon_core.verb:Building package 'servo_service' with the following arguments: {'ament_cmake_args': None, 'build_base': '/workspaces/workspaces/Christiano_Roboto/ainex_project/build/servo_service', 'catkin_cmake_args': None, 'catkin_skip_building_tests': False, 'cmake_args': None, 'cmake_clean_cache': False, 'cmake_clean_first': False, 'cmake_force_configure': False, 'cmake_target': None, 'cmake_target_skip_unavailable': False, 'install_base': '/workspaces/workspaces/Christiano_Roboto/ainex_project/install/servo_service', 'merge_install': False, 'path': '/workspaces/workspaces/Christiano_Roboto/ainex_project/src/servo_service', 'symlink_install': True, 'test_result_base': None}
[0.201s] Level 5:colcon.colcon_core.verb:set package 'simulator' build argument 'cmake_args' from command line to 'None'
[0.201s] Level 5:colcon.colcon_core.verb:set package 'simulator' build argument 'cmake_target' from command line to 'None'
[0.201s] Level 5:colcon.colcon_core.verb:set package 'simulator' build argument 'cmake_target_skip_unavailable' from command line to 'False'
[0.201s] Level 5:colcon.colcon_core.verb:set package 'simulator' build argument 'cmake_clean_cache' from command line to 'False'
[0.201s] Level 5:colcon.colcon_core.verb:set package 'simulator' build argument 'cmake_clean_first' from command line to 'False'
[0.201s] Level 5:colcon.colcon_core.verb:set package 'simulator' build argument 'cmake_force_configure' from command line to 'False'
[0.201s] Level 5:colcon.colcon_core.verb:set package 'simulator' build argument 'ament_cmake_args' from command line to 'None'
[0.201s] Level 5:colcon.colcon_core.verb:set package 'simulator' build argument 'catkin_cmake_args' from command line to 'None'
[0.201s] Level 5:colcon.colcon_core.verb:set package 'simulator' build argument 'catkin_skip_building_tests' from command line to 'False'
[0.201s] DEBUG:colcon.colcon_core.verb:Building package 'simulator' with the following arguments: {'ament_cmake_args': None, 'build_base': '/workspaces/workspaces/Christiano_Roboto/ainex_project/build/simulator', 'catkin_cmake_args': None, 'catkin_skip_building_tests': False, 'cmake_args': None, 'cmake_clean_cache': False, 'cmake_clean_first': False, 'cmake_force_configure': False, 'cmake_target': None, 'cmake_target_skip_unavailable': False, 'install_base': '/workspaces/workspaces/Christiano_Roboto/ainex_project/install/simulator', 'merge_install': False, 'path': '/workspaces/workspaces/Christiano_Roboto/ainex_project/src/simulator', 'symlink_install': True, 'test_result_base': None}
[0.201s] Level 5:colcon.colcon_core.verb:set package 'ainex_motion' build argument 'cmake_args' from command line to 'None'
[0.201s] Level 5:colcon.colcon_core.verb:set package 'ainex_motion' build argument 'cmake_target' from command line to 'None'
[0.201s] Level 5:colcon.colcon_core.verb:set package 'ainex_motion' build argument 'cmake_target_skip_unavailable' from command line to 'False'
[0.201s] Level 5:colcon.colcon_core.verb:set package 'ainex_motion' build argument 'cmake_clean_cache' from command line to 'False'
[0.201s] Level 5:colcon.colcon_core.verb:set package 'ainex_motion' build argument 'cmake_clean_first' from command line to 'False'
[0.202s] Level 5:colcon.colcon_core.verb:set package 'ainex_motion' build argument 'cmake_force_configure' from command line to 'False'
[0.202s] Level 5:colcon.colcon_core.verb:set package 'ainex_motion' build argument 'ament_cmake_args' from command line to 'None'
[0.202s] Level 5:colcon.colcon_core.verb:set package 'ainex_motion' build argument 'catkin_cmake_args' from command line to 'None'
[0.202s] Level 5:colcon.colcon_core.verb:set package 'ainex_motion' build argument 'catkin_skip_building_tests' from command line to 'False'
[0.202s] DEBUG:colcon.colcon_core.verb:Building package 'ainex_motion' with the following arguments: {'ament_cmake_args': None, 'build_base': '/workspaces/workspaces/Christiano_Roboto/ainex_project/build/ainex_motion', 'catkin_cmake_args': None, 'catkin_skip_building_tests': False, 'cmake_args': None, 'cmake_clean_cache': False, 'cmake_clean_first': False, 'cmake_force_configure': False, 'cmake_target': None, 'cmake_target_skip_unavailable': False, 'install_base': '/workspaces/workspaces/Christiano_Roboto/ainex_project/install/ainex_motion', 'merge_install': False, 'path': '/workspaces/workspaces/Christiano_Roboto/ainex_project/src/ainex_motion', 'symlink_install': True, 'test_result_base': None}
[0.202s] Level 5:colcon.colcon_core.verb:set package 'whole_body_control' build argument 'cmake_args' from command line to 'None'
[0.202s] Level 5:colcon.colcon_core.verb:set package 'whole_body_control' build argument 'cmake_target' from command line to 'None'
[0.202s] Level 5:colcon.colcon_core.verb:set package 'whole_body_control' build argument 'cmake_target_skip_unavailable' from command line to 'False'
[0.202s] Level 5:colcon.colcon_core.verb:set package 'whole_body_control' build argument 'cmake_clean_cache' from command line to 'False'
[0.202s] Level 5:colcon.colcon_core.verb:set package 'whole_body_control' build argument 'cmake_clean_first' from command line to 'False'
[0.202s] Level 5:colcon.colcon_core.verb:set package 'whole_body_control' build argument 'cmake_force_configure' from command line to 'False'
[0.202s] Level 5:colcon.colcon_core.verb:set package 'whole_body_control' build argument 'ament_cmake_args' from command line to 'None'
[0.202s] Level 5:colcon.colcon_core.verb:set package 'whole_body_control' build argument 'catkin_cmake_args' from command line to 'None'
[0.202s] Level 5:colcon.colcon_core.verb:set package 'whole_body_control' build argument 'catkin_skip_building_tests' from command line to 'False'
[0.202s] DEBUG:colcon.colcon_core.verb:Building package 'whole_body_control' with the following arguments: {'ament_cmake_args': None, 'build_base': '/workspaces/workspaces/Christiano_Roboto/ainex_project/build/whole_body_control', 'catkin_cmake_args': None, 'catkin_skip_building_tests': False, 'cmake_args': None, 'cmake_clean_cache': False, 'cmake_clean_first': False, 'cmake_force_configure': False, 'cmake_target': None, 'cmake_target_skip_unavailable': False, 'install_base': '/workspaces/workspaces/Christiano_Roboto/ainex_project/install/whole_body_control', 'merge_install': False, 'path': '/workspaces/workspaces/Christiano_Roboto/ainex_project/src/whole_body_control', 'symlink_install': True, 'test_result_base': None}
[0.202s] INFO:colcon.colcon_core.executor:Executing jobs using 'parallel' executor
[0.203s] DEBUG:colcon.colcon_parallel_executor.executor.parallel:run_until_complete
[0.203s] INFO:colcon.colcon_ros.task.ament_cmake.build:Building ROS package in '/workspaces/workspaces/Christiano_Roboto/ainex_project/src/servo_service' with build type 'ament_cmake'
[0.203s] INFO:colcon.colcon_cmake.task.cmake.build:Building CMake package in '/workspaces/workspaces/Christiano_Roboto/ainex_project/src/servo_service'
[0.205s] INFO:colcon.colcon_core.plugin_system:Skipping extension 'colcon_core.shell.bat': Not used on non-Windows systems
[0.205s] INFO:colcon.colcon_core.shell:Skip shell extension 'powershell' for command environment: Not usable outside of PowerShell
[0.205s] DEBUG:colcon.colcon_core.shell:Skip shell extension 'dsv' for command environment
[0.206s] WARNING:colcon.colcon_ros.prefix_path.ament:The path '/workspaces/workspaces/Christiano_Roboto/ainex_project/install/whole_body_control' in the environment variable AMENT_PREFIX_PATH doesn't exist
[0.206s] WARNING:colcon.colcon_ros.prefix_path.ament:The path '/workspaces/workspaces/Christiano_Roboto/ainex_project/install/simulator' in the environment variable AMENT_PREFIX_PATH doesn't exist
[0.206s] WARNING:colcon.colcon_ros.prefix_path.ament:The path '/workspaces/workspaces/Christiano_Roboto/ainex_project/install/ainex_motion' in the environment variable AMENT_PREFIX_PATH doesn't exist
[0.206s] WARNING:colcon.colcon_ros.prefix_path.ament:The path '/workspaces/workspaces/Christiano_Roboto/ainex_project/install/servo_service' in the environment variable AMENT_PREFIX_PATH doesn't exist
[0.206s] WARNING:colcon.colcon_ros.prefix_path.ament:The path '/workspaces/workspaces/Christiano_Roboto/ainex_project/install/ainex_vision' in the environment variable AMENT_PREFIX_PATH doesn't exist
[0.207s] WARNING:colcon.colcon_ros.prefix_path.ament:The path '/workspaces/workspaces/Christiano_Roboto/ainex_project/install/ainex_description' in the environment variable AMENT_PREFIX_PATH doesn't exist
[0.207s] WARNING:colcon.colcon_ros.prefix_path.catkin:The path '/workspaces/workspaces/Christiano_Roboto/ainex_project/install/servo_service' in the environment variable CMAKE_PREFIX_PATH doesn't exist
[0.207s] WARNING:colcon.colcon_ros.prefix_path.catkin:The path '/workspaces/workspaces/Christiano_Roboto/ainex_project/install/ainex_description' in the environment variable CMAKE_PREFIX_PATH doesn't exist
[0.211s] INFO:colcon.colcon_ros.task.ament_python.build:Building ROS package in '/workspaces/workspaces/Christiano_Roboto/ainex_project/src/simulator' with build type 'ament_python'
[0.211s] Level 1:colcon.colcon_core.shell:create_environment_hook('simulator', 'ament_prefix_path')
[0.211s] INFO:colcon.colcon_core.shell:Creating environment hook '/workspaces/workspaces/Christiano_Roboto/ainex_project/install/simulator/share/simulator/hook/ament_prefix_path.ps1'
[0.212s] INFO:colcon.colcon_core.shell:Creating environment descriptor '/workspaces/workspaces/Christiano_Roboto/ainex_project/install/simulator/share/simulator/hook/ament_prefix_path.dsv'
[0.213s] INFO:colcon.colcon_core.shell:Creating environment hook '/workspaces/workspaces/Christiano_Roboto/ainex_project/install/simulator/share/simulator/hook/ament_prefix_path.sh'
[0.213s] INFO:colcon.colcon_core.shell:Skip shell extension 'powershell' for command environment: Not usable outside of PowerShell
[0.213s] DEBUG:colcon.colcon_core.shell:Skip shell extension 'dsv' for command environment
[0.217s] INFO:colcon.colcon_ros.task.ament_cmake.build:Building ROS package in '/workspaces/workspaces/Christiano_Roboto/ainex_project/src/ainex_description' with build type 'ament_cmake'
[0.218s] INFO:colcon.colcon_cmake.task.cmake.build:Building CMake package in '/workspaces/workspaces/Christiano_Roboto/ainex_project/src/ainex_description'
[0.218s] INFO:colcon.colcon_core.shell:Skip shell extension 'powershell' for command environment: Not usable outside of PowerShell
[0.218s] DEBUG:colcon.colcon_core.shell:Skip shell extension 'dsv' for command environment
[0.223s] INFO:colcon.colcon_ros.task.ament_python.build:Building ROS package in '/workspaces/workspaces/Christiano_Roboto/ainex_project/src/ainex_vision' with build type 'ament_python'
[0.224s] Level 1:colcon.colcon_core.shell:create_environment_hook('ainex_vision', 'ament_prefix_path')
[0.224s] INFO:colcon.colcon_core.shell:Creating environment hook '/workspaces/workspaces/Christiano_Roboto/ainex_project/install/ainex_vision/share/ainex_vision/hook/ament_prefix_path.ps1'
[0.225s] INFO:colcon.colcon_core.shell:Creating environment descriptor '/workspaces/workspaces/Christiano_Roboto/ainex_project/install/ainex_vision/share/ainex_vision/hook/ament_prefix_path.dsv'
[0.226s] INFO:colcon.colcon_core.shell:Creating environment hook '/workspaces/workspaces/Christiano_Roboto/ainex_project/install/ainex_vision/share/ainex_vision/hook/ament_prefix_path.sh'
[0.226s] INFO:colcon.colcon_core.shell:Skip shell extension 'powershell' for command environment: Not usable outside of PowerShell
[0.226s] DEBUG:colcon.colcon_core.shell:Skip shell extension 'dsv' for command environment
[0.239s] DEBUG:colcon.colcon_core.event_handler.log_command:Invoking command in '/workspaces/workspaces/Christiano_Roboto/ainex_project/build/servo_service': CMAKE_PREFIX_PATH=${CMAKE_PREFIX_PATH}:/workspaces/workspaces/Christiano_Roboto/ainex_project/install/whole_body_control:/workspaces/workspaces/Christiano_Roboto/ainex_project/install/simulator:/workspaces/workspaces/Christiano_Roboto/ainex_project/install/ainex_motion:/workspaces/workspaces/Christiano_Roboto/ainex_project/install/ainex_vision:/opt/ros/rolling /usr/bin/cmake /workspaces/workspaces/Christiano_Roboto/ainex_project/src/servo_service -DAMENT_CMAKE_SYMLINK_INSTALL=1 -DCMAKE_INSTALL_PREFIX=/workspaces/workspaces/Christiano_Roboto/ainex_project/install/servo_service
[0.575s] INFO:colcon.colcon_core.task.python.build:Building Python package in '/workspaces/workspaces/Christiano_Roboto/ainex_project/src/simulator'
[0.576s] INFO:colcon.colcon_core.shell:Skip shell extension 'powershell' for command environment: Not usable outside of PowerShell
[0.576s] DEBUG:colcon.colcon_core.shell:Skip shell extension 'dsv' for command environment
[0.582s] DEBUG:colcon.colcon_core.event_handler.log_command:Invoking command in '/workspaces/workspaces/Christiano_Roboto/ainex_project/build/ainex_description': CMAKE_PREFIX_PATH=${CMAKE_PREFIX_PATH}:/workspaces/workspaces/Christiano_Roboto/ainex_project/install/whole_body_control:/workspaces/workspaces/Christiano_Roboto/ainex_project/install/simulator:/workspaces/workspaces/Christiano_Roboto/ainex_project/install/ainex_motion:/workspaces/workspaces/Christiano_Roboto/ainex_project/install/ainex_vision:/opt/ros/rolling /usr/bin/cmake /workspaces/workspaces/Christiano_Roboto/ainex_project/src/ainex_description -DAMENT_CMAKE_SYMLINK_INSTALL=1 -DCMAKE_INSTALL_PREFIX=/workspaces/workspaces/Christiano_Roboto/ainex_project/install/ainex_description
[0.930s] INFO:colcon.colcon_core.task.python.build:Building Python package in '/workspaces/workspaces/Christiano_Roboto/ainex_project/src/ainex_vision'
[0.930s] INFO:colcon.colcon_core.shell:Skip shell extension 'powershell' for command environment: Not usable outside of PowerShell
[0.930s] DEBUG:colcon.colcon_core.shell:Skip shell extension 'dsv' for command environment
[2.059s] DEBUG:colcon.colcon_core.event_handler.log_command:Invoking command in '/workspaces/workspaces/Christiano_Roboto/ainex_project/build/simulator': PYTHONPATH=/workspaces/workspaces/Christiano_Roboto/ainex_project/build/simulator/prefix_override:/usr/lib/python3/dist-packages/colcon_core/task/python/colcon_distutils_commands:/workspaces/workspaces/Christiano_Roboto/ainex_project/install/simulator/lib/python3.12/site-packages:${PYTHONPATH} /usr/bin/python3 -W ignore:setup.py install is deprecated -W ignore:easy_install command is deprecated setup.py develop --editable --build-directory /workspaces/workspaces/Christiano_Roboto/ainex_project/build/simulator/build --no-deps symlink_data
[2.142s] DEBUG:colcon.colcon_core.event_handler.log_command:Invoking command in '/workspaces/workspaces/Christiano_Roboto/ainex_project/build/ainex_vision': PYTHONPATH=/workspaces/workspaces/Christiano_Roboto/ainex_project/build/ainex_vision/prefix_override:/usr/lib/python3/dist-packages/colcon_core/task/python/colcon_distutils_commands:/workspaces/workspaces/Christiano_Roboto/ainex_project/install/ainex_vision/lib/python3.12/site-packages:${PYTHONPATH} /usr/bin/python3 -W ignore:setup.py install is deprecated -W ignore:easy_install command is deprecated setup.py develop --editable --build-directory /workspaces/workspaces/Christiano_Roboto/ainex_project/build/ainex_vision/build --no-deps symlink_data
[2.285s] DEBUG:colcon.colcon_core.event_handler.log_command:Invoked command in '/workspaces/workspaces/Christiano_Roboto/ainex_project/build/ainex_description' returned '0': CMAKE_PREFIX_PATH=${CMAKE_PREFIX_PATH}:/workspaces/workspaces/Christiano_Roboto/ainex_project/install/whole_body_control:/workspaces/workspaces/Christiano_Roboto/ainex_project/install/simulator:/workspaces/workspaces/Christiano_Roboto/ainex_project/install/ainex_motion:/workspaces/workspaces/Christiano_Roboto/ainex_project/install/ainex_vision:/opt/ros/rolling /usr/bin/cmake /workspaces/workspaces/Christiano_Roboto/ainex_project/src/ainex_description -DAMENT_CMAKE_SYMLINK_INSTALL=1 -DCMAKE_INSTALL_PREFIX=/workspaces/workspaces/Christiano_Roboto/ainex_project/install/ainex_description
[2.288s] DEBUG:colcon.colcon_core.event_handler.log_command:Invoking command in '/workspaces/workspaces/Christiano_Roboto/ainex_project/build/ainex_description': CMAKE_PREFIX_PATH=${CMAKE_PREFIX_PATH}:/workspaces/workspaces/Christiano_Roboto/ainex_project/install/whole_body_control:/workspaces/workspaces/Christiano_Roboto/ainex_project/install/simulator:/workspaces/workspaces/Christiano_Roboto/ainex_project/install/ainex_motion:/workspaces/workspaces/Christiano_Roboto/ainex_project/install/ainex_vision:/opt/ros/rolling /usr/bin/cmake --build /workspaces/workspaces/Christiano_Roboto/ainex_project/build/ainex_description -- -j8 -l8
[2.389s] DEBUG:colcon.colcon_core.event_handler.log_command:Invoked command in '/workspaces/workspaces/Christiano_Roboto/ainex_project/build/ainex_description' returned '0': CMAKE_PREFIX_PATH=${CMAKE_PREFIX_PATH}:/workspaces/workspaces/Christiano_Roboto/ainex_project/install/whole_body_control:/workspaces/workspaces/Christiano_Roboto/ainex_project/install/simulator:/workspaces/workspaces/Christiano_Roboto/ainex_project/install/ainex_motion:/workspaces/workspaces/Christiano_Roboto/ainex_project/install/ainex_vision:/opt/ros/rolling /usr/bin/cmake --build /workspaces/workspaces/Christiano_Roboto/ainex_project/build/ainex_description -- -j8 -l8
[2.410s] DEBUG:colcon.colcon_core.event_handler.log_command:Invoking command in '/workspaces/workspaces/Christiano_Roboto/ainex_project/build/ainex_description': CMAKE_PREFIX_PATH=${CMAKE_PREFIX_PATH}:/workspaces/workspaces/Christiano_Roboto/ainex_project/install/whole_body_control:/workspaces/workspaces/Christiano_Roboto/ainex_project/install/simulator:/workspaces/workspaces/Christiano_Roboto/ainex_project/install/ainex_motion:/workspaces/workspaces/Christiano_Roboto/ainex_project/install/ainex_vision:/opt/ros/rolling /usr/bin/cmake --install /workspaces/workspaces/Christiano_Roboto/ainex_project/build/ainex_description
[3.219s] Level 1:colcon.colcon_core.environment:create_environment_scripts_only(ainex_description)
[3.220s] DEBUG:colcon.colcon_core.event_handler.log_command:Invoked command in '/workspaces/workspaces/Christiano_Roboto/ainex_project/build/ainex_description' returned '0': CMAKE_PREFIX_PATH=${CMAKE_PREFIX_PATH}:/workspaces/workspaces/Christiano_Roboto/ainex_project/install/whole_body_control:/workspaces/workspaces/Christiano_Roboto/ainex_project/install/simulator:/workspaces/workspaces/Christiano_Roboto/ainex_project/install/ainex_motion:/workspaces/workspaces/Christiano_Roboto/ainex_project/install/ainex_vision:/opt/ros/rolling /usr/bin/cmake --install /workspaces/workspaces/Christiano_Roboto/ainex_project/build/ainex_description
[3.221s] Level 1:colcon.colcon_core.environment:checking '/workspaces/workspaces/Christiano_Roboto/ainex_project/install/ainex_description' for CMake module files
[3.222s] Level 1:colcon.colcon_core.environment:checking '/workspaces/workspaces/Christiano_Roboto/ainex_project/install/ainex_description' for CMake config files
[3.222s] Level 1:colcon.colcon_core.shell:create_environment_hook('ainex_description', 'cmake_prefix_path')
[3.222s] INFO:colcon.colcon_core.shell:Creating environment hook '/workspaces/workspaces/Christiano_Roboto/ainex_project/install/ainex_description/share/ainex_description/hook/cmake_prefix_path.ps1'
[3.223s] INFO:colcon.colcon_core.shell:Creating environment descriptor '/workspaces/workspaces/Christiano_Roboto/ainex_project/install/ainex_description/share/ainex_description/hook/cmake_prefix_path.dsv'
[3.223s] INFO:colcon.colcon_core.shell:Creating environment hook '/workspaces/workspaces/Christiano_Roboto/ainex_project/install/ainex_description/share/ainex_description/hook/cmake_prefix_path.sh'
[3.224s] Level 1:colcon.colcon_core.environment:checking '/workspaces/workspaces/Christiano_Roboto/ainex_project/install/ainex_description/bin'
[3.224s] Level 1:colcon.colcon_core.environment:checking '/workspaces/workspaces/Christiano_Roboto/ainex_project/install/ainex_description/lib/pkgconfig/ainex_description.pc'
[3.224s] Level 1:colcon.colcon_core.environment:checking '/workspaces/workspaces/Christiano_Roboto/ainex_project/install/ainex_description/lib/python3.12/site-packages'
[3.224s] Level 1:colcon.colcon_core.environment:checking '/workspaces/workspaces/Christiano_Roboto/ainex_project/install/ainex_description/bin'
[3.225s] INFO:colcon.colcon_core.shell:Creating package script '/workspaces/workspaces/Christiano_Roboto/ainex_project/install/ainex_description/share/ainex_description/package.ps1'
[3.225s] INFO:colcon.colcon_core.shell:Creating package descriptor '/workspaces/workspaces/Christiano_Roboto/ainex_project/install/ainex_description/share/ainex_description/package.dsv'
[3.226s] INFO:colcon.colcon_core.shell:Creating package script '/workspaces/workspaces/Christiano_Roboto/ainex_project/install/ainex_description/share/ainex_description/package.sh'
[3.227s] INFO:colcon.colcon_core.shell:Creating package script '/workspaces/workspaces/Christiano_Roboto/ainex_project/install/ainex_description/share/ainex_description/package.bash'
[3.228s] INFO:colcon.colcon_core.shell:Creating package script '/workspaces/workspaces/Christiano_Roboto/ainex_project/install/ainex_description/share/ainex_description/package.zsh'
[3.228s] Level 1:colcon.colcon_core.environment:create_file_with_runtime_dependencies(/workspaces/workspaces/Christiano_Roboto/ainex_project/install/ainex_description/share/colcon-core/packages/ainex_description)
[3.229s] Level 1:colcon.colcon_core.environment:create_environment_scripts_only(ainex_description)
[3.229s] Level 1:colcon.colcon_core.environment:checking '/workspaces/workspaces/Christiano_Roboto/ainex_project/install/ainex_description' for CMake module files
[3.230s] Level 1:colcon.colcon_core.environment:checking '/workspaces/workspaces/Christiano_Roboto/ainex_project/install/ainex_description' for CMake config files
[3.230s] Level 1:colcon.colcon_core.shell:create_environment_hook('ainex_description', 'cmake_prefix_path')
[3.231s] INFO:colcon.colcon_core.shell:Creating environment hook '/workspaces/workspaces/Christiano_Roboto/ainex_project/install/ainex_description/share/ainex_description/hook/cmake_prefix_path.ps1'
[3.231s] INFO:colcon.colcon_core.shell:Creating environment descriptor '/workspaces/workspaces/Christiano_Roboto/ainex_project/install/ainex_description/share/ainex_description/hook/cmake_prefix_path.dsv'
[3.232s] INFO:colcon.colcon_core.shell:Creating environment hook '/workspaces/workspaces/Christiano_Roboto/ainex_project/install/ainex_description/share/ainex_description/hook/cmake_prefix_path.sh'
[3.232s] Level 1:colcon.colcon_core.environment:checking '/workspaces/workspaces/Christiano_Roboto/ainex_project/install/ainex_description/bin'
[3.233s] Level 1:colcon.colcon_core.environment:checking '/workspaces/workspaces/Christiano_Roboto/ainex_project/install/ainex_description/lib/pkgconfig/ainex_description.pc'
[3.233s] Level 1:colcon.colcon_core.environment:checking '/workspaces/workspaces/Christiano_Roboto/ainex_project/install/ainex_description/lib/python3.12/site-packages'
[3.233s] Level 1:colcon.colcon_core.environment:checking '/workspaces/workspaces/Christiano_Roboto/ainex_project/install/ainex_description/bin'
[3.234s] INFO:colcon.colcon_core.shell:Creating package script '/workspaces/workspaces/Christiano_Roboto/ainex_project/install/ainex_description/share/ainex_description/package.ps1'
[3.234s] INFO:colcon.colcon_core.shell:Creating package descriptor '/workspaces/workspaces/Christiano_Roboto/ainex_project/install/ainex_description/share/ainex_description/package.dsv'
[3.235s] INFO:colcon.colcon_core.shell:Creating package script '/workspaces/workspaces/Christiano_Roboto/ainex_project/install/ainex_description/share/ainex_description/package.sh'
[3.236s] INFO:colcon.colcon_core.shell:Creating package script '/workspaces/workspaces/Christiano_Roboto/ainex_project/install/ainex_description/share/ainex_description/package.bash'
[3.236s] INFO:colcon.colcon_core.shell:Creating package script '/workspaces/workspaces/Christiano_Roboto/ainex_project/install/ainex_description/share/ainex_description/package.zsh'
[3.237s] Level 1:colcon.colcon_core.environment:create_file_with_runtime_dependencies(/workspaces/workspaces/Christiano_Roboto/ainex_project/install/ainex_description/share/colcon-core/packages/ainex_description)
[4.304s] Level 1:colcon.colcon_core.shell:create_environment_hook('ainex_vision', 'pythonpath_develop')
[4.305s] INFO:colcon.colcon_core.shell:Creating environment hook '/workspaces/workspaces/Christiano_Roboto/ainex_project/build/ainex_vision/share/ainex_vision/hook/pythonpath_develop.ps1'
[4.305s] DEBUG:colcon.colcon_core.event_handler.log_command:Invoked command in '/workspaces/workspaces/Christiano_Roboto/ainex_project/build/ainex_vision' returned '0': PYTHONPATH=/workspaces/workspaces/Christiano_Roboto/ainex_project/build/ainex_vision/prefix_override:/usr/lib/python3/dist-packages/colcon_core/task/python/colcon_distutils_commands:/workspaces/workspaces/Christiano_Roboto/ainex_project/install/ainex_vision/lib/python3.12/site-packages:${PYTHONPATH} /usr/bin/python3 -W ignore:setup.py install is deprecated -W ignore:easy_install command is deprecated setup.py develop --editable --build-directory /workspaces/workspaces/Christiano_Roboto/ainex_project/build/ainex_vision/build --no-deps symlink_data
[4.306s] INFO:colcon.colcon_core.shell:Creating environment descriptor '/workspaces/workspaces/Christiano_Roboto/ainex_project/build/ainex_vision/share/ainex_vision/hook/pythonpath_develop.dsv'
[4.306s] INFO:colcon.colcon_core.shell:Creating environment hook '/workspaces/workspaces/Christiano_Roboto/ainex_project/build/ainex_vision/share/ainex_vision/hook/pythonpath_develop.sh'
[4.306s] Level 1:colcon.colcon_core.environment:checking '/workspaces/workspaces/Christiano_Roboto/ainex_project/install/ainex_vision' for CMake module files
[4.307s] Level 1:colcon.colcon_core.environment:checking '/workspaces/workspaces/Christiano_Roboto/ainex_project/install/ainex_vision' for CMake config files
[4.307s] Level 1:colcon.colcon_core.environment:checking '/workspaces/workspaces/Christiano_Roboto/ainex_project/install/ainex_vision/lib'
[4.308s] Level 1:colcon.colcon_core.environment:checking '/workspaces/workspaces/Christiano_Roboto/ainex_project/install/ainex_vision/bin'
[4.308s] Level 1:colcon.colcon_core.environment:checking '/workspaces/workspaces/Christiano_Roboto/ainex_project/install/ainex_vision/lib/pkgconfig/ainex_vision.pc'
[4.308s] Level 1:colcon.colcon_core.environment:checking '/workspaces/workspaces/Christiano_Roboto/ainex_project/install/ainex_vision/lib/python3.12/site-packages'
[4.308s] Level 1:colcon.colcon_core.shell:create_environment_hook('ainex_vision', 'pythonpath')
[4.308s] INFO:colcon.colcon_core.shell:Creating environment hook '/workspaces/workspaces/Christiano_Roboto/ainex_project/install/ainex_vision/share/ainex_vision/hook/pythonpath.ps1'
[4.308s] INFO:colcon.colcon_core.shell:Creating environment descriptor '/workspaces/workspaces/Christiano_Roboto/ainex_project/install/ainex_vision/share/ainex_vision/hook/pythonpath.dsv'
[4.309s] INFO:colcon.colcon_core.shell:Creating environment hook '/workspaces/workspaces/Christiano_Roboto/ainex_project/install/ainex_vision/share/ainex_vision/hook/pythonpath.sh'
[4.309s] Level 1:colcon.colcon_core.environment:checking '/workspaces/workspaces/Christiano_Roboto/ainex_project/install/ainex_vision/bin'
[4.309s] Level 1:colcon.colcon_core.environment:create_environment_scripts_only(ainex_vision)
[4.310s] INFO:colcon.colcon_core.shell:Creating package script '/workspaces/workspaces/Christiano_Roboto/ainex_project/install/ainex_vision/share/ainex_vision/package.ps1'
[4.310s] INFO:colcon.colcon_core.shell:Creating package descriptor '/workspaces/workspaces/Christiano_Roboto/ainex_project/install/ainex_vision/share/ainex_vision/package.dsv'
[4.311s] INFO:colcon.colcon_core.shell:Creating package script '/workspaces/workspaces/Christiano_Roboto/ainex_project/install/ainex_vision/share/ainex_vision/package.sh'
[4.311s] INFO:colcon.colcon_core.shell:Creating package script '/workspaces/workspaces/Christiano_Roboto/ainex_project/install/ainex_vision/share/ainex_vision/package.bash'
[4.311s] INFO:colcon.colcon_core.shell:Creating package script '/workspaces/workspaces/Christiano_Roboto/ainex_project/install/ainex_vision/share/ainex_vision/package.zsh'
[4.312s] Level 1:colcon.colcon_core.environment:create_file_with_runtime_dependencies(/workspaces/workspaces/Christiano_Roboto/ainex_project/install/ainex_vision/share/colcon-core/packages/ainex_vision)
[4.319s] Level 1:colcon.colcon_core.shell:create_environment_hook('simulator', 'pythonpath_develop')
[4.319s] INFO:colcon.colcon_core.shell:Creating environment hook '/workspaces/workspaces/Christiano_Roboto/ainex_project/build/simulator/share/simulator/hook/pythonpath_develop.ps1'
[4.319s] DEBUG:colcon.colcon_core.event_handler.log_command:Invoked command in '/workspaces/workspaces/Christiano_Roboto/ainex_project/build/simulator' returned '0': PYTHONPATH=/workspaces/workspaces/Christiano_Roboto/ainex_project/build/simulator/prefix_override:/usr/lib/python3/dist-packages/colcon_core/task/python/colcon_distutils_commands:/workspaces/workspaces/Christiano_Roboto/ainex_project/install/simulator/lib/python3.12/site-packages:${PYTHONPATH} /usr/bin/python3 -W ignore:setup.py install is deprecated -W ignore:easy_install command is deprecated setup.py develop --editable --build-directory /workspaces/workspaces/Christiano_Roboto/ainex_project/build/simulator/build --no-deps symlink_data
[4.320s] INFO:colcon.colcon_core.shell:Creating environment descriptor '/workspaces/workspaces/Christiano_Roboto/ainex_project/build/simulator/share/simulator/hook/pythonpath_develop.dsv'
[4.320s] INFO:colcon.colcon_core.shell:Creating environment hook '/workspaces/workspaces/Christiano_Roboto/ainex_project/build/simulator/share/simulator/hook/pythonpath_develop.sh'
[4.321s] Level 1:colcon.colcon_core.environment:checking '/workspaces/workspaces/Christiano_Roboto/ainex_project/install/simulator' for CMake module files
[4.322s] Level 1:colcon.colcon_core.environment:checking '/workspaces/workspaces/Christiano_Roboto/ainex_project/install/simulator' for CMake config files
[4.323s] Level 1:colcon.colcon_core.environment:checking '/workspaces/workspaces/Christiano_Roboto/ainex_project/install/simulator/lib'
[4.323s] Level 1:colcon.colcon_core.environment:checking '/workspaces/workspaces/Christiano_Roboto/ainex_project/install/simulator/bin'
[4.323s] Level 1:colcon.colcon_core.environment:checking '/workspaces/workspaces/Christiano_Roboto/ainex_project/install/simulator/lib/pkgconfig/simulator.pc'
[4.324s] Level 1:colcon.colcon_core.environment:checking '/workspaces/workspaces/Christiano_Roboto/ainex_project/install/simulator/lib/python3.12/site-packages'
[4.324s] Level 1:colcon.colcon_core.shell:create_environment_hook('simulator', 'pythonpath')
[4.324s] INFO:colcon.colcon_core.shell:Creating environment hook '/workspaces/workspaces/Christiano_Roboto/ainex_project/install/simulator/share/simulator/hook/pythonpath.ps1'
[4.325s] INFO:colcon.colcon_core.shell:Creating environment descriptor '/workspaces/workspaces/Christiano_Roboto/ainex_project/install/simulator/share/simulator/hook/pythonpath.dsv'
[4.326s] INFO:colcon.colcon_core.shell:Creating environment hook '/workspaces/workspaces/Christiano_Roboto/ainex_project/install/simulator/share/simulator/hook/pythonpath.sh'
[4.328s] Level 1:colcon.colcon_core.environment:checking '/workspaces/workspaces/Christiano_Roboto/ainex_project/install/simulator/bin'
[4.328s] Level 1:colcon.colcon_core.environment:create_environment_scripts_only(simulator)
[4.328s] INFO:colcon.colcon_core.shell:Creating package script '/workspaces/workspaces/Christiano_Roboto/ainex_project/install/simulator/share/simulator/package.ps1'
[4.329s] INFO:colcon.colcon_core.shell:Creating package descriptor '/workspaces/workspaces/Christiano_Roboto/ainex_project/install/simulator/share/simulator/package.dsv'
[4.330s] INFO:colcon.colcon_core.shell:Creating package script '/workspaces/workspaces/Christiano_Roboto/ainex_project/install/simulator/share/simulator/package.sh'
[4.330s] INFO:colcon.colcon_core.shell:Creating package script '/workspaces/workspaces/Christiano_Roboto/ainex_project/install/simulator/share/simulator/package.bash'
[4.331s] INFO:colcon.colcon_core.shell:Creating package script '/workspaces/workspaces/Christiano_Roboto/ainex_project/install/simulator/share/simulator/package.zsh'
[4.331s] Level 1:colcon.colcon_core.environment:create_file_with_runtime_dependencies(/workspaces/workspaces/Christiano_Roboto/ainex_project/install/simulator/share/colcon-core/packages/simulator)
[6.157s] DEBUG:colcon.colcon_core.event_handler.log_command:Invoked command in '/workspaces/workspaces/Christiano_Roboto/ainex_project/build/servo_service' returned '0': CMAKE_PREFIX_PATH=${CMAKE_PREFIX_PATH}:/workspaces/workspaces/Christiano_Roboto/ainex_project/install/whole_body_control:/workspaces/workspaces/Christiano_Roboto/ainex_project/install/simulator:/workspaces/workspaces/Christiano_Roboto/ainex_project/install/ainex_motion:/workspaces/workspaces/Christiano_Roboto/ainex_project/install/ainex_vision:/opt/ros/rolling /usr/bin/cmake /workspaces/workspaces/Christiano_Roboto/ainex_project/src/servo_service -DAMENT_CMAKE_SYMLINK_INSTALL=1 -DCMAKE_INSTALL_PREFIX=/workspaces/workspaces/Christiano_Roboto/ainex_project/install/servo_service
[6.158s] DEBUG:colcon.colcon_core.event_handler.log_command:Invoking command in '/workspaces/workspaces/Christiano_Roboto/ainex_project/build/servo_service': CMAKE_PREFIX_PATH=${CMAKE_PREFIX_PATH}:/workspaces/workspaces/Christiano_Roboto/ainex_project/install/whole_body_control:/workspaces/workspaces/Christiano_Roboto/ainex_project/install/simulator:/workspaces/workspaces/Christiano_Roboto/ainex_project/install/ainex_motion:/workspaces/workspaces/Christiano_Roboto/ainex_project/install/ainex_vision:/opt/ros/rolling /usr/bin/cmake --build /workspaces/workspaces/Christiano_Roboto/ainex_project/build/servo_service -- -j8 -l8
[23.373s] DEBUG:colcon.colcon_core.event_handler.log_command:Invoked command in '/workspaces/workspaces/Christiano_Roboto/ainex_project/build/servo_service' returned '0': CMAKE_PREFIX_PATH=${CMAKE_PREFIX_PATH}:/workspaces/workspaces/Christiano_Roboto/ainex_project/install/whole_body_control:/workspaces/workspaces/Christiano_Roboto/ainex_project/install/simulator:/workspaces/workspaces/Christiano_Roboto/ainex_project/install/ainex_motion:/workspaces/workspaces/Christiano_Roboto/ainex_project/install/ainex_vision:/opt/ros/rolling /usr/bin/cmake --build /workspaces/workspaces/Christiano_Roboto/ainex_project/build/servo_service -- -j8 -l8
[23.374s] DEBUG:colcon.colcon_core.event_handler.log_command:Invoking command in '/workspaces/workspaces/Christiano_Roboto/ainex_project/build/servo_service': CMAKE_PREFIX_PATH=${CMAKE_PREFIX_PATH}:/workspaces/workspaces/Christiano_Roboto/ainex_project/install/whole_body_control:/workspaces/workspaces/Christiano_Roboto/ainex_project/install/simulator:/workspaces/workspaces/Christiano_Roboto/ainex_project/install/ainex_motion:/workspaces/workspaces/Christiano_Roboto/ainex_project/install/ainex_vision:/opt/ros/rolling /usr/bin/cmake --install /workspaces/workspaces/Christiano_Roboto/ainex_project/build/servo_service
[26.788s] Level 1:colcon.colcon_core.environment:create_environment_scripts_only(servo_service)
[26.788s] Level 1:colcon.colcon_core.environment:checking '/workspaces/workspaces/Christiano_Roboto/ainex_project/install/servo_service' for CMake module files
[26.789s] DEBUG:colcon.colcon_core.event_handler.log_command:Invoked command in '/workspaces/workspaces/Christiano_Roboto/ainex_project/build/servo_service' returned '0': CMAKE_PREFIX_PATH=${CMAKE_PREFIX_PATH}:/workspaces/workspaces/Christiano_Roboto/ainex_project/install/whole_body_control:/workspaces/workspaces/Christiano_Roboto/ainex_project/install/simulator:/workspaces/workspaces/Christiano_Roboto/ainex_project/install/ainex_motion:/workspaces/workspaces/Christiano_Roboto/ainex_project/install/ainex_vision:/opt/ros/rolling /usr/bin/cmake --install /workspaces/workspaces/Christiano_Roboto/ainex_project/build/servo_service
[26.789s] Level 1:colcon.colcon_core.environment:checking '/workspaces/workspaces/Christiano_Roboto/ainex_project/install/servo_service' for CMake config files
[26.790s] Level 1:colcon.colcon_core.shell:create_environment_hook('servo_service', 'cmake_prefix_path')
[26.790s] INFO:colcon.colcon_core.shell:Creating environment hook '/workspaces/workspaces/Christiano_Roboto/ainex_project/install/servo_service/share/servo_service/hook/cmake_prefix_path.ps1'
[26.791s] INFO:colcon.colcon_core.shell:Creating environment descriptor '/workspaces/workspaces/Christiano_Roboto/ainex_project/install/servo_service/share/servo_service/hook/cmake_prefix_path.dsv'
[26.791s] INFO:colcon.colcon_core.shell:Creating environment hook '/workspaces/workspaces/Christiano_Roboto/ainex_project/install/servo_service/share/servo_service/hook/cmake_prefix_path.sh'
[26.792s] Level 1:colcon.colcon_core.environment:checking '/workspaces/workspaces/Christiano_Roboto/ainex_project/install/servo_service/lib'
[26.792s] Level 1:colcon.colcon_core.shell:create_environment_hook('servo_service', 'ld_library_path_lib')
[26.792s] INFO:colcon.colcon_core.shell:Creating environment hook '/workspaces/workspaces/Christiano_Roboto/ainex_project/install/servo_service/share/servo_service/hook/ld_library_path_lib.ps1'
[26.792s] INFO:colcon.colcon_core.shell:Creating environment descriptor '/workspaces/workspaces/Christiano_Roboto/ainex_project/install/servo_service/share/servo_service/hook/ld_library_path_lib.dsv'
[26.792s] INFO:colcon.colcon_core.shell:Creating environment hook '/workspaces/workspaces/Christiano_Roboto/ainex_project/install/servo_service/share/servo_service/hook/ld_library_path_lib.sh'
[26.793s] Level 1:colcon.colcon_core.environment:checking '/workspaces/workspaces/Christiano_Roboto/ainex_project/install/servo_service/bin'
[26.793s] Level 1:colcon.colcon_core.environment:checking '/workspaces/workspaces/Christiano_Roboto/ainex_project/install/servo_service/lib/pkgconfig/servo_service.pc'
[26.793s] Level 1:colcon.colcon_core.environment:checking '/workspaces/workspaces/Christiano_Roboto/ainex_project/install/servo_service/lib/python3.12/site-packages'
[26.794s] Level 1:colcon.colcon_core.shell:create_environment_hook('servo_service', 'pythonpath')
[26.794s] INFO:colcon.colcon_core.shell:Creating environment hook '/workspaces/workspaces/Christiano_Roboto/ainex_project/install/servo_service/share/servo_service/hook/pythonpath.ps1'
[26.794s] INFO:colcon.colcon_core.shell:Creating environment descriptor '/workspaces/workspaces/Christiano_Roboto/ainex_project/install/servo_service/share/servo_service/hook/pythonpath.dsv'
[26.794s] INFO:colcon.colcon_core.shell:Creating environment hook '/workspaces/workspaces/Christiano_Roboto/ainex_project/install/servo_service/share/servo_service/hook/pythonpath.sh'
[26.795s] Level 1:colcon.colcon_core.environment:checking '/workspaces/workspaces/Christiano_Roboto/ainex_project/install/servo_service/bin'
[26.795s] INFO:colcon.colcon_core.shell:Creating package script '/workspaces/workspaces/Christiano_Roboto/ainex_project/install/servo_service/share/servo_service/package.ps1'
[26.797s] INFO:colcon.colcon_core.shell:Creating package descriptor '/workspaces/workspaces/Christiano_Roboto/ainex_project/install/servo_service/share/servo_service/package.dsv'
[26.798s] INFO:colcon.colcon_core.shell:Creating package script '/workspaces/workspaces/Christiano_Roboto/ainex_project/install/servo_service/share/servo_service/package.sh'
[26.798s] INFO:colcon.colcon_core.shell:Creating package script '/workspaces/workspaces/Christiano_Roboto/ainex_project/install/servo_service/share/servo_service/package.bash'
[26.799s] INFO:colcon.colcon_core.shell:Creating package script '/workspaces/workspaces/Christiano_Roboto/ainex_project/install/servo_service/share/servo_service/package.zsh'
[26.799s] Level 1:colcon.colcon_core.environment:create_file_with_runtime_dependencies(/workspaces/workspaces/Christiano_Roboto/ainex_project/install/servo_service/share/colcon-core/packages/servo_service)
[26.800s] Level 1:colcon.colcon_core.environment:create_environment_scripts_only(servo_service)
[26.800s] Level 1:colcon.colcon_core.environment:checking '/workspaces/workspaces/Christiano_Roboto/ainex_project/install/servo_service' for CMake module files
[26.802s] Level 1:colcon.colcon_core.environment:checking '/workspaces/workspaces/Christiano_Roboto/ainex_project/install/servo_service' for CMake config files
[26.803s] Level 1:colcon.colcon_core.shell:create_environment_hook('servo_service', 'cmake_prefix_path')
[26.803s] INFO:colcon.colcon_core.shell:Creating environment hook '/workspaces/workspaces/Christiano_Roboto/ainex_project/install/servo_service/share/servo_service/hook/cmake_prefix_path.ps1'
[26.804s] INFO:colcon.colcon_core.shell:Creating environment descriptor '/workspaces/workspaces/Christiano_Roboto/ainex_project/install/servo_service/share/servo_service/hook/cmake_prefix_path.dsv'
[26.804s] INFO:colcon.colcon_core.shell:Creating environment hook '/workspaces/workspaces/Christiano_Roboto/ainex_project/install/servo_service/share/servo_service/hook/cmake_prefix_path.sh'
[26.805s] Level 1:colcon.colcon_core.environment:checking '/workspaces/workspaces/Christiano_Roboto/ainex_project/install/servo_service/lib'
[26.805s] Level 1:colcon.colcon_core.shell:create_environment_hook('servo_service', 'ld_library_path_lib')
[26.805s] INFO:colcon.colcon_core.shell:Creating environment hook '/workspaces/workspaces/Christiano_Roboto/ainex_project/install/servo_service/share/servo_service/hook/ld_library_path_lib.ps1'
[26.806s] INFO:colcon.colcon_core.shell:Creating environment descriptor '/workspaces/workspaces/Christiano_Roboto/ainex_project/install/servo_service/share/servo_service/hook/ld_library_path_lib.dsv'
[26.806s] INFO:colcon.colcon_core.shell:Creating environment hook '/workspaces/workspaces/Christiano_Roboto/ainex_project/install/servo_service/share/servo_service/hook/ld_library_path_lib.sh'
[26.807s] Level 1:colcon.colcon_core.environment:checking '/workspaces/workspaces/Christiano_Roboto/ainex_project/install/servo_service/bin'
[26.807s] Level 1:colcon.colcon_core.environment:checking '/workspaces/workspaces/Christiano_Roboto/ainex_project/install/servo_service/lib/pkgconfig/servo_service.pc'
[26.807s] Level 1:colcon.colcon_core.environment:checking '/workspaces/workspaces/Christiano_Roboto/ainex_project/install/servo_service/lib/python3.12/site-packages'
[26.807s] Level 1:colcon.colcon_core.shell:create_environment_hook('servo_service', 'pythonpath')
[26.808s] INFO:colcon.colcon_core.shell:Creating environment hook '/workspaces/workspaces/Christiano_Roboto/ainex_project/install/servo_service/share/servo_service/hook/pythonpath.ps1'
[26.808s] INFO:colcon.colcon_core.shell:Creating environment descriptor '/workspaces/workspaces/Christiano_Roboto/ainex_project/install/servo_service/share/servo_service/hook/pythonpath.dsv'
[26.809s] INFO:colcon.colcon_core.shell:Creating environment hook '/workspaces/workspaces/Christiano_Roboto/ainex_project/install/servo_service/share/servo_service/hook/pythonpath.sh'
[26.809s] Level 1:colcon.colcon_core.environment:checking '/workspaces/workspaces/Christiano_Roboto/ainex_project/install/servo_service/bin'
[26.810s] INFO:colcon.colcon_core.shell:Creating package script '/workspaces/workspaces/Christiano_Roboto/ainex_project/install/servo_service/share/servo_service/package.ps1'
[26.811s] INFO:colcon.colcon_core.shell:Creating package descriptor '/workspaces/workspaces/Christiano_Roboto/ainex_project/install/servo_service/share/servo_service/package.dsv'
[26.811s] INFO:colcon.colcon_core.shell:Creating package script '/workspaces/workspaces/Christiano_Roboto/ainex_project/install/servo_service/share/servo_service/package.sh'
[26.812s] INFO:colcon.colcon_core.shell:Creating package script '/workspaces/workspaces/Christiano_Roboto/ainex_project/install/servo_service/share/servo_service/package.bash'
[26.813s] INFO:colcon.colcon_core.shell:Creating package script '/workspaces/workspaces/Christiano_Roboto/ainex_project/install/servo_service/share/servo_service/package.zsh'
[26.813s] Level 1:colcon.colcon_core.environment:create_file_with_runtime_dependencies(/workspaces/workspaces/Christiano_Roboto/ainex_project/install/servo_service/share/colcon-core/packages/servo_service)
[26.814s] INFO:colcon.colcon_ros.task.ament_python.build:Building ROS package in '/workspaces/workspaces/Christiano_Roboto/ainex_project/src/ainex_motion' with build type 'ament_python'
[26.814s] Level 1:colcon.colcon_core.shell:create_environment_hook('ainex_motion', 'ament_prefix_path')
[26.814s] INFO:colcon.colcon_core.shell:Creating environment hook '/workspaces/workspaces/Christiano_Roboto/ainex_project/install/ainex_motion/share/ainex_motion/hook/ament_prefix_path.ps1'
[26.815s] INFO:colcon.colcon_core.shell:Creating environment descriptor '/workspaces/workspaces/Christiano_Roboto/ainex_project/install/ainex_motion/share/ainex_motion/hook/ament_prefix_path.dsv'
[26.816s] INFO:colcon.colcon_core.shell:Creating environment hook '/workspaces/workspaces/Christiano_Roboto/ainex_project/install/ainex_motion/share/ainex_motion/hook/ament_prefix_path.sh'
[26.816s] INFO:colcon.colcon_core.shell:Skip shell extension 'powershell' for command environment: Not usable outside of PowerShell
[26.816s] DEBUG:colcon.colcon_core.shell:Skip shell extension 'dsv' for command environment
[27.142s] INFO:colcon.colcon_core.task.python.build:Building Python package in '/workspaces/workspaces/Christiano_Roboto/ainex_project/src/ainex_motion'
[27.142s] INFO:colcon.colcon_core.shell:Skip shell extension 'powershell' for command environment: Not usable outside of PowerShell
[27.142s] DEBUG:colcon.colcon_core.shell:Skip shell extension 'dsv' for command environment
[27.933s] DEBUG:colcon.colcon_core.event_handler.log_command:Invoking command in '/workspaces/workspaces/Christiano_Roboto/ainex_project/build/ainex_motion': PYTHONPATH=/workspaces/workspaces/Christiano_Roboto/ainex_project/build/ainex_motion/prefix_override:/usr/lib/python3/dist-packages/colcon_core/task/python/colcon_distutils_commands:/workspaces/workspaces/Christiano_Roboto/ainex_project/install/ainex_motion/lib/python3.12/site-packages:/workspaces/workspaces/Christiano_Roboto/ainex_project/install/servo_service/lib/python3.12/site-packages:/workspaces/workspaces/Christiano_Roboto/ainex_project/build/whole_body_control:/workspaces/workspaces/Christiano_Roboto/ainex_project/install/whole_body_control/lib/python3.12/site-packages:/workspaces/workspaces/Christiano_Roboto/ainex_project/build/simulator:/workspaces/workspaces/Christiano_Roboto/ainex_project/install/simulator/lib/python3.12/site-packages:/workspaces/workspaces/Christiano_Roboto/ainex_project/build/ainex_motion:/workspaces/workspaces/Christiano_Roboto/ainex_project/install/ainex_motion/lib/python3.12/site-packages:/workspaces/workspaces/Christiano_Roboto/ainex_project/build/ainex_vision:/workspaces/workspaces/Christiano_Roboto/ainex_project/install/ainex_vision/lib/python3.12/site-packages:/opt/openrobots/lib/python3.12/site-packages:/opt/openrobots/lib/python3.12/site-packages:/opt/ros/rolling/lib/python3.12/site-packages /usr/bin/python3 -W ignore:setup.py install is deprecated -W ignore:easy_install command is deprecated setup.py develop --editable --build-directory /workspaces/workspaces/Christiano_Roboto/ainex_project/build/ainex_motion/build --no-deps symlink_data
[29.470s] Level 1:colcon.colcon_core.shell:create_environment_hook('ainex_motion', 'pythonpath_develop')
[29.470s] INFO:colcon.colcon_core.shell:Creating environment hook '/workspaces/workspaces/Christiano_Roboto/ainex_project/build/ainex_motion/share/ainex_motion/hook/pythonpath_develop.ps1'
[29.470s] DEBUG:colcon.colcon_core.event_handler.log_command:Invoked command in '/workspaces/workspaces/Christiano_Roboto/ainex_project/build/ainex_motion' returned '0': PYTHONPATH=/workspaces/workspaces/Christiano_Roboto/ainex_project/build/ainex_motion/prefix_override:/usr/lib/python3/dist-packages/colcon_core/task/python/colcon_distutils_commands:/workspaces/workspaces/Christiano_Roboto/ainex_project/install/ainex_motion/lib/python3.12/site-packages:/workspaces/workspaces/Christiano_Roboto/ainex_project/install/servo_service/lib/python3.12/site-packages:/workspaces/workspaces/Christiano_Roboto/ainex_project/build/whole_body_control:/workspaces/workspaces/Christiano_Roboto/ainex_project/install/whole_body_control/lib/python3.12/site-packages:/workspaces/workspaces/Christiano_Roboto/ainex_project/build/simulator:/workspaces/workspaces/Christiano_Roboto/ainex_project/install/simulator/lib/python3.12/site-packages:/workspaces/workspaces/Christiano_Roboto/ainex_project/build/ainex_motion:/workspaces/workspaces/Christiano_Roboto/ainex_project/install/ainex_motion/lib/python3.12/site-packages:/workspaces/workspaces/Christiano_Roboto/ainex_project/build/ainex_vision:/workspaces/workspaces/Christiano_Roboto/ainex_project/install/ainex_vision/lib/python3.12/site-packages:/opt/openrobots/lib/python3.12/site-packages:/opt/openrobots/lib/python3.12/site-packages:/opt/ros/rolling/lib/python3.12/site-packages /usr/bin/python3 -W ignore:setup.py install is deprecated -W ignore:easy_install command is deprecated setup.py develop --editable --build-directory /workspaces/workspaces/Christiano_Roboto/ainex_project/build/ainex_motion/build --no-deps symlink_data
[29.471s] INFO:colcon.colcon_core.shell:Creating environment descriptor '/workspaces/workspaces/Christiano_Roboto/ainex_project/build/ainex_motion/share/ainex_motion/hook/pythonpath_develop.dsv'
[29.471s] INFO:colcon.colcon_core.shell:Creating environment hook '/workspaces/workspaces/Christiano_Roboto/ainex_project/build/ainex_motion/share/ainex_motion/hook/pythonpath_develop.sh'
[29.471s] Level 1:colcon.colcon_core.environment:checking '/workspaces/workspaces/Christiano_Roboto/ainex_project/install/ainex_motion' for CMake module files
[29.472s] Level 1:colcon.colcon_core.environment:checking '/workspaces/workspaces/Christiano_Roboto/ainex_project/install/ainex_motion' for CMake config files
[29.473s] Level 1:colcon.colcon_core.environment:checking '/workspaces/workspaces/Christiano_Roboto/ainex_project/install/ainex_motion/lib'
[29.473s] Level 1:colcon.colcon_core.environment:checking '/workspaces/workspaces/Christiano_Roboto/ainex_project/install/ainex_motion/bin'
[29.473s] Level 1:colcon.colcon_core.environment:checking '/workspaces/workspaces/Christiano_Roboto/ainex_project/install/ainex_motion/lib/pkgconfig/ainex_motion.pc'
[29.473s] Level 1:colcon.colcon_core.environment:checking '/workspaces/workspaces/Christiano_Roboto/ainex_project/install/ainex_motion/lib/python3.12/site-packages'
[29.474s] Level 1:colcon.colcon_core.shell:create_environment_hook('ainex_motion', 'pythonpath')
[29.474s] INFO:colcon.colcon_core.shell:Creating environment hook '/workspaces/workspaces/Christiano_Roboto/ainex_project/install/ainex_motion/share/ainex_motion/hook/pythonpath.ps1'
[29.474s] INFO:colcon.colcon_core.shell:Creating environment descriptor '/workspaces/workspaces/Christiano_Roboto/ainex_project/install/ainex_motion/share/ainex_motion/hook/pythonpath.dsv'
[29.475s] INFO:colcon.colcon_core.shell:Creating environment hook '/workspaces/workspaces/Christiano_Roboto/ainex_project/install/ainex_motion/share/ainex_motion/hook/pythonpath.sh'
[29.475s] Level 1:colcon.colcon_core.environment:checking '/workspaces/workspaces/Christiano_Roboto/ainex_project/install/ainex_motion/bin'
[29.475s] Level 1:colcon.colcon_core.environment:create_environment_scripts_only(ainex_motion)
[29.476s] INFO:colcon.colcon_core.shell:Creating package script '/workspaces/workspaces/Christiano_Roboto/ainex_project/install/ainex_motion/share/ainex_motion/package.ps1'
[29.476s] INFO:colcon.colcon_core.shell:Creating package descriptor '/workspaces/workspaces/Christiano_Roboto/ainex_project/install/ainex_motion/share/ainex_motion/package.dsv'
[29.476s] INFO:colcon.colcon_core.shell:Creating package script '/workspaces/workspaces/Christiano_Roboto/ainex_project/install/ainex_motion/share/ainex_motion/package.sh'
[29.477s] INFO:colcon.colcon_core.shell:Creating package script '/workspaces/workspaces/Christiano_Roboto/ainex_project/install/ainex_motion/share/ainex_motion/package.bash'
[29.477s] INFO:colcon.colcon_core.shell:Creating package script '/workspaces/workspaces/Christiano_Roboto/ainex_project/install/ainex_motion/share/ainex_motion/package.zsh'
[29.478s] Level 1:colcon.colcon_core.environment:create_file_with_runtime_dependencies(/workspaces/workspaces/Christiano_Roboto/ainex_project/install/ainex_motion/share/colcon-core/packages/ainex_motion)
[29.478s] INFO:colcon.colcon_ros.task.ament_python.build:Building ROS package in '/workspaces/workspaces/Christiano_Roboto/ainex_project/src/whole_body_control' with build type 'ament_python'
[29.478s] Level 1:colcon.colcon_core.shell:create_environment_hook('whole_body_control', 'ament_prefix_path')
[29.479s] INFO:colcon.colcon_core.shell:Creating environment hook '/workspaces/workspaces/Christiano_Roboto/ainex_project/install/whole_body_control/share/whole_body_control/hook/ament_prefix_path.ps1'
[29.479s] INFO:colcon.colcon_core.shell:Creating environment descriptor '/workspaces/workspaces/Christiano_Roboto/ainex_project/install/whole_body_control/share/whole_body_control/hook/ament_prefix_path.dsv'
[29.480s] INFO:colcon.colcon_core.shell:Creating environment hook '/workspaces/workspaces/Christiano_Roboto/ainex_project/install/whole_body_control/share/whole_body_control/hook/ament_prefix_path.sh'
[29.480s] INFO:colcon.colcon_core.shell:Skip shell extension 'powershell' for command environment: Not usable outside of PowerShell
[29.480s] DEBUG:colcon.colcon_core.shell:Skip shell extension 'dsv' for command environment
[29.793s] INFO:colcon.colcon_core.task.python.build:Building Python package in '/workspaces/workspaces/Christiano_Roboto/ainex_project/src/whole_body_control'
[29.794s] INFO:colcon.colcon_core.shell:Skip shell extension 'powershell' for command environment: Not usable outside of PowerShell
[29.794s] DEBUG:colcon.colcon_core.shell:Skip shell extension 'dsv' for command environment
[30.579s] DEBUG:colcon.colcon_core.event_handler.log_command:Invoking command in '/workspaces/workspaces/Christiano_Roboto/ainex_project/build/whole_body_control': AMENT_PREFIX_PATH=/workspaces/workspaces/Christiano_Roboto/ainex_project/install/ainex_motion:/workspaces/workspaces/Christiano_Roboto/ainex_project/install/simulator:/workspaces/workspaces/Christiano_Roboto/ainex_project/install/whole_body_control:/workspaces/workspaces/Christiano_Roboto/ainex_project/install/servo_service:/workspaces/workspaces/Christiano_Roboto/ainex_project/install/ainex_vision:/workspaces/workspaces/Christiano_Roboto/ainex_project/install/ainex_description:/opt/ros/rolling PYTHONPATH=/workspaces/workspaces/Christiano_Roboto/ainex_project/build/whole_body_control/prefix_override:/usr/lib/python3/dist-packages/colcon_core/task/python/colcon_distutils_commands:/workspaces/workspaces/Christiano_Roboto/ainex_project/install/whole_body_control/lib/python3.12/site-packages:/workspaces/workspaces/Christiano_Roboto/ainex_project/build/ainex_motion:/workspaces/workspaces/Christiano_Roboto/ainex_project/install/ainex_motion/lib/python3.12/site-packages:/workspaces/workspaces/Christiano_Roboto/ainex_project/build/simulator:/workspaces/workspaces/Christiano_Roboto/ainex_project/install/simulator/lib/python3.12/site-packages:/workspaces/workspaces/Christiano_Roboto/ainex_project/install/servo_service/lib/python3.12/site-packages:/workspaces/workspaces/Christiano_Roboto/ainex_project/build/whole_body_control:/workspaces/workspaces/Christiano_Roboto/ainex_project/install/whole_body_control/lib/python3.12/site-packages:/workspaces/workspaces/Christiano_Roboto/ainex_project/build/ainex_vision:/workspaces/workspaces/Christiano_Roboto/ainex_project/install/ainex_vision/lib/python3.12/site-packages:/opt/openrobots/lib/python3.12/site-packages:/opt/openrobots/lib/python3.12/site-packages:/opt/ros/rolling/lib/python3.12/site-packages /usr/bin/python3 -W ignore:setup.py install is deprecated -W ignore:easy_install command is deprecated setup.py develop --editable --build-directory /workspaces/workspaces/Christiano_Roboto/ainex_project/build/whole_body_control/build --no-deps symlink_data
[32.147s] Level 1:colcon.colcon_core.shell:create_environment_hook('whole_body_control', 'pythonpath_develop')
[32.147s] INFO:colcon.colcon_core.shell:Creating environment hook '/workspaces/workspaces/Christiano_Roboto/ainex_project/build/whole_body_control/share/whole_body_control/hook/pythonpath_develop.ps1'
[32.148s] DEBUG:colcon.colcon_core.event_handler.log_command:Invoked command in '/workspaces/workspaces/Christiano_Roboto/ainex_project/build/whole_body_control' returned '0': AMENT_PREFIX_PATH=/workspaces/workspaces/Christiano_Roboto/ainex_project/install/ainex_motion:/workspaces/workspaces/Christiano_Roboto/ainex_project/install/simulator:/workspaces/workspaces/Christiano_Roboto/ainex_project/install/whole_body_control:/workspaces/workspaces/Christiano_Roboto/ainex_project/install/servo_service:/workspaces/workspaces/Christiano_Roboto/ainex_project/install/ainex_vision:/workspaces/workspaces/Christiano_Roboto/ainex_project/install/ainex_description:/opt/ros/rolling PYTHONPATH=/workspaces/workspaces/Christiano_Roboto/ainex_project/build/whole_body_control/prefix_override:/usr/lib/python3/dist-packages/colcon_core/task/python/colcon_distutils_commands:/workspaces/workspaces/Christiano_Roboto/ainex_project/install/whole_body_control/lib/python3.12/site-packages:/workspaces/workspaces/Christiano_Roboto/ainex_project/build/ainex_motion:/workspaces/workspaces/Christiano_Roboto/ainex_project/install/ainex_motion/lib/python3.12/site-packages:/workspaces/workspaces/Christiano_Roboto/ainex_project/build/simulator:/workspaces/workspaces/Christiano_Roboto/ainex_project/install/simulator/lib/python3.12/site-packages:/workspaces/workspaces/Christiano_Roboto/ainex_project/install/servo_service/lib/python3.12/site-packages:/workspaces/workspaces/Christiano_Roboto/ainex_project/build/whole_body_control:/workspaces/workspaces/Christiano_Roboto/ainex_project/install/whole_body_control/lib/python3.12/site-packages:/workspaces/workspaces/Christiano_Roboto/ainex_project/build/ainex_vision:/workspaces/workspaces/Christiano_Roboto/ainex_project/install/ainex_vision/lib/python3.12/site-packages:/opt/openrobots/lib/python3.12/site-packages:/opt/openrobots/lib/python3.12/site-packages:/opt/ros/rolling/lib/python3.12/site-packages /usr/bin/python3 -W ignore:setup.py install is deprecated -W ignore:easy_install command is deprecated setup.py develop --editable --build-directory /workspaces/workspaces/Christiano_Roboto/ainex_project/build/whole_body_control/build --no-deps symlink_data
[32.148s] INFO:colcon.colcon_core.shell:Creating environment descriptor '/workspaces/workspaces/Christiano_Roboto/ainex_project/build/whole_body_control/share/whole_body_control/hook/pythonpath_develop.dsv'
[32.149s] INFO:colcon.colcon_core.shell:Creating environment hook '/workspaces/workspaces/Christiano_Roboto/ainex_project/build/whole_body_control/share/whole_body_control/hook/pythonpath_develop.sh'
[32.149s] Level 1:colcon.colcon_core.environment:checking '/workspaces/workspaces/Christiano_Roboto/ainex_project/install/whole_body_control' for CMake module files
[32.149s] Level 1:colcon.colcon_core.environment:checking '/workspaces/workspaces/Christiano_Roboto/ainex_project/install/whole_body_control' for CMake config files
[32.150s] Level 1:colcon.colcon_core.environment:checking '/workspaces/workspaces/Christiano_Roboto/ainex_project/install/whole_body_control/lib'
[32.150s] Level 1:colcon.colcon_core.environment:checking '/workspaces/workspaces/Christiano_Roboto/ainex_project/install/whole_body_control/bin'
[32.150s] Level 1:colcon.colcon_core.environment:checking '/workspaces/workspaces/Christiano_Roboto/ainex_project/install/whole_body_control/lib/pkgconfig/whole_body_control.pc'
[32.150s] Level 1:colcon.colcon_core.environment:checking '/workspaces/workspaces/Christiano_Roboto/ainex_project/install/whole_body_control/lib/python3.12/site-packages'
[32.151s] Level 1:colcon.colcon_core.shell:create_environment_hook('whole_body_control', 'pythonpath')
[32.151s] INFO:colcon.colcon_core.shell:Creating environment hook '/workspaces/workspaces/Christiano_Roboto/ainex_project/install/whole_body_control/share/whole_body_control/hook/pythonpath.ps1'
[32.151s] INFO:colcon.colcon_core.shell:Creating environment descriptor '/workspaces/workspaces/Christiano_Roboto/ainex_project/install/whole_body_control/share/whole_body_control/hook/pythonpath.dsv'
[32.151s] INFO:colcon.colcon_core.shell:Creating environment hook '/workspaces/workspaces/Christiano_Roboto/ainex_project/install/whole_body_control/share/whole_body_control/hook/pythonpath.sh'
[32.152s] Level 1:colcon.colcon_core.environment:checking '/workspaces/workspaces/Christiano_Roboto/ainex_project/install/whole_body_control/bin'
[32.152s] Level 1:colcon.colcon_core.environment:create_environment_scripts_only(whole_body_control)
[32.152s] INFO:colcon.colcon_core.shell:Creating package script '/workspaces/workspaces/Christiano_Roboto/ainex_project/install/whole_body_control/share/whole_body_control/package.ps1'
[32.153s] INFO:colcon.colcon_core.shell:Creating package descriptor '/workspaces/workspaces/Christiano_Roboto/ainex_project/install/whole_body_control/share/whole_body_control/package.dsv'
[32.153s] INFO:colcon.colcon_core.shell:Creating package script '/workspaces/workspaces/Christiano_Roboto/ainex_project/install/whole_body_control/share/whole_body_control/package.sh'
[32.154s] INFO:colcon.colcon_core.shell:Creating package script '/workspaces/workspaces/Christiano_Roboto/ainex_project/install/whole_body_control/share/whole_body_control/package.bash'
[32.154s] INFO:colcon.colcon_core.shell:Creating package script '/workspaces/workspaces/Christiano_Roboto/ainex_project/install/whole_body_control/share/whole_body_control/package.zsh'
[32.155s] Level 1:colcon.colcon_core.environment:create_file_with_runtime_dependencies(/workspaces/workspaces/Christiano_Roboto/ainex_project/install/whole_body_control/share/colcon-core/packages/whole_body_control)
[32.155s] DEBUG:colcon.colcon_parallel_executor.executor.parallel:closing loop
[32.155s] DEBUG:colcon.colcon_parallel_executor.executor.parallel:loop closed
[32.155s] DEBUG:colcon.colcon_parallel_executor.executor.parallel:run_until_complete finished with '0'
[32.156s] DEBUG:colcon.colcon_core.event_reactor:joining thread
[32.164s] INFO:colcon.colcon_core.plugin_system:Skipping extension 'colcon_notification.desktop_notification.notify_send': Could not find 'notify-send'
[32.164s] INFO:colcon.colcon_core.plugin_system:Skipping extension 'colcon_notification.desktop_notification.terminal_notifier': Not used on non-Darwin systems
[32.164s] INFO:colcon.colcon_core.plugin_system:Skipping extension 'colcon_notification.desktop_notification.win32': Not used on non-Windows systems
[32.164s] INFO:colcon.colcon_notification.desktop_notification:Sending desktop notification using 'notify2'
[32.164s] DEBUG:colcon.colcon_notification.desktop_notification.notify2:Failed to initialize notify2: org.freedesktop.DBus.Error.InvalidFileContent: D-Bus library appears to be incorrectly set up: see the manual page for dbus-uuidgen to correct this issue. (Failed to open "/var/lib/dbus/machine-id": No such file or directory; UUID file '/etc/machine-id' should contain a hex string of length 32, not length 0, with no other text)
[32.164s] DEBUG:colcon.colcon_core.event_reactor:joined thread
[32.165s] INFO:colcon.colcon_core.shell:Creating prefix script '/workspaces/workspaces/Christiano_Roboto/ainex_project/install/local_setup.ps1'
[32.166s] INFO:colcon.colcon_core.shell:Creating prefix util module '/workspaces/workspaces/Christiano_Roboto/ainex_project/install/_local_setup_util_ps1.py'
[32.168s] INFO:colcon.colcon_core.shell:Creating prefix chain script '/workspaces/workspaces/Christiano_Roboto/ainex_project/install/setup.ps1'
[32.170s] INFO:colcon.colcon_core.shell:Creating prefix script '/workspaces/workspaces/Christiano_Roboto/ainex_project/install/local_setup.sh'
[32.171s] INFO:colcon.colcon_core.shell:Creating prefix util module '/workspaces/workspaces/Christiano_Roboto/ainex_project/install/_local_setup_util_sh.py'
[32.171s] INFO:colcon.colcon_core.shell:Creating prefix chain script '/workspaces/workspaces/Christiano_Roboto/ainex_project/install/setup.sh'
[32.174s] INFO:colcon.colcon_core.shell:Creating prefix script '/workspaces/workspaces/Christiano_Roboto/ainex_project/install/local_setup.bash'
[32.174s] INFO:colcon.colcon_core.shell:Creating prefix chain script '/workspaces/workspaces/Christiano_Roboto/ainex_project/install/setup.bash'
[32.176s] INFO:colcon.colcon_core.shell:Creating prefix script '/workspaces/workspaces/Christiano_Roboto/ainex_project/install/local_setup.zsh'
[32.177s] INFO:colcon.colcon_core.shell:Creating prefix chain script '/workspaces/workspaces/Christiano_Roboto/ainex_project/install/setup.zsh'
