running develop
running egg_info
creating ainex_motion.egg-info
writing ainex_motion.egg-info/PKG-INFO
writing dependency_links to ainex_motion.egg-info/dependency_links.txt
writing entry points to ainex_motion.egg-info/entry_points.txt
writing requirements to ainex_motion.egg-info/requires.txt
writing top-level names to ainex_motion.egg-info/top_level.txt
writing manifest file 'ainex_motion.egg-info/SOURCES.txt'
writing manifest file 'ainex_motion.egg-info/SOURCES.txt'
running build_ext
Creating /workspaces/workspaces/Christiano_Roboto/ainex_project/install/ainex_motion/lib/python3.12/site-packages/ainex-motion.egg-link (link to .)
Installing joint_controller script to /workspaces/workspaces/Christiano_Roboto/ainex_project/install/ainex_motion/lib/ainex_motion
Installing joint_state_publisher script to /workspaces/workspaces/Christiano_Roboto/ainex_project/install/ainex_motion/lib/ainex_motion
Installing mock_servo_service script to /workspaces/workspaces/Christiano_Roboto/ainex_project/install/ainex_motion/lib/ainex_motion

Installed /workspaces/workspaces/Christiano_Roboto/ainex_project/build/ainex_motion
running symlink_data
creating /workspaces/workspaces/Christiano_Roboto/ainex_project/install/ainex_motion/share/ament_index
creating /workspaces/workspaces/Christiano_Roboto/ainex_project/install/ainex_motion/share/ament_index/resource_index
creating /workspaces/workspaces/Christiano_Roboto/ainex_project/install/ainex_motion/share/ament_index/resource_index/packages
symbolically linking /workspaces/workspaces/Christiano_Roboto/ainex_project/build/ainex_motion/resource/ainex_motion -> /workspaces/workspaces/Christiano_Roboto/ainex_project/install/ainex_motion/share/ament_index/resource_index/packages
symbolically linking /workspaces/workspaces/Christiano_Roboto/ainex_project/build/ainex_motion/package.xml -> /workspaces/workspaces/Christiano_Roboto/ainex_project/install/ainex_motion/share/ainex_motion
