[0.906s] Invoking command in '/workspaces/workspaces/Christiano_Roboto/ainex_project/build/ainex_motion': AMENT_PREFIX_PATH=/workspaces/workspaces/Christiano_Roboto/ainex_project/install/servo_service:${AMENT_PREFIX_PATH} CMAKE_PREFIX_PATH=/workspaces/workspaces/Christiano_Roboto/ainex_project/install/servo_service:${CMAKE_PREFIX_PATH} LD_LIBRARY_PATH=/workspaces/workspaces/Christiano_Roboto/ainex_project/install/servo_service/lib:${LD_LIBRARY_PATH} PYTHONPATH=/workspaces/workspaces/Christiano_Roboto/ainex_project/build/ainex_motion/prefix_override:/usr/lib/python3/dist-packages/colcon_core/task/python/colcon_distutils_commands:/workspaces/workspaces/Christiano_Roboto/ainex_project/install/ainex_motion/lib/python3.12/site-packages:/workspaces/workspaces/Christiano_Roboto/ainex_project/install/servo_service/lib/python3.12/site-packages:${PYTHONPATH} /usr/bin/python3 -W ignore:setup.py install is deprecated -W ignore:easy_install command is deprecated setup.py develop --editable --build-directory /workspaces/workspaces/Christiano_Roboto/ainex_project/build/ainex_motion/build --no-deps symlink_data
[1.266s] running develop
[1.488s] running egg_info
[1.489s] creating ainex_motion.egg-info
[1.512s] writing ainex_motion.egg-info/PKG-INFO
[1.512s] writing dependency_links to ainex_motion.egg-info/dependency_links.txt
[1.513s] writing entry points to ainex_motion.egg-info/entry_points.txt
[1.513s] writing requirements to ainex_motion.egg-info/requires.txt
[1.513s] writing top-level names to ainex_motion.egg-info/top_level.txt
[1.513s] writing manifest file 'ainex_motion.egg-info/SOURCES.txt'
[2.154s] reading manifest file 'ainex_motion.egg-info/SOURCES.txt'
[2.155s] writing manifest file 'ainex_motion.egg-info/SOURCES.txt'
[2.178s] running build_ext
[2.178s] Creating /workspaces/workspaces/Christiano_Roboto/ainex_project/install/ainex_motion/lib/python3.12/site-packages/ainex-motion.egg-link (link to .)
[2.179s] Installing joint_controller script to /workspaces/workspaces/Christiano_Roboto/ainex_project/install/ainex_motion/lib/ainex_motion
[2.179s] Installing joint_state_publisher script to /workspaces/workspaces/Christiano_Roboto/ainex_project/install/ainex_motion/lib/ainex_motion
[2.179s] Installing mock_servo_service script to /workspaces/workspaces/Christiano_Roboto/ainex_project/install/ainex_motion/lib/ainex_motion
[2.179s] 
[2.180s] Installed /workspaces/workspaces/Christiano_Roboto/ainex_project/build/ainex_motion
[2.180s] running symlink_data
[2.180s] creating /workspaces/workspaces/Christiano_Roboto/ainex_project/install/ainex_motion/share/ament_index
[2.180s] creating /workspaces/workspaces/Christiano_Roboto/ainex_project/install/ainex_motion/share/ament_index/resource_index
[2.180s] creating /workspaces/workspaces/Christiano_Roboto/ainex_project/install/ainex_motion/share/ament_index/resource_index/packages
[2.180s] symbolically linking /workspaces/workspaces/Christiano_Roboto/ainex_project/build/ainex_motion/resource/ainex_motion -> /workspaces/workspaces/Christiano_Roboto/ainex_project/install/ainex_motion/share/ament_index/resource_index/packages
[2.180s] symbolically linking /workspaces/workspaces/Christiano_Roboto/ainex_project/build/ainex_motion/package.xml -> /workspaces/workspaces/Christiano_Roboto/ainex_project/install/ainex_motion/share/ainex_motion
[2.212s] Invoked command in '/workspaces/workspaces/Christiano_Roboto/ainex_project/build/ainex_motion' returned '0': AMENT_PREFIX_PATH=/workspaces/workspaces/Christiano_Roboto/ainex_project/install/servo_service:${AMENT_PREFIX_PATH} CMAKE_PREFIX_PATH=/workspaces/workspaces/Christiano_Roboto/ainex_project/install/servo_service:${CMAKE_PREFIX_PATH} LD_LIBRARY_PATH=/workspaces/workspaces/Christiano_Roboto/ainex_project/install/servo_service/lib:${LD_LIBRARY_PATH} PYTHONPATH=/workspaces/workspaces/Christiano_Roboto/ainex_project/build/ainex_motion/prefix_override:/usr/lib/python3/dist-packages/colcon_core/task/python/colcon_distutils_commands:/workspaces/workspaces/Christiano_Roboto/ainex_project/install/ainex_motion/lib/python3.12/site-packages:/workspaces/workspaces/Christiano_Roboto/ainex_project/install/servo_service/lib/python3.12/site-packages:${PYTHONPATH} /usr/bin/python3 -W ignore:setup.py install is deprecated -W ignore:easy_install command is deprecated setup.py develop --editable --build-directory /workspaces/workspaces/Christiano_Roboto/ainex_project/build/ainex_motion/build --no-deps symlink_data
