[1.848s] Invoking command in '/workspaces/workspaces/Christiano_Roboto/ainex_project/build/simulator': PYTHONPATH=/workspaces/workspaces/Christiano_Roboto/ainex_project/build/simulator/prefix_override:/usr/lib/python3/dist-packages/colcon_core/task/python/colcon_distutils_commands:/workspaces/workspaces/Christiano_Roboto/ainex_project/install/simulator/lib/python3.12/site-packages:${PYTHONPATH} /usr/bin/python3 -W ignore:setup.py install is deprecated -W ignore:easy_install command is deprecated setup.py develop --editable --build-directory /workspaces/workspaces/Christiano_Roboto/ainex_project/build/simulator/build --no-deps symlink_data
[2.535s] running develop
[2.905s] running egg_info
[2.905s] creating simulator.egg-info
[2.937s] writing simulator.egg-info/PKG-INFO
[2.937s] writing dependency_links to simulator.egg-info/dependency_links.txt
[2.938s] writing requirements to simulator.egg-info/requires.txt
[2.938s] writing top-level names to simulator.egg-info/top_level.txt
[2.939s] writing manifest file 'simulator.egg-info/SOURCES.txt'
[4.008s] writing manifest file 'simulator.egg-info/SOURCES.txt'
[4.043s] running build_ext
[4.043s] Creating /workspaces/workspaces/Christiano_Roboto/ainex_project/install/simulator/lib/python3.12/site-packages/simulator.egg-link (link to .)
[4.044s] 
[4.044s] Installed /workspaces/workspaces/Christiano_Roboto/ainex_project/build/simulator
[4.044s] running symlink_data
[4.045s] creating /workspaces/workspaces/Christiano_Roboto/ainex_project/install/simulator/share/ament_index
[4.045s] creating /workspaces/workspaces/Christiano_Roboto/ainex_project/install/simulator/share/ament_index/resource_index
[4.045s] creating /workspaces/workspaces/Christiano_Roboto/ainex_project/install/simulator/share/ament_index/resource_index/packages
[4.045s] symbolically linking /workspaces/workspaces/Christiano_Roboto/ainex_project/build/simulator/resource/simulator -> /workspaces/workspaces/Christiano_Roboto/ainex_project/install/simulator/share/ament_index/resource_index/packages
[4.045s] symbolically linking /workspaces/workspaces/Christiano_Roboto/ainex_project/build/simulator/package.xml -> /workspaces/workspaces/Christiano_Roboto/ainex_project/install/simulator/share/simulator
[4.108s] Invoked command in '/workspaces/workspaces/Christiano_Roboto/ainex_project/build/simulator' returned '0': PYTHONPATH=/workspaces/workspaces/Christiano_Roboto/ainex_project/build/simulator/prefix_override:/usr/lib/python3/dist-packages/colcon_core/task/python/colcon_distutils_commands:/workspaces/workspaces/Christiano_Roboto/ainex_project/install/simulator/lib/python3.12/site-packages:${PYTHONPATH} /usr/bin/python3 -W ignore:setup.py install is deprecated -W ignore:easy_install command is deprecated setup.py develop --editable --build-directory /workspaces/workspaces/Christiano_Roboto/ainex_project/build/simulator/build --no-deps symlink_data
